 ahuman

 Timestamp is 54b366a7 (Mon Jan 12 09:16:07 2015)

 Preferred load address is 00400000

 Start         Length     Name                   Class
 0001:00000000 000b6e53H .textbss                DATA
 0002:00000000 0014c8a8H .text                   CODE
 0002:0014c8b0 0002d64cH .text$x                 CODE
 0003:00000000 00000104H .CRT$XCA                DATA
 0003:00000104 00000104H .CRT$XCAA               DATA
 0003:00000208 00000104H .CRT$XCZ                DATA
 0003:0000030c 00000104H .CRT$XIA                DATA
 0003:00000410 00000104H .CRT$XIAA               DATA
 0003:00000514 00000104H .CRT$XIC                DATA
 0003:00000618 00000104H .CRT$XIY                DATA
 0003:0000071c 00000104H .CRT$XIZ                DATA
 0003:00000820 00011cdaH .rdata                  DATA
 0003:000124fc 0000016aH .rdata$debug            DATA
 0003:00012668 00004240H .rdata$r                DATA
 0003:000168a8 00000104H .rtc$IAA                DATA
 0003:000169ac 000004c0H .rtc$IMZ                DATA
 0003:00016e6c 00000104H .rtc$IZZ                DATA
 0003:00016f70 00000104H .rtc$TAA                DATA
 0003:00017074 000004c0H .rtc$TMZ                DATA
 0003:00017534 00000104H .rtc$TZZ                DATA
 0003:00017638 00024724H .xdata$x                DATA
 0003:0003bd5c 00000000H .edata                  DATA
 0004:00000000 00002303H .data                   DATA
 0004:00002308 000004e8H .bss                    DATA
 0005:00000000 00000050H .idata$2                DATA
 0005:00000050 00000014H .idata$3                DATA
 0005:00000064 00000508H .idata$4                DATA
 0005:0000056c 00000508H .idata$5                DATA
 0005:00000a74 000018bcH .idata$6                DATA
 0006:00000000 00000169H .rsrc$01                DATA
 0006:00000170 000002e9H .rsrc$02                DATA

  Address         Publics by Value              Rva+Base       Lib:Object

 0000:00000000       ___safe_se_handler_table   00000000     <absolute>
 0000:00000000       ___safe_se_handler_count   00000000     <absolute>
 0000:00000000       __except_list              00000000     <absolute>
 0000:00009876       __ldused                   00009876     <absolute>
 0000:00009876       __fltused                  00009876     <absolute>
 0000:00000000       ___ImageBase               00400000     <linker-defined>
 0001:00000000       __enc$textbss$begin        00401000     <linker-defined>
 0001:000b6e53       __enc$textbss$end          004b7e53     <linker-defined>
 0002:0000a6e0       ?createEndocrine@AHumanTarget@@AAEPAVMindEffector@@PAVEffectorArea@@@Z 004c26e0 f   actuator-endocrine.obj
 0002:0000a7d0       ??0EffectorEndocrine@@QAE@PAVEffectorArea@@@Z 004c27d0 f   actuator-endocrine.obj
 0002:0000a8a0       ?getClass@EffectorEndocrine@@UAEPBDXZ 004c28a0 f i actuator-endocrine.obj
 0002:0000a8e0       ?startEffector@EffectorEndocrine@@UAEXXZ 004c28e0 f i actuator-endocrine.obj
 0002:0000a920       ?stopEffector@EffectorEndocrine@@UAEXXZ 004c2920 f i actuator-endocrine.obj
 0002:0000a960       ?processEffectorControl@EffectorEndocrine@@UAEXPAVNeuroLink@@PAVNeuroSignal@@@Z 004c2960 f i actuator-endocrine.obj
 0002:0000a9a0       ??_GEffectorEndocrine@@UAEPAXI@Z 004c29a0 f i actuator-endocrine.obj
 0002:0000a9a0       ??_EEffectorEndocrine@@UAEPAXI@Z 004c29a0 f i actuator-endocrine.obj
 0002:0000aa10       ??1MindEffector@@UAE@XZ    004c2a10 f i actuator-endocrine.obj
 0002:0000aac0       ??1EffectorEndocrine@@UAE@XZ 004c2ac0 f   actuator-endocrine.obj
 0002:0000ab60       ?configureEffector@EffectorEndocrine@@UAEXVXml@@@Z 004c2b60 f   actuator-endocrine.obj
 0002:0000abb0       ?createEffector@EffectorEndocrine@@UAEXPAVMindRegionCreateInfo@@@Z 004c2bb0 f   actuator-endocrine.obj
 0002:0000aca0       ?createSourceConnector@EffectorEndocrine@@AAEXPAVMindRegionCreateInfo@@PAVMindRegionConnectorDef@@@Z 004c2ca0 f   actuator-endocrine.obj
 0002:0000adf0       ?createTargetConnector@EffectorEndocrine@@AAEXPAVMindRegionCreateInfo@@PAVMindRegionConnectorDef@@@Z 004c2df0 f   actuator-endocrine.obj
 0002:0000af40       ?sourceHandler@EffectorEndocrine@@AAEPAVNeuroSignal@@PAVNeuroLink@@PAVNeuroLinkSource@@@Z 004c2f40 f   actuator-endocrine.obj
 0002:0000af80       ?targetHandler@EffectorEndocrine@@AAEPAVNeuroSignalSet@@PAVNeuroLink@@PAVNeuroLinkTarget@@PAVNeuroSignal@@@Z 004c2f80 f   actuator-endocrine.obj
 0002:0000afc0       ?count@?$ClassList@VMindRegionConnectorDef@@@@QBEHXZ 004c2fc0 f i actuator-endocrine.obj
 0002:0000b020       ?get@?$ClassList@VMindRegionConnectorDef@@@@QBEPAVMindRegionConnectorDef@@H@Z 004c3020 f i actuator-endocrine.obj
 0002:0000b080       ?getConnectors@MindRegionTypeDef@@QAEAAV?$ClassList@VMindRegionConnectorDef@@@@XZ 004c3080 f i actuator-endocrine.obj
 0002:0000b0c0       ?getType@MindRegionDef@@QAEPAVMindRegionTypeDef@@XZ 004c30c0 f i actuator-endocrine.obj
 0002:0000b100       ?getId@MindRegionConnectorDef@@QAE?AVString@@XZ 004c3100 f i actuator-endocrine.obj
 0002:0000b1c0       ?getEffectorInfo@MindEffector@@QAEPAVTargetRegionDef@@XZ 004c31c0 f i actuator-endocrine.obj
 0002:0000b200       ?createBreast@AHumanTarget@@AAEPAVMindEffector@@PAVEffectorArea@@@Z 004c3200 f   actuator_breast.obj
 0002:0000b2f0       ??0EffectorBreast@@QAE@PAVEffectorArea@@@Z 004c32f0 f   actuator_breast.obj
 0002:0000b3c0       ?getClass@EffectorBreast@@UAEPBDXZ 004c33c0 f i actuator_breast.obj
 0002:0000b400       ?startEffector@EffectorBreast@@UAEXXZ 004c3400 f i actuator_breast.obj
 0002:0000b440       ?stopEffector@EffectorBreast@@UAEXXZ 004c3440 f i actuator_breast.obj
 0002:0000b480       ?processEffectorControl@EffectorBreast@@UAEXPAVNeuroLink@@PAVNeuroSignal@@@Z 004c3480 f i actuator_breast.obj
 0002:0000b4c0       ??_GEffectorBreast@@UAEPAXI@Z 004c34c0 f i actuator_breast.obj
 0002:0000b4c0       ??_EEffectorBreast@@UAEPAXI@Z 004c34c0 f i actuator_breast.obj
 0002:0000b530       ??1EffectorBreast@@UAE@XZ  004c3530 f   actuator_breast.obj
 0002:0000b5d0       ?configureEffector@EffectorBreast@@UAEXVXml@@@Z 004c35d0 f   actuator_breast.obj
 0002:0000b620       ?createEffector@EffectorBreast@@UAEXPAVMindRegionCreateInfo@@@Z 004c3620 f   actuator_breast.obj
 0002:0000b710       ?createSourceConnector@EffectorBreast@@AAEXPAVMindRegionCreateInfo@@PAVMindRegionConnectorDef@@@Z 004c3710 f   actuator_breast.obj
 0002:0000b860       ?createTargetConnector@EffectorBreast@@AAEXPAVMindRegionCreateInfo@@PAVMindRegionConnectorDef@@@Z 004c3860 f   actuator_breast.obj
 0002:0000b9b0       ?sourceHandler@EffectorBreast@@AAEPAVNeuroSignal@@PAVNeuroLink@@PAVNeuroLinkSource@@@Z 004c39b0 f   actuator_breast.obj
 0002:0000b9f0       ?targetHandler@EffectorBreast@@AAEPAVNeuroSignalSet@@PAVNeuroLink@@PAVNeuroLinkTarget@@PAVNeuroSignal@@@Z 004c39f0 f   actuator_breast.obj
 0002:0000ba30       ?createEar@AHumanTarget@@AAEPAVMindSensor@@PAVSensorArea@@@Z 004c3a30 f   actuator_ear.obj
 0002:0000bb20       ??0SensorEar@@QAE@PAVSensorArea@@@Z 004c3b20 f   actuator_ear.obj
 0002:0000bc00       ?getClass@SensorEar@@UAEPBDXZ 004c3c00 f i actuator_ear.obj
 0002:0000bc40       ?startSensor@SensorEar@@UAEXXZ 004c3c40 f i actuator_ear.obj
 0002:0000bc80       ?stopSensor@SensorEar@@UAEXXZ 004c3c80 f i actuator_ear.obj
 0002:0000bcc0       ?processSensorControl@SensorEar@@UAEXPAVNeuroLink@@PAVNeuroSignal@@@Z 004c3cc0 f i actuator_ear.obj
 0002:0000bd00       ?produceSensorData@SensorEar@@UAEXXZ 004c3d00 f i actuator_ear.obj
 0002:0000bd40       ?pollSensor@SensorEar@@UAEXXZ 004c3d40 f i actuator_ear.obj
 0002:0000bd80       ??_GSensorEar@@UAEPAXI@Z   004c3d80 f i actuator_ear.obj
 0002:0000bd80       ??_ESensorEar@@UAEPAXI@Z   004c3d80 f i actuator_ear.obj
 0002:0000bdf0       ??1MindSensor@@UAE@XZ      004c3df0 f i actuator_ear.obj
 0002:0000bea0       ??1SensorEar@@UAE@XZ       004c3ea0 f   actuator_ear.obj
 0002:0000bf40       ?configureSensor@SensorEar@@UAEXVXml@@@Z 004c3f40 f   actuator_ear.obj
 0002:0000bf90       ?createSensor@SensorEar@@UAEXPAVMindRegionCreateInfo@@@Z 004c3f90 f   actuator_ear.obj
 0002:0000c080       ?createSourceConnector@SensorEar@@AAEXPAVMindRegionCreateInfo@@PAVMindRegionConnectorDef@@@Z 004c4080 f   actuator_ear.obj
 0002:0000c1d0       ?createTargetConnector@SensorEar@@AAEXPAVMindRegionCreateInfo@@PAVMindRegionConnectorDef@@@Z 004c41d0 f   actuator_ear.obj
 0002:0000c320       ?sourceHandler@SensorEar@@AAEPAVNeuroSignal@@PAVNeuroLink@@PAVNeuroLinkSource@@@Z 004c4320 f   actuator_ear.obj
 0002:0000c360       ?targetHandler@SensorEar@@AAEPAVNeuroSignalSet@@PAVNeuroLink@@PAVNeuroLinkTarget@@PAVNeuroSignal@@@Z 004c4360 f   actuator_ear.obj
 0002:0000c3a0       ?getSensorInfo@MindSensor@@QAEPAVTargetRegionDef@@XZ 004c43a0 f i actuator_ear.obj
 0002:0000c3e0       ?createEye@AHumanTarget@@AAEPAVMindSensor@@PAVSensorArea@@@Z 004c43e0 f   actuator_eye.obj
 0002:0000c4d0       ??0SensorEye@@QAE@PAVSensorArea@@@Z 004c44d0 f   actuator_eye.obj
 0002:0000c5b0       ?getClass@SensorEye@@UAEPBDXZ 004c45b0 f i actuator_eye.obj
 0002:0000c5f0       ?startSensor@SensorEye@@UAEXXZ 004c45f0 f i actuator_eye.obj
 0002:0000c630       ?stopSensor@SensorEye@@UAEXXZ 004c4630 f i actuator_eye.obj
 0002:0000c670       ?processSensorControl@SensorEye@@UAEXPAVNeuroLink@@PAVNeuroSignal@@@Z 004c4670 f i actuator_eye.obj
 0002:0000c6b0       ?produceSensorData@SensorEye@@UAEXXZ 004c46b0 f i actuator_eye.obj
 0002:0000c6f0       ?pollSensor@SensorEye@@UAEXXZ 004c46f0 f i actuator_eye.obj
 0002:0000c730       ??_ESensorEye@@UAEPAXI@Z   004c4730 f i actuator_eye.obj
 0002:0000c730       ??_GSensorEye@@UAEPAXI@Z   004c4730 f i actuator_eye.obj
 0002:0000c7a0       ??1SensorEye@@UAE@XZ       004c47a0 f   actuator_eye.obj
 0002:0000c840       ?configureSensor@SensorEye@@UAEXVXml@@@Z 004c4840 f   actuator_eye.obj
 0002:0000c890       ?createSensor@SensorEye@@UAEXPAVMindRegionCreateInfo@@@Z 004c4890 f   actuator_eye.obj
 0002:0000c980       ?createSourceConnector@SensorEye@@AAEXPAVMindRegionCreateInfo@@PAVMindRegionConnectorDef@@@Z 004c4980 f   actuator_eye.obj
 0002:0000cad0       ?createTargetConnector@SensorEye@@AAEXPAVMindRegionCreateInfo@@PAVMindRegionConnectorDef@@@Z 004c4ad0 f   actuator_eye.obj
 0002:0000cc20       ?sourceHandler@SensorEye@@AAEPAVNeuroSignal@@PAVNeuroLink@@PAVNeuroLinkSource@@@Z 004c4c20 f   actuator_eye.obj
 0002:0000cc60       ?targetHandler@SensorEye@@AAEPAVNeuroSignalSet@@PAVNeuroLink@@PAVNeuroLinkTarget@@PAVNeuroSignal@@@Z 004c4c60 f   actuator_eye.obj
 0002:0000cca0       ?createFace@AHumanTarget@@AAEPAVMindEffector@@PAVEffectorArea@@@Z 004c4ca0 f   actuator_face.obj
 0002:0000cd90       ??0EffectorFace@@QAE@PAVEffectorArea@@@Z 004c4d90 f   actuator_face.obj
 0002:0000ce60       ?getClass@EffectorFace@@UAEPBDXZ 004c4e60 f i actuator_face.obj
 0002:0000cea0       ?startEffector@EffectorFace@@UAEXXZ 004c4ea0 f i actuator_face.obj
 0002:0000cee0       ?stopEffector@EffectorFace@@UAEXXZ 004c4ee0 f i actuator_face.obj
 0002:0000cf20       ?processEffectorControl@EffectorFace@@UAEXPAVNeuroLink@@PAVNeuroSignal@@@Z 004c4f20 f i actuator_face.obj
 0002:0000cf60       ??_EEffectorFace@@UAEPAXI@Z 004c4f60 f i actuator_face.obj
 0002:0000cf60       ??_GEffectorFace@@UAEPAXI@Z 004c4f60 f i actuator_face.obj
 0002:0000cfd0       ??1EffectorFace@@UAE@XZ    004c4fd0 f   actuator_face.obj
 0002:0000d070       ?configureEffector@EffectorFace@@UAEXVXml@@@Z 004c5070 f   actuator_face.obj
 0002:0000d0c0       ?createEffector@EffectorFace@@UAEXPAVMindRegionCreateInfo@@@Z 004c50c0 f   actuator_face.obj
 0002:0000d1b0       ?createSourceConnector@EffectorFace@@AAEXPAVMindRegionCreateInfo@@PAVMindRegionConnectorDef@@@Z 004c51b0 f   actuator_face.obj
 0002:0000d300       ?createTargetConnector@EffectorFace@@AAEXPAVMindRegionCreateInfo@@PAVMindRegionConnectorDef@@@Z 004c5300 f   actuator_face.obj
 0002:0000d450       ?sourceHandler@EffectorFace@@AAEPAVNeuroSignal@@PAVNeuroLink@@PAVNeuroLinkSource@@@Z 004c5450 f   actuator_face.obj
 0002:0000d490       ?targetHandler@EffectorFace@@AAEPAVNeuroSignalSet@@PAVNeuroLink@@PAVNeuroLinkTarget@@PAVNeuroSignal@@@Z 004c5490 f   actuator_face.obj
 0002:0000d4d0       ?createFeeder@AHumanTarget@@AAEPAVMindEffector@@PAVEffectorArea@@@Z 004c54d0 f   actuator_feeder.obj
 0002:0000d5c0       ??0EffectorFeeder@@QAE@PAVEffectorArea@@@Z 004c55c0 f   actuator_feeder.obj
 0002:0000d690       ?getClass@EffectorFeeder@@UAEPBDXZ 004c5690 f i actuator_feeder.obj
 0002:0000d6d0       ?startEffector@EffectorFeeder@@UAEXXZ 004c56d0 f i actuator_feeder.obj
 0002:0000d710       ?stopEffector@EffectorFeeder@@UAEXXZ 004c5710 f i actuator_feeder.obj
 0002:0000d750       ?processEffectorControl@EffectorFeeder@@UAEXPAVNeuroLink@@PAVNeuroSignal@@@Z 004c5750 f i actuator_feeder.obj
 0002:0000d790       ??_EEffectorFeeder@@UAEPAXI@Z 004c5790 f i actuator_feeder.obj
 0002:0000d790       ??_GEffectorFeeder@@UAEPAXI@Z 004c5790 f i actuator_feeder.obj
 0002:0000d800       ??1EffectorFeeder@@UAE@XZ  004c5800 f   actuator_feeder.obj
 0002:0000d8a0       ?configureEffector@EffectorFeeder@@UAEXVXml@@@Z 004c58a0 f   actuator_feeder.obj
 0002:0000d8f0       ?createEffector@EffectorFeeder@@UAEXPAVMindRegionCreateInfo@@@Z 004c58f0 f   actuator_feeder.obj
 0002:0000d9e0       ?createSourceConnector@EffectorFeeder@@AAEXPAVMindRegionCreateInfo@@PAVMindRegionConnectorDef@@@Z 004c59e0 f   actuator_feeder.obj
 0002:0000db30       ?createTargetConnector@EffectorFeeder@@AAEXPAVMindRegionCreateInfo@@PAVMindRegionConnectorDef@@@Z 004c5b30 f   actuator_feeder.obj
 0002:0000dc80       ?sourceHandler@EffectorFeeder@@AAEPAVNeuroSignal@@PAVNeuroLink@@PAVNeuroLinkSource@@@Z 004c5c80 f   actuator_feeder.obj
 0002:0000dcc0       ?targetHandler@EffectorFeeder@@AAEPAVNeuroSignalSet@@PAVNeuroLink@@PAVNeuroLinkTarget@@PAVNeuroSignal@@@Z 004c5cc0 f   actuator_feeder.obj
 0002:0000dd00       ?createGenitalia@AHumanTarget@@AAEPAVMindEffector@@PAVEffectorArea@@@Z 004c5d00 f   actuator_genitalia.obj
 0002:0000ddf0       ??0EffectorGenitalia@@QAE@PAVEffectorArea@@@Z 004c5df0 f   actuator_genitalia.obj
 0002:0000dec0       ?getClass@EffectorGenitalia@@UAEPBDXZ 004c5ec0 f i actuator_genitalia.obj
 0002:0000df00       ?startEffector@EffectorGenitalia@@UAEXXZ 004c5f00 f i actuator_genitalia.obj
 0002:0000df40       ?stopEffector@EffectorGenitalia@@UAEXXZ 004c5f40 f i actuator_genitalia.obj
 0002:0000df80       ?processEffectorControl@EffectorGenitalia@@UAEXPAVNeuroLink@@PAVNeuroSignal@@@Z 004c5f80 f i actuator_genitalia.obj
 0002:0000dfc0       ??_GEffectorGenitalia@@UAEPAXI@Z 004c5fc0 f i actuator_genitalia.obj
 0002:0000dfc0       ??_EEffectorGenitalia@@UAEPAXI@Z 004c5fc0 f i actuator_genitalia.obj
 0002:0000e030       ??1EffectorGenitalia@@UAE@XZ 004c6030 f   actuator_genitalia.obj
 0002:0000e0d0       ?configureEffector@EffectorGenitalia@@UAEXVXml@@@Z 004c60d0 f   actuator_genitalia.obj
 0002:0000e120       ?createEffector@EffectorGenitalia@@UAEXPAVMindRegionCreateInfo@@@Z 004c6120 f   actuator_genitalia.obj
 0002:0000e210       ?createSourceConnector@EffectorGenitalia@@AAEXPAVMindRegionCreateInfo@@PAVMindRegionConnectorDef@@@Z 004c6210 f   actuator_genitalia.obj
 0002:0000e360       ?createTargetConnector@EffectorGenitalia@@AAEXPAVMindRegionCreateInfo@@PAVMindRegionConnectorDef@@@Z 004c6360 f   actuator_genitalia.obj
 0002:0000e4b0       ?sourceHandler@EffectorGenitalia@@AAEPAVNeuroSignal@@PAVNeuroLink@@PAVNeuroLinkSource@@@Z 004c64b0 f   actuator_genitalia.obj
 0002:0000e4f0       ?targetHandler@EffectorGenitalia@@AAEPAVNeuroSignalSet@@PAVNeuroLink@@PAVNeuroLinkTarget@@PAVNeuroSignal@@@Z 004c64f0 f   actuator_genitalia.obj
 0002:0000e530       ?createHand@AHumanTarget@@AAEPAVMindEffector@@PAVEffectorArea@@@Z 004c6530 f   actuator_hand.obj
 0002:0000e620       ??0EffectorHand@@QAE@PAVEffectorArea@@@Z 004c6620 f   actuator_hand.obj
 0002:0000e6f0       ?getClass@EffectorHand@@UAEPBDXZ 004c66f0 f i actuator_hand.obj
 0002:0000e730       ?startEffector@EffectorHand@@UAEXXZ 004c6730 f i actuator_hand.obj
 0002:0000e770       ?stopEffector@EffectorHand@@UAEXXZ 004c6770 f i actuator_hand.obj
 0002:0000e7b0       ?processEffectorControl@EffectorHand@@UAEXPAVNeuroLink@@PAVNeuroSignal@@@Z 004c67b0 f i actuator_hand.obj
 0002:0000e7f0       ??_EEffectorHand@@UAEPAXI@Z 004c67f0 f i actuator_hand.obj
 0002:0000e7f0       ??_GEffectorHand@@UAEPAXI@Z 004c67f0 f i actuator_hand.obj
 0002:0000e860       ??1EffectorHand@@UAE@XZ    004c6860 f   actuator_hand.obj
 0002:0000e900       ?configureEffector@EffectorHand@@UAEXVXml@@@Z 004c6900 f   actuator_hand.obj
 0002:0000e950       ?createEffector@EffectorHand@@UAEXPAVMindRegionCreateInfo@@@Z 004c6950 f   actuator_hand.obj
 0002:0000ea40       ?createSourceConnector@EffectorHand@@AAEXPAVMindRegionCreateInfo@@PAVMindRegionConnectorDef@@@Z 004c6a40 f   actuator_hand.obj
 0002:0000eb90       ?createTargetConnector@EffectorHand@@AAEXPAVMindRegionCreateInfo@@PAVMindRegionConnectorDef@@@Z 004c6b90 f   actuator_hand.obj
 0002:0000ece0       ?sourceHandler@EffectorHand@@AAEPAVNeuroSignal@@PAVNeuroLink@@PAVNeuroLinkSource@@@Z 004c6ce0 f   actuator_hand.obj
 0002:0000ed20       ?targetHandler@EffectorHand@@AAEPAVNeuroSignalSet@@PAVNeuroLink@@PAVNeuroLinkTarget@@PAVNeuroSignal@@@Z 004c6d20 f   actuator_hand.obj
 0002:0000ed60       ?createHeart@AHumanTarget@@AAEPAVMindEffector@@PAVEffectorArea@@@Z 004c6d60 f   actuator_heart.obj
 0002:0000ee50       ??0EffectorHeart@@QAE@PAVEffectorArea@@@Z 004c6e50 f   actuator_heart.obj
 0002:0000ef20       ?getClass@EffectorHeart@@UAEPBDXZ 004c6f20 f i actuator_heart.obj
 0002:0000ef60       ?startEffector@EffectorHeart@@UAEXXZ 004c6f60 f i actuator_heart.obj
 0002:0000efa0       ?stopEffector@EffectorHeart@@UAEXXZ 004c6fa0 f i actuator_heart.obj
 0002:0000efe0       ?processEffectorControl@EffectorHeart@@UAEXPAVNeuroLink@@PAVNeuroSignal@@@Z 004c6fe0 f i actuator_heart.obj
 0002:0000f020       ??_GEffectorHeart@@UAEPAXI@Z 004c7020 f i actuator_heart.obj
 0002:0000f020       ??_EEffectorHeart@@UAEPAXI@Z 004c7020 f i actuator_heart.obj
 0002:0000f090       ??1EffectorHeart@@UAE@XZ   004c7090 f   actuator_heart.obj
 0002:0000f130       ?configureEffector@EffectorHeart@@UAEXVXml@@@Z 004c7130 f   actuator_heart.obj
 0002:0000f180       ?createEffector@EffectorHeart@@UAEXPAVMindRegionCreateInfo@@@Z 004c7180 f   actuator_heart.obj
 0002:0000f270       ?createSourceConnector@EffectorHeart@@AAEXPAVMindRegionCreateInfo@@PAVMindRegionConnectorDef@@@Z 004c7270 f   actuator_heart.obj
 0002:0000f3c0       ?createTargetConnector@EffectorHeart@@AAEXPAVMindRegionCreateInfo@@PAVMindRegionConnectorDef@@@Z 004c73c0 f   actuator_heart.obj
 0002:0000f510       ?sourceHandler@EffectorHeart@@AAEPAVNeuroSignal@@PAVNeuroLink@@PAVNeuroLinkSource@@@Z 004c7510 f   actuator_heart.obj
 0002:0000f550       ?targetHandler@EffectorHeart@@AAEPAVNeuroSignalSet@@PAVNeuroLink@@PAVNeuroLinkTarget@@PAVNeuroSignal@@@Z 004c7550 f   actuator_heart.obj
 0002:0000f590       ?createProtector@AHumanTarget@@AAEPAVMindEffector@@PAVEffectorArea@@@Z 004c7590 f   actuator_protector.obj
 0002:0000f680       ??0EffectorProtector@@QAE@PAVEffectorArea@@@Z 004c7680 f   actuator_protector.obj
 0002:0000f750       ?getClass@EffectorProtector@@UAEPBDXZ 004c7750 f i actuator_protector.obj
 0002:0000f790       ?startEffector@EffectorProtector@@UAEXXZ 004c7790 f i actuator_protector.obj
 0002:0000f7d0       ?stopEffector@EffectorProtector@@UAEXXZ 004c77d0 f i actuator_protector.obj
 0002:0000f810       ?processEffectorControl@EffectorProtector@@UAEXPAVNeuroLink@@PAVNeuroSignal@@@Z 004c7810 f i actuator_protector.obj
 0002:0000f850       ??_EEffectorProtector@@UAEPAXI@Z 004c7850 f i actuator_protector.obj
 0002:0000f850       ??_GEffectorProtector@@UAEPAXI@Z 004c7850 f i actuator_protector.obj
 0002:0000f8c0       ??1EffectorProtector@@UAE@XZ 004c78c0 f   actuator_protector.obj
 0002:0000f960       ?configureEffector@EffectorProtector@@UAEXVXml@@@Z 004c7960 f   actuator_protector.obj
 0002:0000f9b0       ?createEffector@EffectorProtector@@UAEXPAVMindRegionCreateInfo@@@Z 004c79b0 f   actuator_protector.obj
 0002:0000faa0       ?createSourceConnector@EffectorProtector@@AAEXPAVMindRegionCreateInfo@@PAVMindRegionConnectorDef@@@Z 004c7aa0 f   actuator_protector.obj
 0002:0000fbf0       ?createTargetConnector@EffectorProtector@@AAEXPAVMindRegionCreateInfo@@PAVMindRegionConnectorDef@@@Z 004c7bf0 f   actuator_protector.obj
 0002:0000fd40       ?sourceHandler@EffectorProtector@@AAEPAVNeuroSignal@@PAVNeuroLink@@PAVNeuroLinkSource@@@Z 004c7d40 f   actuator_protector.obj
 0002:0000fd80       ?targetHandler@EffectorProtector@@AAEPAVNeuroSignalSet@@PAVNeuroLink@@PAVNeuroLinkTarget@@PAVNeuroSignal@@@Z 004c7d80 f   actuator_protector.obj
 0002:0000fdc0       ?createLeg@AHumanTarget@@AAEPAVMindEffector@@PAVEffectorArea@@@Z 004c7dc0 f   actuator_leg.obj
 0002:0000feb0       ??0EffectorLeg@@QAE@PAVEffectorArea@@@Z 004c7eb0 f   actuator_leg.obj
 0002:0000ff80       ?getClass@EffectorLeg@@UAEPBDXZ 004c7f80 f i actuator_leg.obj
 0002:0000ffc0       ?startEffector@EffectorLeg@@UAEXXZ 004c7fc0 f i actuator_leg.obj
 0002:00010000       ?stopEffector@EffectorLeg@@UAEXXZ 004c8000 f i actuator_leg.obj
 0002:00010040       ?processEffectorControl@EffectorLeg@@UAEXPAVNeuroLink@@PAVNeuroSignal@@@Z 004c8040 f i actuator_leg.obj
 0002:00010080       ??_GEffectorLeg@@UAEPAXI@Z 004c8080 f i actuator_leg.obj
 0002:00010080       ??_EEffectorLeg@@UAEPAXI@Z 004c8080 f i actuator_leg.obj
 0002:000100f0       ??1EffectorLeg@@UAE@XZ     004c80f0 f   actuator_leg.obj
 0002:00010190       ?configureEffector@EffectorLeg@@UAEXVXml@@@Z 004c8190 f   actuator_leg.obj
 0002:000101e0       ?createEffector@EffectorLeg@@UAEXPAVMindRegionCreateInfo@@@Z 004c81e0 f   actuator_leg.obj
 0002:000102d0       ?createSourceConnector@EffectorLeg@@AAEXPAVMindRegionCreateInfo@@PAVMindRegionConnectorDef@@@Z 004c82d0 f   actuator_leg.obj
 0002:00010420       ?createTargetConnector@EffectorLeg@@AAEXPAVMindRegionCreateInfo@@PAVMindRegionConnectorDef@@@Z 004c8420 f   actuator_leg.obj
 0002:00010570       ?sourceHandler@EffectorLeg@@AAEPAVNeuroSignal@@PAVNeuroLink@@PAVNeuroLinkSource@@@Z 004c8570 f   actuator_leg.obj
 0002:000105b0       ?targetHandler@EffectorLeg@@AAEPAVNeuroSignalSet@@PAVNeuroLink@@PAVNeuroLinkTarget@@PAVNeuroSignal@@@Z 004c85b0 f   actuator_leg.obj
 0002:000105f0       ?createLiver@AHumanTarget@@AAEPAVMindEffector@@PAVEffectorArea@@@Z 004c85f0 f   actuator_liver.obj
 0002:000106e0       ??0EffectorLiver@@QAE@PAVEffectorArea@@@Z 004c86e0 f   actuator_liver.obj
 0002:000107b0       ?getClass@EffectorLiver@@UAEPBDXZ 004c87b0 f i actuator_liver.obj
 0002:000107f0       ?startEffector@EffectorLiver@@UAEXXZ 004c87f0 f i actuator_liver.obj
 0002:00010830       ?stopEffector@EffectorLiver@@UAEXXZ 004c8830 f i actuator_liver.obj
 0002:00010870       ?processEffectorControl@EffectorLiver@@UAEXPAVNeuroLink@@PAVNeuroSignal@@@Z 004c8870 f i actuator_liver.obj
 0002:000108b0       ??_EEffectorLiver@@UAEPAXI@Z 004c88b0 f i actuator_liver.obj
 0002:000108b0       ??_GEffectorLiver@@UAEPAXI@Z 004c88b0 f i actuator_liver.obj
 0002:00010920       ??1EffectorLiver@@UAE@XZ   004c8920 f   actuator_liver.obj
 0002:000109c0       ?configureEffector@EffectorLiver@@UAEXVXml@@@Z 004c89c0 f   actuator_liver.obj
 0002:00010a10       ?createEffector@EffectorLiver@@UAEXPAVMindRegionCreateInfo@@@Z 004c8a10 f   actuator_liver.obj
 0002:00010b00       ?createSourceConnector@EffectorLiver@@AAEXPAVMindRegionCreateInfo@@PAVMindRegionConnectorDef@@@Z 004c8b00 f   actuator_liver.obj
 0002:00010c50       ?createTargetConnector@EffectorLiver@@AAEXPAVMindRegionCreateInfo@@PAVMindRegionConnectorDef@@@Z 004c8c50 f   actuator_liver.obj
 0002:00010da0       ?sourceHandler@EffectorLiver@@AAEPAVNeuroSignal@@PAVNeuroLink@@PAVNeuroLinkSource@@@Z 004c8da0 f   actuator_liver.obj
 0002:00010de0       ?targetHandler@EffectorLiver@@AAEPAVNeuroSignalSet@@PAVNeuroLink@@PAVNeuroLinkTarget@@PAVNeuroSignal@@@Z 004c8de0 f   actuator_liver.obj
 0002:00010e20       ?createLung@AHumanTarget@@AAEPAVMindEffector@@PAVEffectorArea@@@Z 004c8e20 f   actuator_lung.obj
 0002:00010f10       ??0EffectorLung@@QAE@PAVEffectorArea@@@Z 004c8f10 f   actuator_lung.obj
 0002:00010fe0       ?getClass@EffectorLung@@UAEPBDXZ 004c8fe0 f i actuator_lung.obj
 0002:00011020       ?startEffector@EffectorLung@@UAEXXZ 004c9020 f i actuator_lung.obj
 0002:00011060       ?stopEffector@EffectorLung@@UAEXXZ 004c9060 f i actuator_lung.obj
 0002:000110a0       ?processEffectorControl@EffectorLung@@UAEXPAVNeuroLink@@PAVNeuroSignal@@@Z 004c90a0 f i actuator_lung.obj
 0002:000110e0       ??_GEffectorLung@@UAEPAXI@Z 004c90e0 f i actuator_lung.obj
 0002:000110e0       ??_EEffectorLung@@UAEPAXI@Z 004c90e0 f i actuator_lung.obj
 0002:00011150       ??1EffectorLung@@UAE@XZ    004c9150 f   actuator_lung.obj
 0002:000111f0       ?configureEffector@EffectorLung@@UAEXVXml@@@Z 004c91f0 f   actuator_lung.obj
 0002:00011240       ?createEffector@EffectorLung@@UAEXPAVMindRegionCreateInfo@@@Z 004c9240 f   actuator_lung.obj
 0002:00011330       ?createSourceConnector@EffectorLung@@AAEXPAVMindRegionCreateInfo@@PAVMindRegionConnectorDef@@@Z 004c9330 f   actuator_lung.obj
 0002:00011480       ?createTargetConnector@EffectorLung@@AAEXPAVMindRegionCreateInfo@@PAVMindRegionConnectorDef@@@Z 004c9480 f   actuator_lung.obj
 0002:000115d0       ?sourceHandler@EffectorLung@@AAEPAVNeuroSignal@@PAVNeuroLink@@PAVNeuroLinkSource@@@Z 004c95d0 f   actuator_lung.obj
 0002:00011610       ?targetHandler@EffectorLung@@AAEPAVNeuroSignalSet@@PAVNeuroLink@@PAVNeuroLinkTarget@@PAVNeuroSignal@@@Z 004c9610 f   actuator_lung.obj
 0002:00011650       ?createNeck@AHumanTarget@@AAEPAVMindEffector@@PAVEffectorArea@@@Z 004c9650 f   actuator_neck.obj
 0002:00011740       ??0EffectorNeck@@QAE@PAVEffectorArea@@@Z 004c9740 f   actuator_neck.obj
 0002:00011810       ?getClass@EffectorNeck@@UAEPBDXZ 004c9810 f i actuator_neck.obj
 0002:00011850       ?startEffector@EffectorNeck@@UAEXXZ 004c9850 f i actuator_neck.obj
 0002:00011890       ?stopEffector@EffectorNeck@@UAEXXZ 004c9890 f i actuator_neck.obj
 0002:000118d0       ?processEffectorControl@EffectorNeck@@UAEXPAVNeuroLink@@PAVNeuroSignal@@@Z 004c98d0 f i actuator_neck.obj
 0002:00011910       ??_GEffectorNeck@@UAEPAXI@Z 004c9910 f i actuator_neck.obj
 0002:00011910       ??_EEffectorNeck@@UAEPAXI@Z 004c9910 f i actuator_neck.obj
 0002:00011980       ??1EffectorNeck@@UAE@XZ    004c9980 f   actuator_neck.obj
 0002:00011a20       ?configureEffector@EffectorNeck@@UAEXVXml@@@Z 004c9a20 f   actuator_neck.obj
 0002:00011a70       ?createEffector@EffectorNeck@@UAEXPAVMindRegionCreateInfo@@@Z 004c9a70 f   actuator_neck.obj
 0002:00011b60       ?createSourceConnector@EffectorNeck@@AAEXPAVMindRegionCreateInfo@@PAVMindRegionConnectorDef@@@Z 004c9b60 f   actuator_neck.obj
 0002:00011cb0       ?createTargetConnector@EffectorNeck@@AAEXPAVMindRegionCreateInfo@@PAVMindRegionConnectorDef@@@Z 004c9cb0 f   actuator_neck.obj
 0002:00011e00       ?sourceHandler@EffectorNeck@@AAEPAVNeuroSignal@@PAVNeuroLink@@PAVNeuroLinkSource@@@Z 004c9e00 f   actuator_neck.obj
 0002:00011e40       ?targetHandler@EffectorNeck@@AAEPAVNeuroSignalSet@@PAVNeuroLink@@PAVNeuroLinkTarget@@PAVNeuroSignal@@@Z 004c9e40 f   actuator_neck.obj
 0002:00011e80       ?createNose@AHumanTarget@@AAEPAVMindSensor@@PAVSensorArea@@@Z 004c9e80 f   actuator_nose.obj
 0002:00011f70       ??0SensorNose@@QAE@PAVSensorArea@@@Z 004c9f70 f   actuator_nose.obj
 0002:00012050       ?getClass@SensorNose@@UAEPBDXZ 004ca050 f i actuator_nose.obj
 0002:00012090       ?startSensor@SensorNose@@UAEXXZ 004ca090 f i actuator_nose.obj
 0002:000120d0       ?stopSensor@SensorNose@@UAEXXZ 004ca0d0 f i actuator_nose.obj
 0002:00012110       ?processSensorControl@SensorNose@@UAEXPAVNeuroLink@@PAVNeuroSignal@@@Z 004ca110 f i actuator_nose.obj
 0002:00012150       ?produceSensorData@SensorNose@@UAEXXZ 004ca150 f i actuator_nose.obj
 0002:00012190       ?pollSensor@SensorNose@@UAEXXZ 004ca190 f i actuator_nose.obj
 0002:000121d0       ??_GSensorNose@@UAEPAXI@Z  004ca1d0 f i actuator_nose.obj
 0002:000121d0       ??_ESensorNose@@UAEPAXI@Z  004ca1d0 f i actuator_nose.obj
 0002:00012240       ??1SensorNose@@UAE@XZ      004ca240 f   actuator_nose.obj
 0002:000122e0       ?configureSensor@SensorNose@@UAEXVXml@@@Z 004ca2e0 f   actuator_nose.obj
 0002:00012330       ?createSensor@SensorNose@@UAEXPAVMindRegionCreateInfo@@@Z 004ca330 f   actuator_nose.obj
 0002:00012420       ?createSourceConnector@SensorNose@@AAEXPAVMindRegionCreateInfo@@PAVMindRegionConnectorDef@@@Z 004ca420 f   actuator_nose.obj
 0002:00012570       ?createTargetConnector@SensorNose@@AAEXPAVMindRegionCreateInfo@@PAVMindRegionConnectorDef@@@Z 004ca570 f   actuator_nose.obj
 0002:000126c0       ?sourceHandler@SensorNose@@AAEPAVNeuroSignal@@PAVNeuroLink@@PAVNeuroLinkSource@@@Z 004ca6c0 f   actuator_nose.obj
 0002:00012700       ?targetHandler@SensorNose@@AAEPAVNeuroSignalSet@@PAVNeuroLink@@PAVNeuroLinkTarget@@PAVNeuroSignal@@@Z 004ca700 f   actuator_nose.obj
 0002:00012740       ?createRectum@AHumanTarget@@AAEPAVMindEffector@@PAVEffectorArea@@@Z 004ca740 f   actuator_rectum.obj
 0002:00012830       ??0EffectorRectum@@QAE@PAVEffectorArea@@@Z 004ca830 f   actuator_rectum.obj
 0002:00012900       ?getClass@EffectorRectum@@UAEPBDXZ 004ca900 f i actuator_rectum.obj
 0002:00012940       ?startEffector@EffectorRectum@@UAEXXZ 004ca940 f i actuator_rectum.obj
 0002:00012980       ?stopEffector@EffectorRectum@@UAEXXZ 004ca980 f i actuator_rectum.obj
 0002:000129c0       ?processEffectorControl@EffectorRectum@@UAEXPAVNeuroLink@@PAVNeuroSignal@@@Z 004ca9c0 f i actuator_rectum.obj
 0002:00012a00       ??_EEffectorRectum@@UAEPAXI@Z 004caa00 f i actuator_rectum.obj
 0002:00012a00       ??_GEffectorRectum@@UAEPAXI@Z 004caa00 f i actuator_rectum.obj
 0002:00012a70       ??1EffectorRectum@@UAE@XZ  004caa70 f   actuator_rectum.obj
 0002:00012b10       ?configureEffector@EffectorRectum@@UAEXVXml@@@Z 004cab10 f   actuator_rectum.obj
 0002:00012b60       ?createEffector@EffectorRectum@@UAEXPAVMindRegionCreateInfo@@@Z 004cab60 f   actuator_rectum.obj
 0002:00012c50       ?createSourceConnector@EffectorRectum@@AAEXPAVMindRegionCreateInfo@@PAVMindRegionConnectorDef@@@Z 004cac50 f   actuator_rectum.obj
 0002:00012da0       ?createTargetConnector@EffectorRectum@@AAEXPAVMindRegionCreateInfo@@PAVMindRegionConnectorDef@@@Z 004cada0 f   actuator_rectum.obj
 0002:00012ef0       ?sourceHandler@EffectorRectum@@AAEPAVNeuroSignal@@PAVNeuroLink@@PAVNeuroLinkSource@@@Z 004caef0 f   actuator_rectum.obj
 0002:00012f30       ?targetHandler@EffectorRectum@@AAEPAVNeuroSignalSet@@PAVNeuroLink@@PAVNeuroLinkTarget@@PAVNeuroSignal@@@Z 004caf30 f   actuator_rectum.obj
 0002:00012f70       ?createSpeaker@AHumanTarget@@AAEPAVMindEffector@@PAVEffectorArea@@@Z 004caf70 f   actuator_speaker.obj
 0002:00013060       ??0EffectorSpeaker@@QAE@PAVEffectorArea@@@Z 004cb060 f   actuator_speaker.obj
 0002:00013130       ?getClass@EffectorSpeaker@@UAEPBDXZ 004cb130 f i actuator_speaker.obj
 0002:00013170       ?startEffector@EffectorSpeaker@@UAEXXZ 004cb170 f i actuator_speaker.obj
 0002:000131b0       ?stopEffector@EffectorSpeaker@@UAEXXZ 004cb1b0 f i actuator_speaker.obj
 0002:000131f0       ?processEffectorControl@EffectorSpeaker@@UAEXPAVNeuroLink@@PAVNeuroSignal@@@Z 004cb1f0 f i actuator_speaker.obj
 0002:00013230       ??_GEffectorSpeaker@@UAEPAXI@Z 004cb230 f i actuator_speaker.obj
 0002:00013230       ??_EEffectorSpeaker@@UAEPAXI@Z 004cb230 f i actuator_speaker.obj
 0002:000132a0       ??1EffectorSpeaker@@UAE@XZ 004cb2a0 f   actuator_speaker.obj
 0002:00013340       ?configureEffector@EffectorSpeaker@@UAEXVXml@@@Z 004cb340 f   actuator_speaker.obj
 0002:00013390       ?createEffector@EffectorSpeaker@@UAEXPAVMindRegionCreateInfo@@@Z 004cb390 f   actuator_speaker.obj
 0002:00013480       ?createSourceConnector@EffectorSpeaker@@AAEXPAVMindRegionCreateInfo@@PAVMindRegionConnectorDef@@@Z 004cb480 f   actuator_speaker.obj
 0002:000135d0       ?createTargetConnector@EffectorSpeaker@@AAEXPAVMindRegionCreateInfo@@PAVMindRegionConnectorDef@@@Z 004cb5d0 f   actuator_speaker.obj
 0002:00013720       ?sourceHandler@EffectorSpeaker@@AAEPAVNeuroSignal@@PAVNeuroLink@@PAVNeuroLinkSource@@@Z 004cb720 f   actuator_speaker.obj
 0002:00013760       ?targetHandler@EffectorSpeaker@@AAEPAVNeuroSignalSet@@PAVNeuroLink@@PAVNeuroLinkTarget@@PAVNeuroSignal@@@Z 004cb760 f   actuator_speaker.obj
 0002:000137a0       ?createStomach@AHumanTarget@@AAEPAVMindEffector@@PAVEffectorArea@@@Z 004cb7a0 f   actuator_stomach.obj
 0002:00013890       ??0EffectorStomach@@QAE@PAVEffectorArea@@@Z 004cb890 f   actuator_stomach.obj
 0002:00013960       ?getClass@EffectorStomach@@UAEPBDXZ 004cb960 f i actuator_stomach.obj
 0002:000139a0       ?startEffector@EffectorStomach@@UAEXXZ 004cb9a0 f i actuator_stomach.obj
 0002:000139e0       ?stopEffector@EffectorStomach@@UAEXXZ 004cb9e0 f i actuator_stomach.obj
 0002:00013a20       ?processEffectorControl@EffectorStomach@@UAEXPAVNeuroLink@@PAVNeuroSignal@@@Z 004cba20 f i actuator_stomach.obj
 0002:00013a60       ??_GEffectorStomach@@UAEPAXI@Z 004cba60 f i actuator_stomach.obj
 0002:00013a60       ??_EEffectorStomach@@UAEPAXI@Z 004cba60 f i actuator_stomach.obj
 0002:00013ad0       ??1EffectorStomach@@UAE@XZ 004cbad0 f   actuator_stomach.obj
 0002:00013b70       ?configureEffector@EffectorStomach@@UAEXVXml@@@Z 004cbb70 f   actuator_stomach.obj
 0002:00013bc0       ?createEffector@EffectorStomach@@UAEXPAVMindRegionCreateInfo@@@Z 004cbbc0 f   actuator_stomach.obj
 0002:00013cb0       ?createSourceConnector@EffectorStomach@@AAEXPAVMindRegionCreateInfo@@PAVMindRegionConnectorDef@@@Z 004cbcb0 f   actuator_stomach.obj
 0002:00013e00       ?createTargetConnector@EffectorStomach@@AAEXPAVMindRegionCreateInfo@@PAVMindRegionConnectorDef@@@Z 004cbe00 f   actuator_stomach.obj
 0002:00013f50       ?sourceHandler@EffectorStomach@@AAEPAVNeuroSignal@@PAVNeuroLink@@PAVNeuroLinkSource@@@Z 004cbf50 f   actuator_stomach.obj
 0002:00013f90       ?targetHandler@EffectorStomach@@AAEPAVNeuroSignalSet@@PAVNeuroLink@@PAVNeuroLinkTarget@@PAVNeuroSignal@@@Z 004cbf90 f   actuator_stomach.obj
 0002:00013fd0       ?createTrunk@AHumanTarget@@AAEPAVMindEffector@@PAVEffectorArea@@@Z 004cbfd0 f   actuator_trunk.obj
 0002:000140c0       ??0EffectorTrunk@@QAE@PAVEffectorArea@@@Z 004cc0c0 f   actuator_trunk.obj
 0002:00014190       ?getClass@EffectorTrunk@@UAEPBDXZ 004cc190 f i actuator_trunk.obj
 0002:000141d0       ?startEffector@EffectorTrunk@@UAEXXZ 004cc1d0 f i actuator_trunk.obj
 0002:00014210       ?stopEffector@EffectorTrunk@@UAEXXZ 004cc210 f i actuator_trunk.obj
 0002:00014250       ?processEffectorControl@EffectorTrunk@@UAEXPAVNeuroLink@@PAVNeuroSignal@@@Z 004cc250 f i actuator_trunk.obj
 0002:00014290       ??_GEffectorTrunk@@UAEPAXI@Z 004cc290 f i actuator_trunk.obj
 0002:00014290       ??_EEffectorTrunk@@UAEPAXI@Z 004cc290 f i actuator_trunk.obj
 0002:00014300       ??1EffectorTrunk@@UAE@XZ   004cc300 f   actuator_trunk.obj
 0002:000143a0       ?configureEffector@EffectorTrunk@@UAEXVXml@@@Z 004cc3a0 f   actuator_trunk.obj
 0002:000143f0       ?createEffector@EffectorTrunk@@UAEXPAVMindRegionCreateInfo@@@Z 004cc3f0 f   actuator_trunk.obj
 0002:000144e0       ?createSourceConnector@EffectorTrunk@@AAEXPAVMindRegionCreateInfo@@PAVMindRegionConnectorDef@@@Z 004cc4e0 f   actuator_trunk.obj
 0002:00014630       ?createTargetConnector@EffectorTrunk@@AAEXPAVMindRegionCreateInfo@@PAVMindRegionConnectorDef@@@Z 004cc630 f   actuator_trunk.obj
 0002:00014780       ?sourceHandler@EffectorTrunk@@AAEPAVNeuroSignal@@PAVNeuroLink@@PAVNeuroLinkSource@@@Z 004cc780 f   actuator_trunk.obj
 0002:000147c0       ?targetHandler@EffectorTrunk@@AAEPAVNeuroSignalSet@@PAVNeuroLink@@PAVNeuroLinkTarget@@PAVNeuroSignal@@@Z 004cc7c0 f   actuator_trunk.obj
 0002:00014800       ?createUreter@AHumanTarget@@AAEPAVMindEffector@@PAVEffectorArea@@@Z 004cc800 f   actuator_ureter.obj
 0002:000148f0       ??0EffectorUreter@@QAE@PAVEffectorArea@@@Z 004cc8f0 f   actuator_ureter.obj
 0002:000149c0       ?getClass@EffectorUreter@@UAEPBDXZ 004cc9c0 f i actuator_ureter.obj
 0002:00014a00       ?startEffector@EffectorUreter@@UAEXXZ 004cca00 f i actuator_ureter.obj
 0002:00014a40       ?stopEffector@EffectorUreter@@UAEXXZ 004cca40 f i actuator_ureter.obj
 0002:00014a80       ?processEffectorControl@EffectorUreter@@UAEXPAVNeuroLink@@PAVNeuroSignal@@@Z 004cca80 f i actuator_ureter.obj
 0002:00014ac0       ??_EEffectorUreter@@UAEPAXI@Z 004ccac0 f i actuator_ureter.obj
 0002:00014ac0       ??_GEffectorUreter@@UAEPAXI@Z 004ccac0 f i actuator_ureter.obj
 0002:00014b30       ??1EffectorUreter@@UAE@XZ  004ccb30 f   actuator_ureter.obj
 0002:00014bd0       ?configureEffector@EffectorUreter@@UAEXVXml@@@Z 004ccbd0 f   actuator_ureter.obj
 0002:00014c20       ?createEffector@EffectorUreter@@UAEXPAVMindRegionCreateInfo@@@Z 004ccc20 f   actuator_ureter.obj
 0002:00014d10       ?createSourceConnector@EffectorUreter@@AAEXPAVMindRegionCreateInfo@@PAVMindRegionConnectorDef@@@Z 004ccd10 f   actuator_ureter.obj
 0002:00014e60       ?createTargetConnector@EffectorUreter@@AAEXPAVMindRegionCreateInfo@@PAVMindRegionConnectorDef@@@Z 004cce60 f   actuator_ureter.obj
 0002:00014fb0       ?sourceHandler@EffectorUreter@@AAEPAVNeuroSignal@@PAVNeuroLink@@PAVNeuroLinkSource@@@Z 004ccfb0 f   actuator_ureter.obj
 0002:00014ff0       ?targetHandler@EffectorUreter@@AAEPAVNeuroSignalSet@@PAVNeuroLink@@PAVNeuroLinkTarget@@PAVNeuroSignal@@@Z 004ccff0 f   actuator_ureter.obj
 0002:00015030       ?createVessels@AHumanTarget@@AAEPAVMindEffector@@PAVEffectorArea@@@Z 004cd030 f   actuator_vessels.obj
 0002:00015120       ??0EffectorVessels@@QAE@PAVEffectorArea@@@Z 004cd120 f   actuator_vessels.obj
 0002:000151f0       ?getClass@EffectorVessels@@UAEPBDXZ 004cd1f0 f i actuator_vessels.obj
 0002:00015230       ?startEffector@EffectorVessels@@UAEXXZ 004cd230 f i actuator_vessels.obj
 0002:00015270       ?stopEffector@EffectorVessels@@UAEXXZ 004cd270 f i actuator_vessels.obj
 0002:000152b0       ?processEffectorControl@EffectorVessels@@UAEXPAVNeuroLink@@PAVNeuroSignal@@@Z 004cd2b0 f i actuator_vessels.obj
 0002:000152f0       ??_EEffectorVessels@@UAEPAXI@Z 004cd2f0 f i actuator_vessels.obj
 0002:000152f0       ??_GEffectorVessels@@UAEPAXI@Z 004cd2f0 f i actuator_vessels.obj
 0002:00015360       ??1EffectorVessels@@UAE@XZ 004cd360 f   actuator_vessels.obj
 0002:00015400       ?configureEffector@EffectorVessels@@UAEXVXml@@@Z 004cd400 f   actuator_vessels.obj
 0002:00015450       ?createEffector@EffectorVessels@@UAEXPAVMindRegionCreateInfo@@@Z 004cd450 f   actuator_vessels.obj
 0002:00015540       ?createSourceConnector@EffectorVessels@@AAEXPAVMindRegionCreateInfo@@PAVMindRegionConnectorDef@@@Z 004cd540 f   actuator_vessels.obj
 0002:00015690       ?createTargetConnector@EffectorVessels@@AAEXPAVMindRegionCreateInfo@@PAVMindRegionConnectorDef@@@Z 004cd690 f   actuator_vessels.obj
 0002:000157e0       ?sourceHandler@EffectorVessels@@AAEPAVNeuroSignal@@PAVNeuroLink@@PAVNeuroLinkSource@@@Z 004cd7e0 f   actuator_vessels.obj
 0002:00015820       ?targetHandler@EffectorVessels@@AAEPAVNeuroSignalSet@@PAVNeuroLink@@PAVNeuroLinkTarget@@PAVNeuroSignal@@@Z 004cd820 f   actuator_vessels.obj
 0002:00015860       ??0AHumanTarget@@QAE@XZ    004cd860 f   ahumantarget.obj
 0002:00015930       ??1MindTarget@@QAE@XZ      004cd930 f i ahumantarget.obj
 0002:000159d0       ??0MessageSubscriber@@QAE@XZ 004cd9d0 f i ahumantarget.obj
 0002:00015a20       ?configureTarget@AHumanTarget@@UAEXVXml@@@Z 004cda20 f   ahumantarget.obj
 0002:00015a60       ?createTarget@AHumanTarget@@UAEXPAVSensorArea@@PAVEffectorArea@@@Z 004cda60 f   ahumantarget.obj
 0002:00016240       ?initTarget@AHumanTarget@@UAEXXZ 004ce240 f   ahumantarget.obj
 0002:00016280       ?runTarget@AHumanTarget@@UAEXXZ 004ce280 f   ahumantarget.obj
 0002:000163c0       ?onXmlMessage@AHumanTarget@@MAEXPAVXmlMessage@@@Z 004ce3c0 f   ahumantarget.obj
 0002:000166f0       ?cmdPlayCircuit@AHumanTarget@@IAEXVXml@@@Z 004ce6f0 f   ahumantarget.obj
 0002:00016810       ?cmdVerifyModel@AHumanTarget@@IAEXVXml@@@Z 004ce810 f   ahumantarget.obj
 0002:00016930       ?cmdCreateWikiPages@AHumanTarget@@IAEXVXml@@@Z 004ce930 f   ahumantarget.obj
 0002:00016a40       ?stopTarget@AHumanTarget@@UAEXXZ 004cea40 f   ahumantarget.obj
 0002:00016a80       ?exitTarget@AHumanTarget@@UAEXXZ 004cea80 f   ahumantarget.obj
 0002:00016ac0       ?destroyTarget@AHumanTarget@@UAEXXZ 004ceac0 f   ahumantarget.obj
 0002:00016b00       ?attachLogger@Service@@QAEXXZ 004ceb00 f i ahumantarget.obj
 0002:00016b70       ?getService@MessagingService@@SAPAV1@XZ 004ceb70 f i ahumantarget.obj
 0002:00016bd0       ?onMessage@MessageSubscriber@@UAEXPAVMessage@@@Z 004cebd0 f i ahumantarget.obj
 0002:00016c10       ?onTextMessage@MessageSubscriber@@UAEXPAVTextMessage@@@Z 004cec10 f i ahumantarget.obj
 0002:00016c50       ?onXmlMessage@MessageSubscriber@@UAEXPAVXmlMessage@@@Z 004cec50 f i ahumantarget.obj
 0002:00016c90       ?onXmlCall@MessageSubscriber@@UAEXPAVXmlCall@@@Z 004cec90 f i ahumantarget.obj
 0002:00016cd0       ?onBinaryMessage@MessageSubscriber@@UAEXPAVBinaryMessage@@@Z 004cecd0 f i ahumantarget.obj
 0002:00016d10       ??1Service@@QAE@XZ         004ced10 f i ahumantarget.obj
 0002:00016db0       ?getServiceName@MindTarget@@EAEPBDXZ 004cedb0 f i ahumantarget.obj
 0002:00016df0       ?execute@@YAXVString@@@Z   004cedf0 f   main.obj
 0002:00016fb0       _main                      004cefb0 f   main.obj
 0002:000170b0       ??0MindModel@@QAE@XZ       004cf0b0 f   mindmodel.obj
 0002:000171b0       ?getClass@MindModel@@UAEPBDXZ 004cf1b0 f i mindmodel.obj
 0002:000171f0       ??_GMindModel@@UAEPAXI@Z   004cf1f0 f i mindmodel.obj
 0002:000171f0       ??_EMindModel@@UAEPAXI@Z   004cf1f0 f i mindmodel.obj
 0002:00017260       ??1MindModel@@UAE@XZ       004cf260 f   mindmodel.obj
 0002:00017350       ?load@MindModel@@QAEXXZ    004cf350 f   mindmodel.obj
 0002:000173d0       ?checkLinkCoveredByModel@MindModel@@QAE_NVString@@0@Z 004cf3d0 f   mindmodel.obj
 0002:00017ba0       ??0StringList@@QAE@XZ      004cfba0 f i mindmodel.obj
 0002:00017c00       ??1StringList@@QAE@XZ      004cfc00 f i mindmodel.obj
 0002:00017c60       ?add@StringList@@QAEHPBD@Z 004cfc60 f i mindmodel.obj
 0002:00017d00       ?count@StringList@@QAEHXZ  004cfd00 f i mindmodel.obj
 0002:00017d40       ?get@StringList@@QAE?AVString@@H@Z 004cfd40 f i mindmodel.obj
 0002:00017f50       ??1RuntimeException@@QAE@XZ 004cff50 f i mindmodel.obj
 0002:00018040       ??0RuntimeException@@QAE@ABV0@@Z 004d0040 f i mindmodel.obj
 0002:00018180       ??0Object@@IAE@XZ          004d0180 f i mindmodel.obj
 0002:00018250       ??1Object@@QAE@XZ          004d0250 f i mindmodel.obj
 0002:00018310       ?getService@MindService@@SAPAV1@XZ 004d0310 f i mindmodel.obj
 0002:00018370       ??0ScenarioPlayer@@QAE@XZ  004d0370 f   scenarioplayer.obj
 0002:00018420       ?getClass@ScenarioPlayer@@UAEPBDXZ 004d0420 f i scenarioplayer.obj
 0002:00018460       ??_GScenarioPlayer@@UAEPAXI@Z 004d0460 f i scenarioplayer.obj
 0002:00018460       ??_EScenarioPlayer@@UAEPAXI@Z 004d0460 f i scenarioplayer.obj
 0002:000184d0       ??1ScenarioPlayer@@UAE@XZ  004d04d0 f   scenarioplayer.obj
 0002:00018570       ?play@ScenarioPlayer@@QAEXVXml@@@Z 004d0570 f   scenarioplayer.obj
 0002:00018730       ?playSignal@ScenarioPlayer@@AAEXVXml@@@Z 004d0730 f   scenarioplayer.obj
 0002:000193f0       ?count@?$ClassList@VNeuroSignal@@@@QBEHXZ 004d13f0 f i scenarioplayer.obj
 0002:00019450       ?get@?$ClassList@VNeuroSignal@@@@QBEPAVNeuroSignal@@H@Z 004d1450 f i scenarioplayer.obj
 0002:000194b0       ?getArea@MindRegion@@QAEPAVMindArea@@XZ 004d14b0 f i scenarioplayer.obj
 0002:000194f0       ?getId@NeuroSignal@@QAE?AVString@@XZ 004d14f0 f i scenarioplayer.obj
 0002:000195b0       ?getSignals@NeuroSignalSet@@QAEAAV?$ClassList@VNeuroSignal@@@@XZ 004d15b0 f i scenarioplayer.obj
 0002:000195f0       ??0ModelFiberValidator@@QAE@XZ 004d15f0 f   modelfibervalidator.obj
 0002:000196a0       ?getClass@ModelFiberValidator@@UAEPBDXZ 004d16a0 f i modelfibervalidator.obj
 0002:000196e0       ??_EModelFiberValidator@@UAEPAXI@Z 004d16e0 f i modelfibervalidator.obj
 0002:000196e0       ??_GModelFiberValidator@@UAEPAXI@Z 004d16e0 f i modelfibervalidator.obj
 0002:00019750       ??1ModelFiberValidator@@UAE@XZ 004d1750 f   modelfibervalidator.obj
 0002:000197f0       ?isValid_GSE_end@ModelFiberValidator@@QAE_NAAVXmlNerveInfo@@PAVMindRegion@@1@Z 004d17f0 f   modelfibervalidator.obj
 0002:00019de0       ?isValid_GSA_begin@ModelFiberValidator@@QAE_NAAVXmlNerveInfo@@PAVMindRegion@@1@Z 004d1de0 f   modelfibervalidator.obj
 0002:0001a3c0       ?isValid_GSA_afterbegin@ModelFiberValidator@@QAE_NAAVXmlNerveInfo@@PAVMindRegion@@1@Z 004d23c0 f   modelfibervalidator.obj
 0002:0001a9b0       ?isValid_GVE_end@ModelFiberValidator@@QAE_NAAVXmlNerveInfo@@PAVMindRegion@@1@Z 004d29b0 f   modelfibervalidator.obj
 0002:0001b080       ?isValid_GVE_beforeend@ModelFiberValidator@@QAE_NAAVXmlNerveInfo@@PAVMindRegion@@1@Z 004d3080 f   modelfibervalidator.obj
 0002:0001b820       ?isValid_SSA_begin@ModelFiberValidator@@QAE_NAAVXmlNerveInfo@@PAVMindRegion@@1@Z 004d3820 f   modelfibervalidator.obj
 0002:0001bf90       ?isValid_SVA_begin@ModelFiberValidator@@QAE_NAAVXmlNerveInfo@@PAVMindRegion@@1@Z 004d3f90 f   modelfibervalidator.obj
 0002:0001c650       ?isValid_SVA_afterbegin@ModelFiberValidator@@QAE_NAAVXmlNerveInfo@@PAVMindRegion@@1@Z 004d4650 f   modelfibervalidator.obj
 0002:0001cde0       ?getTypeName@MindRegionDef@@QAE?AVString@@XZ 004d4de0 f i modelfibervalidator.obj
 0002:0001cea0       ?getRole@MindRegionDef@@QAE?AW4MindRegionRoleEnum@@XZ 004d4ea0 f i modelfibervalidator.obj
 0002:0001cee0       ?getRegionInfo@MindRegion@@QAEPAVMindRegionDef@@XZ 004d4ee0 f i modelfibervalidator.obj
 0002:0001cf20       ?getRegionId@MindRegion@@QAE?AVString@@XZ 004d4f20 f i modelfibervalidator.obj
 0002:0001cfe0       ??0ModelVerifier@@QAE@VXml@@@Z 004d4fe0 f   modelverifier.obj
 0002:0001d0f0       ?getClass@ModelVerifier@@UAEPBDXZ 004d50f0 f i modelverifier.obj
 0002:0001d130       ??_EModelVerifier@@UAEPAXI@Z 004d5130 f i modelverifier.obj
 0002:0001d130       ??_GModelVerifier@@UAEPAXI@Z 004d5130 f i modelverifier.obj
 0002:0001d1a0       ??1ModelVerifier@@UAE@XZ   004d51a0 f   modelverifier.obj
 0002:0001d270       ?verify@ModelVerifier@@QAEXXZ 004d5270 f   modelverifier.obj
 0002:0001d620       ??0?$MapStringToClass@VMindRegionDef@@@@QAE@XZ 004d5620 f i modelverifier.obj
 0002:0001d680       ??1?$MapStringToClass@VMindRegionDef@@@@QAE@XZ 004d5680 f i modelverifier.obj
 0002:0001d6e0       ?getMindMap@MindService@@QAEPAVMindMap@@XZ 004d56e0 f i modelverifier.obj
 0002:0001d720       ?checkCircuits@ModelVerifier@@AAEXXZ 004d5720 f   modelverifier_circuits.obj
 0002:0001da40       ?checkCircuits_verifyComponents@ModelVerifier@@AAE_NVString@@@Z 004d5a40 f   modelverifier_circuits.obj
 0002:0001de00       ?checkCircuits_verifyLinks@ModelVerifier@@AAE_NVString@@@Z 004d5e00 f   modelverifier_circuits.obj
 0002:0001e080       ??0XmlCircuitLinkInfo@@QAE@XZ 004d6080 f i modelverifier_circuits.obj
 0002:0001e140       ??1XmlCircuitLinkInfo@@QAE@XZ 004d6140 f i modelverifier_circuits.obj
 0002:0001e200       ?checkCircuits_verifyCircuitLink@ModelVerifier@@AAE_NAAVXmlCircuitInfo@@AAVXmlCircuitLinkInfo@@@Z 004d6200 f   modelverifier_circuits.obj
 0002:0001ee80       ??0?$FlatList@VXml@@@@QAE@XZ 004d6e80 f i modelverifier_circuits.obj
 0002:0001eee0       ??1?$FlatList@VXml@@@@QAE@XZ 004d6ee0 f i modelverifier_circuits.obj
 0002:0001ef50       ?count@?$FlatList@VXml@@@@QBEHXZ 004d6f50 f i modelverifier_circuits.obj
 0002:0001ef90       ?get@?$FlatList@VXml@@@@QBE?AVXml@@H@Z 004d6f90 f i modelverifier_circuits.obj
 0002:0001f170       ?count@MapStringToString@@QAEHXZ 004d7170 f i modelverifier_circuits.obj
 0002:0001f1d0       ?getClassByIndex@MapStringToString@@QAEPBDH@Z 004d71d0 f i modelverifier_circuits.obj
 0002:0001f280       ?getKeyByIndex@MapStringToString@@QAEPBDH@Z 004d7280 f i modelverifier_circuits.obj
 0002:0001f330       ?checkHierarchy@ModelVerifier@@AAEXXZ 004d7330 f   modelverifier_hmind.obj
 0002:0001f560       ?checkHierarchy_verifyChild@ModelVerifier@@AAE_NVString@@_N@Z 004d7560 f   modelverifier_hmind.obj
 0002:0001fe20       ?checkHierarchy_verifyConnectors@ModelVerifier@@AAE_NPAVMindRegionDef@@ABVXmlHMindElementInfo@@@Z 004d7e20 f   modelverifier_hmind.obj
 0002:000204e0       ?add@?$MapStringToClass@VMindRegionDef@@@@QAEHPBDPAVMindRegionDef@@@Z 004d84e0 f i modelverifier_hmind.obj
 0002:000206f0       ?get@?$MapStringToClass@VMindRegionDef@@@@QAEPAVMindRegionDef@@PBD@Z 004d86f0 f i modelverifier_hmind.obj
 0002:000207a0       ?clear@?$MapStringToClass@VMindRegionDef@@@@QAEXXZ 004d87a0 f i modelverifier_hmind.obj
 0002:00020800       ?getId@MindRegionDef@@QAE?AVString@@XZ 004d8800 f i modelverifier_hmind.obj
 0002:000208c0       ?checkMindModel@ModelVerifier@@AAEXXZ 004d88c0 f   modelverifier_mind.obj
 0002:000209d0       ?checkMindModel_verifyRegion@ModelVerifier@@AAE_NPAVMindRegionDef@@@Z 004d89d0 f   modelverifier_mind.obj
 0002:00020fb0       ??0XmlCircuitFind@@QAE@XZ  004d8fb0 f i modelverifier_mind.obj
 0002:00021050       ??1XmlCircuitFind@@QAE@XZ  004d9050 f i modelverifier_mind.obj
 0002:000210f0       ?checkMindModel_verifyLinkedConnectors@ModelVerifier@@AAE_NPAVMindRegionDef@@PAVMindRegion@@@Z 004d90f0 f   modelverifier_mind.obj
 0002:000217d0       ?checkMindModel_verifyRegionCircuits@ModelVerifier@@AAE_NPAVMindRegionDef@@PAVMindRegion@@@Z 004d97d0 f   modelverifier_mind.obj
 0002:00021bd0       ?count@?$MapStringToClass@VMindRegionDef@@@@QAEHXZ 004d9bd0 f i modelverifier_mind.obj
 0002:00021c30       ?getClassByIndex@?$MapStringToClass@VMindRegionDef@@@@QAEPAVMindRegionDef@@H@Z 004d9c30 f i modelverifier_mind.obj
 0002:00021cf0       ?count@?$ClassList@VNeuroLink@@@@QBEHXZ 004d9cf0 f i modelverifier_mind.obj
 0002:00021d50       ?count@?$ClassList@VMindRegionLink@@@@QBEHXZ 004d9d50 f i modelverifier_mind.obj
 0002:00021db0       ?getRef@?$ClassList@VMindRegionLink@@@@QBEAAVMindRegionLink@@H@Z 004d9db0 f i modelverifier_mind.obj
 0002:00021e10       ?get@?$ClassList@VMindRegionLink@@@@QBEPAVMindRegionLink@@H@Z 004d9e10 f i modelverifier_mind.obj
 0002:00021e70       ?getLinks@NeuroLinkSource@@QAEAAV?$ClassList@VNeuroLink@@@@XZ 004d9e70 f i modelverifier_mind.obj
 0002:00021eb0       ?getLinks@NeuroLinkTarget@@QAEAAV?$ClassList@VNeuroLink@@@@XZ 004d9eb0 f i modelverifier_mind.obj
 0002:00021ef0       ?checkMuscles@ModelVerifier@@AAEXXZ 004d9ef0 f   modelverifier_muscles.obj
 0002:000221a0       ?checkMuscles_verifyNerve@ModelVerifier@@AAE_NAAVXmlMuscleInfo@@VString@@1@Z 004da1a0 f   modelverifier_muscles.obj
 0002:00022f80       ?checkMuscles_verifyNerves@ModelVerifier@@AAE_NVString@@@Z 004daf80 f   modelverifier_muscles.obj
 0002:00023560       ?find@StringList@@QAEHVString@@@Z 004db560 f i modelverifier_muscles.obj
 0002:00023690       ?checkNerves@ModelVerifier@@AAEXXZ 004db690 f   modelverifier_nerves.obj
 0002:00023a20       ?getDivisions@XmlNerves@@QAEAAV?$ClassList@VXmlNerveInfo@@@@XZ 004dba20 f i modelverifier_nerves.obj
 0002:00023a60       ?checkNerves_verifyComponents@ModelVerifier@@AAE_NVString@@@Z 004dba60 f   modelverifier_nerves.obj
 0002:00023f60       ?checkNerves_verifyModalityByChilds@ModelVerifier@@AAE_NAAVXmlNerveInfo@@AAVMapStringToPtr@@@Z 004dbf60 f   modelverifier_nerves.obj
 0002:00024980       ?checkNerves_verifyFiberIsCovered@ModelVerifier@@AAE_NVString@@AAVStringList@@@Z 004dc980 f   modelverifier_nerves.obj
 0002:00024b60       ?checkNerves_verifyModalityIsCoveredByFibers@ModelVerifier@@AAE_NVString@@AAVMapStringToPtr@@@Z 004dcb60 f   modelverifier_nerves.obj
 0002:00024d70       ?checkFiberComp@ModelVerifier@@AAE_NAAVXmlNerveInfo@@AAVXmlNerveFiberInfo@@VString@@@Z 004dcd70 f   modelverifier_nerves.obj
 0002:000252c0       ?checkNerves_verifyLinks@ModelVerifier@@AAE_NAAVXmlNerveInfo@@AAVXmlNerveFiberInfo@@@Z 004dd2c0 f   modelverifier_nerves.obj
 0002:000258e0       ?checkFiberType@ModelVerifier@@AAE_NAAVXmlNerveInfo@@AAVXmlNerveFiberInfo@@VString@@@Z 004dd8e0 f   modelverifier_nerves.obj
 0002:00025e60       ?checkNerves_verifyFiberChain@ModelVerifier@@AAE_NAAVXmlNerveInfo@@AAVXmlNerveFiberInfo@@VString@@2W4ModelVerifierFiberChainPosEnum@@HH@Z 004dde60 f   modelverifier_nerves.obj
 0002:00026550       ?count@?$MapStringToClass@VXmlNerveInfo@@@@QAEHXZ 004de550 f i modelverifier_nerves.obj
 0002:000265b0       ?getClassRefByIndex@?$MapStringToClass@VXmlNerveInfo@@@@QAEAAVXmlNerveInfo@@H@Z 004de5b0 f i modelverifier_nerves.obj
 0002:00026670       ?count@?$ClassList@VXmlNerveInfo@@@@QBEHXZ 004de670 f i modelverifier_nerves.obj
 0002:000266d0       ?getRef@?$ClassList@VXmlNerveInfo@@@@QBEAAVXmlNerveInfo@@H@Z 004de6d0 f i modelverifier_nerves.obj
 0002:00026730       ?count@?$ClassList@VXmlNerveFiberInfo@@@@QBEHXZ 004de730 f i modelverifier_nerves.obj
 0002:00026790       ?getRef@?$ClassList@VXmlNerveFiberInfo@@@@QBEAAVXmlNerveFiberInfo@@H@Z 004de790 f i modelverifier_nerves.obj
 0002:000267f0       ?get@?$ClassList@VXmlNerveInfo@@@@QBEPAVXmlNerveInfo@@H@Z 004de7f0 f i modelverifier_nerves.obj
 0002:00026850       ?get@?$ClassList@VXmlNerveFiberInfo@@@@QBEPAVXmlNerveFiberInfo@@H@Z 004de850 f i modelverifier_nerves.obj
 0002:000268b0       ??0MapStringToPtr@@QAE@XZ  004de8b0 f i modelverifier_nerves.obj
 0002:00026910       ??1MapStringToPtr@@QAE@XZ  004de910 f i modelverifier_nerves.obj
 0002:00026970       ?addnew@MapStringToPtr@@QAEHPBDPAX@Z 004de970 f i modelverifier_nerves.obj
 0002:00026c00       ?addnew@MapStringToPtr@@QAEXAAV1@@Z 004dec00 f i modelverifier_nerves.obj
 0002:00026cb0       ?addnew@MapStringToPtr@@QAEXAAVStringList@@PAX@Z 004decb0 f i modelverifier_nerves.obj
 0002:00026dd0       ?get@MapStringToPtr@@QAEPAXPBD@Z 004dedd0 f i modelverifier_nerves.obj
 0002:00026e80       ?count@MapStringToPtr@@QAEHXZ 004dee80 f i modelverifier_nerves.obj
 0002:00026ee0       ?destroy@MapStringToPtr@@QAEXXZ 004deee0 f i modelverifier_nerves.obj
 0002:00026f40       ?getKeyByIndex@MapStringToPtr@@QAEPBDH@Z 004def40 f i modelverifier_nerves.obj
 0002:00026ff0       ?checkSpinal@ModelVerifier@@AAEXXZ 004deff0 f   modelverifier_spinal.obj
 0002:000270c0       ?checkSpinal_verifyEndings@ModelVerifier@@AAE_NXZ 004df0c0 f   modelverifier_spinal.obj
 0002:00027190       ?getTracts@XmlHMind@@QAEPAVXmlTracts@@XZ 004df190 f i modelverifier_spinal.obj
 0002:000271d0       ?getEndingMap@XmlTracts@@QAEAAV?$MapStringToClass@VXmlBrainEnding@@@@XZ 004df1d0 f i modelverifier_spinal.obj
 0002:00027210       ?checkSpinal_verifyEndingData@ModelVerifier@@AAE_NAAVXmlBrainEnding@@@Z 004df210 f   modelverifier_spinal.obj
 0002:00027440       ?checkSpinal_verifyFibers@ModelVerifier@@AAE_NXZ 004df440 f   modelverifier_spinal.obj
 0002:00027510       ?getFibers@XmlTracts@@QAEAAV?$MapStringToClass@VXmlBrainFiber@@@@XZ 004df510 f i modelverifier_spinal.obj
 0002:00027550       ?checkSpinal_verifyFiberData@ModelVerifier@@AAE_NAAVXmlBrainFiber@@@Z 004df550 f   modelverifier_spinal.obj
 0002:00027a40       ?checkSpinal_verifyTracts@ModelVerifier@@AAE_NXZ 004dfa40 f   modelverifier_spinal.obj
 0002:00027b10       ?getTracts@XmlTracts@@QAEAAV?$MapStringToClass@VXmlBrainTractSet@@@@XZ 004dfb10 f i modelverifier_spinal.obj
 0002:00027b50       ?checkSpinal_verifyTractSet@ModelVerifier@@AAE_NAAVXmlBrainTractSet@@@Z 004dfb50 f   modelverifier_spinal.obj
 0002:00027c00       ?checkSpinal_verifyTractData@ModelVerifier@@AAE_NAAVXmlBrainTract@@@Z 004dfc00 f   modelverifier_spinal.obj
 0002:00027d20       ?checkSpinal_verifyTractPathData@ModelVerifier@@AAE_NAAVXmlBrainTract@@AAVXmlBrainTractPath@@@Z 004dfd20 f   modelverifier_spinal.obj
 0002:00028440       ?count@?$MapStringToClass@VXmlBrainTractSet@@@@QAEHXZ 004e0440 f i modelverifier_spinal.obj
 0002:000284a0       ?getClassRefByIndex@?$MapStringToClass@VXmlBrainTractSet@@@@QAEAAVXmlBrainTractSet@@H@Z 004e04a0 f i modelverifier_spinal.obj
 0002:00028560       ?count@?$MapStringToClass@VXmlBrainFiber@@@@QAEHXZ 004e0560 f i modelverifier_spinal.obj
 0002:000285c0       ?getClassRefByIndex@?$MapStringToClass@VXmlBrainFiber@@@@QAEAAVXmlBrainFiber@@H@Z 004e05c0 f i modelverifier_spinal.obj
 0002:00028680       ?count@?$MapStringToClass@VXmlBrainEnding@@@@QAEHXZ 004e0680 f i modelverifier_spinal.obj
 0002:000286e0       ?getClassRefByIndex@?$MapStringToClass@VXmlBrainEnding@@@@QAEAAVXmlBrainEnding@@H@Z 004e06e0 f i modelverifier_spinal.obj
 0002:000287a0       ?count@?$MapStringToClass@VXmlBrainTract@@@@QAEHXZ 004e07a0 f i modelverifier_spinal.obj
 0002:00028800       ?getClassRefByIndex@?$MapStringToClass@VXmlBrainTract@@@@QAEAAVXmlBrainTract@@H@Z 004e0800 f i modelverifier_spinal.obj
 0002:000288c0       ?count@?$MapStringToClass@VXmlBrainTractPath@@@@QAEHXZ 004e08c0 f i modelverifier_spinal.obj
 0002:00028920       ?getClassRefByIndex@?$MapStringToClass@VXmlBrainTractPath@@@@QAEAAVXmlBrainTractPath@@H@Z 004e0920 f i modelverifier_spinal.obj
 0002:000289e0       ??0WikiAreaPages@@QAE@PAVWikiMaker@@@Z 004e09e0 f   wikiareapages.obj
 0002:00028aa0       ?getClass@WikiAreaPages@@UAEPBDXZ 004e0aa0 f i wikiareapages.obj
 0002:00028ae0       ??_GWikiAreaPages@@UAEPAXI@Z 004e0ae0 f i wikiareapages.obj
 0002:00028ae0       ??_EWikiAreaPages@@UAEPAXI@Z 004e0ae0 f i wikiareapages.obj
 0002:00028b50       ??1WikiAreaPages@@UAE@XZ   004e0b50 f   wikiareapages.obj
 0002:00028bf0       ?execute@WikiAreaPages@@QAEXXZ 004e0bf0 f   wikiareapages.obj
 0002:00028e90       ?createAreaPages_createArea@WikiAreaPages@@AAEXVString@@PAVMindArea@@@Z 004e0e90 f   wikiareapages.obj
 0002:00029220       ?createAreaPages_createAreaCircuitTable@WikiAreaPages@@AAEXAAV?$MapStringToClass@VMindLocalCircuitDef@@@@AAVStringList@@@Z 004e1220 f   wikiareapages.obj
 0002:000292d0       ?createAreaPages_createAreaCircuitTableLine@WikiAreaPages@@AAEXPAVMindLocalCircuitDef@@AAVStringList@@@Z 004e12d0 f   wikiareapages.obj
 0002:000297f0       ?createAreaPages_createCircuitsAndReferencesTableSection@WikiAreaPages@@AAEXVString@@PAVMindArea@@@Z 004e17f0 f   wikiareapages.obj
 0002:0002a0c0       ?createAreaPages_getCircuitKey@WikiAreaPages@@AAE?AVString@@PAVMindArea@@AAVXmlCircuitInfo@@@Z 004e20c0 f   wikiareapages.obj
 0002:0002a630       ?createAreaPages_getCircuitLines@WikiAreaPages@@AAEXAAVXmlCircuitInfo@@AAVStringList@@@Z 004e2630 f   wikiareapages.obj
 0002:0002aae0       ?createAreaPages_createRegionPages@WikiAreaPages@@AAEXVString@@PAVMindArea@@@Z 004e2ae0 f   wikiareapages.obj
 0002:0002ac70       ?createAreaPages_createAreaCircuit@WikiAreaPages@@AAEXPAVMindArea@@AAVMindLocalCircuitDef@@AAVStringList@@@Z 004e2c70 f   wikiareapages.obj
 0002:0002af20       ?createAreaPages_createRegionTableSection@WikiAreaPages@@AAEXPAVMindArea@@AAVMindLocalCircuitDef@@AAVStringList@@@Z 004e2f20 f   wikiareapages.obj
 0002:0002b0e0       ?createAreaPages_getRegionTableRow@WikiAreaPages@@AAE?AVString@@PAVMindRegionDef@@@Z 004e30e0 f   wikiareapages.obj
 0002:0002ba90       ?createAreaPages_createConnectivityTableSection@WikiAreaPages@@AAEXPAVMindArea@@AAVMindLocalCircuitDef@@AAVStringList@@@Z 004e3a90 f   wikiareapages.obj
 0002:0002bd40       ?createAreaPages_addInternalConnections@WikiAreaPages@@AAEXPAVMindArea@@AAVMindLocalCircuitDef@@AAVStringList@@AAV?$MapStringToClass@VMindLocalCircuitConnectionDef@@@@@Z 004e3d40 f   wikiareapages.obj
 0002:0002be20       ?createAreaPages_addExternalConnections@WikiAreaPages@@AAEXPAVMindArea@@AAVMindLocalCircuitDef@@AAVStringList@@AAV?$MapStringToClass@VMindLocalCircuitConnectionDef@@@@_N@Z 004e3e20 f   wikiareapages.obj
 0002:0002c400       ?createAreaPages_getInternalConnections@WikiAreaPages@@AAEXPAVMindArea@@AAVMindLocalCircuitDef@@AAV?$MapStringToClass@VMindLocalCircuitConnectionDef@@@@@Z 004e4400 f   wikiareapages.obj
 0002:0002c6a0       ?createAreaPages_getExternalConnections@WikiAreaPages@@AAEXPAVMindArea@@AAVMindLocalCircuitDef@@AAV?$MapStringToClass@VMindLocalCircuitConnectionDef@@@@_N@Z 004e46a0 f   wikiareapages.obj
 0002:0002ce60       ?createAreaPages_addInternalConnectionTableLine@WikiAreaPages@@AAEXPAVMindArea@@AAVMindLocalCircuitDef@@PAVMindLocalCircuitConnectionDef@@AAVStringList@@@Z 004e4e60 f   wikiareapages.obj
 0002:0002d490       ?createAreaPages_getExternalConnectionTableLine@WikiAreaPages@@AAEXPAVMindArea@@AAVMindLocalCircuitDef@@PAVMindLocalCircuitConnectionDef@@AAVStringList@@_NPBD@Z 004e5490 f   wikiareapages.obj
 0002:0002ec90       ?getTargetLinkConnectors@WikiAreaPages@@AAEXPAVMindRegion@@0AAVMapStringToString@@@Z 004e6c90 f   wikiareapages.obj
 0002:0002eeb0       ?createDotFile_getRegionLabel@WikiAreaPages@@AAE?AVString@@PAVMindRegionDef@@@Z 004e6eb0 f   wikiareapages.obj
 0002:0002f2b0       ?createDotFile@WikiAreaPages@@AAEXPAVMindArea@@AAVMindLocalCircuitDef@@AAV?$MapStringToClass@VMindLocalCircuitConnectionDef@@@@22@Z 004e72b0 f   wikiareapages.obj
 0002:000301b0       ?getRegionColor@WikiAreaPages@@AAE?AVString@@V2@@Z 004e81b0 f   wikiareapages.obj
 0002:00030460       ?getParent@XmlHMindElementInfo@@QBEPAV1@XZ 004e8460 f i wikiareapages.obj
 0002:000304a0       ?createDotFile_subgraph@WikiAreaPages@@AAEXPAVMindArea@@AAVMindLocalCircuitDef@@_NAAV?$MapStringToClass@VMindLocalCircuitConnectionDef@@@@AAVStringList@@AAVString@@@Z 004e84a0 f   wikiareapages.obj
 0002:00032370       ?count@?$MapStringToClass@VMindLocalCircuitDef@@@@QAEHXZ 004ea370 f i wikiareapages.obj
 0002:000323d0       ?getClassByIndex@?$MapStringToClass@VMindLocalCircuitDef@@@@QAEPAVMindLocalCircuitDef@@H@Z 004ea3d0 f i wikiareapages.obj
 0002:00032490       ?getClassRefByIndex@?$MapStringToClass@VMindLocalCircuitDef@@@@QAEAAVMindLocalCircuitDef@@H@Z 004ea490 f i wikiareapages.obj
 0002:00032550       ?getKeyByIndex@?$MapStringToClass@VMindRegionDef@@@@QAEPBDH@Z 004ea550 f i wikiareapages.obj
 0002:00032600       ??0?$ClassList@VMindLocalCircuitConnectionDef@@@@QAE@XZ 004ea600 f i wikiareapages.obj
 0002:00032660       ??1?$ClassList@VMindLocalCircuitConnectionDef@@@@QAE@XZ 004ea660 f i wikiareapages.obj
 0002:000326c0       ?count@?$ClassList@VMindLocalCircuitConnectionDef@@@@QBEHXZ 004ea6c0 f i wikiareapages.obj
 0002:00032720       ?get@?$ClassList@VMindLocalCircuitConnectionDef@@@@QBEPAVMindLocalCircuitConnectionDef@@H@Z 004ea720 f i wikiareapages.obj
 0002:00032780       ?add@?$ClassList@VMindLocalCircuitConnectionDef@@@@QAEHPAVMindLocalCircuitConnectionDef@@@Z 004ea780 f i wikiareapages.obj
 0002:00032820       ??0?$MapStringToClass@VMindLocalCircuitConnectionDef@@@@QAE@XZ 004ea820 f i wikiareapages.obj
 0002:00032880       ??1?$MapStringToClass@VMindLocalCircuitConnectionDef@@@@QAE@XZ 004ea880 f i wikiareapages.obj
 0002:000328e0       ?add@?$MapStringToClass@VMindLocalCircuitConnectionDef@@@@QAEHPBDPAVMindLocalCircuitConnectionDef@@@Z 004ea8e0 f i wikiareapages.obj
 0002:00032af0       ?get@?$MapStringToClass@VMindLocalCircuitConnectionDef@@@@QAEPAVMindLocalCircuitConnectionDef@@PBD@Z 004eaaf0 f i wikiareapages.obj
 0002:00032ba0       ?count@?$MapStringToClass@VMindLocalCircuitConnectionDef@@@@QAEHXZ 004eaba0 f i wikiareapages.obj
 0002:00032c00       ?getClassByIndex@?$MapStringToClass@VMindLocalCircuitConnectionDef@@@@QAEPAVMindLocalCircuitConnectionDef@@H@Z 004eac00 f i wikiareapages.obj
 0002:00032cc0       ?getKeyByIndex@?$MapStringToClass@VMindLocalCircuitConnectionDef@@@@QAEPBDH@Z 004eacc0 f i wikiareapages.obj
 0002:00032d70       ??0?$MapStringToClass@VMindArea@@@@QAE@XZ 004ead70 f i wikiareapages.obj
 0002:00032dd0       ??1?$MapStringToClass@VMindArea@@@@QAE@XZ 004eadd0 f i wikiareapages.obj
 0002:00032e30       ?add@?$MapStringToClass@VMindArea@@@@QAEHPBDPAVMindArea@@@Z 004eae30 f i wikiareapages.obj
 0002:00033040       ?get@?$MapStringToClass@VMindArea@@@@QAEPAVMindArea@@PBD@Z 004eb040 f i wikiareapages.obj
 0002:000330f0       ?count@?$MapStringToClass@VMindArea@@@@QAEHXZ 004eb0f0 f i wikiareapages.obj
 0002:00033150       ?getClassByIndex@?$MapStringToClass@VMindArea@@@@QAEPAVMindArea@@H@Z 004eb150 f i wikiareapages.obj
 0002:00033210       ??0?$MapStringToClass@VMindRegion@@@@QAE@XZ 004eb210 f i wikiareapages.obj
 0002:00033270       ??1?$MapStringToClass@VMindRegion@@@@QAE@XZ 004eb270 f i wikiareapages.obj
 0002:000332d0       ?add@?$MapStringToClass@VMindRegion@@@@QAEHPBDPAVMindRegion@@@Z 004eb2d0 f i wikiareapages.obj
 0002:000334e0       ?addnew@?$MapStringToClass@VMindRegion@@@@QAEHPBDPAVMindRegion@@@Z 004eb4e0 f i wikiareapages.obj
 0002:000335b0       ?get@?$MapStringToClass@VMindRegion@@@@QAEPAVMindRegion@@PBD@Z 004eb5b0 f i wikiareapages.obj
 0002:00033660       ?count@?$MapStringToClass@VMindRegion@@@@QAEHXZ 004eb660 f i wikiareapages.obj
 0002:000336c0       ?getClassByIndex@?$MapStringToClass@VMindRegion@@@@QAEPAVMindRegion@@H@Z 004eb6c0 f i wikiareapages.obj
 0002:00033780       ?getKeyByIndex@?$MapStringToClass@VMindRegion@@@@QAEPBDH@Z 004eb780 f i wikiareapages.obj
 0002:00033830       ??0?$MapStringToClass@V?$MapStringToClass@VMindLocalCircuitConnectionDef@@@@@@QAE@XZ 004eb830 f i wikiareapages.obj
 0002:00033890       ??1?$MapStringToClass@V?$MapStringToClass@VMindLocalCircuitConnectionDef@@@@@@QAE@XZ 004eb890 f i wikiareapages.obj
 0002:000338f0       ?add@?$MapStringToClass@V?$MapStringToClass@VMindLocalCircuitConnectionDef@@@@@@QAEHPBDPAV?$MapStringToClass@VMindLocalCircuitConnectionDef@@@@@Z 004eb8f0 f i wikiareapages.obj
 0002:00033b00       ?get@?$MapStringToClass@V?$MapStringToClass@VMindLocalCircuitConnectionDef@@@@@@QAEPAV?$MapStringToClass@VMindLocalCircuitConnectionDef@@@@PBD@Z 004ebb00 f i wikiareapages.obj
 0002:00033bb0       ?count@?$MapStringToClass@V?$MapStringToClass@VMindLocalCircuitConnectionDef@@@@@@QAEHXZ 004ebbb0 f i wikiareapages.obj
 0002:00033c10       ?getClassByIndex@?$MapStringToClass@V?$MapStringToClass@VMindLocalCircuitConnectionDef@@@@@@QAEPAV?$MapStringToClass@VMindLocalCircuitConnectionDef@@@@H@Z 004ebc10 f i wikiareapages.obj
 0002:00033cd0       ?getKeyByIndex@?$MapStringToClass@V?$MapStringToClass@VMindLocalCircuitConnectionDef@@@@@@QAEPBDH@Z 004ebcd0 f i wikiareapages.obj
 0002:00033d80       ??0?$MapStringToClass@V?$MapStringToClass@VMindRegion@@@@@@QAE@XZ 004ebd80 f i wikiareapages.obj
 0002:00033de0       ??1?$MapStringToClass@V?$MapStringToClass@VMindRegion@@@@@@QAE@XZ 004ebde0 f i wikiareapages.obj
 0002:00033e40       ?add@?$MapStringToClass@V?$MapStringToClass@VMindRegion@@@@@@QAEHPBDPAV?$MapStringToClass@VMindRegion@@@@@Z 004ebe40 f i wikiareapages.obj
 0002:00034050       ?get@?$MapStringToClass@V?$MapStringToClass@VMindRegion@@@@@@QAEPAV?$MapStringToClass@VMindRegion@@@@PBD@Z 004ec050 f i wikiareapages.obj
 0002:00034100       ?destroy@?$MapStringToClass@V?$MapStringToClass@VMindRegion@@@@@@QAEXXZ 004ec100 f i wikiareapages.obj
 0002:000341f0       ??0?$MapStringToClass@V?$ClassList@VMindLocalCircuitConnectionDef@@@@@@QAE@XZ 004ec1f0 f i wikiareapages.obj
 0002:00034250       ??1?$MapStringToClass@V?$ClassList@VMindLocalCircuitConnectionDef@@@@@@QAE@XZ 004ec250 f i wikiareapages.obj
 0002:000342b0       ?add@?$MapStringToClass@V?$ClassList@VMindLocalCircuitConnectionDef@@@@@@QAEHPBDPAV?$ClassList@VMindLocalCircuitConnectionDef@@@@@Z 004ec2b0 f i wikiareapages.obj
 0002:000344c0       ?get@?$MapStringToClass@V?$ClassList@VMindLocalCircuitConnectionDef@@@@@@QAEPAV?$ClassList@VMindLocalCircuitConnectionDef@@@@PBD@Z 004ec4c0 f i wikiareapages.obj
 0002:00034570       ?destroy@?$MapStringToClass@V?$ClassList@VMindLocalCircuitConnectionDef@@@@@@QAEXXZ 004ec570 f i wikiareapages.obj
 0002:00034660       ??_G?$MapStringToClass@VMindRegion@@@@QAEPAXI@Z 004ec660 f i wikiareapages.obj
 0002:000346d0       ??_G?$ClassList@VMindLocalCircuitConnectionDef@@@@QAEPAXI@Z 004ec6d0 f i wikiareapages.obj
 0002:00034740       ?sort@StringList@@QAEXXZ   004ec740 f i wikiareapages.obj
 0002:000347a0       ?clear@StringList@@QAEXXZ  004ec7a0 f i wikiareapages.obj
 0002:00034800       ??0MapStringToString@@QAE@XZ 004ec800 f i wikiareapages.obj
 0002:00034860       ??1MapStringToString@@QAE@XZ 004ec860 f i wikiareapages.obj
 0002:000348c0       ?add@MapStringToString@@QAEHPBD0@Z 004ec8c0 f i wikiareapages.obj
 0002:00034c70       ?addnew@MapStringToString@@QAEHPBD0@Z 004ecc70 f i wikiareapages.obj
 0002:00034f20       ?destroy@MapStringToString@@QAEXXZ 004ecf20 f i wikiareapages.obj
 0002:00034fd0       ?getServiceName@MindRegionDef@@QAE?AVString@@XZ 004ecfd0 f i wikiareapages.obj
 0002:00035090       ?isTargetSensor@MindRegionDef@@QAE_NXZ 004ed090 f i wikiareapages.obj
 0002:00035110       ?isTargetEffector@MindRegionDef@@QAE_NXZ 004ed110 f i wikiareapages.obj
 0002:00035190       ?getId@MindLocalCircuitDef@@QAE?AVString@@XZ 004ed190 f i wikiareapages.obj
 0002:00035250       ?getName@MindLocalCircuitDef@@QAE?AVString@@XZ 004ed250 f i wikiareapages.obj
 0002:00035310       ?getRegions@MindLocalCircuitDef@@QAEAAV?$MapStringToClass@VMindRegionDef@@@@XZ 004ed310 f i wikiareapages.obj
 0002:00035350       ?getAreaType@MindAreaDef@@QAE?AVString@@XZ 004ed350 f i wikiareapages.obj
 0002:00035410       ?getAreaName@MindAreaDef@@QAE?AVString@@XZ 004ed410 f i wikiareapages.obj
 0002:000354d0       ?getCircuits@MindAreaDef@@QAEAAV?$MapStringToClass@VMindLocalCircuitDef@@@@XZ 004ed4d0 f i wikiareapages.obj
 0002:00035510       ?getTypeName@MindLocalCircuitConnectionDef@@QAE?AVString@@XZ 004ed510 f i wikiareapages.obj
 0002:000355d0       ?isPrimary@MindLocalCircuitConnectionDef@@QAE_NXZ 004ed5d0 f i wikiareapages.obj
 0002:00035610       ?getSrcRegion@MindLocalCircuitConnectionDef@@QAE?AVString@@XZ 004ed610 f i wikiareapages.obj
 0002:000356d0       ?getDstRegion@MindLocalCircuitConnectionDef@@QAE?AVString@@XZ 004ed6d0 f i wikiareapages.obj
 0002:00035790       ?getRegion@TargetRegionConnectorDef@@QAE?AVString@@XZ 004ed790 f i wikiareapages.obj
 0002:00035850       ?getAreaId@MindArea@@QAE?AVString@@XZ 004ed850 f i wikiareapages.obj
 0002:00035910       ?isTargetArea@MindArea@@QAE_NXZ 004ed910 f i wikiareapages.obj
 0002:00035950       ?getMindAreaDef@MindArea@@QAEPAVMindAreaDef@@XZ 004ed950 f i wikiareapages.obj
 0002:00035990       ?getRegionType@MindRegion@@QAEPAVMindRegionTypeDef@@XZ 004ed990 f i wikiareapages.obj
 0002:000359d0       ??0WikiCircuitPages@@QAE@PAVWikiMaker@@@Z 004ed9d0 f   wikicircuitpages.obj
 0002:00035a90       ?getClass@WikiCircuitPages@@UAEPBDXZ 004eda90 f i wikicircuitpages.obj
 0002:00035ad0       ??_GWikiCircuitPages@@UAEPAXI@Z 004edad0 f i wikicircuitpages.obj
 0002:00035ad0       ??_EWikiCircuitPages@@UAEPAXI@Z 004edad0 f i wikicircuitpages.obj
 0002:00035b40       ??1WikiCircuitPages@@UAE@XZ 004edb40 f   wikicircuitpages.obj
 0002:00035be0       ?execute@WikiCircuitPages@@QAEXXZ 004edbe0 f   wikicircuitpages.obj
 0002:00035e20       ?createCircuitPage@WikiCircuitPages@@AAEXVString@@0PAVMindGlobalCircuitDef@@@Z 004ede20 f   wikicircuitpages.obj
 0002:00036370       ?createCircuitPage_getHeading@WikiCircuitPages@@AAEXVString@@PAVMindGlobalCircuitDef@@AAVStringList@@@Z 004ee370 f   wikicircuitpages.obj
 0002:00036790       ?createCircuitPage_getLinkList@WikiCircuitPages@@AAEXPAVMindGlobalCircuitDef@@AAV?$MapStringToClass@VMindLocalCircuitConnectionDef@@@@@Z 004ee790 f   wikicircuitpages.obj
 0002:000369c0       ?createCircuitPage_getLinkSection@WikiCircuitPages@@AAEXPAVMindGlobalCircuitDef@@AAV?$MapStringToClass@VMindLocalCircuitConnectionDef@@@@AAVStringList@@@Z 004ee9c0 f   wikicircuitpages.obj
 0002:00036a80       ?createCircuitPage_getLinksRow@WikiCircuitPages@@AAEXPAVMindGlobalCircuitDef@@PAVMindLocalCircuitConnectionDef@@AAVStringList@@@Z 004eea80 f   wikicircuitpages.obj
 0002:00037030       ?createCircuitPage_getNodeList@WikiCircuitPages@@AAEXPAVMindGlobalCircuitDef@@AAV?$MapStringToClass@VMindRegion@@@@@Z 004ef030 f   wikicircuitpages.obj
 0002:000372d0       ?createCircuitPage_getNodeSection@WikiCircuitPages@@AAEXPAVMindGlobalCircuitDef@@AAV?$MapStringToClass@VMindRegion@@@@AAVStringList@@@Z 004ef2d0 f   wikicircuitpages.obj
 0002:00037390       ?createCircuitPage_getNodesRow@WikiCircuitPages@@AAEXPAVMindGlobalCircuitDef@@PAVMindRegion@@AAVStringList@@@Z 004ef390 f   wikicircuitpages.obj
 0002:000379d0       ?createCircuitPage_getDiagram@WikiCircuitPages@@AAEXPAVMindGlobalCircuitDef@@AAV?$MapStringToClass@VMindRegion@@@@AAV?$MapStringToClass@VMindLocalCircuitConnectionDef@@@@AAVStringList@@@Z 004ef9d0 f   wikicircuitpages.obj
 0002:00038650       ?count@?$ClassList@VMindGlobalCircuitDef@@@@QBEHXZ 004f0650 f i wikicircuitpages.obj
 0002:000386b0       ?get@?$ClassList@VMindGlobalCircuitDef@@@@QBEPAVMindGlobalCircuitDef@@H@Z 004f06b0 f i wikicircuitpages.obj
 0002:00038710       ?getMindGlobalCircuits@MindMap@@QAEAAV?$ClassList@VMindGlobalCircuitDef@@@@XZ 004f0710 f i wikicircuitpages.obj
 0002:00038750       ?getId@MindGlobalCircuitDef@@QAE?AVString@@XZ 004f0750 f i wikicircuitpages.obj
 0002:00038810       ?getName@MindGlobalCircuitDef@@QAE?AVString@@XZ 004f0810 f i wikicircuitpages.obj
 0002:000388d0       ?getConnections@MindGlobalCircuitDef@@QAEAAV?$ClassList@VMindLocalCircuitConnectionDef@@@@XZ 004f08d0 f i wikicircuitpages.obj
 0002:00038910       ??0WikiHierarchyPage@@QAE@PAVWikiMaker@@@Z 004f0910 f   wikihierarchypage.obj
 0002:000389d0       ?getClass@WikiHierarchyPage@@UAEPBDXZ 004f09d0 f i wikihierarchypage.obj
 0002:00038a10       ??_GWikiHierarchyPage@@UAEPAXI@Z 004f0a10 f i wikihierarchypage.obj
 0002:00038a10       ??_EWikiHierarchyPage@@UAEPAXI@Z 004f0a10 f i wikihierarchypage.obj
 0002:00038a80       ??1WikiHierarchyPage@@UAE@XZ 004f0a80 f   wikihierarchypage.obj
 0002:00038b20       ?execute@WikiHierarchyPage@@QAEXXZ 004f0b20 f   wikihierarchypage.obj
 0002:00038fa0       ?updateHierarchyPage_walkTree@WikiHierarchyPage@@AAEXVString@@HAAVStringList@@PAVMindArea@@PAVMindRegion@@@Z 004f0fa0 f   wikihierarchypage.obj
 0002:00039470       ?updateHierarchyPage_getArea@WikiHierarchyPage@@AAEPAVMindArea@@VString@@@Z 004f1470 f   wikihierarchypage.obj
 0002:000398b0       ?updateHierarchyPage_getRegion@WikiHierarchyPage@@AAEPAVMindRegion@@VString@@@Z 004f18b0 f   wikihierarchypage.obj
 0002:00039ce0       ?updateHierarchyPage_getElementString@WikiHierarchyPage@@AAE?AVString@@V2@PAVMindArea@@PAVMindRegion@@12@Z 004f1ce0 f   wikihierarchypage.obj
 0002:0003a850       ?updateHierarchyPage_walkNeocortex@WikiHierarchyPage@@AAEXVString@@00@Z 004f2850 f   wikihierarchypage.obj
 0002:0003abb0       ?updateHierarchyPage_getNeocortexLobeLines@WikiHierarchyPage@@AAEXVString@@AAVStringList@@@Z 004f2bb0 f   wikihierarchypage.obj
 0002:0003b360       ?updateHierarchyPage_getNeocortexBrodmannLine@WikiHierarchyPage@@AAE?AVString@@V2@0@Z 004f3360 f   wikihierarchypage.obj
 0002:0003b650       ?updateHierarchyPage_walkNeocortexBrodmannLine@WikiHierarchyPage@@AAEXVString@@0AAVStringList@@@Z 004f3650 f   wikihierarchypage.obj
 0002:0003bdd0       ?get@MapStringToString@@QAEPBDPBD@Z 004f3dd0 f i wikihierarchypage.obj
 0002:0003be80       ??0WikiMainPage@@QAE@PAVWikiMaker@@@Z 004f3e80 f   wikimainpage.obj
 0002:0003bf40       ?getClass@WikiMainPage@@UAEPBDXZ 004f3f40 f i wikimainpage.obj
 0002:0003bf80       ??_GWikiMainPage@@UAEPAXI@Z 004f3f80 f i wikimainpage.obj
 0002:0003bf80       ??_EWikiMainPage@@UAEPAXI@Z 004f3f80 f i wikimainpage.obj
 0002:0003bff0       ??1WikiMainPage@@UAE@XZ    004f3ff0 f   wikimainpage.obj
 0002:0003c090       ?execute@WikiMainPage@@QAEXXZ 004f4090 f   wikimainpage.obj
 0002:0003c6a0       ??0?$MapStringToClass@VMindGlobalCircuitDef@@@@QAE@XZ 004f46a0 f i wikimainpage.obj
 0002:0003c700       ??1?$MapStringToClass@VMindGlobalCircuitDef@@@@QAE@XZ 004f4700 f i wikimainpage.obj
 0002:0003c760       ?add@?$MapStringToClass@VMindGlobalCircuitDef@@@@QAEHPBDPAVMindGlobalCircuitDef@@@Z 004f4760 f i wikimainpage.obj
 0002:0003c970       ?count@?$MapStringToClass@VMindGlobalCircuitDef@@@@QAEHXZ 004f4970 f i wikimainpage.obj
 0002:0003c9d0       ?getClassByIndex@?$MapStringToClass@VMindGlobalCircuitDef@@@@QAEPAVMindGlobalCircuitDef@@H@Z 004f49d0 f i wikimainpage.obj
 0002:0003ca90       ??0WikiMaker@@QAE@VXml@@@Z 004f4a90 f   wikimaker.obj
 0002:0003cbb0       ?getClass@WikiMaker@@UAEPBDXZ 004f4bb0 f i wikimaker.obj
 0002:0003cbf0       ??_GWikiMaker@@UAEPAXI@Z   004f4bf0 f i wikimaker.obj
 0002:0003cbf0       ??_EWikiMaker@@UAEPAXI@Z   004f4bf0 f i wikimaker.obj
 0002:0003cc60       ??1WikiMaker@@UAE@XZ       004f4c60 f   wikimaker.obj
 0002:0003cd50       ?createPages@WikiMaker@@QAEXXZ 004f4d50 f   wikimaker.obj
 0002:0003ce10       ?createSpinalCordPage@WikiMaker@@AAEXXZ 004f4e10 f   wikimaker.obj
 0002:0003cf00       ?createTractsPages@WikiMaker@@AAEXXZ 004f4f00 f   wikimaker.obj
 0002:0003cff0       ?createPeripheralPage@WikiMaker@@AAEXXZ 004f4ff0 f   wikimaker.obj
 0002:0003d150       ?createMainPage@WikiMaker@@AAEXXZ 004f5150 f   wikimaker.obj
 0002:0003d240       ?createCircuitPages@WikiMaker@@AAEXXZ 004f5240 f   wikimaker.obj
 0002:0003d330       ?updateHierarchyPage@WikiMaker@@AAEXXZ 004f5330 f   wikimaker.obj
 0002:0003d420       ?createAreaPages@WikiMaker@@AAEXXZ 004f5420 f   wikimaker.obj
 0002:0003d510       ?createNervePages@WikiMaker@@AAEXXZ 004f5510 f   wikimaker.obj
 0002:0003d640       ?createMusclePages@WikiMaker@@AAEXXZ 004f5640 f   wikimaker.obj
 0002:0003d770       ?updateFileSection@WikiMaker@@QAEXVString@@00AAVStringList@@@Z 004f5770 f   wikimaker.obj
 0002:0003e990       ?updateFileHeading@WikiMaker@@QAEXVString@@0AAVStringList@@@Z 004f6990 f   wikimaker.obj
 0002:0003f490       ?createFileContent@WikiMaker@@QAEXVString@@AAVStringList@@@Z 004f7490 f   wikimaker.obj
 0002:0003f880       ?setSpecialCharacters@WikiMaker@@QAE?AVString@@V2@@Z 004f7880 f   wikimaker.obj
 0002:0003fa10       ?findReference@WikiMaker@@QAE?AVString@@PAVMindRegionLink@@@Z 004f7a10 f   wikimaker.obj
 0002:0003fb50       ?findReference@WikiMaker@@QAE?AVString@@PAVMindLocalCircuitConnectionDef@@@Z 004f7b50 f   wikimaker.obj
 0002:0003fc80       ?findReference@WikiMaker@@QAE?AVString@@V2@0@Z 004f7c80 f   wikimaker.obj
 0002:000405d0       ?getAreaPage@WikiMaker@@QAE?AVString@@V2@@Z 004f85d0 f   wikimaker.obj
 0002:000406e0       ?getRegionPage@WikiMaker@@QAE?AVString@@V2@@Z 004f86e0 f   wikimaker.obj
 0002:00040840       ?ensureFileExists@WikiMaker@@QAEXVString@@0AAVStringList@@@Z 004f8840 f   wikimaker.obj
 0002:00040bd0       ?getRegionReference@WikiMaker@@QAE?AVString@@V2@@Z 004f8bd0 f   wikimaker.obj
 0002:00040e50       ?getComponentReferenceInfo@WikiMaker@@QAEABVXmlHMindElementInfo@@VString@@@Z 004f8e50 f   wikimaker.obj
 0002:00041090       ?getAvailableReference@WikiMaker@@QAE?AVString@@V2@@Z 004f9090 f   wikimaker.obj
 0002:00041690       ?getComponentReference@WikiMaker@@QAE?AVString@@V2@@Z 004f9690 f   wikimaker.obj
 0002:00042210       ?getMuscleReference@WikiMaker@@QAE?AVString@@V2@0@Z 004fa210 f   wikimaker.obj
 0002:00042520       ?getAreaReference@WikiMaker@@QAE?AVString@@V2@@Z 004fa520 f   wikimaker.obj
 0002:000427a0       ?getDotColor@WikiMaker@@QAE?AVString@@V2@@Z 004fa7a0 f   wikimaker.obj
 0002:00042a20       ?getLinkProps@WikiMaker@@QAE?AVString@@PAVMindConnectionLinkTypeDef@@@Z 004faa20 f   wikimaker.obj
 0002:00042ca0       ?clearRepeats1@WikiMaker@@QAEXAAVString@@@Z 004faca0 f   wikimaker.obj
[...]
 0005:000005c8       __imp__HeapFree@12         006715c8     kernel32:KERNEL32.dll
 0005:000005cc       __imp__HeapAlloc@12        006715cc     kernel32:KERNEL32.dll
 0005:000005d0       __imp__GetProcessHeap@0    006715d0     kernel32:KERNEL32.dll
 0005:000005d4       __imp__GetModuleFileNameW@12 006715d4     kernel32:KERNEL32.dll
 0005:000005d8       __imp__VirtualQuery@12     006715d8     kernel32:KERNEL32.dll
 0005:000005dc       __imp__GetModuleHandleW@4  006715dc     kernel32:KERNEL32.dll
 0005:000005e0       __imp__FreeLibrary@4       006715e0     kernel32:KERNEL32.dll
 0005:000005e4       __imp__WaitForSingleObject@8 006715e4     kernel32:KERNEL32.dll
 0005:000005e8       __imp__ReleaseSemaphore@12 006715e8     kernel32:KERNEL32.dll
 0005:000005ec       __imp__CreateSemaphoreA@16 006715ec     kernel32:KERNEL32.dll
 0005:000005f0       __imp__CloseHandle@4       006715f0     kernel32:KERNEL32.dll
 0005:000005f4       __imp__CancelIoEx@8        006715f4     kernel32:KERNEL32.dll
 0005:000005f8       __imp__CreateEventA@16     006715f8     kernel32:KERNEL32.dll
 0005:000005fc       __imp__SetEvent@4          006715fc     kernel32:KERNEL32.dll
 0005:00000600       __imp__ResetEvent@4        00671600     kernel32:KERNEL32.dll
 0005:00000604       __imp__CreateMutexA@12     00671604     kernel32:KERNEL32.dll
 0005:00000608       __imp__ReleaseMutex@4      00671608     kernel32:KERNEL32.dll
 0005:0000060c       __imp__TlsAlloc@0          0067160c     kernel32:KERNEL32.dll
 0005:00000610       __imp__TlsSetValue@8       00671610     kernel32:KERNEL32.dll
 0005:00000614       __imp__TlsGetValue@4       00671614     kernel32:KERNEL32.dll
 0005:00000618       __imp__InterlockedIncrement@4 00671618     kernel32:KERNEL32.dll
 0005:0000061c       __imp__OpenThread@12       0067161c     kernel32:KERNEL32.dll
 0005:00000620       __imp__SuspendThread@4     00671620     kernel32:KERNEL32.dll
 0005:00000624       __imp__ResumeThread@4      00671624     kernel32:KERNEL32.dll
 0005:00000628       __imp__LoadLibraryA@4      00671628     kernel32:KERNEL32.dll
 0005:0000062c       __imp__GetComputerNameA@8  0067162c     kernel32:KERNEL32.dll
 0005:00000630       __imp__GetSystemTimes@12   00671630     kernel32:KERNEL32.dll
 0005:00000634       __imp__GetModuleHandleA@4  00671634     kernel32:KERNEL32.dll
 0005:00000638       __imp__GetModuleFileNameA@12 00671638     kernel32:KERNEL32.dll
 0005:0000063c       __imp__WaitForMultipleObjectsEx@20 0067163c     kernel32:KERNEL32.dll
 0005:00000640       __imp__FindFirstFileA@8    00671640     kernel32:KERNEL32.dll
 0005:00000644       __imp__FindClose@4         00671644     kernel32:KERNEL32.dll
 0005:00000648       __imp__EncodePointer@4     00671648     kernel32:KERNEL32.dll
 0005:0000064c       \177KERNEL32_NULL_THUNK_DATA 0067164c     kernel32:KERNEL32.dll
 0005:000006a4       __imp_?peek@?$basic_istream@DU?$char_traits@D@std@@@std@@QAEHXZ 006716a4     msvcprtd:MSVCP100D.dll
 0005:000006a8       __imp_?get@?$basic_istream@DU?$char_traits@D@std@@@std@@QAEHXZ 006716a8     msvcprtd:MSVCP100D.dll
 0005:000006ac       __imp_?uncaught_exception@std@@YA_NXZ 006716ac     msvcprtd:MSVCP100D.dll
 0005:000006b0       __imp_?_Osfx@?$basic_ostream@DU?$char_traits@D@std@@@std@@QAEXXZ 006716b0     msvcprtd:MSVCP100D.dll
 0005:000006b4       __imp_?good@ios_base@std@@QBE_NXZ 006716b4     msvcprtd:MSVCP100D.dll
 0005:000006b8       __imp_?tie@?$basic_ios@DU?$char_traits@D@std@@@std@@QBEPAV?$basic_ostream@DU?$char_traits@D@std@@@2@XZ 006716b8     msvcprtd:MSVCP100D.dll
 0005:000006bc       __imp_?flush@?$basic_ostream@DU?$char_traits@D@std@@@std@@QAEAAV12@XZ 006716bc     msvcprtd:MSVCP100D.dll
 0005:000006c0       __imp_?width@ios_base@std@@QBE_JXZ 006716c0     msvcprtd:MSVCP100D.dll
 0005:000006c4       __imp_?flags@ios_base@std@@QBEHXZ 006716c4     msvcprtd:MSVCP100D.dll
 0005:000006c8       __imp_?fill@?$basic_ios@DU?$char_traits@D@std@@@std@@QBEDXZ 006716c8     msvcprtd:MSVCP100D.dll
 0005:000006cc       __imp_?rdbuf@?$basic_ios@DU?$char_traits@D@std@@@std@@QBEPAV?$basic_streambuf@DU?$char_traits@D@std@@@2@XZ 006716cc     msvcprtd:MSVCP100D.dll
 0005:000006d0       __imp_?sputc@?$basic_streambuf@DU?$char_traits@D@std@@@std@@QAEHD@Z 006716d0     msvcprtd:MSVCP100D.dll
 0005:000006d4       __imp_?sputn@?$basic_streambuf@DU?$char_traits@D@std@@@std@@QAE_JPBD_J@Z 006716d4     msvcprtd:MSVCP100D.dll
 0005:000006d8       __imp_?width@ios_base@std@@QAE_J_J@Z 006716d8     msvcprtd:MSVCP100D.dll
 0005:000006dc       __imp_?setstate@?$basic_ios@DU?$char_traits@D@std@@@std@@QAEXH_N@Z 006716dc     msvcprtd:MSVCP100D.dll
 0005:000006e0       __imp_??0?$basic_streambuf@DU?$char_traits@D@std@@@std@@IAE@XZ 006716e0     msvcprtd:MSVCP100D.dll
 0005:000006e4       __imp_?_BADOFF@std@@3_JB   006716e4     msvcprtd:MSVCP100D.dll
 0005:000006e8       __imp_?pbump@?$basic_streambuf@DU?$char_traits@D@std@@@std@@IAEXH@Z 006716e8     msvcprtd:MSVCP100D.dll
 0005:000006ec       __imp_?egptr@?$basic_streambuf@DU?$char_traits@D@std@@@std@@IBEPADXZ 006716ec     msvcprtd:MSVCP100D.dll
 0005:000006f0       __imp_?gbump@?$basic_streambuf@DU?$char_traits@D@std@@@std@@IAEXH@Z 006716f0     msvcprtd:MSVCP100D.dll
 0005:000006f4       __imp_?pptr@?$basic_streambuf@DU?$char_traits@D@std@@@std@@IBEPADXZ 006716f4     msvcprtd:MSVCP100D.dll
 0005:000006f8       __imp_?epptr@?$basic_streambuf@DU?$char_traits@D@std@@@std@@IBEPADXZ 006716f8     msvcprtd:MSVCP100D.dll
 0005:000006fc       __imp_?pbase@?$basic_streambuf@DU?$char_traits@D@std@@@std@@IBEPADXZ 006716fc     msvcprtd:MSVCP100D.dll
 0005:00000700       __imp_?setp@?$basic_streambuf@DU?$char_traits@D@std@@@std@@IAEXPAD00@Z 00671700     msvcprtd:MSVCP100D.dll
 0005:00000704       __imp_?_Pninc@?$basic_streambuf@DU?$char_traits@D@std@@@std@@IAEPADXZ 00671704     msvcprtd:MSVCP100D.dll
 0005:00000708       __imp_?eback@?$basic_streambuf@DU?$char_traits@D@std@@@std@@IBEPADXZ 00671708     msvcprtd:MSVCP100D.dll
 0005:0000070c       __imp_?setp@?$basic_streambuf@DU?$char_traits@D@std@@@std@@IAEXPAD0@Z 0067170c     msvcprtd:MSVCP100D.dll
 0005:00000710       __imp_?setg@?$basic_streambuf@DU?$char_traits@D@std@@@std@@IAEXPAD00@Z 00671710     msvcprtd:MSVCP100D.dll
 0005:00000714       __imp_?gptr@?$basic_streambuf@DU?$char_traits@D@std@@@std@@IBEPADXZ 00671714     msvcprtd:MSVCP100D.dll
 0005:00000718       __imp_?imbue@?$basic_streambuf@DU?$char_traits@D@std@@@std@@MAEXABVlocale@2@@Z 00671718     msvcprtd:MSVCP100D.dll
 0005:0000071c       __imp_?sync@?$basic_streambuf@DU?$char_traits@D@std@@@std@@MAEHXZ 0067171c     msvcprtd:MSVCP100D.dll
 0005:00000720       __imp_?setbuf@?$basic_streambuf@DU?$char_traits@D@std@@@std@@MAEPAV12@PAD_J@Z 00671720     msvcprtd:MSVCP100D.dll
 0005:00000724       __imp_?xsputn@?$basic_streambuf@DU?$char_traits@D@std@@@std@@MAE_JPBD_J@Z 00671724     msvcprtd:MSVCP100D.dll
 0005:00000728       __imp_?xsgetn@?$basic_streambuf@DU?$char_traits@D@std@@@std@@MAE_JPAD_J@Z 00671728     msvcprtd:MSVCP100D.dll
 0005:0000072c       __imp_?uflow@?$basic_streambuf@DU?$char_traits@D@std@@@std@@MAEHXZ 0067172c     msvcprtd:MSVCP100D.dll
 0005:00000730       __imp_?showmanyc@?$basic_streambuf@DU?$char_traits@D@std@@@std@@MAE_JXZ 00671730     msvcprtd:MSVCP100D.dll
 0005:00000734       __imp_?_Unlock@?$basic_streambuf@DU?$char_traits@D@std@@@std@@UAEXXZ 00671734     msvcprtd:MSVCP100D.dll
 0005:00000738       __imp_?_Lock@?$basic_streambuf@DU?$char_traits@D@std@@@std@@UAEXXZ 00671738     msvcprtd:MSVCP100D.dll
 0005:0000073c       __imp_??1?$basic_streambuf@DU?$char_traits@D@std@@@std@@UAE@XZ 0067173c     msvcprtd:MSVCP100D.dll
 0005:00000740       __imp_??0?$basic_ios@DU?$char_traits@D@std@@@std@@IAE@XZ 00671740     msvcprtd:MSVCP100D.dll
 0005:00000744       __imp_??0?$basic_ostream@DU?$char_traits@D@std@@@std@@QAE@PAV?$basic_streambuf@DU?$char_traits@D@std@@@1@_N@Z 00671744     msvcprtd:MSVCP100D.dll
 0005:00000748       __imp_??1?$basic_ostream@DU?$char_traits@D@std@@@std@@UAE@XZ 00671748     msvcprtd:MSVCP100D.dll
 0005:0000074c       __imp_??1?$basic_ios@DU?$char_traits@D@std@@@std@@UAE@XZ 0067174c     msvcprtd:MSVCP100D.dll
 0005:00000750       __imp_??6?$basic_ostream@DU?$char_traits@D@std@@@std@@QAEAAV01@H@Z 00671750     msvcprtd:MSVCP100D.dll
 0005:00000754       __imp_?_Debug_message@std@@YAXPB_W0I@Z 00671754     msvcprtd:MSVCP100D.dll
 0005:00000758       __imp_?_Xlength_error@std@@YAXPBD@Z 00671758     msvcprtd:MSVCP100D.dll
 0005:0000075c       __imp_?_Xout_of_range@std@@YAXPBD@Z 0067175c     msvcprtd:MSVCP100D.dll
 0005:00000760       __imp_?_Orphan_all@_Container_base12@std@@QAEXXZ 00671760     msvcprtd:MSVCP100D.dll
 0005:00000764       __imp_??0_Container_base12@std@@QAE@XZ 00671764     msvcprtd:MSVCP100D.dll
 0005:00000768       __imp_??1_Container_base12@std@@QAE@XZ 00671768     msvcprtd:MSVCP100D.dll
 0005:0000076c       \177MSVCP100D_NULL_THUNK_DATA 0067176c     msvcprtd:MSVCP100D.dll
 0005:000007c0       __imp__fopen_s             006717c0     MSVCRTD:MSVCR100D.dll
 0005:000007c4       __imp___wassert            006717c4     MSVCRTD:MSVCR100D.dll
 0005:000007c8       __imp_??_V@YAXPAX@Z        006717c8     MSVCRTD:MSVCR100D.dll
 0005:000007cc       __imp__fread               006717cc     MSVCRTD:MSVCR100D.dll
 0005:000007d0       __imp__ftell               006717d0     MSVCRTD:MSVCR100D.dll
 0005:000007d4       __imp__fseek               006717d4     MSVCRTD:MSVCR100D.dll
 0005:000007d8       __imp__ferror              006717d8     MSVCRTD:MSVCR100D.dll
 0005:000007dc       __imp__fputc               006717dc     MSVCRTD:MSVCR100D.dll
 0005:000007e0       __imp__sscanf_s            006717e0     MSVCRTD:MSVCR100D.dll
 0005:000007e4       __imp__memchr              006717e4     MSVCRTD:MSVCR100D.dll
 0005:000007e8       __imp__isspace             006717e8     MSVCRTD:MSVCR100D.dll
 0005:000007ec       __imp__isalpha             006717ec     MSVCRTD:MSVCR100D.dll
 0005:000007f0       __imp__isalnum             006717f0     MSVCRTD:MSVCR100D.dll
 0005:000007f4       __imp__tolower             006717f4     MSVCRTD:MSVCR100D.dll
 0005:000007f8       __imp__fflush              006717f8     MSVCRTD:MSVCR100D.dll
 0005:000007fc       __imp___ftime64_s          006717fc     MSVCRTD:MSVCR100D.dll
 0005:00000800       __imp___CRT_RTC_INITW      00671800     MSVCRTD:MSVCR100D.dll
 0005:00000804       __imp___configthreadlocale 00671804     MSVCRTD:MSVCR100D.dll
 0005:00000808       __imp____setusermatherr    00671808     MSVCRTD:MSVCR100D.dll
 0005:0000080c       __imp___commode            0067180c     MSVCRTD:MSVCR100D.dll
 0005:00000810       __imp___fmode              00671810     MSVCRTD:MSVCR100D.dll
 0005:00000814       __imp____set_app_type      00671814     MSVCRTD:MSVCR100D.dll
 0005:00000818       __imp___amsg_exit          00671818     MSVCRTD:MSVCR100D.dll
 0005:0000081c       __imp____getmainargs       0067181c     MSVCRTD:MSVCR100D.dll
 0005:00000820       __imp___exit               00671820     MSVCRTD:MSVCR100D.dll
 0005:00000824       __imp___XcptFilter         00671824     MSVCRTD:MSVCR100D.dll
 0005:00000828       __imp___cexit              00671828     MSVCRTD:MSVCR100D.dll
 0005:0000082c       __imp__exit                0067182c     MSVCRTD:MSVCR100D.dll
 0005:00000830       __imp____initenv           00671830     MSVCRTD:MSVCR100D.dll
 0005:00000834       __imp___CrtSetCheckCount   00671834     MSVCRTD:MSVCR100D.dll
 0005:00000838       __imp___CrtDbgReportW      00671838     MSVCRTD:MSVCR100D.dll
 0005:0000083c       __imp___initterm           0067183c     MSVCRTD:MSVCR100D.dll
 0005:00000840       __imp___initterm_e         00671840     MSVCRTD:MSVCR100D.dll
 0005:00000844       __imp___crt_debugger_hook  00671844     MSVCRTD:MSVCR100D.dll
 0005:00000848       __imp_?terminate@@YAXXZ    00671848     MSVCRTD:MSVCR100D.dll
 0005:0000084c       __imp_?_type_info_dtor_internal_method@type_info@@QAEXXZ 0067184c     MSVCRTD:MSVCR100D.dll
 0005:00000850       __imp___controlfp_s        00671850     MSVCRTD:MSVCR100D.dll
 0005:00000854       __imp___invoke_watson      00671854     MSVCRTD:MSVCR100D.dll
 0005:00000858       __imp___unlock             00671858     MSVCRTD:MSVCR100D.dll
 0005:0000085c       __imp____dllonexit         0067185c     MSVCRTD:MSVCR100D.dll
 0005:00000860       __imp___lock               00671860     MSVCRTD:MSVCR100D.dll
 0005:00000864       __imp___onexit             00671864     MSVCRTD:MSVCR100D.dll
 0005:00000868       __imp___except_handler4_common 00671868     MSVCRTD:MSVCR100D.dll
 0005:0000086c       __imp___wmakepath_s        0067186c     MSVCRTD:MSVCR100D.dll
 0005:00000870       __imp__wcscpy_s            00671870     MSVCRTD:MSVCR100D.dll
 0005:00000874       __imp___wsplitpath_s       00671874     MSVCRTD:MSVCR100D.dll
 0005:00000878       __imp__strcspn             00671878     MSVCRTD:MSVCR100D.dll
 0005:0000087c       __imp__strpbrk             0067187c     MSVCRTD:MSVCR100D.dll
 0005:00000880       __imp__strncpy             00671880     MSVCRTD:MSVCR100D.dll
 0005:00000884       __imp____iob_func          00671884     MSVCRTD:MSVCR100D.dll
 0005:00000888       __imp__fprintf             00671888     MSVCRTD:MSVCR100D.dll
 0005:0000088c       __imp__clock               0067188c     MSVCRTD:MSVCR100D.dll
 0005:00000890       __imp_?_set_se_translator@@YAP6AXIPAU_EXCEPTION_POINTERS@@@ZP6AXI0@Z@Z 00671890     MSVCRTD:MSVCR100D.dll
 0005:00000894       __imp__strspn              00671894     MSVCRTD:MSVCR100D.dll
 0005:00000898       __imp__isxdigit            00671898     MSVCRTD:MSVCR100D.dll
 0005:0000089c       __imp___strlwr             0067189c     MSVCRTD:MSVCR100D.dll
 0005:000008a0       __imp___strupr             006718a0     MSVCRTD:MSVCR100D.dll
 0005:000008a4       __imp__strrchr             006718a4     MSVCRTD:MSVCR100D.dll
 0005:000008a8       __imp__strstr              006718a8     MSVCRTD:MSVCR100D.dll
 0005:000008ac       __imp_?what@exception@std@@UBEPBDXZ 006718ac     MSVCRTD:MSVCR100D.dll
 0005:000008b0       __imp_??0exception@std@@QAE@ABQBD@Z 006718b0     MSVCRTD:MSVCR100D.dll
 0005:000008b4       __imp_??1exception@std@@UAE@XZ 006718b4     MSVCRTD:MSVCR100D.dll
 0005:000008b8       __imp_??0exception@std@@QAE@ABV01@@Z 006718b8     MSVCRTD:MSVCR100D.dll
 0005:000008bc       __imp__strchr              006718bc     MSVCRTD:MSVCR100D.dll
 0005:000008c0       __imp__log                 006718c0     MSVCRTD:MSVCR100D.dll
 0005:000008c4       __imp__sqrt                006718c4     MSVCRTD:MSVCR100D.dll
 0005:000008c8       __imp__memcmp              006718c8     MSVCRTD:MSVCR100D.dll
 0005:000008cc       __imp___time64             006718cc     MSVCRTD:MSVCR100D.dll
 0005:000008d0       __imp___localtime64_s      006718d0     MSVCRTD:MSVCR100D.dll
 0005:000008d4       __imp__strcat              006718d4     MSVCRTD:MSVCR100D.dll
 0005:000008d8       __imp__sscanf              006718d8     MSVCRTD:MSVCR100D.dll
 0005:000008dc       __imp__atof                006718dc     MSVCRTD:MSVCR100D.dll
 0005:000008e0       __imp__modf                006718e0     MSVCRTD:MSVCR100D.dll
 0005:000008e4       __imp__strcpy              006718e4     MSVCRTD:MSVCR100D.dll
 0005:000008e8       __imp__atoi                006718e8     MSVCRTD:MSVCR100D.dll
 0005:000008ec       __imp__isdigit             006718ec     MSVCRTD:MSVCR100D.dll
 0005:000008f0       __imp__strncmp             006718f0     MSVCRTD:MSVCR100D.dll
 0005:000008f4       __imp_??3@YAXPAX@Z         006718f4     MSVCRTD:MSVCR100D.dll
 0005:000008f8       __imp_??2@YAPAXI@Z         006718f8     MSVCRTD:MSVCR100D.dll
 0005:000008fc       __imp____CxxFrameHandler3  006718fc     MSVCRTD:MSVCR100D.dll
 0005:00000900       __imp__printf              00671900     MSVCRTD:MSVCR100D.dll
 0005:00000904       __imp___CxxThrowException@8 00671904     MSVCRTD:MSVCR100D.dll
 0005:00000908       __imp___purecall           00671908     MSVCRTD:MSVCR100D.dll
 0005:0000090c       __imp__free                0067190c     MSVCRTD:MSVCR100D.dll
 0005:00000910       __imp__sprintf             00671910     MSVCRTD:MSVCR100D.dll
 0005:00000914       __imp___strdup             00671914     MSVCRTD:MSVCR100D.dll
 0005:00000918       __imp__rename              00671918     MSVCRTD:MSVCR100D.dll
 0005:0000091c       __imp__fclose              0067191c     MSVCRTD:MSVCR100D.dll
 0005:00000920       __imp__fputs               00671920     MSVCRTD:MSVCR100D.dll
 0005:00000924       __imp__fgets               00671924     MSVCRTD:MSVCR100D.dll
 0005:00000928       __imp__feof                00671928     MSVCRTD:MSVCR100D.dll
 0005:0000092c       __imp__remove              0067192c     MSVCRTD:MSVCR100D.dll
 0005:00000930       __imp__fopen               00671930     MSVCRTD:MSVCR100D.dll
 0005:00000934       __imp__memset              00671934     MSVCRTD:MSVCR100D.dll
 0005:00000938       __imp__realloc             00671938     MSVCRTD:MSVCR100D.dll
 0005:0000093c       __imp__calloc              0067193c     MSVCRTD:MSVCR100D.dll
 0005:00000940       __imp__memmove             00671940     MSVCRTD:MSVCR100D.dll
 0005:00000944       __imp__signal              00671944     MSVCRTD:MSVCR100D.dll
 0005:00000948       __imp___beginthreadex      00671948     MSVCRTD:MSVCR100D.dll
 0005:0000094c       __imp___endthreadex        0067194c     MSVCRTD:MSVCR100D.dll
 0005:00000950       __imp__qsort               00671950     MSVCRTD:MSVCR100D.dll
 0005:00000954       __imp__getc                00671954     MSVCRTD:MSVCR100D.dll
 0005:00000958       __imp__vsprintf            00671958     MSVCRTD:MSVCR100D.dll
 0005:0000095c       __imp__strlen              0067195c     MSVCRTD:MSVCR100D.dll
 0005:00000960       __imp__memcpy              00671960     MSVCRTD:MSVCR100D.dll
 0005:00000964       __imp__malloc              00671964     MSVCRTD:MSVCR100D.dll
 0005:00000968       __imp__strcmp              00671968     MSVCRTD:MSVCR100D.dll
 0005:0000096c       __imp___vsnprintf_s        0067196c     MSVCRTD:MSVCR100D.dll
 0005:00000970       \177MSVCR100D_NULL_THUNK_DATA 00671970     MSVCRTD:MSVCR100D.dll
 0005:000009f0       __imp__accept@12           006719f0     Ws2_32:WS2_32.dll
 0005:000009f4       __imp__ntohs@4             006719f4     Ws2_32:WS2_32.dll
 0005:000009f8       __imp__bind@12             006719f8     Ws2_32:WS2_32.dll
 0005:000009fc       __imp__setsockopt@20       006719fc     Ws2_32:WS2_32.dll
 0005:00000a00       __imp__listen@8            00671a00     Ws2_32:WS2_32.dll
 0005:00000a04       __imp__send@16             00671a04     Ws2_32:WS2_32.dll
 0005:00000a08       __imp__recv@16             00671a08     Ws2_32:WS2_32.dll
 0005:00000a0c       __imp__select@20           00671a0c     Ws2_32:WS2_32.dll
 0005:00000a10       __imp__shutdown@8          00671a10     Ws2_32:WS2_32.dll
 0005:00000a14       __imp__closesocket@4       00671a14     Ws2_32:WS2_32.dll
 0005:00000a18       __imp__htons@4             00671a18     Ws2_32:WS2_32.dll
 0005:00000a1c       __imp__inet_addr@4         00671a1c     Ws2_32:WS2_32.dll
 0005:00000a20       __imp__gethostbyname@4     00671a20     Ws2_32:WS2_32.dll
 0005:00000a24       __imp__socket@12           00671a24     Ws2_32:WS2_32.dll
 0005:00000a28       __imp__connect@12          00671a28     Ws2_32:WS2_32.dll
 0005:00000a2c       __imp__WSAGetLastError@0   00671a2c     Ws2_32:WS2_32.dll
 0005:00000a30       __imp__ioctlsocket@12      00671a30     Ws2_32:WS2_32.dll
 0005:00000a34       __imp__WSACleanup@0        00671a34     Ws2_32:WS2_32.dll
 0005:00000a38       __imp__WSAStartup@8        00671a38     Ws2_32:WS2_32.dll
 0005:00000a3c       \177WS2_32_NULL_THUNK_DATA 00671a3c     Ws2_32:WS2_32.dll

 entry point at        0002:00000f0f

