 ahuman

 Timestamp is 555799eb (Sat May 16 22:26:35 2015)

 Preferred load address is 00400000

 Start         Length     Name                   Class
 0001:00000000 000b77ebH .textbss                DATA
 0002:00000000 0014d998H .text                   CODE
 0002:0014d9a0 0002d8adH .text$x                 CODE
 0003:00000000 00000104H .CRT$XCA                DATA
 0003:00000104 00000104H .CRT$XCAA               DATA
 0003:00000208 00000104H .CRT$XCZ                DATA
 0003:0000030c 00000104H .CRT$XIA                DATA
 0003:00000410 00000104H .CRT$XIAA               DATA
 0003:00000514 00000104H .CRT$XIC                DATA
 0003:00000618 00000104H .CRT$XIY                DATA
 0003:0000071c 00000104H .CRT$XIZ                DATA
 0003:00000820 00011d9bH .rdata                  DATA
 0003:000125bc 0000016aH .rdata$debug            DATA
 0003:00012728 00004240H .rdata$r                DATA
 0003:00016968 00000104H .rtc$IAA                DATA
 0003:00016a6c 000004c0H .rtc$IMZ                DATA
 0003:00016f2c 00000104H .rtc$IZZ                DATA
 0003:00017030 00000104H .rtc$TAA                DATA
 0003:00017134 000004c0H .rtc$TMZ                DATA
 0003:000175f4 00000104H .rtc$TZZ                DATA
 0003:000176f8 0002491fH .xdata$x                DATA
 0003:0003c017 00000000H .edata                  DATA
 0004:00000000 00002303H .data                   DATA
 0004:00002308 000004e8H .bss                    DATA
 0005:00000000 00000050H .idata$2                DATA
 0005:00000050 00000014H .idata$3                DATA
 0005:00000064 00000508H .idata$4                DATA
 0005:0000056c 00000508H .idata$5                DATA
 0005:00000a74 000018bcH .idata$6                DATA
 0006:00000000 00000169H .rsrc$01                DATA
 0006:00000170 000002e9H .rsrc$02                DATA

  Address         Publics by Value              Rva+Base       Lib:Object

 0000:00000000       __except_list              00000000     <absolute>
 0000:00000000       ___safe_se_handler_count   00000000     <absolute>
 0000:00000000       ___safe_se_handler_table   00000000     <absolute>
 0000:00009876       __ldused                   00009876     <absolute>
 0000:00009876       __fltused                  00009876     <absolute>
 0000:00000000       ___ImageBase               00400000     <linker-defined>
 0001:00000000       __enc$textbss$begin        00401000     <linker-defined>
 0001:000b77eb       __enc$textbss$end          004b87eb     <linker-defined>
 0002:0000a700       ?createEndocrine@AHumanTarget@@AAEPAVMindEffector@@PAVEffectorArea@@@Z 004c3700 f   actuator-endocrine.obj
 0002:0000a7c0       ?getLinks@NeuroLinkTarget@@QAEAAV?$ClassList@VNeuroLink@@@@XZ 004c37c0 f i modelverifier_mind.obj
 0002:0000a7f0       ??0EffectorEndocrine@@QAE@PAVEffectorArea@@@Z 004c37f0 f   actuator-endocrine.obj
 0002:0000a8c0       ?getClass@EffectorEndocrine@@UAEPBDXZ 004c38c0 f i actuator-endocrine.obj
 0002:0000a900       ?startEffector@EffectorEndocrine@@UAEXXZ 004c3900 f i actuator-endocrine.obj
 0002:0000a940       ?stopEffector@EffectorEndocrine@@UAEXXZ 004c3940 f i actuator-endocrine.obj
 0002:0000a980       ?processEffectorControl@EffectorEndocrine@@UAEXPAVNeuroLink@@PAVNeuroSignal@@@Z 004c3980 f i actuator-endocrine.obj
 0002:0000a9c0       ??_GEffectorEndocrine@@UAEPAXI@Z 004c39c0 f i actuator-endocrine.obj
 0002:0000a9c0       ??_EEffectorEndocrine@@UAEPAXI@Z 004c39c0 f i actuator-endocrine.obj
 0002:0000aa30       ??1MindEffector@@UAE@XZ    004c3a30 f i actuator-endocrine.obj
 0002:0000aae0       ??1EffectorEndocrine@@UAE@XZ 004c3ae0 f   actuator-endocrine.obj
 0002:0000ab80       ?configureEffector@EffectorEndocrine@@UAEXVXml@@@Z 004c3b80 f   actuator-endocrine.obj
 0002:0000abd0       ?createEffector@EffectorEndocrine@@UAEXPAVMindRegionCreateInfo@@@Z 004c3bd0 f   actuator-endocrine.obj
 0002:0000acc0       ?createSourceConnector@EffectorEndocrine@@AAEXPAVMindRegionCreateInfo@@PAVMindRegionConnectorDef@@@Z 004c3cc0 f   actuator-endocrine.obj
 0002:0000ae10       ?createTargetConnector@EffectorEndocrine@@AAEXPAVMindRegionCreateInfo@@PAVMindRegionConnectorDef@@@Z 004c3e10 f   actuator-endocrine.obj
 0002:0000af60       ?sourceHandler@EffectorEndocrine@@AAEPAVNeuroSignal@@PAVNeuroLink@@PAVNeuroLinkSource@@@Z 004c3f60 f   actuator-endocrine.obj
 0002:0000afa0       ?targetHandler@EffectorEndocrine@@AAEPAVNeuroSignalSet@@PAVNeuroLink@@PAVNeuroLinkTarget@@PAVNeuroSignal@@@Z 004c3fa0 f   actuator-endocrine.obj
 0002:0000afe0       ?count@?$ClassList@VMindRegionConnectorDef@@@@QBEHXZ 004c3fe0 f i actuator-endocrine.obj
 0002:0000b040       ?get@?$ClassList@VMindRegionConnectorDef@@@@QBEPAVMindRegionConnectorDef@@H@Z 004c4040 f i actuator-endocrine.obj
 0002:0000b0a0       ?getConnectors@MindRegionTypeDef@@QAEAAV?$ClassList@VMindRegionConnectorDef@@@@XZ 004c40a0 f i actuator-endocrine.obj
 0002:0000b0e0       ?getType@MindRegionDef@@QAEPAVMindRegionTypeDef@@XZ 004c40e0 f i actuator-endocrine.obj
 0002:0000b120       ?getId@MindRegionConnectorDef@@QAE?AVString@@XZ 004c4120 f i actuator-endocrine.obj
 0002:0000b1e0       ?getEffectorInfo@MindEffector@@QAEPAVTargetRegionDef@@XZ 004c41e0 f i actuator-endocrine.obj
 0002:0000b220       ?createBreast@AHumanTarget@@AAEPAVMindEffector@@PAVEffectorArea@@@Z 004c4220 f   actuator_breast.obj
 0002:0000b310       ??0EffectorBreast@@QAE@PAVEffectorArea@@@Z 004c4310 f   actuator_breast.obj
 0002:0000b3e0       ?getClass@EffectorBreast@@UAEPBDXZ 004c43e0 f i actuator_breast.obj
 0002:0000b420       ?startEffector@EffectorBreast@@UAEXXZ 004c4420 f i actuator_breast.obj
 0002:0000b460       ?stopEffector@EffectorBreast@@UAEXXZ 004c4460 f i actuator_breast.obj
 0002:0000b4a0       ?processEffectorControl@EffectorBreast@@UAEXPAVNeuroLink@@PAVNeuroSignal@@@Z 004c44a0 f i actuator_breast.obj
 0002:0000b4e0       ??_EEffectorBreast@@UAEPAXI@Z 004c44e0 f i actuator_breast.obj
 0002:0000b4e0       ??_GEffectorBreast@@UAEPAXI@Z 004c44e0 f i actuator_breast.obj
 0002:0000b550       ??1EffectorBreast@@UAE@XZ  004c4550 f   actuator_breast.obj
 0002:0000b5f0       ?configureEffector@EffectorBreast@@UAEXVXml@@@Z 004c45f0 f   actuator_breast.obj
 0002:0000b640       ?createEffector@EffectorBreast@@UAEXPAVMindRegionCreateInfo@@@Z 004c4640 f   actuator_breast.obj
 0002:0000b730       ?createSourceConnector@EffectorBreast@@AAEXPAVMindRegionCreateInfo@@PAVMindRegionConnectorDef@@@Z 004c4730 f   actuator_breast.obj
 0002:0000b880       ?createTargetConnector@EffectorBreast@@AAEXPAVMindRegionCreateInfo@@PAVMindRegionConnectorDef@@@Z 004c4880 f   actuator_breast.obj
 0002:0000b9d0       ?sourceHandler@EffectorBreast@@AAEPAVNeuroSignal@@PAVNeuroLink@@PAVNeuroLinkSource@@@Z 004c49d0 f   actuator_breast.obj
 0002:0000ba10       ?targetHandler@EffectorBreast@@AAEPAVNeuroSignalSet@@PAVNeuroLink@@PAVNeuroLinkTarget@@PAVNeuroSignal@@@Z 004c4a10 f   actuator_breast.obj
 0002:0000ba50       ?createEar@AHumanTarget@@AAEPAVMindSensor@@PAVSensorArea@@@Z 004c4a50 f   actuator_ear.obj
 0002:0000bb40       ??0SensorEar@@QAE@PAVSensorArea@@@Z 004c4b40 f   actuator_ear.obj
 0002:0000bc20       ?getClass@SensorEar@@UAEPBDXZ 004c4c20 f i actuator_ear.obj
 0002:0000bc60       ?startSensor@SensorEar@@UAEXXZ 004c4c60 f i actuator_ear.obj
 0002:0000bca0       ?stopSensor@SensorEar@@UAEXXZ 004c4ca0 f i actuator_ear.obj
 0002:0000bce0       ?processSensorControl@SensorEar@@UAEXPAVNeuroLink@@PAVNeuroSignal@@@Z 004c4ce0 f i actuator_ear.obj
 0002:0000bd20       ?produceSensorData@SensorEar@@UAEXXZ 004c4d20 f i actuator_ear.obj
 0002:0000bd60       ?pollSensor@SensorEar@@UAEXXZ 004c4d60 f i actuator_ear.obj
 0002:0000bda0       ??_GSensorEar@@UAEPAXI@Z   004c4da0 f i actuator_ear.obj
 0002:0000bda0       ??_ESensorEar@@UAEPAXI@Z   004c4da0 f i actuator_ear.obj
 0002:0000be10       ??1MindSensor@@UAE@XZ      004c4e10 f i actuator_ear.obj
 0002:0000bec0       ??1SensorEar@@UAE@XZ       004c4ec0 f   actuator_ear.obj
 0002:0000bf60       ?configureSensor@SensorEar@@UAEXVXml@@@Z 004c4f60 f   actuator_ear.obj
 0002:0000bfb0       ?createSensor@SensorEar@@UAEXPAVMindRegionCreateInfo@@@Z 004c4fb0 f   actuator_ear.obj
 0002:0000c0a0       ?createSourceConnector@SensorEar@@AAEXPAVMindRegionCreateInfo@@PAVMindRegionConnectorDef@@@Z 004c50a0 f   actuator_ear.obj
 0002:0000c1f0       ?createTargetConnector@SensorEar@@AAEXPAVMindRegionCreateInfo@@PAVMindRegionConnectorDef@@@Z 004c51f0 f   actuator_ear.obj
 0002:0000c340       ?sourceHandler@SensorEar@@AAEPAVNeuroSignal@@PAVNeuroLink@@PAVNeuroLinkSource@@@Z 004c5340 f   actuator_ear.obj
 0002:0000c380       ?targetHandler@SensorEar@@AAEPAVNeuroSignalSet@@PAVNeuroLink@@PAVNeuroLinkTarget@@PAVNeuroSignal@@@Z 004c5380 f   actuator_ear.obj
 0002:0000c3c0       ?getSensorInfo@MindSensor@@QAEPAVTargetRegionDef@@XZ 004c53c0 f i actuator_ear.obj
 0002:0000c400       ?createEye@AHumanTarget@@AAEPAVMindSensor@@PAVSensorArea@@@Z 004c5400 f   actuator_eye.obj
 0002:0000c4f0       ??0SensorEye@@QAE@PAVSensorArea@@@Z 004c54f0 f   actuator_eye.obj
 0002:0000c5d0       ?getClass@SensorEye@@UAEPBDXZ 004c55d0 f i actuator_eye.obj
 0002:0000c610       ?startSensor@SensorEye@@UAEXXZ 004c5610 f i actuator_eye.obj
 0002:0000c650       ?stopSensor@SensorEye@@UAEXXZ 004c5650 f i actuator_eye.obj
 0002:0000c690       ?processSensorControl@SensorEye@@UAEXPAVNeuroLink@@PAVNeuroSignal@@@Z 004c5690 f i actuator_eye.obj
 0002:0000c6d0       ?produceSensorData@SensorEye@@UAEXXZ 004c56d0 f i actuator_eye.obj
 0002:0000c710       ?pollSensor@SensorEye@@UAEXXZ 004c5710 f i actuator_eye.obj
 0002:0000c750       ??_ESensorEye@@UAEPAXI@Z   004c5750 f i actuator_eye.obj
 0002:0000c750       ??_GSensorEye@@UAEPAXI@Z   004c5750 f i actuator_eye.obj
 0002:0000c7c0       ??1SensorEye@@UAE@XZ       004c57c0 f   actuator_eye.obj
 0002:0000c860       ?configureSensor@SensorEye@@UAEXVXml@@@Z 004c5860 f   actuator_eye.obj
 0002:0000c8b0       ?createSensor@SensorEye@@UAEXPAVMindRegionCreateInfo@@@Z 004c58b0 f   actuator_eye.obj
 0002:0000c9a0       ?createSourceConnector@SensorEye@@AAEXPAVMindRegionCreateInfo@@PAVMindRegionConnectorDef@@@Z 004c59a0 f   actuator_eye.obj
 0002:0000caf0       ?createTargetConnector@SensorEye@@AAEXPAVMindRegionCreateInfo@@PAVMindRegionConnectorDef@@@Z 004c5af0 f   actuator_eye.obj
 0002:0000cc40       ?sourceHandler@SensorEye@@AAEPAVNeuroSignal@@PAVNeuroLink@@PAVNeuroLinkSource@@@Z 004c5c40 f   actuator_eye.obj
 0002:0000cc80       ?targetHandler@SensorEye@@AAEPAVNeuroSignalSet@@PAVNeuroLink@@PAVNeuroLinkTarget@@PAVNeuroSignal@@@Z 004c5c80 f   actuator_eye.obj
 0002:0000ccc0       ?createFace@AHumanTarget@@AAEPAVMindEffector@@PAVEffectorArea@@@Z 004c5cc0 f   actuator_face.obj
 0002:0000cdb0       ??0EffectorFace@@QAE@PAVEffectorArea@@@Z 004c5db0 f   actuator_face.obj
 0002:0000ce80       ?getClass@EffectorFace@@UAEPBDXZ 004c5e80 f i actuator_face.obj
 0002:0000cec0       ?startEffector@EffectorFace@@UAEXXZ 004c5ec0 f i actuator_face.obj
 0002:0000cf00       ?stopEffector@EffectorFace@@UAEXXZ 004c5f00 f i actuator_face.obj
 0002:0000cf40       ?processEffectorControl@EffectorFace@@UAEXPAVNeuroLink@@PAVNeuroSignal@@@Z 004c5f40 f i actuator_face.obj
 0002:0000cf80       ??_EEffectorFace@@UAEPAXI@Z 004c5f80 f i actuator_face.obj
 0002:0000cf80       ??_GEffectorFace@@UAEPAXI@Z 004c5f80 f i actuator_face.obj
 0002:0000cff0       ??1EffectorFace@@UAE@XZ    004c5ff0 f   actuator_face.obj
 0002:0000d090       ?configureEffector@EffectorFace@@UAEXVXml@@@Z 004c6090 f   actuator_face.obj
 0002:0000d0e0       ?createEffector@EffectorFace@@UAEXPAVMindRegionCreateInfo@@@Z 004c60e0 f   actuator_face.obj
 0002:0000d1d0       ?createSourceConnector@EffectorFace@@AAEXPAVMindRegionCreateInfo@@PAVMindRegionConnectorDef@@@Z 004c61d0 f   actuator_face.obj
 0002:0000d320       ?createTargetConnector@EffectorFace@@AAEXPAVMindRegionCreateInfo@@PAVMindRegionConnectorDef@@@Z 004c6320 f   actuator_face.obj
 0002:0000d470       ?sourceHandler@EffectorFace@@AAEPAVNeuroSignal@@PAVNeuroLink@@PAVNeuroLinkSource@@@Z 004c6470 f   actuator_face.obj
 0002:0000d4b0       ?targetHandler@EffectorFace@@AAEPAVNeuroSignalSet@@PAVNeuroLink@@PAVNeuroLinkTarget@@PAVNeuroSignal@@@Z 004c64b0 f   actuator_face.obj
 0002:0000d4f0       ?createFeeder@AHumanTarget@@AAEPAVMindEffector@@PAVEffectorArea@@@Z 004c64f0 f   actuator_feeder.obj
 0002:0000d5e0       ??0EffectorFeeder@@QAE@PAVEffectorArea@@@Z 004c65e0 f   actuator_feeder.obj
 0002:0000d6b0       ?getClass@EffectorFeeder@@UAEPBDXZ 004c66b0 f i actuator_feeder.obj
 0002:0000d6f0       ?startEffector@EffectorFeeder@@UAEXXZ 004c66f0 f i actuator_feeder.obj
 0002:0000d730       ?stopEffector@EffectorFeeder@@UAEXXZ 004c6730 f i actuator_feeder.obj
 0002:0000d770       ?processEffectorControl@EffectorFeeder@@UAEXPAVNeuroLink@@PAVNeuroSignal@@@Z 004c6770 f i actuator_feeder.obj
 0002:0000d7b0       ??_EEffectorFeeder@@UAEPAXI@Z 004c67b0 f i actuator_feeder.obj
 0002:0000d7b0       ??_GEffectorFeeder@@UAEPAXI@Z 004c67b0 f i actuator_feeder.obj
 0002:0000d820       ??1EffectorFeeder@@UAE@XZ  004c6820 f   actuator_feeder.obj
 0002:0000d8c0       ?configureEffector@EffectorFeeder@@UAEXVXml@@@Z 004c68c0 f   actuator_feeder.obj
 0002:0000d910       ?createEffector@EffectorFeeder@@UAEXPAVMindRegionCreateInfo@@@Z 004c6910 f   actuator_feeder.obj
 0002:0000da00       ?createSourceConnector@EffectorFeeder@@AAEXPAVMindRegionCreateInfo@@PAVMindRegionConnectorDef@@@Z 004c6a00 f   actuator_feeder.obj
 0002:0000db50       ?createTargetConnector@EffectorFeeder@@AAEXPAVMindRegionCreateInfo@@PAVMindRegionConnectorDef@@@Z 004c6b50 f   actuator_feeder.obj
 0002:0000dca0       ?sourceHandler@EffectorFeeder@@AAEPAVNeuroSignal@@PAVNeuroLink@@PAVNeuroLinkSource@@@Z 004c6ca0 f   actuator_feeder.obj
 0002:0000dce0       ?targetHandler@EffectorFeeder@@AAEPAVNeuroSignalSet@@PAVNeuroLink@@PAVNeuroLinkTarget@@PAVNeuroSignal@@@Z 004c6ce0 f   actuator_feeder.obj
 0002:0000dd20       ?createGenitalia@AHumanTarget@@AAEPAVMindEffector@@PAVEffectorArea@@@Z 004c6d20 f   actuator_genitalia.obj
 0002:0000de10       ??0EffectorGenitalia@@QAE@PAVEffectorArea@@@Z 004c6e10 f   actuator_genitalia.obj
 0002:0000dee0       ?getClass@EffectorGenitalia@@UAEPBDXZ 004c6ee0 f i actuator_genitalia.obj
 0002:0000df20       ?startEffector@EffectorGenitalia@@UAEXXZ 004c6f20 f i actuator_genitalia.obj
 0002:0000df60       ?stopEffector@EffectorGenitalia@@UAEXXZ 004c6f60 f i actuator_genitalia.obj
 0002:0000dfa0       ?processEffectorControl@EffectorGenitalia@@UAEXPAVNeuroLink@@PAVNeuroSignal@@@Z 004c6fa0 f i actuator_genitalia.obj
 0002:0000dfe0       ??_GEffectorGenitalia@@UAEPAXI@Z 004c6fe0 f i actuator_genitalia.obj
 0002:0000dfe0       ??_EEffectorGenitalia@@UAEPAXI@Z 004c6fe0 f i actuator_genitalia.obj
 0002:0000e050       ??1EffectorGenitalia@@UAE@XZ 004c7050 f   actuator_genitalia.obj
 0002:0000e0f0       ?configureEffector@EffectorGenitalia@@UAEXVXml@@@Z 004c70f0 f   actuator_genitalia.obj
 0002:0000e140       ?createEffector@EffectorGenitalia@@UAEXPAVMindRegionCreateInfo@@@Z 004c7140 f   actuator_genitalia.obj
 0002:0000e230       ?createSourceConnector@EffectorGenitalia@@AAEXPAVMindRegionCreateInfo@@PAVMindRegionConnectorDef@@@Z 004c7230 f   actuator_genitalia.obj
 0002:0000e380       ?createTargetConnector@EffectorGenitalia@@AAEXPAVMindRegionCreateInfo@@PAVMindRegionConnectorDef@@@Z 004c7380 f   actuator_genitalia.obj
 0002:0000e4d0       ?sourceHandler@EffectorGenitalia@@AAEPAVNeuroSignal@@PAVNeuroLink@@PAVNeuroLinkSource@@@Z 004c74d0 f   actuator_genitalia.obj
 0002:0000e510       ?targetHandler@EffectorGenitalia@@AAEPAVNeuroSignalSet@@PAVNeuroLink@@PAVNeuroLinkTarget@@PAVNeuroSignal@@@Z 004c7510 f   actuator_genitalia.obj
 0002:0000e550       ?createHand@AHumanTarget@@AAEPAVMindEffector@@PAVEffectorArea@@@Z 004c7550 f   actuator_hand.obj
 0002:0000e640       ??0EffectorHand@@QAE@PAVEffectorArea@@@Z 004c7640 f   actuator_hand.obj
 0002:0000e710       ?getClass@EffectorHand@@UAEPBDXZ 004c7710 f i actuator_hand.obj
 0002:0000e750       ?startEffector@EffectorHand@@UAEXXZ 004c7750 f i actuator_hand.obj
 0002:0000e790       ?stopEffector@EffectorHand@@UAEXXZ 004c7790 f i actuator_hand.obj
 0002:0000e7d0       ?processEffectorControl@EffectorHand@@UAEXPAVNeuroLink@@PAVNeuroSignal@@@Z 004c77d0 f i actuator_hand.obj
 0002:0000e810       ??_EEffectorHand@@UAEPAXI@Z 004c7810 f i actuator_hand.obj
 0002:0000e810       ??_GEffectorHand@@UAEPAXI@Z 004c7810 f i actuator_hand.obj
 0002:0000e880       ??1EffectorHand@@UAE@XZ    004c7880 f   actuator_hand.obj
 0002:0000e920       ?configureEffector@EffectorHand@@UAEXVXml@@@Z 004c7920 f   actuator_hand.obj
 0002:0000e970       ?createEffector@EffectorHand@@UAEXPAVMindRegionCreateInfo@@@Z 004c7970 f   actuator_hand.obj
 0002:0000ea60       ?createSourceConnector@EffectorHand@@AAEXPAVMindRegionCreateInfo@@PAVMindRegionConnectorDef@@@Z 004c7a60 f   actuator_hand.obj
 0002:0000ebb0       ?createTargetConnector@EffectorHand@@AAEXPAVMindRegionCreateInfo@@PAVMindRegionConnectorDef@@@Z 004c7bb0 f   actuator_hand.obj
 0002:0000ed00       ?sourceHandler@EffectorHand@@AAEPAVNeuroSignal@@PAVNeuroLink@@PAVNeuroLinkSource@@@Z 004c7d00 f   actuator_hand.obj
 0002:0000ed40       ?targetHandler@EffectorHand@@AAEPAVNeuroSignalSet@@PAVNeuroLink@@PAVNeuroLinkTarget@@PAVNeuroSignal@@@Z 004c7d40 f   actuator_hand.obj
 0002:0000ed80       ?createHeart@AHumanTarget@@AAEPAVMindEffector@@PAVEffectorArea@@@Z 004c7d80 f   actuator_heart.obj
 0002:0000ee70       ??0EffectorHeart@@QAE@PAVEffectorArea@@@Z 004c7e70 f   actuator_heart.obj
 0002:0000ef40       ?getClass@EffectorHeart@@UAEPBDXZ 004c7f40 f i actuator_heart.obj
 0002:0000ef80       ?startEffector@EffectorHeart@@UAEXXZ 004c7f80 f i actuator_heart.obj
 0002:0000efc0       ?stopEffector@EffectorHeart@@UAEXXZ 004c7fc0 f i actuator_heart.obj
 0002:0000f000       ?processEffectorControl@EffectorHeart@@UAEXPAVNeuroLink@@PAVNeuroSignal@@@Z 004c8000 f i actuator_heart.obj
 0002:0000f040       ??_GEffectorHeart@@UAEPAXI@Z 004c8040 f i actuator_heart.obj
 0002:0000f040       ??_EEffectorHeart@@UAEPAXI@Z 004c8040 f i actuator_heart.obj
 0002:0000f0b0       ??1EffectorHeart@@UAE@XZ   004c80b0 f   actuator_heart.obj
 0002:0000f150       ?configureEffector@EffectorHeart@@UAEXVXml@@@Z 004c8150 f   actuator_heart.obj
 0002:0000f1a0       ?createEffector@EffectorHeart@@UAEXPAVMindRegionCreateInfo@@@Z 004c81a0 f   actuator_heart.obj
 0002:0000f290       ?createSourceConnector@EffectorHeart@@AAEXPAVMindRegionCreateInfo@@PAVMindRegionConnectorDef@@@Z 004c8290 f   actuator_heart.obj
 0002:0000f3e0       ?createTargetConnector@EffectorHeart@@AAEXPAVMindRegionCreateInfo@@PAVMindRegionConnectorDef@@@Z 004c83e0 f   actuator_heart.obj
 0002:0000f530       ?sourceHandler@EffectorHeart@@AAEPAVNeuroSignal@@PAVNeuroLink@@PAVNeuroLinkSource@@@Z 004c8530 f   actuator_heart.obj
 0002:0000f570       ?targetHandler@EffectorHeart@@AAEPAVNeuroSignalSet@@PAVNeuroLink@@PAVNeuroLinkTarget@@PAVNeuroSignal@@@Z 004c8570 f   actuator_heart.obj
 0002:0000f5b0       ?createProtector@AHumanTarget@@AAEPAVMindEffector@@PAVEffectorArea@@@Z 004c85b0 f   actuator_protector.obj
 0002:0000f6a0       ??0EffectorProtector@@QAE@PAVEffectorArea@@@Z 004c86a0 f   actuator_protector.obj
 0002:0000f770       ?getClass@EffectorProtector@@UAEPBDXZ 004c8770 f i actuator_protector.obj
 0002:0000f7b0       ?startEffector@EffectorProtector@@UAEXXZ 004c87b0 f i actuator_protector.obj
 0002:0000f7f0       ?stopEffector@EffectorProtector@@UAEXXZ 004c87f0 f i actuator_protector.obj
 0002:0000f830       ?processEffectorControl@EffectorProtector@@UAEXPAVNeuroLink@@PAVNeuroSignal@@@Z 004c8830 f i actuator_protector.obj
 0002:0000f870       ??_GEffectorProtector@@UAEPAXI@Z 004c8870 f i actuator_protector.obj
 0002:0000f870       ??_EEffectorProtector@@UAEPAXI@Z 004c8870 f i actuator_protector.obj
 0002:0000f8e0       ??1EffectorProtector@@UAE@XZ 004c88e0 f   actuator_protector.obj
 0002:0000f980       ?configureEffector@EffectorProtector@@UAEXVXml@@@Z 004c8980 f   actuator_protector.obj
 0002:0000f9d0       ?createEffector@EffectorProtector@@UAEXPAVMindRegionCreateInfo@@@Z 004c89d0 f   actuator_protector.obj
 0002:0000fac0       ?createSourceConnector@EffectorProtector@@AAEXPAVMindRegionCreateInfo@@PAVMindRegionConnectorDef@@@Z 004c8ac0 f   actuator_protector.obj
 0002:0000fc10       ?createTargetConnector@EffectorProtector@@AAEXPAVMindRegionCreateInfo@@PAVMindRegionConnectorDef@@@Z 004c8c10 f   actuator_protector.obj
 0002:0000fd60       ?sourceHandler@EffectorProtector@@AAEPAVNeuroSignal@@PAVNeuroLink@@PAVNeuroLinkSource@@@Z 004c8d60 f   actuator_protector.obj
 0002:0000fda0       ?targetHandler@EffectorProtector@@AAEPAVNeuroSignalSet@@PAVNeuroLink@@PAVNeuroLinkTarget@@PAVNeuroSignal@@@Z 004c8da0 f   actuator_protector.obj
 0002:0000fde0       ?createLeg@AHumanTarget@@AAEPAVMindEffector@@PAVEffectorArea@@@Z 004c8de0 f   actuator_leg.obj
 0002:0000fed0       ??0EffectorLeg@@QAE@PAVEffectorArea@@@Z 004c8ed0 f   actuator_leg.obj
 0002:0000ffa0       ?getClass@EffectorLeg@@UAEPBDXZ 004c8fa0 f i actuator_leg.obj
 0002:0000ffe0       ?startEffector@EffectorLeg@@UAEXXZ 004c8fe0 f i actuator_leg.obj
 0002:00010020       ?stopEffector@EffectorLeg@@UAEXXZ 004c9020 f i actuator_leg.obj
 0002:00010060       ?processEffectorControl@EffectorLeg@@UAEXPAVNeuroLink@@PAVNeuroSignal@@@Z 004c9060 f i actuator_leg.obj
 0002:000100a0       ??_GEffectorLeg@@UAEPAXI@Z 004c90a0 f i actuator_leg.obj
 0002:000100a0       ??_EEffectorLeg@@UAEPAXI@Z 004c90a0 f i actuator_leg.obj
 0002:00010110       ??1EffectorLeg@@UAE@XZ     004c9110 f   actuator_leg.obj
 0002:000101b0       ?configureEffector@EffectorLeg@@UAEXVXml@@@Z 004c91b0 f   actuator_leg.obj
 0002:00010200       ?createEffector@EffectorLeg@@UAEXPAVMindRegionCreateInfo@@@Z 004c9200 f   actuator_leg.obj
 0002:000102f0       ?createSourceConnector@EffectorLeg@@AAEXPAVMindRegionCreateInfo@@PAVMindRegionConnectorDef@@@Z 004c92f0 f   actuator_leg.obj
 0002:00010440       ?createTargetConnector@EffectorLeg@@AAEXPAVMindRegionCreateInfo@@PAVMindRegionConnectorDef@@@Z 004c9440 f   actuator_leg.obj
 0002:00010590       ?sourceHandler@EffectorLeg@@AAEPAVNeuroSignal@@PAVNeuroLink@@PAVNeuroLinkSource@@@Z 004c9590 f   actuator_leg.obj
 0002:000105d0       ?targetHandler@EffectorLeg@@AAEPAVNeuroSignalSet@@PAVNeuroLink@@PAVNeuroLinkTarget@@PAVNeuroSignal@@@Z 004c95d0 f   actuator_leg.obj
 0002:00010610       ?createLiver@AHumanTarget@@AAEPAVMindEffector@@PAVEffectorArea@@@Z 004c9610 f   actuator_liver.obj
 0002:00010700       ??0EffectorLiver@@QAE@PAVEffectorArea@@@Z 004c9700 f   actuator_liver.obj
 0002:000107d0       ?getClass@EffectorLiver@@UAEPBDXZ 004c97d0 f i actuator_liver.obj
 0002:00010810       ?startEffector@EffectorLiver@@UAEXXZ 004c9810 f i actuator_liver.obj
 0002:00010850       ?stopEffector@EffectorLiver@@UAEXXZ 004c9850 f i actuator_liver.obj
 0002:00010890       ?processEffectorControl@EffectorLiver@@UAEXPAVNeuroLink@@PAVNeuroSignal@@@Z 004c9890 f i actuator_liver.obj
 0002:000108d0       ??_GEffectorLiver@@UAEPAXI@Z 004c98d0 f i actuator_liver.obj
 0002:000108d0       ??_EEffectorLiver@@UAEPAXI@Z 004c98d0 f i actuator_liver.obj
 0002:00010940       ??1EffectorLiver@@UAE@XZ   004c9940 f   actuator_liver.obj
 0002:000109e0       ?configureEffector@EffectorLiver@@UAEXVXml@@@Z 004c99e0 f   actuator_liver.obj
 0002:00010a30       ?createEffector@EffectorLiver@@UAEXPAVMindRegionCreateInfo@@@Z 004c9a30 f   actuator_liver.obj
 0002:00010b20       ?createSourceConnector@EffectorLiver@@AAEXPAVMindRegionCreateInfo@@PAVMindRegionConnectorDef@@@Z 004c9b20 f   actuator_liver.obj
 0002:00010c70       ?createTargetConnector@EffectorLiver@@AAEXPAVMindRegionCreateInfo@@PAVMindRegionConnectorDef@@@Z 004c9c70 f   actuator_liver.obj
 0002:00010dc0       ?sourceHandler@EffectorLiver@@AAEPAVNeuroSignal@@PAVNeuroLink@@PAVNeuroLinkSource@@@Z 004c9dc0 f   actuator_liver.obj
 0002:00010e00       ?targetHandler@EffectorLiver@@AAEPAVNeuroSignalSet@@PAVNeuroLink@@PAVNeuroLinkTarget@@PAVNeuroSignal@@@Z 004c9e00 f   actuator_liver.obj
 0002:00010e40       ?createLung@AHumanTarget@@AAEPAVMindEffector@@PAVEffectorArea@@@Z 004c9e40 f   actuator_lung.obj
 0002:00010f30       ??0EffectorLung@@QAE@PAVEffectorArea@@@Z 004c9f30 f   actuator_lung.obj
 0002:00011000       ?getClass@EffectorLung@@UAEPBDXZ 004ca000 f i actuator_lung.obj
 0002:00011040       ?startEffector@EffectorLung@@UAEXXZ 004ca040 f i actuator_lung.obj
 0002:00011080       ?stopEffector@EffectorLung@@UAEXXZ 004ca080 f i actuator_lung.obj
 0002:000110c0       ?processEffectorControl@EffectorLung@@UAEXPAVNeuroLink@@PAVNeuroSignal@@@Z 004ca0c0 f i actuator_lung.obj
 0002:00011100       ??_GEffectorLung@@UAEPAXI@Z 004ca100 f i actuator_lung.obj
 0002:00011100       ??_EEffectorLung@@UAEPAXI@Z 004ca100 f i actuator_lung.obj
 0002:00011170       ??1EffectorLung@@UAE@XZ    004ca170 f   actuator_lung.obj
 0002:00011210       ?configureEffector@EffectorLung@@UAEXVXml@@@Z 004ca210 f   actuator_lung.obj
 0002:00011260       ?createEffector@EffectorLung@@UAEXPAVMindRegionCreateInfo@@@Z 004ca260 f   actuator_lung.obj
 0002:00011350       ?createSourceConnector@EffectorLung@@AAEXPAVMindRegionCreateInfo@@PAVMindRegionConnectorDef@@@Z 004ca350 f   actuator_lung.obj
 0002:000114a0       ?createTargetConnector@EffectorLung@@AAEXPAVMindRegionCreateInfo@@PAVMindRegionConnectorDef@@@Z 004ca4a0 f   actuator_lung.obj
 0002:000115f0       ?sourceHandler@EffectorLung@@AAEPAVNeuroSignal@@PAVNeuroLink@@PAVNeuroLinkSource@@@Z 004ca5f0 f   actuator_lung.obj
 0002:00011630       ?targetHandler@EffectorLung@@AAEPAVNeuroSignalSet@@PAVNeuroLink@@PAVNeuroLinkTarget@@PAVNeuroSignal@@@Z 004ca630 f   actuator_lung.obj
 0002:00011670       ?createNeck@AHumanTarget@@AAEPAVMindEffector@@PAVEffectorArea@@@Z 004ca670 f   actuator_neck.obj
 0002:00011760       ??0EffectorNeck@@QAE@PAVEffectorArea@@@Z 004ca760 f   actuator_neck.obj
 0002:00011830       ?getClass@EffectorNeck@@UAEPBDXZ 004ca830 f i actuator_neck.obj
 0002:00011870       ?startEffector@EffectorNeck@@UAEXXZ 004ca870 f i actuator_neck.obj
 0002:000118b0       ?stopEffector@EffectorNeck@@UAEXXZ 004ca8b0 f i actuator_neck.obj
 0002:000118f0       ?processEffectorControl@EffectorNeck@@UAEXPAVNeuroLink@@PAVNeuroSignal@@@Z 004ca8f0 f i actuator_neck.obj
 0002:00011930       ??_GEffectorNeck@@UAEPAXI@Z 004ca930 f i actuator_neck.obj
 0002:00011930       ??_EEffectorNeck@@UAEPAXI@Z 004ca930 f i actuator_neck.obj
 0002:000119a0       ??1EffectorNeck@@UAE@XZ    004ca9a0 f   actuator_neck.obj
 0002:00011a40       ?configureEffector@EffectorNeck@@UAEXVXml@@@Z 004caa40 f   actuator_neck.obj
 0002:00011a90       ?createEffector@EffectorNeck@@UAEXPAVMindRegionCreateInfo@@@Z 004caa90 f   actuator_neck.obj
 0002:00011b80       ?createSourceConnector@EffectorNeck@@AAEXPAVMindRegionCreateInfo@@PAVMindRegionConnectorDef@@@Z 004cab80 f   actuator_neck.obj
 0002:00011cd0       ?createTargetConnector@EffectorNeck@@AAEXPAVMindRegionCreateInfo@@PAVMindRegionConnectorDef@@@Z 004cacd0 f   actuator_neck.obj
 0002:00011e20       ?sourceHandler@EffectorNeck@@AAEPAVNeuroSignal@@PAVNeuroLink@@PAVNeuroLinkSource@@@Z 004cae20 f   actuator_neck.obj
 0002:00011e60       ?targetHandler@EffectorNeck@@AAEPAVNeuroSignalSet@@PAVNeuroLink@@PAVNeuroLinkTarget@@PAVNeuroSignal@@@Z 004cae60 f   actuator_neck.obj
 0002:00011ea0       ?createNose@AHumanTarget@@AAEPAVMindSensor@@PAVSensorArea@@@Z 004caea0 f   actuator_nose.obj
 0002:00011f90       ??0SensorNose@@QAE@PAVSensorArea@@@Z 004caf90 f   actuator_nose.obj
 0002:00012070       ?getClass@SensorNose@@UAEPBDXZ 004cb070 f i actuator_nose.obj
 0002:000120b0       ?startSensor@SensorNose@@UAEXXZ 004cb0b0 f i actuator_nose.obj
 0002:000120f0       ?stopSensor@SensorNose@@UAEXXZ 004cb0f0 f i actuator_nose.obj
 0002:00012130       ?processSensorControl@SensorNose@@UAEXPAVNeuroLink@@PAVNeuroSignal@@@Z 004cb130 f i actuator_nose.obj
 0002:00012170       ?produceSensorData@SensorNose@@UAEXXZ 004cb170 f i actuator_nose.obj
 0002:000121b0       ?pollSensor@SensorNose@@UAEXXZ 004cb1b0 f i actuator_nose.obj
 0002:000121f0       ??_ESensorNose@@UAEPAXI@Z  004cb1f0 f i actuator_nose.obj
 0002:000121f0       ??_GSensorNose@@UAEPAXI@Z  004cb1f0 f i actuator_nose.obj
 0002:00012260       ??1SensorNose@@UAE@XZ      004cb260 f   actuator_nose.obj
 0002:00012300       ?configureSensor@SensorNose@@UAEXVXml@@@Z 004cb300 f   actuator_nose.obj
 0002:00012350       ?createSensor@SensorNose@@UAEXPAVMindRegionCreateInfo@@@Z 004cb350 f   actuator_nose.obj
 0002:00012440       ?createSourceConnector@SensorNose@@AAEXPAVMindRegionCreateInfo@@PAVMindRegionConnectorDef@@@Z 004cb440 f   actuator_nose.obj
 0002:00012590       ?createTargetConnector@SensorNose@@AAEXPAVMindRegionCreateInfo@@PAVMindRegionConnectorDef@@@Z 004cb590 f   actuator_nose.obj
 0002:000126e0       ?sourceHandler@SensorNose@@AAEPAVNeuroSignal@@PAVNeuroLink@@PAVNeuroLinkSource@@@Z 004cb6e0 f   actuator_nose.obj
 0002:00012720       ?targetHandler@SensorNose@@AAEPAVNeuroSignalSet@@PAVNeuroLink@@PAVNeuroLinkTarget@@PAVNeuroSignal@@@Z 004cb720 f   actuator_nose.obj
 0002:00012760       ?createRectum@AHumanTarget@@AAEPAVMindEffector@@PAVEffectorArea@@@Z 004cb760 f   actuator_rectum.obj
 0002:00012850       ??0EffectorRectum@@QAE@PAVEffectorArea@@@Z 004cb850 f   actuator_rectum.obj
 0002:00012920       ?getClass@EffectorRectum@@UAEPBDXZ 004cb920 f i actuator_rectum.obj
 0002:00012960       ?startEffector@EffectorRectum@@UAEXXZ 004cb960 f i actuator_rectum.obj
 0002:000129a0       ?stopEffector@EffectorRectum@@UAEXXZ 004cb9a0 f i actuator_rectum.obj
 0002:000129e0       ?processEffectorControl@EffectorRectum@@UAEXPAVNeuroLink@@PAVNeuroSignal@@@Z 004cb9e0 f i actuator_rectum.obj
 0002:00012a20       ??_EEffectorRectum@@UAEPAXI@Z 004cba20 f i actuator_rectum.obj
 0002:00012a20       ??_GEffectorRectum@@UAEPAXI@Z 004cba20 f i actuator_rectum.obj
 0002:00012a90       ??1EffectorRectum@@UAE@XZ  004cba90 f   actuator_rectum.obj
 0002:00012b30       ?configureEffector@EffectorRectum@@UAEXVXml@@@Z 004cbb30 f   actuator_rectum.obj
 0002:00012b80       ?createEffector@EffectorRectum@@UAEXPAVMindRegionCreateInfo@@@Z 004cbb80 f   actuator_rectum.obj
 0002:00012c70       ?createSourceConnector@EffectorRectum@@AAEXPAVMindRegionCreateInfo@@PAVMindRegionConnectorDef@@@Z 004cbc70 f   actuator_rectum.obj
 0002:00012dc0       ?createTargetConnector@EffectorRectum@@AAEXPAVMindRegionCreateInfo@@PAVMindRegionConnectorDef@@@Z 004cbdc0 f   actuator_rectum.obj
 0002:00012f10       ?sourceHandler@EffectorRectum@@AAEPAVNeuroSignal@@PAVNeuroLink@@PAVNeuroLinkSource@@@Z 004cbf10 f   actuator_rectum.obj
 0002:00012f50       ?targetHandler@EffectorRectum@@AAEPAVNeuroSignalSet@@PAVNeuroLink@@PAVNeuroLinkTarget@@PAVNeuroSignal@@@Z 004cbf50 f   actuator_rectum.obj
 0002:00012f90       ?createSpeaker@AHumanTarget@@AAEPAVMindEffector@@PAVEffectorArea@@@Z 004cbf90 f   actuator_speaker.obj
 0002:00013080       ??0EffectorSpeaker@@QAE@PAVEffectorArea@@@Z 004cc080 f   actuator_speaker.obj
 0002:00013150       ?getClass@EffectorSpeaker@@UAEPBDXZ 004cc150 f i actuator_speaker.obj
 0002:00013190       ?startEffector@EffectorSpeaker@@UAEXXZ 004cc190 f i actuator_speaker.obj
 0002:000131d0       ?stopEffector@EffectorSpeaker@@UAEXXZ 004cc1d0 f i actuator_speaker.obj
 0002:00013210       ?processEffectorControl@EffectorSpeaker@@UAEXPAVNeuroLink@@PAVNeuroSignal@@@Z 004cc210 f i actuator_speaker.obj
 0002:00013250       ??_EEffectorSpeaker@@UAEPAXI@Z 004cc250 f i actuator_speaker.obj
 0002:00013250       ??_GEffectorSpeaker@@UAEPAXI@Z 004cc250 f i actuator_speaker.obj
 0002:000132c0       ??1EffectorSpeaker@@UAE@XZ 004cc2c0 f   actuator_speaker.obj
 0002:00013360       ?configureEffector@EffectorSpeaker@@UAEXVXml@@@Z 004cc360 f   actuator_speaker.obj
 0002:000133b0       ?createEffector@EffectorSpeaker@@UAEXPAVMindRegionCreateInfo@@@Z 004cc3b0 f   actuator_speaker.obj
 0002:000134a0       ?createSourceConnector@EffectorSpeaker@@AAEXPAVMindRegionCreateInfo@@PAVMindRegionConnectorDef@@@Z 004cc4a0 f   actuator_speaker.obj
 0002:000135f0       ?createTargetConnector@EffectorSpeaker@@AAEXPAVMindRegionCreateInfo@@PAVMindRegionConnectorDef@@@Z 004cc5f0 f   actuator_speaker.obj
 0002:00013740       ?sourceHandler@EffectorSpeaker@@AAEPAVNeuroSignal@@PAVNeuroLink@@PAVNeuroLinkSource@@@Z 004cc740 f   actuator_speaker.obj
 0002:00013780       ?targetHandler@EffectorSpeaker@@AAEPAVNeuroSignalSet@@PAVNeuroLink@@PAVNeuroLinkTarget@@PAVNeuroSignal@@@Z 004cc780 f   actuator_speaker.obj
 0002:000137c0       ?createStomach@AHumanTarget@@AAEPAVMindEffector@@PAVEffectorArea@@@Z 004cc7c0 f   actuator_stomach.obj
 0002:000138b0       ??0EffectorStomach@@QAE@PAVEffectorArea@@@Z 004cc8b0 f   actuator_stomach.obj
 0002:00013980       ?getClass@EffectorStomach@@UAEPBDXZ 004cc980 f i actuator_stomach.obj
 0002:000139c0       ?startEffector@EffectorStomach@@UAEXXZ 004cc9c0 f i actuator_stomach.obj
 0002:00013a00       ?stopEffector@EffectorStomach@@UAEXXZ 004cca00 f i actuator_stomach.obj
 0002:00013a40       ?processEffectorControl@EffectorStomach@@UAEXPAVNeuroLink@@PAVNeuroSignal@@@Z 004cca40 f i actuator_stomach.obj
 0002:00013a80       ??_GEffectorStomach@@UAEPAXI@Z 004cca80 f i actuator_stomach.obj
 0002:00013a80       ??_EEffectorStomach@@UAEPAXI@Z 004cca80 f i actuator_stomach.obj
 0002:00013af0       ??1EffectorStomach@@UAE@XZ 004ccaf0 f   actuator_stomach.obj
 0002:00013b90       ?configureEffector@EffectorStomach@@UAEXVXml@@@Z 004ccb90 f   actuator_stomach.obj
 0002:00013be0       ?createEffector@EffectorStomach@@UAEXPAVMindRegionCreateInfo@@@Z 004ccbe0 f   actuator_stomach.obj
 0002:00013cd0       ?createSourceConnector@EffectorStomach@@AAEXPAVMindRegionCreateInfo@@PAVMindRegionConnectorDef@@@Z 004cccd0 f   actuator_stomach.obj
 0002:00013e20       ?createTargetConnector@EffectorStomach@@AAEXPAVMindRegionCreateInfo@@PAVMindRegionConnectorDef@@@Z 004cce20 f   actuator_stomach.obj
 0002:00013f70       ?sourceHandler@EffectorStomach@@AAEPAVNeuroSignal@@PAVNeuroLink@@PAVNeuroLinkSource@@@Z 004ccf70 f   actuator_stomach.obj
 0002:00013fb0       ?targetHandler@EffectorStomach@@AAEPAVNeuroSignalSet@@PAVNeuroLink@@PAVNeuroLinkTarget@@PAVNeuroSignal@@@Z 004ccfb0 f   actuator_stomach.obj
 0002:00013ff0       ?createTrunk@AHumanTarget@@AAEPAVMindEffector@@PAVEffectorArea@@@Z 004ccff0 f   actuator_trunk.obj
 0002:000140e0       ??0EffectorTrunk@@QAE@PAVEffectorArea@@@Z 004cd0e0 f   actuator_trunk.obj
 0002:000141b0       ?getClass@EffectorTrunk@@UAEPBDXZ 004cd1b0 f i actuator_trunk.obj
 0002:000141f0       ?startEffector@EffectorTrunk@@UAEXXZ 004cd1f0 f i actuator_trunk.obj
 0002:00014230       ?stopEffector@EffectorTrunk@@UAEXXZ 004cd230 f i actuator_trunk.obj
 0002:00014270       ?processEffectorControl@EffectorTrunk@@UAEXPAVNeuroLink@@PAVNeuroSignal@@@Z 004cd270 f i actuator_trunk.obj
 0002:000142b0       ??_EEffectorTrunk@@UAEPAXI@Z 004cd2b0 f i actuator_trunk.obj
 0002:000142b0       ??_GEffectorTrunk@@UAEPAXI@Z 004cd2b0 f i actuator_trunk.obj
 0002:00014320       ??1EffectorTrunk@@UAE@XZ   004cd320 f   actuator_trunk.obj
 0002:000143c0       ?configureEffector@EffectorTrunk@@UAEXVXml@@@Z 004cd3c0 f   actuator_trunk.obj
 0002:00014410       ?createEffector@EffectorTrunk@@UAEXPAVMindRegionCreateInfo@@@Z 004cd410 f   actuator_trunk.obj
 0002:00014500       ?createSourceConnector@EffectorTrunk@@AAEXPAVMindRegionCreateInfo@@PAVMindRegionConnectorDef@@@Z 004cd500 f   actuator_trunk.obj
 0002:00014650       ?createTargetConnector@EffectorTrunk@@AAEXPAVMindRegionCreateInfo@@PAVMindRegionConnectorDef@@@Z 004cd650 f   actuator_trunk.obj
 0002:000147a0       ?sourceHandler@EffectorTrunk@@AAEPAVNeuroSignal@@PAVNeuroLink@@PAVNeuroLinkSource@@@Z 004cd7a0 f   actuator_trunk.obj
 0002:000147e0       ?targetHandler@EffectorTrunk@@AAEPAVNeuroSignalSet@@PAVNeuroLink@@PAVNeuroLinkTarget@@PAVNeuroSignal@@@Z 004cd7e0 f   actuator_trunk.obj
 0002:00014820       ?createUreter@AHumanTarget@@AAEPAVMindEffector@@PAVEffectorArea@@@Z 004cd820 f   actuator_ureter.obj
 0002:00014910       ??0EffectorUreter@@QAE@PAVEffectorArea@@@Z 004cd910 f   actuator_ureter.obj
 0002:000149e0       ?getClass@EffectorUreter@@UAEPBDXZ 004cd9e0 f i actuator_ureter.obj
 0002:00014a20       ?startEffector@EffectorUreter@@UAEXXZ 004cda20 f i actuator_ureter.obj
 0002:00014a60       ?stopEffector@EffectorUreter@@UAEXXZ 004cda60 f i actuator_ureter.obj
 0002:00014aa0       ?processEffectorControl@EffectorUreter@@UAEXPAVNeuroLink@@PAVNeuroSignal@@@Z 004cdaa0 f i actuator_ureter.obj
 0002:00014ae0       ??_GEffectorUreter@@UAEPAXI@Z 004cdae0 f i actuator_ureter.obj
 0002:00014ae0       ??_EEffectorUreter@@UAEPAXI@Z 004cdae0 f i actuator_ureter.obj
 0002:00014b50       ??1EffectorUreter@@UAE@XZ  004cdb50 f   actuator_ureter.obj
 0002:00014bf0       ?configureEffector@EffectorUreter@@UAEXVXml@@@Z 004cdbf0 f   actuator_ureter.obj
 0002:00014c40       ?createEffector@EffectorUreter@@UAEXPAVMindRegionCreateInfo@@@Z 004cdc40 f   actuator_ureter.obj
 0002:00014d30       ?createSourceConnector@EffectorUreter@@AAEXPAVMindRegionCreateInfo@@PAVMindRegionConnectorDef@@@Z 004cdd30 f   actuator_ureter.obj
 0002:00014e80       ?createTargetConnector@EffectorUreter@@AAEXPAVMindRegionCreateInfo@@PAVMindRegionConnectorDef@@@Z 004cde80 f   actuator_ureter.obj
 0002:00014fd0       ?sourceHandler@EffectorUreter@@AAEPAVNeuroSignal@@PAVNeuroLink@@PAVNeuroLinkSource@@@Z 004cdfd0 f   actuator_ureter.obj
 0002:00015010       ?targetHandler@EffectorUreter@@AAEPAVNeuroSignalSet@@PAVNeuroLink@@PAVNeuroLinkTarget@@PAVNeuroSignal@@@Z 004ce010 f   actuator_ureter.obj
 0002:00015050       ?createVessels@AHumanTarget@@AAEPAVMindEffector@@PAVEffectorArea@@@Z 004ce050 f   actuator_vessels.obj
 0002:00015140       ??0EffectorVessels@@QAE@PAVEffectorArea@@@Z 004ce140 f   actuator_vessels.obj
 0002:00015210       ?getClass@EffectorVessels@@UAEPBDXZ 004ce210 f i actuator_vessels.obj
 0002:00015250       ?startEffector@EffectorVessels@@UAEXXZ 004ce250 f i actuator_vessels.obj
 0002:00015290       ?stopEffector@EffectorVessels@@UAEXXZ 004ce290 f i actuator_vessels.obj
 0002:000152d0       ?processEffectorControl@EffectorVessels@@UAEXPAVNeuroLink@@PAVNeuroSignal@@@Z 004ce2d0 f i actuator_vessels.obj
 0002:00015310       ??_EEffectorVessels@@UAEPAXI@Z 004ce310 f i actuator_vessels.obj
 0002:00015310       ??_GEffectorVessels@@UAEPAXI@Z 004ce310 f i actuator_vessels.obj
 0002:00015380       ??1EffectorVessels@@UAE@XZ 004ce380 f   actuator_vessels.obj
 0002:00015420       ?configureEffector@EffectorVessels@@UAEXVXml@@@Z 004ce420 f   actuator_vessels.obj
 0002:00015470       ?createEffector@EffectorVessels@@UAEXPAVMindRegionCreateInfo@@@Z 004ce470 f   actuator_vessels.obj
 0002:00015560       ?createSourceConnector@EffectorVessels@@AAEXPAVMindRegionCreateInfo@@PAVMindRegionConnectorDef@@@Z 004ce560 f   actuator_vessels.obj
 0002:000156b0       ?createTargetConnector@EffectorVessels@@AAEXPAVMindRegionCreateInfo@@PAVMindRegionConnectorDef@@@Z 004ce6b0 f   actuator_vessels.obj
 0002:00015800       ?sourceHandler@EffectorVessels@@AAEPAVNeuroSignal@@PAVNeuroLink@@PAVNeuroLinkSource@@@Z 004ce800 f   actuator_vessels.obj
 0002:00015840       ?targetHandler@EffectorVessels@@AAEPAVNeuroSignalSet@@PAVNeuroLink@@PAVNeuroLinkTarget@@PAVNeuroSignal@@@Z 004ce840 f   actuator_vessels.obj
 0002:00015880       ??0AHumanTarget@@QAE@XZ    004ce880 f   ahumantarget.obj
 0002:00015950       ??1MindTarget@@QAE@XZ      004ce950 f i ahumantarget.obj
 0002:000159f0       ??0MessageSubscriber@@QAE@XZ 004ce9f0 f i ahumantarget.obj
 0002:00015a40       ?configureTarget@AHumanTarget@@UAEXVXml@@@Z 004cea40 f   ahumantarget.obj
 0002:00015a80       ?createTarget@AHumanTarget@@UAEXPAVSensorArea@@PAVEffectorArea@@@Z 004cea80 f   ahumantarget.obj
 0002:000160d0       ?getId@MindLocalCircuitDef@@QAE?AVString@@XZ 004cf0d0 f i modelverifier_mind.obj
 0002:00016170       ?getDstRegion@MindLocalCircuitConnectionDef@@QAE?AVString@@XZ 004cf170 f i modelverifier_mind.obj
 0002:00016260       ?initTarget@AHumanTarget@@UAEXXZ 004cf260 f   ahumantarget.obj
 0002:000162a0       ?runTarget@AHumanTarget@@UAEXXZ 004cf2a0 f   ahumantarget.obj
 0002:000163e0       ?onXmlMessage@AHumanTarget@@MAEXPAVXmlMessage@@@Z 004cf3e0 f   ahumantarget.obj
 0002:00016710       ?cmdPlayCircuit@AHumanTarget@@IAEXVXml@@@Z 004cf710 f   ahumantarget.obj
 0002:00016830       ?cmdVerifyModel@AHumanTarget@@IAEXVXml@@@Z 004cf830 f   ahumantarget.obj
 0002:00016950       ?cmdCreateWikiPages@AHumanTarget@@IAEXVXml@@@Z 004cf950 f   ahumantarget.obj
 0002:00016a60       ?stopTarget@AHumanTarget@@UAEXXZ 004cfa60 f   ahumantarget.obj
 0002:00016aa0       ?exitTarget@AHumanTarget@@UAEXXZ 004cfaa0 f   ahumantarget.obj
 0002:00016ae0       ?destroyTarget@AHumanTarget@@UAEXXZ 004cfae0 f   ahumantarget.obj
 0002:00016b20       ?attachLogger@Service@@QAEXXZ 004cfb20 f i ahumantarget.obj
 0002:00016b90       ?getService@MessagingService@@SAPAV1@XZ 004cfb90 f i ahumantarget.obj
 0002:00016bf0       ?onMessage@MessageSubscriber@@UAEXPAVMessage@@@Z 004cfbf0 f i ahumantarget.obj
 0002:00016c30       ?onTextMessage@MessageSubscriber@@UAEXPAVTextMessage@@@Z 004cfc30 f i ahumantarget.obj
 0002:00016c70       ?onXmlMessage@MessageSubscriber@@UAEXPAVXmlMessage@@@Z 004cfc70 f i ahumantarget.obj
 0002:00016cb0       ?onXmlCall@MessageSubscriber@@UAEXPAVXmlCall@@@Z 004cfcb0 f i ahumantarget.obj
 0002:00016cf0       ?onBinaryMessage@MessageSubscriber@@UAEXPAVBinaryMessage@@@Z 004cfcf0 f i ahumantarget.obj
 0002:00016d30       ??1Service@@QAE@XZ         004cfd30 f i ahumantarget.obj
 0002:00016dd0       ?getServiceName@MindTarget@@EAEPBDXZ 004cfdd0 f i ahumantarget.obj
 0002:00016e10       ?execute@@YAXVString@@@Z   004cfe10 f   main.obj
 0002:00016fd0       _main                      004cffd0 f   main.obj
 0002:000170d0       ??0MindModel@@QAE@XZ       004d00d0 f   mindmodel.obj
 0002:000171d0       ?getClass@MindModel@@UAEPBDXZ 004d01d0 f i mindmodel.obj
 0002:00017210       ??_EMindModel@@UAEPAXI@Z   004d0210 f i mindmodel.obj
 0002:00017210       ??_GMindModel@@UAEPAXI@Z   004d0210 f i mindmodel.obj
 0002:00017280       ??1MindModel@@UAE@XZ       004d0280 f   mindmodel.obj
 0002:00017370       ?load@MindModel@@QAEXXZ    004d0370 f   mindmodel.obj
 0002:000173f0       ?checkLinkCoveredByModel@MindModel@@QAE_NVString@@0@Z 004d03f0 f   mindmodel.obj
 0002:00017bc0       ??0StringList@@QAE@XZ      004d0bc0 f i mindmodel.obj
 0002:00017c20       ??1StringList@@QAE@XZ      004d0c20 f i mindmodel.obj
 0002:00017c80       ?add@StringList@@QAEHPBD@Z 004d0c80 f i mindmodel.obj
 0002:00017d20       ?count@StringList@@QAEHXZ  004d0d20 f i mindmodel.obj
 0002:00017d60       ?get@StringList@@QAE?AVString@@H@Z 004d0d60 f i mindmodel.obj
 0002:00017f70       ??1RuntimeException@@QAE@XZ 004d0f70 f i mindmodel.obj
 0002:00018060       ??0RuntimeException@@QAE@ABV0@@Z 004d1060 f i mindmodel.obj
 0002:000181a0       ??0Object@@IAE@XZ          004d11a0 f i mindmodel.obj
 0002:00018270       ??1Object@@QAE@XZ          004d1270 f i mindmodel.obj
 0002:00018330       ?getService@MindService@@SAPAV1@XZ 004d1330 f i mindmodel.obj
 0002:00018390       ??0ScenarioPlayer@@QAE@XZ  004d1390 f   scenarioplayer.obj
 0002:00018440       ?getClass@ScenarioPlayer@@UAEPBDXZ 004d1440 f i scenarioplayer.obj
 0002:00018480       ??_GScenarioPlayer@@UAEPAXI@Z 004d1480 f i scenarioplayer.obj
 0002:00018480       ??_EScenarioPlayer@@UAEPAXI@Z 004d1480 f i scenarioplayer.obj
 0002:000184f0       ??1ScenarioPlayer@@UAE@XZ  004d14f0 f   scenarioplayer.obj
 0002:00018590       ?play@ScenarioPlayer@@QAEXVXml@@@Z 004d1590 f   scenarioplayer.obj
 0002:00018750       ?playSignal@ScenarioPlayer@@AAEXVXml@@@Z 004d1750 f   scenarioplayer.obj
 0002:00019410       ?count@?$ClassList@VNeuroSignal@@@@QBEHXZ 004d2410 f i scenarioplayer.obj
 0002:00019470       ?get@?$ClassList@VNeuroSignal@@@@QBEPAVNeuroSignal@@H@Z 004d2470 f i scenarioplayer.obj
 0002:000194d0       ?getArea@MindRegion@@QAEPAVMindArea@@XZ 004d24d0 f i scenarioplayer.obj
 0002:00019510       ?getId@NeuroSignal@@QAE?AVString@@XZ 004d2510 f i scenarioplayer.obj
 0002:000195d0       ?getSignals@NeuroSignalSet@@QAEAAV?$ClassList@VNeuroSignal@@@@XZ 004d25d0 f i scenarioplayer.obj
 0002:00019610       ??0ModelFiberValidator@@QAE@XZ 004d2610 f   modelfibervalidator.obj
 0002:000196c0       ?getClass@ModelFiberValidator@@UAEPBDXZ 004d26c0 f i modelfibervalidator.obj
 0002:00019700       ??_EModelFiberValidator@@UAEPAXI@Z 004d2700 f i modelfibervalidator.obj
 0002:00019700       ??_GModelFiberValidator@@UAEPAXI@Z 004d2700 f i modelfibervalidator.obj
 0002:00019770       ??1ModelFiberValidator@@UAE@XZ 004d2770 f   modelfibervalidator.obj
 0002:00019810       ?isValid_GSE_end@ModelFiberValidator@@QAE_NAAVXmlNerveInfo@@PAVMindRegion@@1@Z 004d2810 f   modelfibervalidator.obj
 0002:00019e00       ?isValid_GSA_begin@ModelFiberValidator@@QAE_NAAVXmlNerveInfo@@PAVMindRegion@@1@Z 004d2e00 f   modelfibervalidator.obj
 0002:0001a3e0       ?isValid_GSA_afterbegin@ModelFiberValidator@@QAE_NAAVXmlNerveInfo@@PAVMindRegion@@1@Z 004d33e0 f   modelfibervalidator.obj
 0002:0001a9d0       ?isValid_GVE_end@ModelFiberValidator@@QAE_NAAVXmlNerveInfo@@PAVMindRegion@@1@Z 004d39d0 f   modelfibervalidator.obj
 0002:0001b0a0       ?isValid_GVE_beforeend@ModelFiberValidator@@QAE_NAAVXmlNerveInfo@@PAVMindRegion@@1@Z 004d40a0 f   modelfibervalidator.obj
 0002:0001b840       ?isValid_SSA_begin@ModelFiberValidator@@QAE_NAAVXmlNerveInfo@@PAVMindRegion@@1@Z 004d4840 f   modelfibervalidator.obj
 0002:0001bfb0       ?isValid_SVA_begin@ModelFiberValidator@@QAE_NAAVXmlNerveInfo@@PAVMindRegion@@1@Z 004d4fb0 f   modelfibervalidator.obj
 0002:0001c670       ?isValid_SVA_afterbegin@ModelFiberValidator@@QAE_NAAVXmlNerveInfo@@PAVMindRegion@@1@Z 004d5670 f   modelfibervalidator.obj
 0002:0001ce00       ?getTypeName@MindRegionDef@@QAE?AVString@@XZ 004d5e00 f i modelfibervalidator.obj
 0002:0001cec0       ?getRole@MindRegionDef@@QAE?AW4MindRegionRoleEnum@@XZ 004d5ec0 f i modelfibervalidator.obj
 0002:0001cf00       ?getRegionInfo@MindRegion@@QAEPAVMindRegionDef@@XZ 004d5f00 f i modelfibervalidator.obj
 0002:0001cf40       ?getRegionId@MindRegion@@QAE?AVString@@XZ 004d5f40 f i modelfibervalidator.obj
 0002:0001d000       ??0ModelVerifier@@QAE@VXml@@@Z 004d6000 f   modelverifier.obj
 0002:0001d110       ?getClass@ModelVerifier@@UAEPBDXZ 004d6110 f i modelverifier.obj
 0002:0001d150       ??_EModelVerifier@@UAEPAXI@Z 004d6150 f i modelverifier.obj
 0002:0001d150       ??_GModelVerifier@@UAEPAXI@Z 004d6150 f i modelverifier.obj
 0002:0001d1c0       ??1ModelVerifier@@UAE@XZ   004d61c0 f   modelverifier.obj
 0002:0001d290       ?verify@ModelVerifier@@QAEXXZ 004d6290 f   modelverifier.obj
 0002:0001d640       ??0?$MapStringToClass@VMindRegionDef@@@@QAE@XZ 004d6640 f i modelverifier.obj
 0002:0001d6a0       ??1?$MapStringToClass@VMindRegionDef@@@@QAE@XZ 004d66a0 f i modelverifier.obj
 0002:0001d700       ?getMindMap@MindService@@QAEPAVMindMap@@XZ 004d6700 f i modelverifier.obj
 0002:0001d740       ?checkCircuits@ModelVerifier@@AAEXXZ 004d6740 f   modelverifier_circuits.obj
 0002:0001da60       ?checkCircuits_verifyComponents@ModelVerifier@@AAE_NVString@@@Z 004d6a60 f   modelverifier_circuits.obj
 0002:0001de20       ?checkCircuits_verifyLinks@ModelVerifier@@AAE_NVString@@@Z 004d6e20 f   modelverifier_circuits.obj
 0002:0001e0a0       ??0XmlCircuitLinkInfo@@QAE@XZ 004d70a0 f i modelverifier_circuits.obj
 0002:0001e160       ??1XmlCircuitLinkInfo@@QAE@XZ 004d7160 f i modelverifier_circuits.obj
 0002:0001e220       ?checkCircuits_verifyCircuitLink@ModelVerifier@@AAE_NAAVXmlCircuitInfo@@AAVXmlCircuitLinkInfo@@@Z 004d7220 f   modelverifier_circuits.obj
 0002:0001eea0       ??0?$FlatList@VXml@@@@QAE@XZ 004d7ea0 f i modelverifier_circuits.obj
 0002:0001ef00       ??1?$FlatList@VXml@@@@QAE@XZ 004d7f00 f i modelverifier_circuits.obj
 0002:0001ef70       ?count@?$FlatList@VXml@@@@QBEHXZ 004d7f70 f i modelverifier_circuits.obj
 0002:0001efb0       ?get@?$FlatList@VXml@@@@QBE?AVXml@@H@Z 004d7fb0 f i modelverifier_circuits.obj
 0002:0001f190       ?count@MapStringToString@@QAEHXZ 004d8190 f i modelverifier_circuits.obj
 0002:0001f1f0       ?getClassByIndex@MapStringToString@@QAEPBDH@Z 004d81f0 f i modelverifier_circuits.obj
 0002:0001f2a0       ?getKeyByIndex@MapStringToString@@QAEPBDH@Z 004d82a0 f i modelverifier_circuits.obj
 0002:0001f350       ?checkHierarchy@ModelVerifier@@AAEXXZ 004d8350 f   modelverifier_hmind.obj
 0002:0001f580       ?checkHierarchy_verifyChild@ModelVerifier@@AAE_NVString@@_N@Z 004d8580 f   modelverifier_hmind.obj
 0002:0001fe40       ?checkHierarchy_verifyConnectors@ModelVerifier@@AAE_NPAVMindRegionDef@@ABVXmlHMindElementInfo@@@Z 004d8e40 f   modelverifier_hmind.obj
 0002:00020500       ?add@?$MapStringToClass@VMindRegionDef@@@@QAEHPBDPAVMindRegionDef@@@Z 004d9500 f i modelverifier_hmind.obj
 0002:00020710       ?get@?$MapStringToClass@VMindRegionDef@@@@QAEPAVMindRegionDef@@PBD@Z 004d9710 f i modelverifier_hmind.obj
 0002:000207c0       ?clear@?$MapStringToClass@VMindRegionDef@@@@QAEXXZ 004d97c0 f i modelverifier_hmind.obj
 0002:00020820       ?getId@MindRegionDef@@QAE?AVString@@XZ 004d9820 f i modelverifier_hmind.obj
 0002:000208e0       ?checkMindModel@ModelVerifier@@AAEXXZ 004d98e0 f   modelverifier_mind.obj
 0002:00020a00       ?checkMindModel_verifyRegion@ModelVerifier@@AAE_NPAVMindRegionDef@@@Z 004d9a00 f   modelverifier_mind.obj
 0002:00020fe0       ??0XmlCircuitFind@@QAE@XZ  004d9fe0 f i modelverifier_mind.obj
 0002:00021080       ??1XmlCircuitFind@@QAE@XZ  004da080 f i modelverifier_mind.obj
 0002:00021120       ?checkMindModel_verifyLinkedConnectors@ModelVerifier@@AAE_NPAVMindRegionDef@@PAVMindRegion@@@Z 004da120 f   modelverifier_mind.obj
 0002:00021800       ?checkMindModel_verifyRegionCircuits@ModelVerifier@@AAE_NPAVMindRegionDef@@PAVMindRegion@@@Z 004da800 f   modelverifier_mind.obj
 0002:00021c00       ?checkMindModel_verifyLinkDuplicates@ModelVerifier@@AAE_NXZ 004dac00 f   modelverifier_mind.obj
 0002:00022740       ?count@?$ClassList@VMindLocalCircuitDef@@@@QBEHXZ 004db740 f i modelverifier_mind.obj
 0002:000227a0       ?getRef@?$ClassList@VMindLocalCircuitDef@@@@QBEAAVMindLocalCircuitDef@@H@Z 004db7a0 f i modelverifier_mind.obj
 0002:00022800       ?count@?$MapStringToClass@VMindRegionDef@@@@QAEHXZ 004db800 f i modelverifier_mind.obj
 0002:00022860       ?getClassByIndex@?$MapStringToClass@VMindRegionDef@@@@QAEPAVMindRegionDef@@H@Z 004db860 f i modelverifier_mind.obj
 0002:00022920       ??0?$MapStringToClass@VMindLocalCircuitConnectionDef@@@@QAE@XZ 004db920 f i modelverifier_mind.obj
 0002:00022980       ??1?$MapStringToClass@VMindLocalCircuitConnectionDef@@@@QAE@XZ 004db980 f i modelverifier_mind.obj
 0002:000229e0       ?add@?$MapStringToClass@VMindLocalCircuitConnectionDef@@@@QAEHPBDPAVMindLocalCircuitConnectionDef@@@Z 004db9e0 f i modelverifier_mind.obj
 0002:00022bf0       ?get@?$MapStringToClass@VMindLocalCircuitConnectionDef@@@@QAEPAVMindLocalCircuitConnectionDef@@PBD@Z 004dbbf0 f i modelverifier_mind.obj
 0002:00022ca0       ?remove@?$MapStringToClass@VMindLocalCircuitConnectionDef@@@@QAEPAVMindLocalCircuitConnectionDef@@PBD@Z 004dbca0 f i modelverifier_mind.obj
 0002:00022d00       ?count@?$MapStringToClass@VMindLocalCircuitConnectionDef@@@@QAEHXZ 004dbd00 f i modelverifier_mind.obj
 0002:00022d60       ?getClassByIndex@?$MapStringToClass@VMindLocalCircuitConnectionDef@@@@QAEPAVMindLocalCircuitConnectionDef@@H@Z 004dbd60 f i modelverifier_mind.obj
 0002:00022e20       ?count@?$ClassList@VNeuroLink@@@@QBEHXZ 004dbe20 f i modelverifier_mind.obj
 0002:00022e80       ?count@?$ClassList@VMindRegionLink@@@@QBEHXZ 004dbe80 f i modelverifier_mind.obj
 0002:00022ee0       ?getRef@?$ClassList@VMindRegionLink@@@@QBEAAVMindRegionLink@@H@Z 004dbee0 f i modelverifier_mind.obj
 0002:00022f40       ?get@?$ClassList@VMindLocalCircuitDef@@@@QBEPAVMindLocalCircuitDef@@H@Z 004dbf40 f i modelverifier_mind.obj
 0002:00022fa0       ?get@?$ClassList@VMindRegionLink@@@@QBEPAVMindRegionLink@@H@Z 004dbfa0 f i modelverifier_mind.obj
 0002:00023000       ?getMindLocalCircuits@MindMap@@QAEAAV?$ClassList@VMindLocalCircuitDef@@@@XZ 004dc000 f i modelverifier_mind.obj
 0002:00023040       ?isTarget@MindRegionDef@@QAE_NXZ 004dc040 f i modelverifier_mind.obj
 0002:00023140       ?getConnections@MindLocalCircuitDef@@QAEAAV?$MapStringToClass@VMindLocalCircuitConnectionDef@@@@XZ 004dc140 f i modelverifier_mind.obj
 0002:00023200       ?getSrcRegion@MindLocalCircuitConnectionDef@@QAE?AVString@@XZ 004dc200 f i modelverifier_mind.obj
 0002:00023300       ?getCircuitDef@MindLocalCircuitConnectionDef@@QAEPAVMindLocalCircuitDef@@XZ 004dc300 f i modelverifier_mind.obj
 0002:00023340       ?getLinks@NeuroLinkSource@@QAEAAV?$ClassList@VNeuroLink@@@@XZ 004dc340 f i modelverifier_mind.obj
 0002:00023380       ?checkMuscles@ModelVerifier@@AAEXXZ 004dc380 f   modelverifier_muscles.obj
 0002:00023630       ?checkMuscles_verifyNerve@ModelVerifier@@AAE_NAAVXmlMuscleInfo@@VString@@1@Z 004dc630 f   modelverifier_muscles.obj
 0002:00024410       ?checkMuscles_verifyNerves@ModelVerifier@@AAE_NVString@@@Z 004dd410 f   modelverifier_muscles.obj
 0002:000249f0       ?find@StringList@@QAEHVString@@@Z 004dd9f0 f i modelverifier_muscles.obj
 0002:00024b20       ?checkNerves@ModelVerifier@@AAEXXZ 004ddb20 f   modelverifier_nerves.obj
 0002:00024eb0       ?getDivisions@XmlNerves@@QAEAAV?$ClassList@VXmlNerveInfo@@@@XZ 004ddeb0 f i modelverifier_nerves.obj
 0002:00024ef0       ?checkNerves_verifyComponents@ModelVerifier@@AAE_NVString@@@Z 004ddef0 f   modelverifier_nerves.obj
 0002:000253f0       ?checkNerves_verifyModalityByChilds@ModelVerifier@@AAE_NAAVXmlNerveInfo@@AAVMapStringToPtr@@@Z 004de3f0 f   modelverifier_nerves.obj
 0002:00025e10       ?checkNerves_verifyFiberIsCovered@ModelVerifier@@AAE_NVString@@AAVStringList@@@Z 004dee10 f   modelverifier_nerves.obj
 0002:00025ff0       ?checkNerves_verifyModalityIsCoveredByFibers@ModelVerifier@@AAE_NVString@@AAVMapStringToPtr@@@Z 004deff0 f   modelverifier_nerves.obj
 0002:00026200       ?checkFiberComp@ModelVerifier@@AAE_NAAVXmlNerveInfo@@AAVXmlNerveFiberInfo@@VString@@@Z 004df200 f   modelverifier_nerves.obj
 0002:00026750       ?checkNerves_verifyLinks@ModelVerifier@@AAE_NAAVXmlNerveInfo@@AAVXmlNerveFiberInfo@@@Z 004df750 f   modelverifier_nerves.obj
 0002:00026d70       ?checkFiberType@ModelVerifier@@AAE_NAAVXmlNerveInfo@@AAVXmlNerveFiberInfo@@VString@@@Z 004dfd70 f   modelverifier_nerves.obj
 0002:000272f0       ?checkNerves_verifyFiberChain@ModelVerifier@@AAE_NAAVXmlNerveInfo@@AAVXmlNerveFiberInfo@@VString@@2W4ModelVerifierFiberChainPosEnum@@HH@Z 004e02f0 f   modelverifier_nerves.obj
 0002:000279e0       ?count@?$MapStringToClass@VXmlNerveInfo@@@@QAEHXZ 004e09e0 f i modelverifier_nerves.obj
 0002:00027a40       ?getClassRefByIndex@?$MapStringToClass@VXmlNerveInfo@@@@QAEAAVXmlNerveInfo@@H@Z 004e0a40 f i modelverifier_nerves.obj
 0002:00027b00       ?count@?$ClassList@VXmlNerveInfo@@@@QBEHXZ 004e0b00 f i modelverifier_nerves.obj
 0002:00027b60       ?getRef@?$ClassList@VXmlNerveInfo@@@@QBEAAVXmlNerveInfo@@H@Z 004e0b60 f i modelverifier_nerves.obj
 0002:00027bc0       ?count@?$ClassList@VXmlNerveFiberInfo@@@@QBEHXZ 004e0bc0 f i modelverifier_nerves.obj
 0002:00027c20       ?getRef@?$ClassList@VXmlNerveFiberInfo@@@@QBEAAVXmlNerveFiberInfo@@H@Z 004e0c20 f i modelverifier_nerves.obj
 0002:00027c80       ?get@?$ClassList@VXmlNerveInfo@@@@QBEPAVXmlNerveInfo@@H@Z 004e0c80 f i modelverifier_nerves.obj
 0002:00027ce0       ?get@?$ClassList@VXmlNerveFiberInfo@@@@QBEPAVXmlNerveFiberInfo@@H@Z 004e0ce0 f i modelverifier_nerves.obj
 0002:00027d40       ??0MapStringToPtr@@QAE@XZ  004e0d40 f i modelverifier_nerves.obj
 0002:00027da0       ??1MapStringToPtr@@QAE@XZ  004e0da0 f i modelverifier_nerves.obj
 0002:00027e00       ?addnew@MapStringToPtr@@QAEHPBDPAX@Z 004e0e00 f i modelverifier_nerves.obj
 0002:00028090       ?addnew@MapStringToPtr@@QAEXAAV1@@Z 004e1090 f i modelverifier_nerves.obj
 0002:00028140       ?addnew@MapStringToPtr@@QAEXAAVStringList@@PAX@Z 004e1140 f i modelverifier_nerves.obj
 0002:00028260       ?get@MapStringToPtr@@QAEPAXPBD@Z 004e1260 f i modelverifier_nerves.obj
 0002:00028310       ?count@MapStringToPtr@@QAEHXZ 004e1310 f i modelverifier_nerves.obj
 0002:00028370       ?destroy@MapStringToPtr@@QAEXXZ 004e1370 f i modelverifier_nerves.obj
 0002:000283d0       ?getKeyByIndex@MapStringToPtr@@QAEPBDH@Z 004e13d0 f i modelverifier_nerves.obj
 0002:00028480       ?checkSpinal@ModelVerifier@@AAEXXZ 004e1480 f   modelverifier_spinal.obj
 0002:00028550       ?checkSpinal_verifyEndings@ModelVerifier@@AAE_NXZ 004e1550 f   modelverifier_spinal.obj
 0002:00028620       ?getTracts@XmlHMind@@QAEPAVXmlTracts@@XZ 004e1620 f i modelverifier_spinal.obj
 0002:00028660       ?getEndingMap@XmlTracts@@QAEAAV?$MapStringToClass@VXmlBrainEnding@@@@XZ 004e1660 f i modelverifier_spinal.obj
 0002:000286a0       ?checkSpinal_verifyEndingData@ModelVerifier@@AAE_NAAVXmlBrainEnding@@@Z 004e16a0 f   modelverifier_spinal.obj
 0002:000288d0       ?checkSpinal_verifyFibers@ModelVerifier@@AAE_NXZ 004e18d0 f   modelverifier_spinal.obj
 0002:000289a0       ?getFibers@XmlTracts@@QAEAAV?$MapStringToClass@VXmlBrainFiber@@@@XZ 004e19a0 f i modelverifier_spinal.obj
 0002:000289e0       ?checkSpinal_verifyFiberData@ModelVerifier@@AAE_NAAVXmlBrainFiber@@@Z 004e19e0 f   modelverifier_spinal.obj
 0002:00028ed0       ?checkSpinal_verifyTracts@ModelVerifier@@AAE_NXZ 004e1ed0 f   modelverifier_spinal.obj
 0002:00028fa0       ?getTracts@XmlTracts@@QAEAAV?$MapStringToClass@VXmlBrainTractSet@@@@XZ 004e1fa0 f i modelverifier_spinal.obj
 0002:00028fe0       ?checkSpinal_verifyTractSet@ModelVerifier@@AAE_NAAVXmlBrainTractSet@@@Z 004e1fe0 f   modelverifier_spinal.obj
 0002:00029090       ?checkSpinal_verifyTractData@ModelVerifier@@AAE_NAAVXmlBrainTract@@@Z 004e2090 f   modelverifier_spinal.obj
 0002:000291b0       ?checkSpinal_verifyTractPathData@ModelVerifier@@AAE_NAAVXmlBrainTract@@AAVXmlBrainTractPath@@@Z 004e21b0 f   modelverifier_spinal.obj
 0002:000298d0       ?count@?$MapStringToClass@VXmlBrainTractSet@@@@QAEHXZ 004e28d0 f i modelverifier_spinal.obj
 0002:00029930       ?getClassRefByIndex@?$MapStringToClass@VXmlBrainTractSet@@@@QAEAAVXmlBrainTractSet@@H@Z 004e2930 f i modelverifier_spinal.obj
 0002:000299f0       ?count@?$MapStringToClass@VXmlBrainFiber@@@@QAEHXZ 004e29f0 f i modelverifier_spinal.obj
 0002:00029a50       ?getClassRefByIndex@?$MapStringToClass@VXmlBrainFiber@@@@QAEAAVXmlBrainFiber@@H@Z 004e2a50 f i modelverifier_spinal.obj
 0002:00029b10       ?count@?$MapStringToClass@VXmlBrainEnding@@@@QAEHXZ 004e2b10 f i modelverifier_spinal.obj
 0002:00029b70       ?getClassRefByIndex@?$MapStringToClass@VXmlBrainEnding@@@@QAEAAVXmlBrainEnding@@H@Z 004e2b70 f i modelverifier_spinal.obj
 0002:00029c30       ?count@?$MapStringToClass@VXmlBrainTract@@@@QAEHXZ 004e2c30 f i modelverifier_spinal.obj
 0002:00029c90       ?getClassRefByIndex@?$MapStringToClass@VXmlBrainTract@@@@QAEAAVXmlBrainTract@@H@Z 004e2c90 f i modelverifier_spinal.obj
 0002:00029d50       ?count@?$MapStringToClass@VXmlBrainTractPath@@@@QAEHXZ 004e2d50 f i modelverifier_spinal.obj
 0002:00029db0       ?getClassRefByIndex@?$MapStringToClass@VXmlBrainTractPath@@@@QAEAAVXmlBrainTractPath@@H@Z 004e2db0 f i modelverifier_spinal.obj
 0002:00029e70       ??0WikiAreaPages@@QAE@PAVWikiMaker@@@Z 004e2e70 f   wikiareapages.obj
 0002:00029f30       ?getClass@WikiAreaPages@@UAEPBDXZ 004e2f30 f i wikiareapages.obj
 0002:00029f70       ??_EWikiAreaPages@@UAEPAXI@Z 004e2f70 f i wikiareapages.obj
 0002:00029f70       ??_GWikiAreaPages@@UAEPAXI@Z 004e2f70 f i wikiareapages.obj
 0002:00029fe0       ??1WikiAreaPages@@UAE@XZ   004e2fe0 f   wikiareapages.obj
 0002:0002a080       ?execute@WikiAreaPages@@QAEXXZ 004e3080 f   wikiareapages.obj
 0002:0002a320       ?createAreaPages_createArea@WikiAreaPages@@AAEXVString@@PAVMindArea@@@Z 004e3320 f   wikiareapages.obj
 0002:0002a6b0       ?createAreaPages_createAreaCircuitTable@WikiAreaPages@@AAEXAAV?$MapStringToClass@VMindLocalCircuitDef@@@@AAVStringList@@@Z 004e36b0 f   wikiareapages.obj
 0002:0002a760       ?createAreaPages_createAreaCircuitTableLine@WikiAreaPages@@AAEXPAVMindLocalCircuitDef@@AAVStringList@@@Z 004e3760 f   wikiareapages.obj
 0002:0002ac80       ?createAreaPages_createCircuitsAndReferencesTableSection@WikiAreaPages@@AAEXVString@@PAVMindArea@@@Z 004e3c80 f   wikiareapages.obj
 0002:0002b550       ?createAreaPages_getCircuitKey@WikiAreaPages@@AAE?AVString@@PAVMindArea@@AAVXmlCircuitInfo@@@Z 004e4550 f   wikiareapages.obj
 0002:0002bac0       ?createAreaPages_getCircuitLines@WikiAreaPages@@AAEXAAVXmlCircuitInfo@@AAVStringList@@@Z 004e4ac0 f   wikiareapages.obj
 0002:0002bf70       ?createAreaPages_createRegionPages@WikiAreaPages@@AAEXVString@@PAVMindArea@@@Z 004e4f70 f   wikiareapages.obj
 0002:0002c100       ?createAreaPages_createAreaCircuit@WikiAreaPages@@AAEXPAVMindArea@@AAVMindLocalCircuitDef@@AAVStringList@@@Z 004e5100 f   wikiareapages.obj
 0002:0002c3b0       ?createAreaPages_createRegionTableSection@WikiAreaPages@@AAEXPAVMindArea@@AAVMindLocalCircuitDef@@AAVStringList@@@Z 004e53b0 f   wikiareapages.obj
 0002:0002c570       ?createAreaPages_getRegionTableRow@WikiAreaPages@@AAE?AVString@@PAVMindRegionDef@@@Z 004e5570 f   wikiareapages.obj
 0002:0002cf20       ?createAreaPages_createConnectivityTableSection@WikiAreaPages@@AAEXPAVMindArea@@AAVMindLocalCircuitDef@@AAVStringList@@@Z 004e5f20 f   wikiareapages.obj
 0002:0002d1d0       ?createAreaPages_addInternalConnections@WikiAreaPages@@AAEXPAVMindArea@@AAVMindLocalCircuitDef@@AAVStringList@@AAV?$MapStringToClass@VMindLocalCircuitConnectionDef@@@@@Z 004e61d0 f   wikiareapages.obj
 0002:0002d2b0       ?createAreaPages_addExternalConnections@WikiAreaPages@@AAEXPAVMindArea@@AAVMindLocalCircuitDef@@AAVStringList@@AAV?$MapStringToClass@VMindLocalCircuitConnectionDef@@@@_N@Z 004e62b0 f   wikiareapages.obj
 0002:0002d890       ?createAreaPages_getInternalConnections@WikiAreaPages@@AAEXPAVMindArea@@AAVMindLocalCircuitDef@@AAV?$MapStringToClass@VMindLocalCircuitConnectionDef@@@@@Z 004e6890 f   wikiareapages.obj
 0002:0002db30       ?createAreaPages_getExternalConnections@WikiAreaPages@@AAEXPAVMindArea@@AAVMindLocalCircuitDef@@AAV?$MapStringToClass@VMindLocalCircuitConnectionDef@@@@_N@Z 004e6b30 f   wikiareapages.obj
 0002:0002e2f0       ?createAreaPages_addInternalConnectionTableLine@WikiAreaPages@@AAEXPAVMindArea@@AAVMindLocalCircuitDef@@PAVMindLocalCircuitConnectionDef@@AAVStringList@@@Z 004e72f0 f   wikiareapages.obj
 0002:0002e920       ?createAreaPages_getExternalConnectionTableLine@WikiAreaPages@@AAEXPAVMindArea@@AAVMindLocalCircuitDef@@PAVMindLocalCircuitConnectionDef@@AAVStringList@@_NPBD@Z 004e7920 f   wikiareapages.obj
 0002:00030120       ?getTargetLinkConnectors@WikiAreaPages@@AAEXPAVMindRegion@@0AAVMapStringToString@@@Z 004e9120 f   wikiareapages.obj
 0002:00030340       ?createDotFile_getRegionLabel@WikiAreaPages@@AAE?AVString@@PAVMindRegionDef@@@Z 004e9340 f   wikiareapages.obj
 0002:00030740       ?createDotFile@WikiAreaPages@@AAEXPAVMindArea@@AAVMindLocalCircuitDef@@AAV?$MapStringToClass@VMindLocalCircuitConnectionDef@@@@22@Z 004e9740 f   wikiareapages.obj
 0002:00031640       ?getRegionColor@WikiAreaPages@@AAE?AVString@@V2@@Z 004ea640 f   wikiareapages.obj
 0002:000318f0       ?getParent@XmlHMindElementInfo@@QBEPAV1@XZ 004ea8f0 f i wikiareapages.obj
 0002:00031930       ?createDotFile_subgraph@WikiAreaPages@@AAEXPAVMindArea@@AAVMindLocalCircuitDef@@_NAAV?$MapStringToClass@VMindLocalCircuitConnectionDef@@@@AAVStringList@@AAVString@@@Z 004ea930 f   wikiareapages.obj
 0002:00033800       ?count@?$MapStringToClass@VMindLocalCircuitDef@@@@QAEHXZ 004ec800 f i wikiareapages.obj
 0002:00033860       ?getClassByIndex@?$MapStringToClass@VMindLocalCircuitDef@@@@QAEPAVMindLocalCircuitDef@@H@Z 004ec860 f i wikiareapages.obj
 0002:00033920       ?getClassRefByIndex@?$MapStringToClass@VMindLocalCircuitDef@@@@QAEAAVMindLocalCircuitDef@@H@Z 004ec920 f i wikiareapages.obj
 0002:000339e0       ?getKeyByIndex@?$MapStringToClass@VMindRegionDef@@@@QAEPBDH@Z 004ec9e0 f i wikiareapages.obj
 0002:00033a90       ??0?$ClassList@VMindLocalCircuitConnectionDef@@@@QAE@XZ 004eca90 f i wikiareapages.obj
 0002:00033af0       ??1?$ClassList@VMindLocalCircuitConnectionDef@@@@QAE@XZ 004ecaf0 f i wikiareapages.obj
 0002:00033b50       ?count@?$ClassList@VMindLocalCircuitConnectionDef@@@@QBEHXZ 004ecb50 f i wikiareapages.obj
 0002:00033bb0       ?get@?$ClassList@VMindLocalCircuitConnectionDef@@@@QBEPAVMindLocalCircuitConnectionDef@@H@Z 004ecbb0 f i wikiareapages.obj
 0002:00033c10       ?add@?$ClassList@VMindLocalCircuitConnectionDef@@@@QAEHPAVMindLocalCircuitConnectionDef@@@Z 004ecc10 f i wikiareapages.obj
 0002:00033cb0       ?getKeyByIndex@?$MapStringToClass@VMindLocalCircuitConnectionDef@@@@QAEPBDH@Z 004eccb0 f i wikiareapages.obj
 0002:00033d60       ??0?$MapStringToClass@VMindArea@@@@QAE@XZ 004ecd60 f i wikiareapages.obj
 0002:00033dc0       ??1?$MapStringToClass@VMindArea@@@@QAE@XZ 004ecdc0 f i wikiareapages.obj
 0002:00033e20       ?add@?$MapStringToClass@VMindArea@@@@QAEHPBDPAVMindArea@@@Z 004ece20 f i wikiareapages.obj
 0002:00034030       ?get@?$MapStringToClass@VMindArea@@@@QAEPAVMindArea@@PBD@Z 004ed030 f i wikiareapages.obj
 0002:000340e0       ?count@?$MapStringToClass@VMindArea@@@@QAEHXZ 004ed0e0 f i wikiareapages.obj
 0002:00034140       ?getClassByIndex@?$MapStringToClass@VMindArea@@@@QAEPAVMindArea@@H@Z 004ed140 f i wikiareapages.obj
 0002:00034200       ??0?$MapStringToClass@VMindRegion@@@@QAE@XZ 004ed200 f i wikiareapages.obj
 0002:00034260       ??1?$MapStringToClass@VMindRegion@@@@QAE@XZ 004ed260 f i wikiareapages.obj
 0002:000342c0       ?add@?$MapStringToClass@VMindRegion@@@@QAEHPBDPAVMindRegion@@@Z 004ed2c0 f i wikiareapages.obj
 0002:000344d0       ?addnew@?$MapStringToClass@VMindRegion@@@@QAEHPBDPAVMindRegion@@@Z 004ed4d0 f i wikiareapages.obj
 0002:000345a0       ?get@?$MapStringToClass@VMindRegion@@@@QAEPAVMindRegion@@PBD@Z 004ed5a0 f i wikiareapages.obj
 0002:00034650       ?count@?$MapStringToClass@VMindRegion@@@@QAEHXZ 004ed650 f i wikiareapages.obj
 0002:000346b0       ?getClassByIndex@?$MapStringToClass@VMindRegion@@@@QAEPAVMindRegion@@H@Z 004ed6b0 f i wikiareapages.obj
 0002:00034770       ?getKeyByIndex@?$MapStringToClass@VMindRegion@@@@QAEPBDH@Z 004ed770 f i wikiareapages.obj
 0002:00034820       ??0?$MapStringToClass@V?$MapStringToClass@VMindLocalCircuitConnectionDef@@@@@@QAE@XZ 004ed820 f i wikiareapages.obj
 0002:00034880       ??1?$MapStringToClass@V?$MapStringToClass@VMindLocalCircuitConnectionDef@@@@@@QAE@XZ 004ed880 f i wikiareapages.obj
 0002:000348e0       ?add@?$MapStringToClass@V?$MapStringToClass@VMindLocalCircuitConnectionDef@@@@@@QAEHPBDPAV?$MapStringToClass@VMindLocalCircuitConnectionDef@@@@@Z 004ed8e0 f i wikiareapages.obj
 0002:00034af0       ?get@?$MapStringToClass@V?$MapStringToClass@VMindLocalCircuitConnectionDef@@@@@@QAEPAV?$MapStringToClass@VMindLocalCircuitConnectionDef@@@@PBD@Z 004edaf0 f i wikiareapages.obj
 0002:00034ba0       ?count@?$MapStringToClass@V?$MapStringToClass@VMindLocalCircuitConnectionDef@@@@@@QAEHXZ 004edba0 f i wikiareapages.obj
 0002:00034c00       ?getClassByIndex@?$MapStringToClass@V?$MapStringToClass@VMindLocalCircuitConnectionDef@@@@@@QAEPAV?$MapStringToClass@VMindLocalCircuitConnectionDef@@@@H@Z 004edc00 f i wikiareapages.obj
 0002:00034cc0       ?getKeyByIndex@?$MapStringToClass@V?$MapStringToClass@VMindLocalCircuitConnectionDef@@@@@@QAEPBDH@Z 004edcc0 f i wikiareapages.obj
 0002:00034d70       ??0?$MapStringToClass@V?$MapStringToClass@VMindRegion@@@@@@QAE@XZ 004edd70 f i wikiareapages.obj
 0002:00034dd0       ??1?$MapStringToClass@V?$MapStringToClass@VMindRegion@@@@@@QAE@XZ 004eddd0 f i wikiareapages.obj
 0002:00034e30       ?add@?$MapStringToClass@V?$MapStringToClass@VMindRegion@@@@@@QAEHPBDPAV?$MapStringToClass@VMindRegion@@@@@Z 004ede30 f i wikiareapages.obj
 0002:00035040       ?get@?$MapStringToClass@V?$MapStringToClass@VMindRegion@@@@@@QAEPAV?$MapStringToClass@VMindRegion@@@@PBD@Z 004ee040 f i wikiareapages.obj
 0002:000350f0       ?destroy@?$MapStringToClass@V?$MapStringToClass@VMindRegion@@@@@@QAEXXZ 004ee0f0 f i wikiareapages.obj
 0002:000351e0       ??0?$MapStringToClass@V?$ClassList@VMindLocalCircuitConnectionDef@@@@@@QAE@XZ 004ee1e0 f i wikiareapages.obj
 0002:00035240       ??1?$MapStringToClass@V?$ClassList@VMindLocalCircuitConnectionDef@@@@@@QAE@XZ 004ee240 f i wikiareapages.obj
 0002:000352a0       ?add@?$MapStringToClass@V?$ClassList@VMindLocalCircuitConnectionDef@@@@@@QAEHPBDPAV?$ClassList@VMindLocalCircuitConnectionDef@@@@@Z 004ee2a0 f i wikiareapages.obj
 0002:000354b0       ?get@?$MapStringToClass@V?$ClassList@VMindLocalCircuitConnectionDef@@@@@@QAEPAV?$ClassList@VMindLocalCircuitConnectionDef@@@@PBD@Z 004ee4b0 f i wikiareapages.obj
 0002:00035560       ?destroy@?$MapStringToClass@V?$ClassList@VMindLocalCircuitConnectionDef@@@@@@QAEXXZ 004ee560 f i wikiareapages.obj
 0002:00035650       ??_G?$MapStringToClass@VMindRegion@@@@QAEPAXI@Z 004ee650 f i wikiareapages.obj
 0002:000356c0       ??_G?$ClassList@VMindLocalCircuitConnectionDef@@@@QAEPAXI@Z 004ee6c0 f i wikiareapages.obj
 0002:00035730       ?sort@StringList@@QAEXXZ   004ee730 f i wikiareapages.obj
 0002:00035790       ?clear@StringList@@QAEXXZ  004ee790 f i wikiareapages.obj
 0002:000357f0       ??0MapStringToString@@QAE@XZ 004ee7f0 f i wikiareapages.obj
 0002:00035850       ??1MapStringToString@@QAE@XZ 004ee850 f i wikiareapages.obj
 0002:000358b0       ?add@MapStringToString@@QAEHPBD0@Z 004ee8b0 f i wikiareapages.obj
 0002:00035c60       ?addnew@MapStringToString@@QAEHPBD0@Z 004eec60 f i wikiareapages.obj
 0002:00035f10       ?destroy@MapStringToString@@QAEXXZ 004eef10 f i wikiareapages.obj
 0002:00035fc0       ?getServiceName@MindRegionDef@@QAE?AVString@@XZ 004eefc0 f i wikiareapages.obj
 0002:00036080       ?isTargetSensor@MindRegionDef@@QAE_NXZ 004ef080 f i wikiareapages.obj
 0002:00036100       ?isTargetEffector@MindRegionDef@@QAE_NXZ 004ef100 f i wikiareapages.obj
 0002:00036180       ?getName@MindLocalCircuitDef@@QAE?AVString@@XZ 004ef180 f i wikiareapages.obj
 0002:00036240       ?getRegions@MindLocalCircuitDef@@QAEAAV?$MapStringToClass@VMindRegionDef@@@@XZ 004ef240 f i wikiareapages.obj
 0002:00036280       ?getAreaType@MindAreaDef@@QAE?AVString@@XZ 004ef280 f i wikiareapages.obj
 0002:00036340       ?getAreaName@MindAreaDef@@QAE?AVString@@XZ 004ef340 f i wikiareapages.obj
 0002:00036400       ?getCircuits@MindAreaDef@@QAEAAV?$MapStringToClass@VMindLocalCircuitDef@@@@XZ 004ef400 f i wikiareapages.obj
 0002:00036440       ?getTypeName@MindLocalCircuitConnectionDef@@QAE?AVString@@XZ 004ef440 f i wikiareapages.obj
 0002:00036500       ?isPrimary@MindLocalCircuitConnectionDef@@QAE_NXZ 004ef500 f i wikiareapages.obj
 0002:00036540       ?getRegion@TargetRegionConnectorDef@@QAE?AVString@@XZ 004ef540 f i wikiareapages.obj
 0002:00036600       ?getAreaId@MindArea@@QAE?AVString@@XZ 004ef600 f i wikiareapages.obj
 0002:000366c0       ?isTargetArea@MindArea@@QAE_NXZ 004ef6c0 f i wikiareapages.obj
 0002:00036700       ?getMindAreaDef@MindArea@@QAEPAVMindAreaDef@@XZ 004ef700 f i wikiareapages.obj
 0002:00036740       ?getRegionType@MindRegion@@QAEPAVMindRegionTypeDef@@XZ 004ef740 f i wikiareapages.obj
 0002:00036780       ??0WikiCircuitPages@@QAE@PAVWikiMaker@@@Z 004ef780 f   wikicircuitpages.obj
 0002:00036840       ?getClass@WikiCircuitPages@@UAEPBDXZ 004ef840 f i wikicircuitpages.obj
 0002:00036880       ??_EWikiCircuitPages@@UAEPAXI@Z 004ef880 f i wikicircuitpages.obj
 0002:00036880       ??_GWikiCircuitPages@@UAEPAXI@Z 004ef880 f i wikicircuitpages.obj
 0002:000368f0       ??1WikiCircuitPages@@UAE@XZ 004ef8f0 f   wikicircuitpages.obj
 0002:00036990       ?execute@WikiCircuitPages@@QAEXXZ 004ef990 f   wikicircuitpages.obj
 0002:00036bd0       ?createCircuitPage@WikiCircuitPages@@AAEXVString@@0PAVMindGlobalCircuitDef@@@Z 004efbd0 f   wikicircuitpages.obj
 0002:00037120       ?createCircuitPage_getHeading@WikiCircuitPages@@AAEXVString@@PAVMindGlobalCircuitDef@@AAVStringList@@@Z 004f0120 f   wikicircuitpages.obj
 0002:00037540       ?createCircuitPage_getLinkList@WikiCircuitPages@@AAEXPAVMindGlobalCircuitDef@@AAV?$MapStringToClass@VMindLocalCircuitConnectionDef@@@@@Z 004f0540 f   wikicircuitpages.obj
 0002:00037770       ?createCircuitPage_getLinkSection@WikiCircuitPages@@AAEXPAVMindGlobalCircuitDef@@AAV?$MapStringToClass@VMindLocalCircuitConnectionDef@@@@AAVStringList@@@Z 004f0770 f   wikicircuitpages.obj
 0002:00037830       ?createCircuitPage_getLinksRow@WikiCircuitPages@@AAEXPAVMindGlobalCircuitDef@@PAVMindLocalCircuitConnectionDef@@AAVStringList@@@Z 004f0830 f   wikicircuitpages.obj
 0002:00037de0       ?createCircuitPage_getNodeList@WikiCircuitPages@@AAEXPAVMindGlobalCircuitDef@@AAV?$MapStringToClass@VMindRegion@@@@@Z 004f0de0 f   wikicircuitpages.obj
 0002:00038080       ?createCircuitPage_getNodeSection@WikiCircuitPages@@AAEXPAVMindGlobalCircuitDef@@AAV?$MapStringToClass@VMindRegion@@@@AAVStringList@@@Z 004f1080 f   wikicircuitpages.obj
 0002:00038140       ?createCircuitPage_getNodesRow@WikiCircuitPages@@AAEXPAVMindGlobalCircuitDef@@PAVMindRegion@@AAVStringList@@@Z 004f1140 f   wikicircuitpages.obj
 0002:00038780       ?createCircuitPage_getDiagram@WikiCircuitPages@@AAEXPAVMindGlobalCircuitDef@@AAV?$MapStringToClass@VMindRegion@@@@AAV?$MapStringToClass@VMindLocalCircuitConnectionDef@@@@AAVStringList@@@Z 004f1780 f   wikicircuitpages.obj
 0002:00039400       ?count@?$ClassList@VMindGlobalCircuitDef@@@@QBEHXZ 004f2400 f i wikicircuitpages.obj
 0002:00039460       ?get@?$ClassList@VMindGlobalCircuitDef@@@@QBEPAVMindGlobalCircuitDef@@H@Z 004f2460 f i wikicircuitpages.obj
 0002:000394c0       ?getMindGlobalCircuits@MindMap@@QAEAAV?$ClassList@VMindGlobalCircuitDef@@@@XZ 004f24c0 f i wikicircuitpages.obj
 0002:00039500       ?getId@MindGlobalCircuitDef@@QAE?AVString@@XZ 004f2500 f i wikicircuitpages.obj
 0002:000395c0       ?getName@MindGlobalCircuitDef@@QAE?AVString@@XZ 004f25c0 f i wikicircuitpages.obj
 0002:00039680       ?getConnections@MindGlobalCircuitDef@@QAEAAV?$ClassList@VMindLocalCircuitConnectionDef@@@@XZ 004f2680 f i wikicircuitpages.obj
 0002:000396c0       ??0WikiHierarchyPage@@QAE@PAVWikiMaker@@@Z 004f26c0 f   wikihierarchypage.obj
 0002:00039780       ?getClass@WikiHierarchyPage@@UAEPBDXZ 004f2780 f i wikihierarchypage.obj
 0002:000397c0       ??_GWikiHierarchyPage@@UAEPAXI@Z 004f27c0 f i wikihierarchypage.obj
 0002:000397c0       ??_EWikiHierarchyPage@@UAEPAXI@Z 004f27c0 f i wikihierarchypage.obj
 0002:00039830       ??1WikiHierarchyPage@@UAE@XZ 004f2830 f   wikihierarchypage.obj
 0002:000398d0       ?execute@WikiHierarchyPage@@QAEXXZ 004f28d0 f   wikihierarchypage.obj
 0002:00039d50       ?updateHierarchyPage_walkTree@WikiHierarchyPage@@AAEXVString@@HAAVStringList@@PAVMindArea@@PAVMindRegion@@@Z 004f2d50 f   wikihierarchypage.obj
 0002:0003a220       ?updateHierarchyPage_getArea@WikiHierarchyPage@@AAEPAVMindArea@@VString@@@Z 004f3220 f   wikihierarchypage.obj
 0002:0003a660       ?updateHierarchyPage_getRegion@WikiHierarchyPage@@AAEPAVMindRegion@@VString@@@Z 004f3660 f   wikihierarchypage.obj
 0002:0003aa90       ?updateHierarchyPage_getElementString@WikiHierarchyPage@@AAE?AVString@@V2@PAVMindArea@@PAVMindRegion@@12@Z 004f3a90 f   wikihierarchypage.obj
 0002:0003b600       ?updateHierarchyPage_walkNeocortex@WikiHierarchyPage@@AAEXVString@@00@Z 004f4600 f   wikihierarchypage.obj
 0002:0003b960       ?updateHierarchyPage_getNeocortexLobeLines@WikiHierarchyPage@@AAEXVString@@AAVStringList@@@Z 004f4960 f   wikihierarchypage.obj
 0002:0003c110       ?updateHierarchyPage_getNeocortexBrodmannLine@WikiHierarchyPage@@AAE?AVString@@V2@0@Z 004f5110 f   wikihierarchypage.obj
 0002:0003c400       ?updateHierarchyPage_walkNeocortexBrodmannLine@WikiHierarchyPage@@AAEXVString@@0AAVStringList@@@Z 004f5400 f   wikihierarchypage.obj
 0002:0003d000       ?get@MapStringToString@@QAEPBDPBD@Z 004f6000 f i wikihierarchypage.obj
 0002:0003d0b0       ??0WikiMainPage@@QAE@PAVWikiMaker@@@Z 004f60b0 f   wikimainpage.obj
 0002:0003d170       ?getClass@WikiMainPage@@UAEPBDXZ 004f6170 f i wikimainpage.obj
 0002:0003d1b0       ??_GWikiMainPage@@UAEPAXI@Z 004f61b0 f i wikimainpage.obj
 0002:0003d1b0       ??_EWikiMainPage@@UAEPAXI@Z 004f61b0 f i wikimainpage.obj
 0002:0003d220       ??1WikiMainPage@@UAE@XZ    004f6220 f   wikimainpage.obj
 0002:0003d2c0       ?execute@WikiMainPage@@QAEXXZ 004f62c0 f   wikimainpage.obj
 0002:0003d8d0       ??0?$MapStringToClass@VMindGlobalCircuitDef@@@@QAE@XZ 004f68d0 f i wikimainpage.obj
 0002:0003d930       ??1?$MapStringToClass@VMindGlobalCircuitDef@@@@QAE@XZ 004f6930 f i wikimainpage.obj
 0002:0003d990       ?add@?$MapStringToClass@VMindGlobalCircuitDef@@@@QAEHPBDPAVMindGlobalCircuitDef@@@Z 004f6990 f i wikimainpage.obj
 0002:0003dba0       ?count@?$MapStringToClass@VMindGlobalCircuitDef@@@@QAEHXZ 004f6ba0 f i wikimainpage.obj
 0002:0003dc00       ?getClassByIndex@?$MapStringToClass@VMindGlobalCircuitDef@@@@QAEPAVMindGlobalCircuitDef@@H@Z 004f6c00 f i wikimainpage.obj
 0002:0003dcc0       ??0WikiMaker@@QAE@VXml@@@Z 004f6cc0 f   wikimaker.obj
 0002:0003dde0       ?getClass@WikiMaker@@UAEPBDXZ 004f6de0 f i wikimaker.obj
 0002:0003de20       ??_EWikiMaker@@UAEPAXI@Z   004f6e20 f i wikimaker.obj
 0002:0003de20       ??_GWikiMaker@@UAEPAXI@Z   004f6e20 f i wikimaker.obj
 0002:0003de90       ??1WikiMaker@@UAE@XZ       004f6e90 f   wikimaker.obj
 0002:0003df80       ?createPages@WikiMaker@@QAEXXZ 004f6f80 f   wikimaker.obj
 0002:0003e040       ?createSpinalCordPage@WikiMaker@@AAEXXZ 004f7040 f   wikimaker.obj
 0002:0003e130       ?createTractsPages@WikiMaker@@AAEXXZ 004f7130 f   wikimaker.obj
 0002:0003e220       ?createPeripheralPage@WikiMaker@@AAEXXZ 004f7220 f   wikimaker.obj
 0002:0003e380       ?createMainPage@WikiMaker@@AAEXXZ 004f7380 f   wikimaker.obj
 0002:0003e470       ?createCircuitPages@WikiMaker@@AAEXXZ 004f7470 f   wikimaker.obj
 0002:0003e560       ?updateHierarchyPage@WikiMaker@@AAEXXZ 004f7560 f   wikimaker.obj
 0002:0003e650       ?createAreaPages@WikiMaker@@AAEXXZ 004f7650 f   wikimaker.obj
 0002:0003e740       ?createNervePages@WikiMaker@@AAEXXZ 004f7740 f   wikimaker.obj
 0002:0003e870       ?createMusclePages@WikiMaker@@AAEXXZ 004f7870 f   wikimaker.obj
 0002:0003e9a0       ?updateFileSection@WikiMaker@@QAEXVString@@00AAVStringList@@@Z 004f79a0 f   wikimaker.obj
 0002:0003fbc0       ?updateFileHeading@WikiMaker@@QAEXVString@@0AAVStringList@@@Z 004f8bc0 f   wikimaker.obj
 0002:000406c0       ?createFileContent@WikiMaker@@QAEXVString@@AAVStringList@@@Z 004f96c0 f   wikimaker.obj
 0002:00040ab0       ?setSpecialCharacters@WikiMaker@@QAE?AVString@@V2@@Z 004f9ab0 f   wikimaker.obj
 0002:00040c40       ?findReference@WikiMaker@@QAE?AVString@@PAVMindRegionLink@@@Z 004f9c40 f   wikimaker.obj
 0002:00040d80       ?findReference@WikiMaker@@QAE?AVString@@PAVMindLocalCircuitConnectionDef@@@Z 004f9d80 f   wikimaker.obj
 0002:00040eb0       ?findReference@WikiMaker@@QAE?AVString@@V2@0@Z 004f9eb0 f   wikimaker.obj
[...]
 0005:000005c8       __imp__HeapFree@12         006755c8     kernel32:KERNEL32.dll
 0005:000005cc       __imp__HeapAlloc@12        006755cc     kernel32:KERNEL32.dll
 0005:000005d0       __imp__GetProcessHeap@0    006755d0     kernel32:KERNEL32.dll
 0005:000005d4       __imp__GetModuleFileNameW@12 006755d4     kernel32:KERNEL32.dll
 0005:000005d8       __imp__VirtualQuery@12     006755d8     kernel32:KERNEL32.dll
 0005:000005dc       __imp__GetModuleHandleW@4  006755dc     kernel32:KERNEL32.dll
 0005:000005e0       __imp__FreeLibrary@4       006755e0     kernel32:KERNEL32.dll
 0005:000005e4       __imp__WaitForSingleObject@8 006755e4     kernel32:KERNEL32.dll
 0005:000005e8       __imp__ReleaseSemaphore@12 006755e8     kernel32:KERNEL32.dll
 0005:000005ec       __imp__CreateSemaphoreA@16 006755ec     kernel32:KERNEL32.dll
 0005:000005f0       __imp__CloseHandle@4       006755f0     kernel32:KERNEL32.dll
 0005:000005f4       __imp__CancelIoEx@8        006755f4     kernel32:KERNEL32.dll
 0005:000005f8       __imp__CreateEventA@16     006755f8     kernel32:KERNEL32.dll
 0005:000005fc       __imp__SetEvent@4          006755fc     kernel32:KERNEL32.dll
 0005:00000600       __imp__ResetEvent@4        00675600     kernel32:KERNEL32.dll
 0005:00000604       __imp__CreateMutexA@12     00675604     kernel32:KERNEL32.dll
 0005:00000608       __imp__ReleaseMutex@4      00675608     kernel32:KERNEL32.dll
 0005:0000060c       __imp__TlsAlloc@0          0067560c     kernel32:KERNEL32.dll
 0005:00000610       __imp__TlsSetValue@8       00675610     kernel32:KERNEL32.dll
 0005:00000614       __imp__TlsGetValue@4       00675614     kernel32:KERNEL32.dll
 0005:00000618       __imp__InterlockedIncrement@4 00675618     kernel32:KERNEL32.dll
 0005:0000061c       __imp__OpenThread@12       0067561c     kernel32:KERNEL32.dll
 0005:00000620       __imp__SuspendThread@4     00675620     kernel32:KERNEL32.dll
 0005:00000624       __imp__ResumeThread@4      00675624     kernel32:KERNEL32.dll
 0005:00000628       __imp__LoadLibraryA@4      00675628     kernel32:KERNEL32.dll
 0005:0000062c       __imp__GetComputerNameA@8  0067562c     kernel32:KERNEL32.dll
 0005:00000630       __imp__GetSystemTimes@12   00675630     kernel32:KERNEL32.dll
 0005:00000634       __imp__GetModuleHandleA@4  00675634     kernel32:KERNEL32.dll
 0005:00000638       __imp__GetModuleFileNameA@12 00675638     kernel32:KERNEL32.dll
 0005:0000063c       __imp__WaitForMultipleObjectsEx@20 0067563c     kernel32:KERNEL32.dll
 0005:00000640       __imp__FindFirstFileA@8    00675640     kernel32:KERNEL32.dll
 0005:00000644       __imp__FindClose@4         00675644     kernel32:KERNEL32.dll
 0005:00000648       __imp__EncodePointer@4     00675648     kernel32:KERNEL32.dll
 0005:0000064c       \177KERNEL32_NULL_THUNK_DATA 0067564c     kernel32:KERNEL32.dll
 0005:000006a4       __imp_?peek@?$basic_istream@DU?$char_traits@D@std@@@std@@QAEHXZ 006756a4     msvcprtd:MSVCP100D.dll
 0005:000006a8       __imp_?get@?$basic_istream@DU?$char_traits@D@std@@@std@@QAEHXZ 006756a8     msvcprtd:MSVCP100D.dll
 0005:000006ac       __imp_?uncaught_exception@std@@YA_NXZ 006756ac     msvcprtd:MSVCP100D.dll
 0005:000006b0       __imp_?_Osfx@?$basic_ostream@DU?$char_traits@D@std@@@std@@QAEXXZ 006756b0     msvcprtd:MSVCP100D.dll
 0005:000006b4       __imp_?good@ios_base@std@@QBE_NXZ 006756b4     msvcprtd:MSVCP100D.dll
 0005:000006b8       __imp_?tie@?$basic_ios@DU?$char_traits@D@std@@@std@@QBEPAV?$basic_ostream@DU?$char_traits@D@std@@@2@XZ 006756b8     msvcprtd:MSVCP100D.dll
 0005:000006bc       __imp_?flush@?$basic_ostream@DU?$char_traits@D@std@@@std@@QAEAAV12@XZ 006756bc     msvcprtd:MSVCP100D.dll
 0005:000006c0       __imp_?width@ios_base@std@@QBE_JXZ 006756c0     msvcprtd:MSVCP100D.dll
 0005:000006c4       __imp_?flags@ios_base@std@@QBEHXZ 006756c4     msvcprtd:MSVCP100D.dll
 0005:000006c8       __imp_?fill@?$basic_ios@DU?$char_traits@D@std@@@std@@QBEDXZ 006756c8     msvcprtd:MSVCP100D.dll
 0005:000006cc       __imp_?rdbuf@?$basic_ios@DU?$char_traits@D@std@@@std@@QBEPAV?$basic_streambuf@DU?$char_traits@D@std@@@2@XZ 006756cc     msvcprtd:MSVCP100D.dll
 0005:000006d0       __imp_?sputc@?$basic_streambuf@DU?$char_traits@D@std@@@std@@QAEHD@Z 006756d0     msvcprtd:MSVCP100D.dll
 0005:000006d4       __imp_?sputn@?$basic_streambuf@DU?$char_traits@D@std@@@std@@QAE_JPBD_J@Z 006756d4     msvcprtd:MSVCP100D.dll
 0005:000006d8       __imp_?width@ios_base@std@@QAE_J_J@Z 006756d8     msvcprtd:MSVCP100D.dll
 0005:000006dc       __imp_?setstate@?$basic_ios@DU?$char_traits@D@std@@@std@@QAEXH_N@Z 006756dc     msvcprtd:MSVCP100D.dll
 0005:000006e0       __imp_??0?$basic_streambuf@DU?$char_traits@D@std@@@std@@IAE@XZ 006756e0     msvcprtd:MSVCP100D.dll
 0005:000006e4       __imp_?_BADOFF@std@@3_JB   006756e4     msvcprtd:MSVCP100D.dll
 0005:000006e8       __imp_?pbump@?$basic_streambuf@DU?$char_traits@D@std@@@std@@IAEXH@Z 006756e8     msvcprtd:MSVCP100D.dll
 0005:000006ec       __imp_?egptr@?$basic_streambuf@DU?$char_traits@D@std@@@std@@IBEPADXZ 006756ec     msvcprtd:MSVCP100D.dll
 0005:000006f0       __imp_?gbump@?$basic_streambuf@DU?$char_traits@D@std@@@std@@IAEXH@Z 006756f0     msvcprtd:MSVCP100D.dll
 0005:000006f4       __imp_?pptr@?$basic_streambuf@DU?$char_traits@D@std@@@std@@IBEPADXZ 006756f4     msvcprtd:MSVCP100D.dll
 0005:000006f8       __imp_?epptr@?$basic_streambuf@DU?$char_traits@D@std@@@std@@IBEPADXZ 006756f8     msvcprtd:MSVCP100D.dll
 0005:000006fc       __imp_?pbase@?$basic_streambuf@DU?$char_traits@D@std@@@std@@IBEPADXZ 006756fc     msvcprtd:MSVCP100D.dll
 0005:00000700       __imp_?setp@?$basic_streambuf@DU?$char_traits@D@std@@@std@@IAEXPAD00@Z 00675700     msvcprtd:MSVCP100D.dll
 0005:00000704       __imp_?_Pninc@?$basic_streambuf@DU?$char_traits@D@std@@@std@@IAEPADXZ 00675704     msvcprtd:MSVCP100D.dll
 0005:00000708       __imp_?eback@?$basic_streambuf@DU?$char_traits@D@std@@@std@@IBEPADXZ 00675708     msvcprtd:MSVCP100D.dll
 0005:0000070c       __imp_?setp@?$basic_streambuf@DU?$char_traits@D@std@@@std@@IAEXPAD0@Z 0067570c     msvcprtd:MSVCP100D.dll
 0005:00000710       __imp_?setg@?$basic_streambuf@DU?$char_traits@D@std@@@std@@IAEXPAD00@Z 00675710     msvcprtd:MSVCP100D.dll
 0005:00000714       __imp_?gptr@?$basic_streambuf@DU?$char_traits@D@std@@@std@@IBEPADXZ 00675714     msvcprtd:MSVCP100D.dll
 0005:00000718       __imp_?imbue@?$basic_streambuf@DU?$char_traits@D@std@@@std@@MAEXABVlocale@2@@Z 00675718     msvcprtd:MSVCP100D.dll
 0005:0000071c       __imp_?sync@?$basic_streambuf@DU?$char_traits@D@std@@@std@@MAEHXZ 0067571c     msvcprtd:MSVCP100D.dll
 0005:00000720       __imp_?setbuf@?$basic_streambuf@DU?$char_traits@D@std@@@std@@MAEPAV12@PAD_J@Z 00675720     msvcprtd:MSVCP100D.dll
 0005:00000724       __imp_?xsputn@?$basic_streambuf@DU?$char_traits@D@std@@@std@@MAE_JPBD_J@Z 00675724     msvcprtd:MSVCP100D.dll
 0005:00000728       __imp_?xsgetn@?$basic_streambuf@DU?$char_traits@D@std@@@std@@MAE_JPAD_J@Z 00675728     msvcprtd:MSVCP100D.dll
 0005:0000072c       __imp_?uflow@?$basic_streambuf@DU?$char_traits@D@std@@@std@@MAEHXZ 0067572c     msvcprtd:MSVCP100D.dll
 0005:00000730       __imp_?showmanyc@?$basic_streambuf@DU?$char_traits@D@std@@@std@@MAE_JXZ 00675730     msvcprtd:MSVCP100D.dll
 0005:00000734       __imp_?_Unlock@?$basic_streambuf@DU?$char_traits@D@std@@@std@@UAEXXZ 00675734     msvcprtd:MSVCP100D.dll
 0005:00000738       __imp_?_Lock@?$basic_streambuf@DU?$char_traits@D@std@@@std@@UAEXXZ 00675738     msvcprtd:MSVCP100D.dll
 0005:0000073c       __imp_??1?$basic_streambuf@DU?$char_traits@D@std@@@std@@UAE@XZ 0067573c     msvcprtd:MSVCP100D.dll
 0005:00000740       __imp_??0?$basic_ios@DU?$char_traits@D@std@@@std@@IAE@XZ 00675740     msvcprtd:MSVCP100D.dll
 0005:00000744       __imp_??0?$basic_ostream@DU?$char_traits@D@std@@@std@@QAE@PAV?$basic_streambuf@DU?$char_traits@D@std@@@1@_N@Z 00675744     msvcprtd:MSVCP100D.dll
 0005:00000748       __imp_??1?$basic_ostream@DU?$char_traits@D@std@@@std@@UAE@XZ 00675748     msvcprtd:MSVCP100D.dll
 0005:0000074c       __imp_??1?$basic_ios@DU?$char_traits@D@std@@@std@@UAE@XZ 0067574c     msvcprtd:MSVCP100D.dll
 0005:00000750       __imp_??6?$basic_ostream@DU?$char_traits@D@std@@@std@@QAEAAV01@H@Z 00675750     msvcprtd:MSVCP100D.dll
 0005:00000754       __imp_?_Debug_message@std@@YAXPB_W0I@Z 00675754     msvcprtd:MSVCP100D.dll
 0005:00000758       __imp_?_Xlength_error@std@@YAXPBD@Z 00675758     msvcprtd:MSVCP100D.dll
 0005:0000075c       __imp_?_Xout_of_range@std@@YAXPBD@Z 0067575c     msvcprtd:MSVCP100D.dll
 0005:00000760       __imp_?_Orphan_all@_Container_base12@std@@QAEXXZ 00675760     msvcprtd:MSVCP100D.dll
 0005:00000764       __imp_??0_Container_base12@std@@QAE@XZ 00675764     msvcprtd:MSVCP100D.dll
 0005:00000768       __imp_??1_Container_base12@std@@QAE@XZ 00675768     msvcprtd:MSVCP100D.dll
 0005:0000076c       \177MSVCP100D_NULL_THUNK_DATA 0067576c     msvcprtd:MSVCP100D.dll
 0005:000007c0       __imp__fopen_s             006757c0     MSVCRTD:MSVCR100D.dll
 0005:000007c4       __imp___wassert            006757c4     MSVCRTD:MSVCR100D.dll
 0005:000007c8       __imp_??_V@YAXPAX@Z        006757c8     MSVCRTD:MSVCR100D.dll
 0005:000007cc       __imp__fread               006757cc     MSVCRTD:MSVCR100D.dll
 0005:000007d0       __imp__ftell               006757d0     MSVCRTD:MSVCR100D.dll
 0005:000007d4       __imp__fseek               006757d4     MSVCRTD:MSVCR100D.dll
 0005:000007d8       __imp__ferror              006757d8     MSVCRTD:MSVCR100D.dll
 0005:000007dc       __imp__fputc               006757dc     MSVCRTD:MSVCR100D.dll
 0005:000007e0       __imp__sscanf_s            006757e0     MSVCRTD:MSVCR100D.dll
 0005:000007e4       __imp__memchr              006757e4     MSVCRTD:MSVCR100D.dll
 0005:000007e8       __imp__isspace             006757e8     MSVCRTD:MSVCR100D.dll
 0005:000007ec       __imp__isalpha             006757ec     MSVCRTD:MSVCR100D.dll
 0005:000007f0       __imp__isalnum             006757f0     MSVCRTD:MSVCR100D.dll
 0005:000007f4       __imp__tolower             006757f4     MSVCRTD:MSVCR100D.dll
 0005:000007f8       __imp__fflush              006757f8     MSVCRTD:MSVCR100D.dll
 0005:000007fc       __imp___ftime64_s          006757fc     MSVCRTD:MSVCR100D.dll
 0005:00000800       __imp___CRT_RTC_INITW      00675800     MSVCRTD:MSVCR100D.dll
 0005:00000804       __imp___configthreadlocale 00675804     MSVCRTD:MSVCR100D.dll
 0005:00000808       __imp____setusermatherr    00675808     MSVCRTD:MSVCR100D.dll
 0005:0000080c       __imp___commode            0067580c     MSVCRTD:MSVCR100D.dll
 0005:00000810       __imp___fmode              00675810     MSVCRTD:MSVCR100D.dll
 0005:00000814       __imp____set_app_type      00675814     MSVCRTD:MSVCR100D.dll
 0005:00000818       __imp___amsg_exit          00675818     MSVCRTD:MSVCR100D.dll
 0005:0000081c       __imp____getmainargs       0067581c     MSVCRTD:MSVCR100D.dll
 0005:00000820       __imp___exit               00675820     MSVCRTD:MSVCR100D.dll
 0005:00000824       __imp___XcptFilter         00675824     MSVCRTD:MSVCR100D.dll
 0005:00000828       __imp___cexit              00675828     MSVCRTD:MSVCR100D.dll
 0005:0000082c       __imp__exit                0067582c     MSVCRTD:MSVCR100D.dll
 0005:00000830       __imp____initenv           00675830     MSVCRTD:MSVCR100D.dll
 0005:00000834       __imp___CrtSetCheckCount   00675834     MSVCRTD:MSVCR100D.dll
 0005:00000838       __imp___CrtDbgReportW      00675838     MSVCRTD:MSVCR100D.dll
 0005:0000083c       __imp___initterm           0067583c     MSVCRTD:MSVCR100D.dll
 0005:00000840       __imp___initterm_e         00675840     MSVCRTD:MSVCR100D.dll
 0005:00000844       __imp___crt_debugger_hook  00675844     MSVCRTD:MSVCR100D.dll
 0005:00000848       __imp_?terminate@@YAXXZ    00675848     MSVCRTD:MSVCR100D.dll
 0005:0000084c       __imp_?_type_info_dtor_internal_method@type_info@@QAEXXZ 0067584c     MSVCRTD:MSVCR100D.dll
 0005:00000850       __imp___controlfp_s        00675850     MSVCRTD:MSVCR100D.dll
 0005:00000854       __imp___invoke_watson      00675854     MSVCRTD:MSVCR100D.dll
 0005:00000858       __imp___unlock             00675858     MSVCRTD:MSVCR100D.dll
 0005:0000085c       __imp____dllonexit         0067585c     MSVCRTD:MSVCR100D.dll
 0005:00000860       __imp___lock               00675860     MSVCRTD:MSVCR100D.dll
 0005:00000864       __imp___onexit             00675864     MSVCRTD:MSVCR100D.dll
 0005:00000868       __imp___except_handler4_common 00675868     MSVCRTD:MSVCR100D.dll
 0005:0000086c       __imp___wmakepath_s        0067586c     MSVCRTD:MSVCR100D.dll
 0005:00000870       __imp__wcscpy_s            00675870     MSVCRTD:MSVCR100D.dll
 0005:00000874       __imp___wsplitpath_s       00675874     MSVCRTD:MSVCR100D.dll
 0005:00000878       __imp__strcspn             00675878     MSVCRTD:MSVCR100D.dll
 0005:0000087c       __imp__strpbrk             0067587c     MSVCRTD:MSVCR100D.dll
 0005:00000880       __imp__strncpy             00675880     MSVCRTD:MSVCR100D.dll
 0005:00000884       __imp____iob_func          00675884     MSVCRTD:MSVCR100D.dll
 0005:00000888       __imp__fprintf             00675888     MSVCRTD:MSVCR100D.dll
 0005:0000088c       __imp__clock               0067588c     MSVCRTD:MSVCR100D.dll
 0005:00000890       __imp_?_set_se_translator@@YAP6AXIPAU_EXCEPTION_POINTERS@@@ZP6AXI0@Z@Z 00675890     MSVCRTD:MSVCR100D.dll
 0005:00000894       __imp__strspn              00675894     MSVCRTD:MSVCR100D.dll
 0005:00000898       __imp__isxdigit            00675898     MSVCRTD:MSVCR100D.dll
 0005:0000089c       __imp___strlwr             0067589c     MSVCRTD:MSVCR100D.dll
 0005:000008a0       __imp___strupr             006758a0     MSVCRTD:MSVCR100D.dll
 0005:000008a4       __imp__strrchr             006758a4     MSVCRTD:MSVCR100D.dll
 0005:000008a8       __imp__strstr              006758a8     MSVCRTD:MSVCR100D.dll
 0005:000008ac       __imp_?what@exception@std@@UBEPBDXZ 006758ac     MSVCRTD:MSVCR100D.dll
 0005:000008b0       __imp_??0exception@std@@QAE@ABQBD@Z 006758b0     MSVCRTD:MSVCR100D.dll
 0005:000008b4       __imp_??1exception@std@@UAE@XZ 006758b4     MSVCRTD:MSVCR100D.dll
 0005:000008b8       __imp_??0exception@std@@QAE@ABV01@@Z 006758b8     MSVCRTD:MSVCR100D.dll
 0005:000008bc       __imp__strchr              006758bc     MSVCRTD:MSVCR100D.dll
 0005:000008c0       __imp__log                 006758c0     MSVCRTD:MSVCR100D.dll
 0005:000008c4       __imp__sqrt                006758c4     MSVCRTD:MSVCR100D.dll
 0005:000008c8       __imp__memcmp              006758c8     MSVCRTD:MSVCR100D.dll
 0005:000008cc       __imp___time64             006758cc     MSVCRTD:MSVCR100D.dll
 0005:000008d0       __imp___localtime64_s      006758d0     MSVCRTD:MSVCR100D.dll
 0005:000008d4       __imp__strcat              006758d4     MSVCRTD:MSVCR100D.dll
 0005:000008d8       __imp__sscanf              006758d8     MSVCRTD:MSVCR100D.dll
 0005:000008dc       __imp__atof                006758dc     MSVCRTD:MSVCR100D.dll
 0005:000008e0       __imp__modf                006758e0     MSVCRTD:MSVCR100D.dll
 0005:000008e4       __imp__strcpy              006758e4     MSVCRTD:MSVCR100D.dll
 0005:000008e8       __imp__atoi                006758e8     MSVCRTD:MSVCR100D.dll
 0005:000008ec       __imp__isdigit             006758ec     MSVCRTD:MSVCR100D.dll
 0005:000008f0       __imp__strncmp             006758f0     MSVCRTD:MSVCR100D.dll
 0005:000008f4       __imp_??3@YAXPAX@Z         006758f4     MSVCRTD:MSVCR100D.dll
 0005:000008f8       __imp_??2@YAPAXI@Z         006758f8     MSVCRTD:MSVCR100D.dll
 0005:000008fc       __imp____CxxFrameHandler3  006758fc     MSVCRTD:MSVCR100D.dll
 0005:00000900       __imp__printf              00675900     MSVCRTD:MSVCR100D.dll
 0005:00000904       __imp___CxxThrowException@8 00675904     MSVCRTD:MSVCR100D.dll
 0005:00000908       __imp___purecall           00675908     MSVCRTD:MSVCR100D.dll
 0005:0000090c       __imp__free                0067590c     MSVCRTD:MSVCR100D.dll
 0005:00000910       __imp__sprintf             00675910     MSVCRTD:MSVCR100D.dll
 0005:00000914       __imp___strdup             00675914     MSVCRTD:MSVCR100D.dll
 0005:00000918       __imp__rename              00675918     MSVCRTD:MSVCR100D.dll
 0005:0000091c       __imp__fclose              0067591c     MSVCRTD:MSVCR100D.dll
 0005:00000920       __imp__fputs               00675920     MSVCRTD:MSVCR100D.dll
 0005:00000924       __imp__fgets               00675924     MSVCRTD:MSVCR100D.dll
 0005:00000928       __imp__feof                00675928     MSVCRTD:MSVCR100D.dll
 0005:0000092c       __imp__remove              0067592c     MSVCRTD:MSVCR100D.dll
 0005:00000930       __imp__fopen               00675930     MSVCRTD:MSVCR100D.dll
 0005:00000934       __imp__memset              00675934     MSVCRTD:MSVCR100D.dll
 0005:00000938       __imp__realloc             00675938     MSVCRTD:MSVCR100D.dll
 0005:0000093c       __imp__calloc              0067593c     MSVCRTD:MSVCR100D.dll
 0005:00000940       __imp__memmove             00675940     MSVCRTD:MSVCR100D.dll
 0005:00000944       __imp__signal              00675944     MSVCRTD:MSVCR100D.dll
 0005:00000948       __imp___beginthreadex      00675948     MSVCRTD:MSVCR100D.dll
 0005:0000094c       __imp___endthreadex        0067594c     MSVCRTD:MSVCR100D.dll
 0005:00000950       __imp__qsort               00675950     MSVCRTD:MSVCR100D.dll
 0005:00000954       __imp__getc                00675954     MSVCRTD:MSVCR100D.dll
 0005:00000958       __imp__vsprintf            00675958     MSVCRTD:MSVCR100D.dll
 0005:0000095c       __imp__strlen              0067595c     MSVCRTD:MSVCR100D.dll
 0005:00000960       __imp__memcpy              00675960     MSVCRTD:MSVCR100D.dll
 0005:00000964       __imp__malloc              00675964     MSVCRTD:MSVCR100D.dll
 0005:00000968       __imp__strcmp              00675968     MSVCRTD:MSVCR100D.dll
 0005:0000096c       __imp___vsnprintf_s        0067596c     MSVCRTD:MSVCR100D.dll
 0005:00000970       \177MSVCR100D_NULL_THUNK_DATA 00675970     MSVCRTD:MSVCR100D.dll
 0005:000009f0       __imp__accept@12           006759f0     Ws2_32:WS2_32.dll
 0005:000009f4       __imp__ntohs@4             006759f4     Ws2_32:WS2_32.dll
 0005:000009f8       __imp__bind@12             006759f8     Ws2_32:WS2_32.dll
 0005:000009fc       __imp__setsockopt@20       006759fc     Ws2_32:WS2_32.dll
 0005:00000a00       __imp__listen@8            00675a00     Ws2_32:WS2_32.dll
 0005:00000a04       __imp__send@16             00675a04     Ws2_32:WS2_32.dll
 0005:00000a08       __imp__recv@16             00675a08     Ws2_32:WS2_32.dll
 0005:00000a0c       __imp__select@20           00675a0c     Ws2_32:WS2_32.dll
 0005:00000a10       __imp__shutdown@8          00675a10     Ws2_32:WS2_32.dll
 0005:00000a14       __imp__closesocket@4       00675a14     Ws2_32:WS2_32.dll
 0005:00000a18       __imp__htons@4             00675a18     Ws2_32:WS2_32.dll
 0005:00000a1c       __imp__inet_addr@4         00675a1c     Ws2_32:WS2_32.dll
 0005:00000a20       __imp__gethostbyname@4     00675a20     Ws2_32:WS2_32.dll
 0005:00000a24       __imp__socket@12           00675a24     Ws2_32:WS2_32.dll
 0005:00000a28       __imp__connect@12          00675a28     Ws2_32:WS2_32.dll
 0005:00000a2c       __imp__WSAGetLastError@0   00675a2c     Ws2_32:WS2_32.dll
 0005:00000a30       __imp__ioctlsocket@12      00675a30     Ws2_32:WS2_32.dll
 0005:00000a34       __imp__WSACleanup@0        00675a34     Ws2_32:WS2_32.dll
 0005:00000a38       __imp__WSAStartup@8        00675a38     Ws2_32:WS2_32.dll
 0005:00000a3c       \177WS2_32_NULL_THUNK_DATA 00675a3c     Ws2_32:WS2_32.dll

 entry point at        0002:00000ee2

