 ahuman

 Timestamp is 53e628ae (Sat Aug 09 16:57:02 2014)

 Preferred load address is 00400000

 Start         Length     Name                   Class
 0001:00000000 000b64a3H .textbss                DATA
 0002:00000000 0014b64eH .text                   CODE
 0002:0014b650 0002d4a8H .text$x                 CODE
 0003:00000000 00000104H .CRT$XCA                DATA
 0003:00000104 00000104H .CRT$XCAA               DATA
 0003:00000208 00000104H .CRT$XCZ                DATA
 0003:0000030c 00000104H .CRT$XIA                DATA
 0003:00000410 00000104H .CRT$XIAA               DATA
 0003:00000514 00000104H .CRT$XIC                DATA
 0003:00000618 00000104H .CRT$XIY                DATA
 0003:0000071c 00000104H .CRT$XIZ                DATA
 0003:00000820 00011c75H .rdata                  DATA
 0003:00012498 0000016aH .rdata$debug            DATA
 0003:00012604 00004240H .rdata$r                DATA
 0003:00016844 00000104H .rtc$IAA                DATA
 0003:00016948 000004c0H .rtc$IMZ                DATA
 0003:00016e08 00000104H .rtc$IZZ                DATA
 0003:00016f0c 00000104H .rtc$TAA                DATA
 0003:00017010 000004c0H .rtc$TMZ                DATA
 0003:000174d0 00000104H .rtc$TZZ                DATA
 0003:000175d8 000245d6H .xdata$x                DATA
 0003:0003bbae 00000000H .edata                  DATA
 0004:00000000 00002303H .data                   DATA
 0004:00002308 000004e8H .bss                    DATA
 0005:00000000 00000050H .idata$2                DATA
 0005:00000050 00000014H .idata$3                DATA
 0005:00000064 00000508H .idata$4                DATA
 0005:0000056c 00000508H .idata$5                DATA
 0005:00000a74 000018bcH .idata$6                DATA
 0006:00000000 00000169H .rsrc$01                DATA
 0006:00000170 000002e9H .rsrc$02                DATA

  Address         Publics by Value              Rva+Base       Lib:Object

 0000:00000000       __except_list              00000000     <absolute>
 0000:00000000       ___safe_se_handler_count   00000000     <absolute>
 0000:00000000       ___safe_se_handler_table   00000000     <absolute>
 0000:00009876       __fltused                  00009876     <absolute>
 0000:00009876       __ldused                   00009876     <absolute>
 0000:00000000       ___ImageBase               00400000     <linker-defined>
 0001:00000000       __enc$textbss$begin        00401000     <linker-defined>
 0001:000b64a3       __enc$textbss$end          004b74a3     <linker-defined>
 0002:0000a640       ?createEndocrine@AHumanTarget@@AAEPAVMindEffector@@PAVEffectorArea@@@Z 004c2640 f   actuator-endocrine.obj
 0002:0000a730       ??0EffectorEndocrine@@QAE@PAVEffectorArea@@@Z 004c2730 f   actuator-endocrine.obj
 0002:0000a800       ?getClass@EffectorEndocrine@@UAEPBDXZ 004c2800 f i actuator-endocrine.obj
 0002:0000a840       ?startEffector@EffectorEndocrine@@UAEXXZ 004c2840 f i actuator-endocrine.obj
 0002:0000a880       ?stopEffector@EffectorEndocrine@@UAEXXZ 004c2880 f i actuator-endocrine.obj
 0002:0000a8c0       ?processEffectorControl@EffectorEndocrine@@UAEXPAVNeuroLink@@PAVNeuroSignal@@@Z 004c28c0 f i actuator-endocrine.obj
 0002:0000a900       ??_EEffectorEndocrine@@UAEPAXI@Z 004c2900 f i actuator-endocrine.obj
 0002:0000a900       ??_GEffectorEndocrine@@UAEPAXI@Z 004c2900 f i actuator-endocrine.obj
 0002:0000a970       ??1MindEffector@@UAE@XZ    004c2970 f i actuator-endocrine.obj
 0002:0000aa20       ??1EffectorEndocrine@@UAE@XZ 004c2a20 f   actuator-endocrine.obj
 0002:0000aac0       ?configureEffector@EffectorEndocrine@@UAEXVXml@@@Z 004c2ac0 f   actuator-endocrine.obj
 0002:0000ab10       ?createEffector@EffectorEndocrine@@UAEXPAVMindRegionCreateInfo@@@Z 004c2b10 f   actuator-endocrine.obj
 0002:0000ac00       ?createSourceConnector@EffectorEndocrine@@AAEXPAVMindRegionCreateInfo@@PAVMindRegionConnectorDef@@@Z 004c2c00 f   actuator-endocrine.obj
 0002:0000ad50       ?createTargetConnector@EffectorEndocrine@@AAEXPAVMindRegionCreateInfo@@PAVMindRegionConnectorDef@@@Z 004c2d50 f   actuator-endocrine.obj
 0002:0000aea0       ?sourceHandler@EffectorEndocrine@@AAEPAVNeuroSignal@@PAVNeuroLink@@PAVNeuroLinkSource@@@Z 004c2ea0 f   actuator-endocrine.obj
 0002:0000aee0       ?targetHandler@EffectorEndocrine@@AAEPAVNeuroSignalSet@@PAVNeuroLink@@PAVNeuroLinkTarget@@PAVNeuroSignal@@@Z 004c2ee0 f   actuator-endocrine.obj
 0002:0000af20       ?count@?$ClassList@VMindRegionConnectorDef@@@@QBEHXZ 004c2f20 f i actuator-endocrine.obj
 0002:0000af80       ?get@?$ClassList@VMindRegionConnectorDef@@@@QBEPAVMindRegionConnectorDef@@H@Z 004c2f80 f i actuator-endocrine.obj
 0002:0000afe0       ?getConnectors@MindRegionTypeDef@@QAEAAV?$ClassList@VMindRegionConnectorDef@@@@XZ 004c2fe0 f i actuator-endocrine.obj
 0002:0000b020       ?getType@MindRegionDef@@QAEPAVMindRegionTypeDef@@XZ 004c3020 f i actuator-endocrine.obj
 0002:0000b060       ?getId@MindRegionConnectorDef@@QAE?AVString@@XZ 004c3060 f i actuator-endocrine.obj
 0002:0000b120       ?getEffectorInfo@MindEffector@@QAEPAVTargetRegionDef@@XZ 004c3120 f i actuator-endocrine.obj
 0002:0000b160       ?createBreast@AHumanTarget@@AAEPAVMindEffector@@PAVEffectorArea@@@Z 004c3160 f   actuator_breast.obj
 0002:0000b250       ??0EffectorBreast@@QAE@PAVEffectorArea@@@Z 004c3250 f   actuator_breast.obj
 0002:0000b320       ?getClass@EffectorBreast@@UAEPBDXZ 004c3320 f i actuator_breast.obj
 0002:0000b360       ?startEffector@EffectorBreast@@UAEXXZ 004c3360 f i actuator_breast.obj
 0002:0000b3a0       ?stopEffector@EffectorBreast@@UAEXXZ 004c33a0 f i actuator_breast.obj
 0002:0000b3e0       ?processEffectorControl@EffectorBreast@@UAEXPAVNeuroLink@@PAVNeuroSignal@@@Z 004c33e0 f i actuator_breast.obj
 0002:0000b420       ??_EEffectorBreast@@UAEPAXI@Z 004c3420 f i actuator_breast.obj
 0002:0000b420       ??_GEffectorBreast@@UAEPAXI@Z 004c3420 f i actuator_breast.obj
 0002:0000b490       ??1EffectorBreast@@UAE@XZ  004c3490 f   actuator_breast.obj
 0002:0000b530       ?configureEffector@EffectorBreast@@UAEXVXml@@@Z 004c3530 f   actuator_breast.obj
 0002:0000b580       ?createEffector@EffectorBreast@@UAEXPAVMindRegionCreateInfo@@@Z 004c3580 f   actuator_breast.obj
 0002:0000b670       ?createSourceConnector@EffectorBreast@@AAEXPAVMindRegionCreateInfo@@PAVMindRegionConnectorDef@@@Z 004c3670 f   actuator_breast.obj
 0002:0000b7c0       ?createTargetConnector@EffectorBreast@@AAEXPAVMindRegionCreateInfo@@PAVMindRegionConnectorDef@@@Z 004c37c0 f   actuator_breast.obj
 0002:0000b910       ?sourceHandler@EffectorBreast@@AAEPAVNeuroSignal@@PAVNeuroLink@@PAVNeuroLinkSource@@@Z 004c3910 f   actuator_breast.obj
 0002:0000b950       ?targetHandler@EffectorBreast@@AAEPAVNeuroSignalSet@@PAVNeuroLink@@PAVNeuroLinkTarget@@PAVNeuroSignal@@@Z 004c3950 f   actuator_breast.obj
 0002:0000b990       ?createEar@AHumanTarget@@AAEPAVMindSensor@@PAVSensorArea@@@Z 004c3990 f   actuator_ear.obj
 0002:0000ba80       ??0SensorEar@@QAE@PAVSensorArea@@@Z 004c3a80 f   actuator_ear.obj
 0002:0000bb60       ?getClass@SensorEar@@UAEPBDXZ 004c3b60 f i actuator_ear.obj
 0002:0000bba0       ?startSensor@SensorEar@@UAEXXZ 004c3ba0 f i actuator_ear.obj
 0002:0000bbe0       ?stopSensor@SensorEar@@UAEXXZ 004c3be0 f i actuator_ear.obj
 0002:0000bc20       ?processSensorControl@SensorEar@@UAEXPAVNeuroLink@@PAVNeuroSignal@@@Z 004c3c20 f i actuator_ear.obj
 0002:0000bc60       ?produceSensorData@SensorEar@@UAEXXZ 004c3c60 f i actuator_ear.obj
 0002:0000bca0       ?pollSensor@SensorEar@@UAEXXZ 004c3ca0 f i actuator_ear.obj
 0002:0000bce0       ??_GSensorEar@@UAEPAXI@Z   004c3ce0 f i actuator_ear.obj
 0002:0000bce0       ??_ESensorEar@@UAEPAXI@Z   004c3ce0 f i actuator_ear.obj
 0002:0000bd50       ??1MindSensor@@UAE@XZ      004c3d50 f i actuator_ear.obj
 0002:0000be00       ??1SensorEar@@UAE@XZ       004c3e00 f   actuator_ear.obj
 0002:0000bea0       ?configureSensor@SensorEar@@UAEXVXml@@@Z 004c3ea0 f   actuator_ear.obj
 0002:0000bef0       ?createSensor@SensorEar@@UAEXPAVMindRegionCreateInfo@@@Z 004c3ef0 f   actuator_ear.obj
 0002:0000bfe0       ?createSourceConnector@SensorEar@@AAEXPAVMindRegionCreateInfo@@PAVMindRegionConnectorDef@@@Z 004c3fe0 f   actuator_ear.obj
 0002:0000c130       ?createTargetConnector@SensorEar@@AAEXPAVMindRegionCreateInfo@@PAVMindRegionConnectorDef@@@Z 004c4130 f   actuator_ear.obj
 0002:0000c280       ?sourceHandler@SensorEar@@AAEPAVNeuroSignal@@PAVNeuroLink@@PAVNeuroLinkSource@@@Z 004c4280 f   actuator_ear.obj
 0002:0000c2c0       ?targetHandler@SensorEar@@AAEPAVNeuroSignalSet@@PAVNeuroLink@@PAVNeuroLinkTarget@@PAVNeuroSignal@@@Z 004c42c0 f   actuator_ear.obj
 0002:0000c300       ?getSensorInfo@MindSensor@@QAEPAVTargetRegionDef@@XZ 004c4300 f i actuator_ear.obj
 0002:0000c340       ?createEye@AHumanTarget@@AAEPAVMindSensor@@PAVSensorArea@@@Z 004c4340 f   actuator_eye.obj
 0002:0000c430       ??0SensorEye@@QAE@PAVSensorArea@@@Z 004c4430 f   actuator_eye.obj
 0002:0000c510       ?getClass@SensorEye@@UAEPBDXZ 004c4510 f i actuator_eye.obj
 0002:0000c550       ?startSensor@SensorEye@@UAEXXZ 004c4550 f i actuator_eye.obj
 0002:0000c590       ?stopSensor@SensorEye@@UAEXXZ 004c4590 f i actuator_eye.obj
 0002:0000c5d0       ?processSensorControl@SensorEye@@UAEXPAVNeuroLink@@PAVNeuroSignal@@@Z 004c45d0 f i actuator_eye.obj
 0002:0000c610       ?produceSensorData@SensorEye@@UAEXXZ 004c4610 f i actuator_eye.obj
 0002:0000c650       ?pollSensor@SensorEye@@UAEXXZ 004c4650 f i actuator_eye.obj
 0002:0000c690       ??_ESensorEye@@UAEPAXI@Z   004c4690 f i actuator_eye.obj
 0002:0000c690       ??_GSensorEye@@UAEPAXI@Z   004c4690 f i actuator_eye.obj
 0002:0000c700       ??1SensorEye@@UAE@XZ       004c4700 f   actuator_eye.obj
 0002:0000c7a0       ?configureSensor@SensorEye@@UAEXVXml@@@Z 004c47a0 f   actuator_eye.obj
 0002:0000c7f0       ?createSensor@SensorEye@@UAEXPAVMindRegionCreateInfo@@@Z 004c47f0 f   actuator_eye.obj
 0002:0000c8e0       ?createSourceConnector@SensorEye@@AAEXPAVMindRegionCreateInfo@@PAVMindRegionConnectorDef@@@Z 004c48e0 f   actuator_eye.obj
 0002:0000ca30       ?createTargetConnector@SensorEye@@AAEXPAVMindRegionCreateInfo@@PAVMindRegionConnectorDef@@@Z 004c4a30 f   actuator_eye.obj
 0002:0000cb80       ?sourceHandler@SensorEye@@AAEPAVNeuroSignal@@PAVNeuroLink@@PAVNeuroLinkSource@@@Z 004c4b80 f   actuator_eye.obj
 0002:0000cbc0       ?targetHandler@SensorEye@@AAEPAVNeuroSignalSet@@PAVNeuroLink@@PAVNeuroLinkTarget@@PAVNeuroSignal@@@Z 004c4bc0 f   actuator_eye.obj
 0002:0000cc00       ?createFace@AHumanTarget@@AAEPAVMindEffector@@PAVEffectorArea@@@Z 004c4c00 f   actuator_face.obj
 0002:0000ccf0       ??0EffectorFace@@QAE@PAVEffectorArea@@@Z 004c4cf0 f   actuator_face.obj
 0002:0000cdc0       ?getClass@EffectorFace@@UAEPBDXZ 004c4dc0 f i actuator_face.obj
 0002:0000ce00       ?startEffector@EffectorFace@@UAEXXZ 004c4e00 f i actuator_face.obj
 0002:0000ce40       ?stopEffector@EffectorFace@@UAEXXZ 004c4e40 f i actuator_face.obj
 0002:0000ce80       ?processEffectorControl@EffectorFace@@UAEXPAVNeuroLink@@PAVNeuroSignal@@@Z 004c4e80 f i actuator_face.obj
 0002:0000cec0       ??_EEffectorFace@@UAEPAXI@Z 004c4ec0 f i actuator_face.obj
 0002:0000cec0       ??_GEffectorFace@@UAEPAXI@Z 004c4ec0 f i actuator_face.obj
 0002:0000cf30       ??1EffectorFace@@UAE@XZ    004c4f30 f   actuator_face.obj
 0002:0000cfd0       ?configureEffector@EffectorFace@@UAEXVXml@@@Z 004c4fd0 f   actuator_face.obj
 0002:0000d020       ?createEffector@EffectorFace@@UAEXPAVMindRegionCreateInfo@@@Z 004c5020 f   actuator_face.obj
 0002:0000d110       ?createSourceConnector@EffectorFace@@AAEXPAVMindRegionCreateInfo@@PAVMindRegionConnectorDef@@@Z 004c5110 f   actuator_face.obj
 0002:0000d260       ?createTargetConnector@EffectorFace@@AAEXPAVMindRegionCreateInfo@@PAVMindRegionConnectorDef@@@Z 004c5260 f   actuator_face.obj
 0002:0000d3b0       ?sourceHandler@EffectorFace@@AAEPAVNeuroSignal@@PAVNeuroLink@@PAVNeuroLinkSource@@@Z 004c53b0 f   actuator_face.obj
 0002:0000d3f0       ?targetHandler@EffectorFace@@AAEPAVNeuroSignalSet@@PAVNeuroLink@@PAVNeuroLinkTarget@@PAVNeuroSignal@@@Z 004c53f0 f   actuator_face.obj
 0002:0000d430       ?createFeeder@AHumanTarget@@AAEPAVMindEffector@@PAVEffectorArea@@@Z 004c5430 f   actuator_feeder.obj
 0002:0000d520       ??0EffectorFeeder@@QAE@PAVEffectorArea@@@Z 004c5520 f   actuator_feeder.obj
 0002:0000d5f0       ?getClass@EffectorFeeder@@UAEPBDXZ 004c55f0 f i actuator_feeder.obj
 0002:0000d630       ?startEffector@EffectorFeeder@@UAEXXZ 004c5630 f i actuator_feeder.obj
 0002:0000d670       ?stopEffector@EffectorFeeder@@UAEXXZ 004c5670 f i actuator_feeder.obj
 0002:0000d6b0       ?processEffectorControl@EffectorFeeder@@UAEXPAVNeuroLink@@PAVNeuroSignal@@@Z 004c56b0 f i actuator_feeder.obj
 0002:0000d6f0       ??_EEffectorFeeder@@UAEPAXI@Z 004c56f0 f i actuator_feeder.obj
 0002:0000d6f0       ??_GEffectorFeeder@@UAEPAXI@Z 004c56f0 f i actuator_feeder.obj
 0002:0000d760       ??1EffectorFeeder@@UAE@XZ  004c5760 f   actuator_feeder.obj
 0002:0000d800       ?configureEffector@EffectorFeeder@@UAEXVXml@@@Z 004c5800 f   actuator_feeder.obj
 0002:0000d850       ?createEffector@EffectorFeeder@@UAEXPAVMindRegionCreateInfo@@@Z 004c5850 f   actuator_feeder.obj
 0002:0000d940       ?createSourceConnector@EffectorFeeder@@AAEXPAVMindRegionCreateInfo@@PAVMindRegionConnectorDef@@@Z 004c5940 f   actuator_feeder.obj
 0002:0000da90       ?createTargetConnector@EffectorFeeder@@AAEXPAVMindRegionCreateInfo@@PAVMindRegionConnectorDef@@@Z 004c5a90 f   actuator_feeder.obj
 0002:0000dbe0       ?sourceHandler@EffectorFeeder@@AAEPAVNeuroSignal@@PAVNeuroLink@@PAVNeuroLinkSource@@@Z 004c5be0 f   actuator_feeder.obj
 0002:0000dc20       ?targetHandler@EffectorFeeder@@AAEPAVNeuroSignalSet@@PAVNeuroLink@@PAVNeuroLinkTarget@@PAVNeuroSignal@@@Z 004c5c20 f   actuator_feeder.obj
 0002:0000dc60       ?createGenitalia@AHumanTarget@@AAEPAVMindEffector@@PAVEffectorArea@@@Z 004c5c60 f   actuator_genitalia.obj
 0002:0000dd50       ??0EffectorGenitalia@@QAE@PAVEffectorArea@@@Z 004c5d50 f   actuator_genitalia.obj
 0002:0000de20       ?getClass@EffectorGenitalia@@UAEPBDXZ 004c5e20 f i actuator_genitalia.obj
 0002:0000de60       ?startEffector@EffectorGenitalia@@UAEXXZ 004c5e60 f i actuator_genitalia.obj
 0002:0000dea0       ?stopEffector@EffectorGenitalia@@UAEXXZ 004c5ea0 f i actuator_genitalia.obj
 0002:0000dee0       ?processEffectorControl@EffectorGenitalia@@UAEXPAVNeuroLink@@PAVNeuroSignal@@@Z 004c5ee0 f i actuator_genitalia.obj
 0002:0000df20       ??_EEffectorGenitalia@@UAEPAXI@Z 004c5f20 f i actuator_genitalia.obj
 0002:0000df20       ??_GEffectorGenitalia@@UAEPAXI@Z 004c5f20 f i actuator_genitalia.obj
 0002:0000df90       ??1EffectorGenitalia@@UAE@XZ 004c5f90 f   actuator_genitalia.obj
 0002:0000e030       ?configureEffector@EffectorGenitalia@@UAEXVXml@@@Z 004c6030 f   actuator_genitalia.obj
 0002:0000e080       ?createEffector@EffectorGenitalia@@UAEXPAVMindRegionCreateInfo@@@Z 004c6080 f   actuator_genitalia.obj
 0002:0000e170       ?createSourceConnector@EffectorGenitalia@@AAEXPAVMindRegionCreateInfo@@PAVMindRegionConnectorDef@@@Z 004c6170 f   actuator_genitalia.obj
 0002:0000e2c0       ?createTargetConnector@EffectorGenitalia@@AAEXPAVMindRegionCreateInfo@@PAVMindRegionConnectorDef@@@Z 004c62c0 f   actuator_genitalia.obj
 0002:0000e410       ?sourceHandler@EffectorGenitalia@@AAEPAVNeuroSignal@@PAVNeuroLink@@PAVNeuroLinkSource@@@Z 004c6410 f   actuator_genitalia.obj
 0002:0000e450       ?targetHandler@EffectorGenitalia@@AAEPAVNeuroSignalSet@@PAVNeuroLink@@PAVNeuroLinkTarget@@PAVNeuroSignal@@@Z 004c6450 f   actuator_genitalia.obj
 0002:0000e490       ?createHand@AHumanTarget@@AAEPAVMindEffector@@PAVEffectorArea@@@Z 004c6490 f   actuator_hand.obj
 0002:0000e580       ??0EffectorHand@@QAE@PAVEffectorArea@@@Z 004c6580 f   actuator_hand.obj
 0002:0000e650       ?getClass@EffectorHand@@UAEPBDXZ 004c6650 f i actuator_hand.obj
 0002:0000e690       ?startEffector@EffectorHand@@UAEXXZ 004c6690 f i actuator_hand.obj
 0002:0000e6d0       ?stopEffector@EffectorHand@@UAEXXZ 004c66d0 f i actuator_hand.obj
 0002:0000e710       ?processEffectorControl@EffectorHand@@UAEXPAVNeuroLink@@PAVNeuroSignal@@@Z 004c6710 f i actuator_hand.obj
 0002:0000e750       ??_EEffectorHand@@UAEPAXI@Z 004c6750 f i actuator_hand.obj
 0002:0000e750       ??_GEffectorHand@@UAEPAXI@Z 004c6750 f i actuator_hand.obj
 0002:0000e7c0       ??1EffectorHand@@UAE@XZ    004c67c0 f   actuator_hand.obj
 0002:0000e860       ?configureEffector@EffectorHand@@UAEXVXml@@@Z 004c6860 f   actuator_hand.obj
 0002:0000e8b0       ?createEffector@EffectorHand@@UAEXPAVMindRegionCreateInfo@@@Z 004c68b0 f   actuator_hand.obj
 0002:0000e9a0       ?createSourceConnector@EffectorHand@@AAEXPAVMindRegionCreateInfo@@PAVMindRegionConnectorDef@@@Z 004c69a0 f   actuator_hand.obj
 0002:0000eaf0       ?createTargetConnector@EffectorHand@@AAEXPAVMindRegionCreateInfo@@PAVMindRegionConnectorDef@@@Z 004c6af0 f   actuator_hand.obj
 0002:0000ec40       ?sourceHandler@EffectorHand@@AAEPAVNeuroSignal@@PAVNeuroLink@@PAVNeuroLinkSource@@@Z 004c6c40 f   actuator_hand.obj
 0002:0000ec80       ?targetHandler@EffectorHand@@AAEPAVNeuroSignalSet@@PAVNeuroLink@@PAVNeuroLinkTarget@@PAVNeuroSignal@@@Z 004c6c80 f   actuator_hand.obj
 0002:0000ecc0       ?createHeart@AHumanTarget@@AAEPAVMindEffector@@PAVEffectorArea@@@Z 004c6cc0 f   actuator_heart.obj
 0002:0000edb0       ??0EffectorHeart@@QAE@PAVEffectorArea@@@Z 004c6db0 f   actuator_heart.obj
 0002:0000ee80       ?getClass@EffectorHeart@@UAEPBDXZ 004c6e80 f i actuator_heart.obj
 0002:0000eec0       ?startEffector@EffectorHeart@@UAEXXZ 004c6ec0 f i actuator_heart.obj
 0002:0000ef00       ?stopEffector@EffectorHeart@@UAEXXZ 004c6f00 f i actuator_heart.obj
 0002:0000ef40       ?processEffectorControl@EffectorHeart@@UAEXPAVNeuroLink@@PAVNeuroSignal@@@Z 004c6f40 f i actuator_heart.obj
 0002:0000ef80       ??_EEffectorHeart@@UAEPAXI@Z 004c6f80 f i actuator_heart.obj
 0002:0000ef80       ??_GEffectorHeart@@UAEPAXI@Z 004c6f80 f i actuator_heart.obj
 0002:0000eff0       ??1EffectorHeart@@UAE@XZ   004c6ff0 f   actuator_heart.obj
 0002:0000f090       ?configureEffector@EffectorHeart@@UAEXVXml@@@Z 004c7090 f   actuator_heart.obj
 0002:0000f0e0       ?createEffector@EffectorHeart@@UAEXPAVMindRegionCreateInfo@@@Z 004c70e0 f   actuator_heart.obj
 0002:0000f1d0       ?createSourceConnector@EffectorHeart@@AAEXPAVMindRegionCreateInfo@@PAVMindRegionConnectorDef@@@Z 004c71d0 f   actuator_heart.obj
 0002:0000f320       ?createTargetConnector@EffectorHeart@@AAEXPAVMindRegionCreateInfo@@PAVMindRegionConnectorDef@@@Z 004c7320 f   actuator_heart.obj
 0002:0000f470       ?sourceHandler@EffectorHeart@@AAEPAVNeuroSignal@@PAVNeuroLink@@PAVNeuroLinkSource@@@Z 004c7470 f   actuator_heart.obj
 0002:0000f4b0       ?targetHandler@EffectorHeart@@AAEPAVNeuroSignalSet@@PAVNeuroLink@@PAVNeuroLinkTarget@@PAVNeuroSignal@@@Z 004c74b0 f   actuator_heart.obj
 0002:0000f4f0       ?createProtector@AHumanTarget@@AAEPAVMindEffector@@PAVEffectorArea@@@Z 004c74f0 f   actuator_protector.obj
 0002:0000f5e0       ??0EffectorProtector@@QAE@PAVEffectorArea@@@Z 004c75e0 f   actuator_protector.obj
 0002:0000f6b0       ?getClass@EffectorProtector@@UAEPBDXZ 004c76b0 f i actuator_protector.obj
 0002:0000f6f0       ?startEffector@EffectorProtector@@UAEXXZ 004c76f0 f i actuator_protector.obj
 0002:0000f730       ?stopEffector@EffectorProtector@@UAEXXZ 004c7730 f i actuator_protector.obj
 0002:0000f770       ?processEffectorControl@EffectorProtector@@UAEXPAVNeuroLink@@PAVNeuroSignal@@@Z 004c7770 f i actuator_protector.obj
 0002:0000f7b0       ??_EEffectorProtector@@UAEPAXI@Z 004c77b0 f i actuator_protector.obj
 0002:0000f7b0       ??_GEffectorProtector@@UAEPAXI@Z 004c77b0 f i actuator_protector.obj
 0002:0000f820       ??1EffectorProtector@@UAE@XZ 004c7820 f   actuator_protector.obj
 0002:0000f8c0       ?configureEffector@EffectorProtector@@UAEXVXml@@@Z 004c78c0 f   actuator_protector.obj
 0002:0000f910       ?createEffector@EffectorProtector@@UAEXPAVMindRegionCreateInfo@@@Z 004c7910 f   actuator_protector.obj
 0002:0000fa00       ?createSourceConnector@EffectorProtector@@AAEXPAVMindRegionCreateInfo@@PAVMindRegionConnectorDef@@@Z 004c7a00 f   actuator_protector.obj
 0002:0000fb50       ?createTargetConnector@EffectorProtector@@AAEXPAVMindRegionCreateInfo@@PAVMindRegionConnectorDef@@@Z 004c7b50 f   actuator_protector.obj
 0002:0000fca0       ?sourceHandler@EffectorProtector@@AAEPAVNeuroSignal@@PAVNeuroLink@@PAVNeuroLinkSource@@@Z 004c7ca0 f   actuator_protector.obj
 0002:0000fce0       ?targetHandler@EffectorProtector@@AAEPAVNeuroSignalSet@@PAVNeuroLink@@PAVNeuroLinkTarget@@PAVNeuroSignal@@@Z 004c7ce0 f   actuator_protector.obj
 0002:0000fd20       ?createLeg@AHumanTarget@@AAEPAVMindEffector@@PAVEffectorArea@@@Z 004c7d20 f   actuator_leg.obj
 0002:0000fe10       ??0EffectorLeg@@QAE@PAVEffectorArea@@@Z 004c7e10 f   actuator_leg.obj
 0002:0000fee0       ?getClass@EffectorLeg@@UAEPBDXZ 004c7ee0 f i actuator_leg.obj
 0002:0000ff20       ?startEffector@EffectorLeg@@UAEXXZ 004c7f20 f i actuator_leg.obj
 0002:0000ff60       ?stopEffector@EffectorLeg@@UAEXXZ 004c7f60 f i actuator_leg.obj
 0002:0000ffa0       ?processEffectorControl@EffectorLeg@@UAEXPAVNeuroLink@@PAVNeuroSignal@@@Z 004c7fa0 f i actuator_leg.obj
 0002:0000ffe0       ??_EEffectorLeg@@UAEPAXI@Z 004c7fe0 f i actuator_leg.obj
 0002:0000ffe0       ??_GEffectorLeg@@UAEPAXI@Z 004c7fe0 f i actuator_leg.obj
 0002:00010050       ??1EffectorLeg@@UAE@XZ     004c8050 f   actuator_leg.obj
 0002:000100f0       ?configureEffector@EffectorLeg@@UAEXVXml@@@Z 004c80f0 f   actuator_leg.obj
 0002:00010140       ?createEffector@EffectorLeg@@UAEXPAVMindRegionCreateInfo@@@Z 004c8140 f   actuator_leg.obj
 0002:00010230       ?createSourceConnector@EffectorLeg@@AAEXPAVMindRegionCreateInfo@@PAVMindRegionConnectorDef@@@Z 004c8230 f   actuator_leg.obj
 0002:00010380       ?createTargetConnector@EffectorLeg@@AAEXPAVMindRegionCreateInfo@@PAVMindRegionConnectorDef@@@Z 004c8380 f   actuator_leg.obj
 0002:000104d0       ?sourceHandler@EffectorLeg@@AAEPAVNeuroSignal@@PAVNeuroLink@@PAVNeuroLinkSource@@@Z 004c84d0 f   actuator_leg.obj
 0002:00010510       ?targetHandler@EffectorLeg@@AAEPAVNeuroSignalSet@@PAVNeuroLink@@PAVNeuroLinkTarget@@PAVNeuroSignal@@@Z 004c8510 f   actuator_leg.obj
 0002:00010550       ?createLiver@AHumanTarget@@AAEPAVMindEffector@@PAVEffectorArea@@@Z 004c8550 f   actuator_liver.obj
 0002:00010640       ??0EffectorLiver@@QAE@PAVEffectorArea@@@Z 004c8640 f   actuator_liver.obj
 0002:00010710       ?getClass@EffectorLiver@@UAEPBDXZ 004c8710 f i actuator_liver.obj
 0002:00010750       ?startEffector@EffectorLiver@@UAEXXZ 004c8750 f i actuator_liver.obj
 0002:00010790       ?stopEffector@EffectorLiver@@UAEXXZ 004c8790 f i actuator_liver.obj
 0002:000107d0       ?processEffectorControl@EffectorLiver@@UAEXPAVNeuroLink@@PAVNeuroSignal@@@Z 004c87d0 f i actuator_liver.obj
 0002:00010810       ??_GEffectorLiver@@UAEPAXI@Z 004c8810 f i actuator_liver.obj
 0002:00010810       ??_EEffectorLiver@@UAEPAXI@Z 004c8810 f i actuator_liver.obj
 0002:00010880       ??1EffectorLiver@@UAE@XZ   004c8880 f   actuator_liver.obj
 0002:00010920       ?configureEffector@EffectorLiver@@UAEXVXml@@@Z 004c8920 f   actuator_liver.obj
 0002:00010970       ?createEffector@EffectorLiver@@UAEXPAVMindRegionCreateInfo@@@Z 004c8970 f   actuator_liver.obj
 0002:00010a60       ?createSourceConnector@EffectorLiver@@AAEXPAVMindRegionCreateInfo@@PAVMindRegionConnectorDef@@@Z 004c8a60 f   actuator_liver.obj
 0002:00010bb0       ?createTargetConnector@EffectorLiver@@AAEXPAVMindRegionCreateInfo@@PAVMindRegionConnectorDef@@@Z 004c8bb0 f   actuator_liver.obj
 0002:00010d00       ?sourceHandler@EffectorLiver@@AAEPAVNeuroSignal@@PAVNeuroLink@@PAVNeuroLinkSource@@@Z 004c8d00 f   actuator_liver.obj
 0002:00010d40       ?targetHandler@EffectorLiver@@AAEPAVNeuroSignalSet@@PAVNeuroLink@@PAVNeuroLinkTarget@@PAVNeuroSignal@@@Z 004c8d40 f   actuator_liver.obj
 0002:00010d80       ?createLung@AHumanTarget@@AAEPAVMindEffector@@PAVEffectorArea@@@Z 004c8d80 f   actuator_lung.obj
 0002:00010e70       ??0EffectorLung@@QAE@PAVEffectorArea@@@Z 004c8e70 f   actuator_lung.obj
 0002:00010f40       ?getClass@EffectorLung@@UAEPBDXZ 004c8f40 f i actuator_lung.obj
 0002:00010f80       ?startEffector@EffectorLung@@UAEXXZ 004c8f80 f i actuator_lung.obj
 0002:00010fc0       ?stopEffector@EffectorLung@@UAEXXZ 004c8fc0 f i actuator_lung.obj
 0002:00011000       ?processEffectorControl@EffectorLung@@UAEXPAVNeuroLink@@PAVNeuroSignal@@@Z 004c9000 f i actuator_lung.obj
 0002:00011040       ??_GEffectorLung@@UAEPAXI@Z 004c9040 f i actuator_lung.obj
 0002:00011040       ??_EEffectorLung@@UAEPAXI@Z 004c9040 f i actuator_lung.obj
 0002:000110b0       ??1EffectorLung@@UAE@XZ    004c90b0 f   actuator_lung.obj
 0002:00011150       ?configureEffector@EffectorLung@@UAEXVXml@@@Z 004c9150 f   actuator_lung.obj
 0002:000111a0       ?createEffector@EffectorLung@@UAEXPAVMindRegionCreateInfo@@@Z 004c91a0 f   actuator_lung.obj
 0002:00011290       ?createSourceConnector@EffectorLung@@AAEXPAVMindRegionCreateInfo@@PAVMindRegionConnectorDef@@@Z 004c9290 f   actuator_lung.obj
 0002:000113e0       ?createTargetConnector@EffectorLung@@AAEXPAVMindRegionCreateInfo@@PAVMindRegionConnectorDef@@@Z 004c93e0 f   actuator_lung.obj
 0002:00011530       ?sourceHandler@EffectorLung@@AAEPAVNeuroSignal@@PAVNeuroLink@@PAVNeuroLinkSource@@@Z 004c9530 f   actuator_lung.obj
 0002:00011570       ?targetHandler@EffectorLung@@AAEPAVNeuroSignalSet@@PAVNeuroLink@@PAVNeuroLinkTarget@@PAVNeuroSignal@@@Z 004c9570 f   actuator_lung.obj
 0002:000115b0       ?createNeck@AHumanTarget@@AAEPAVMindEffector@@PAVEffectorArea@@@Z 004c95b0 f   actuator_neck.obj
 0002:000116a0       ??0EffectorNeck@@QAE@PAVEffectorArea@@@Z 004c96a0 f   actuator_neck.obj
 0002:00011770       ?getClass@EffectorNeck@@UAEPBDXZ 004c9770 f i actuator_neck.obj
 0002:000117b0       ?startEffector@EffectorNeck@@UAEXXZ 004c97b0 f i actuator_neck.obj
 0002:000117f0       ?stopEffector@EffectorNeck@@UAEXXZ 004c97f0 f i actuator_neck.obj
 0002:00011830       ?processEffectorControl@EffectorNeck@@UAEXPAVNeuroLink@@PAVNeuroSignal@@@Z 004c9830 f i actuator_neck.obj
 0002:00011870       ??_GEffectorNeck@@UAEPAXI@Z 004c9870 f i actuator_neck.obj
 0002:00011870       ??_EEffectorNeck@@UAEPAXI@Z 004c9870 f i actuator_neck.obj
 0002:000118e0       ??1EffectorNeck@@UAE@XZ    004c98e0 f   actuator_neck.obj
 0002:00011980       ?configureEffector@EffectorNeck@@UAEXVXml@@@Z 004c9980 f   actuator_neck.obj
 0002:000119d0       ?createEffector@EffectorNeck@@UAEXPAVMindRegionCreateInfo@@@Z 004c99d0 f   actuator_neck.obj
 0002:00011ac0       ?createSourceConnector@EffectorNeck@@AAEXPAVMindRegionCreateInfo@@PAVMindRegionConnectorDef@@@Z 004c9ac0 f   actuator_neck.obj
 0002:00011c10       ?createTargetConnector@EffectorNeck@@AAEXPAVMindRegionCreateInfo@@PAVMindRegionConnectorDef@@@Z 004c9c10 f   actuator_neck.obj
 0002:00011d60       ?sourceHandler@EffectorNeck@@AAEPAVNeuroSignal@@PAVNeuroLink@@PAVNeuroLinkSource@@@Z 004c9d60 f   actuator_neck.obj
 0002:00011da0       ?targetHandler@EffectorNeck@@AAEPAVNeuroSignalSet@@PAVNeuroLink@@PAVNeuroLinkTarget@@PAVNeuroSignal@@@Z 004c9da0 f   actuator_neck.obj
 0002:00011de0       ?createNose@AHumanTarget@@AAEPAVMindSensor@@PAVSensorArea@@@Z 004c9de0 f   actuator_nose.obj
 0002:00011ed0       ??0SensorNose@@QAE@PAVSensorArea@@@Z 004c9ed0 f   actuator_nose.obj
 0002:00011fb0       ?getClass@SensorNose@@UAEPBDXZ 004c9fb0 f i actuator_nose.obj
 0002:00011ff0       ?startSensor@SensorNose@@UAEXXZ 004c9ff0 f i actuator_nose.obj
 0002:00012030       ?stopSensor@SensorNose@@UAEXXZ 004ca030 f i actuator_nose.obj
 0002:00012070       ?processSensorControl@SensorNose@@UAEXPAVNeuroLink@@PAVNeuroSignal@@@Z 004ca070 f i actuator_nose.obj
 0002:000120b0       ?produceSensorData@SensorNose@@UAEXXZ 004ca0b0 f i actuator_nose.obj
 0002:000120f0       ?pollSensor@SensorNose@@UAEXXZ 004ca0f0 f i actuator_nose.obj
 0002:00012130       ??_GSensorNose@@UAEPAXI@Z  004ca130 f i actuator_nose.obj
 0002:00012130       ??_ESensorNose@@UAEPAXI@Z  004ca130 f i actuator_nose.obj
 0002:000121a0       ??1SensorNose@@UAE@XZ      004ca1a0 f   actuator_nose.obj
 0002:00012240       ?configureSensor@SensorNose@@UAEXVXml@@@Z 004ca240 f   actuator_nose.obj
 0002:00012290       ?createSensor@SensorNose@@UAEXPAVMindRegionCreateInfo@@@Z 004ca290 f   actuator_nose.obj
 0002:00012380       ?createSourceConnector@SensorNose@@AAEXPAVMindRegionCreateInfo@@PAVMindRegionConnectorDef@@@Z 004ca380 f   actuator_nose.obj
 0002:000124d0       ?createTargetConnector@SensorNose@@AAEXPAVMindRegionCreateInfo@@PAVMindRegionConnectorDef@@@Z 004ca4d0 f   actuator_nose.obj
 0002:00012620       ?sourceHandler@SensorNose@@AAEPAVNeuroSignal@@PAVNeuroLink@@PAVNeuroLinkSource@@@Z 004ca620 f   actuator_nose.obj
 0002:00012660       ?targetHandler@SensorNose@@AAEPAVNeuroSignalSet@@PAVNeuroLink@@PAVNeuroLinkTarget@@PAVNeuroSignal@@@Z 004ca660 f   actuator_nose.obj
 0002:000126a0       ?createRectum@AHumanTarget@@AAEPAVMindEffector@@PAVEffectorArea@@@Z 004ca6a0 f   actuator_rectum.obj
 0002:00012790       ??0EffectorRectum@@QAE@PAVEffectorArea@@@Z 004ca790 f   actuator_rectum.obj
 0002:00012860       ?getClass@EffectorRectum@@UAEPBDXZ 004ca860 f i actuator_rectum.obj
 0002:000128a0       ?startEffector@EffectorRectum@@UAEXXZ 004ca8a0 f i actuator_rectum.obj
 0002:000128e0       ?stopEffector@EffectorRectum@@UAEXXZ 004ca8e0 f i actuator_rectum.obj
 0002:00012920       ?processEffectorControl@EffectorRectum@@UAEXPAVNeuroLink@@PAVNeuroSignal@@@Z 004ca920 f i actuator_rectum.obj
 0002:00012960       ??_GEffectorRectum@@UAEPAXI@Z 004ca960 f i actuator_rectum.obj
 0002:00012960       ??_EEffectorRectum@@UAEPAXI@Z 004ca960 f i actuator_rectum.obj
 0002:000129d0       ??1EffectorRectum@@UAE@XZ  004ca9d0 f   actuator_rectum.obj
 0002:00012a70       ?configureEffector@EffectorRectum@@UAEXVXml@@@Z 004caa70 f   actuator_rectum.obj
 0002:00012ac0       ?createEffector@EffectorRectum@@UAEXPAVMindRegionCreateInfo@@@Z 004caac0 f   actuator_rectum.obj
 0002:00012bb0       ?createSourceConnector@EffectorRectum@@AAEXPAVMindRegionCreateInfo@@PAVMindRegionConnectorDef@@@Z 004cabb0 f   actuator_rectum.obj
 0002:00012d00       ?createTargetConnector@EffectorRectum@@AAEXPAVMindRegionCreateInfo@@PAVMindRegionConnectorDef@@@Z 004cad00 f   actuator_rectum.obj
 0002:00012e50       ?sourceHandler@EffectorRectum@@AAEPAVNeuroSignal@@PAVNeuroLink@@PAVNeuroLinkSource@@@Z 004cae50 f   actuator_rectum.obj
 0002:00012e90       ?targetHandler@EffectorRectum@@AAEPAVNeuroSignalSet@@PAVNeuroLink@@PAVNeuroLinkTarget@@PAVNeuroSignal@@@Z 004cae90 f   actuator_rectum.obj
 0002:00012ed0       ?createSpeaker@AHumanTarget@@AAEPAVMindEffector@@PAVEffectorArea@@@Z 004caed0 f   actuator_speaker.obj
 0002:00012fc0       ??0EffectorSpeaker@@QAE@PAVEffectorArea@@@Z 004cafc0 f   actuator_speaker.obj
 0002:00013090       ?getClass@EffectorSpeaker@@UAEPBDXZ 004cb090 f i actuator_speaker.obj
 0002:000130d0       ?startEffector@EffectorSpeaker@@UAEXXZ 004cb0d0 f i actuator_speaker.obj
 0002:00013110       ?stopEffector@EffectorSpeaker@@UAEXXZ 004cb110 f i actuator_speaker.obj
 0002:00013150       ?processEffectorControl@EffectorSpeaker@@UAEXPAVNeuroLink@@PAVNeuroSignal@@@Z 004cb150 f i actuator_speaker.obj
 0002:00013190       ??_EEffectorSpeaker@@UAEPAXI@Z 004cb190 f i actuator_speaker.obj
 0002:00013190       ??_GEffectorSpeaker@@UAEPAXI@Z 004cb190 f i actuator_speaker.obj
 0002:00013200       ??1EffectorSpeaker@@UAE@XZ 004cb200 f   actuator_speaker.obj
 0002:000132a0       ?configureEffector@EffectorSpeaker@@UAEXVXml@@@Z 004cb2a0 f   actuator_speaker.obj
 0002:000132f0       ?createEffector@EffectorSpeaker@@UAEXPAVMindRegionCreateInfo@@@Z 004cb2f0 f   actuator_speaker.obj
 0002:000133e0       ?createSourceConnector@EffectorSpeaker@@AAEXPAVMindRegionCreateInfo@@PAVMindRegionConnectorDef@@@Z 004cb3e0 f   actuator_speaker.obj
 0002:00013530       ?createTargetConnector@EffectorSpeaker@@AAEXPAVMindRegionCreateInfo@@PAVMindRegionConnectorDef@@@Z 004cb530 f   actuator_speaker.obj
 0002:00013680       ?sourceHandler@EffectorSpeaker@@AAEPAVNeuroSignal@@PAVNeuroLink@@PAVNeuroLinkSource@@@Z 004cb680 f   actuator_speaker.obj
 0002:000136c0       ?targetHandler@EffectorSpeaker@@AAEPAVNeuroSignalSet@@PAVNeuroLink@@PAVNeuroLinkTarget@@PAVNeuroSignal@@@Z 004cb6c0 f   actuator_speaker.obj
 0002:00013700       ?createStomach@AHumanTarget@@AAEPAVMindEffector@@PAVEffectorArea@@@Z 004cb700 f   actuator_stomach.obj
 0002:000137f0       ??0EffectorStomach@@QAE@PAVEffectorArea@@@Z 004cb7f0 f   actuator_stomach.obj
 0002:000138c0       ?getClass@EffectorStomach@@UAEPBDXZ 004cb8c0 f i actuator_stomach.obj
 0002:00013900       ?startEffector@EffectorStomach@@UAEXXZ 004cb900 f i actuator_stomach.obj
 0002:00013940       ?stopEffector@EffectorStomach@@UAEXXZ 004cb940 f i actuator_stomach.obj
 0002:00013980       ?processEffectorControl@EffectorStomach@@UAEXPAVNeuroLink@@PAVNeuroSignal@@@Z 004cb980 f i actuator_stomach.obj
 0002:000139c0       ??_GEffectorStomach@@UAEPAXI@Z 004cb9c0 f i actuator_stomach.obj
 0002:000139c0       ??_EEffectorStomach@@UAEPAXI@Z 004cb9c0 f i actuator_stomach.obj
 0002:00013a30       ??1EffectorStomach@@UAE@XZ 004cba30 f   actuator_stomach.obj
 0002:00013ad0       ?configureEffector@EffectorStomach@@UAEXVXml@@@Z 004cbad0 f   actuator_stomach.obj
 0002:00013b20       ?createEffector@EffectorStomach@@UAEXPAVMindRegionCreateInfo@@@Z 004cbb20 f   actuator_stomach.obj
 0002:00013c10       ?createSourceConnector@EffectorStomach@@AAEXPAVMindRegionCreateInfo@@PAVMindRegionConnectorDef@@@Z 004cbc10 f   actuator_stomach.obj
 0002:00013d60       ?createTargetConnector@EffectorStomach@@AAEXPAVMindRegionCreateInfo@@PAVMindRegionConnectorDef@@@Z 004cbd60 f   actuator_stomach.obj
 0002:00013eb0       ?sourceHandler@EffectorStomach@@AAEPAVNeuroSignal@@PAVNeuroLink@@PAVNeuroLinkSource@@@Z 004cbeb0 f   actuator_stomach.obj
 0002:00013ef0       ?targetHandler@EffectorStomach@@AAEPAVNeuroSignalSet@@PAVNeuroLink@@PAVNeuroLinkTarget@@PAVNeuroSignal@@@Z 004cbef0 f   actuator_stomach.obj
 0002:00013f30       ?createTrunk@AHumanTarget@@AAEPAVMindEffector@@PAVEffectorArea@@@Z 004cbf30 f   actuator_trunk.obj
 0002:00014020       ??0EffectorTrunk@@QAE@PAVEffectorArea@@@Z 004cc020 f   actuator_trunk.obj
 0002:000140f0       ?getClass@EffectorTrunk@@UAEPBDXZ 004cc0f0 f i actuator_trunk.obj
 0002:00014130       ?startEffector@EffectorTrunk@@UAEXXZ 004cc130 f i actuator_trunk.obj
 0002:00014170       ?stopEffector@EffectorTrunk@@UAEXXZ 004cc170 f i actuator_trunk.obj
 0002:000141b0       ?processEffectorControl@EffectorTrunk@@UAEXPAVNeuroLink@@PAVNeuroSignal@@@Z 004cc1b0 f i actuator_trunk.obj
 0002:000141f0       ??_EEffectorTrunk@@UAEPAXI@Z 004cc1f0 f i actuator_trunk.obj
 0002:000141f0       ??_GEffectorTrunk@@UAEPAXI@Z 004cc1f0 f i actuator_trunk.obj
 0002:00014260       ??1EffectorTrunk@@UAE@XZ   004cc260 f   actuator_trunk.obj
 0002:00014300       ?configureEffector@EffectorTrunk@@UAEXVXml@@@Z 004cc300 f   actuator_trunk.obj
 0002:00014350       ?createEffector@EffectorTrunk@@UAEXPAVMindRegionCreateInfo@@@Z 004cc350 f   actuator_trunk.obj
 0002:00014440       ?createSourceConnector@EffectorTrunk@@AAEXPAVMindRegionCreateInfo@@PAVMindRegionConnectorDef@@@Z 004cc440 f   actuator_trunk.obj
 0002:00014590       ?createTargetConnector@EffectorTrunk@@AAEXPAVMindRegionCreateInfo@@PAVMindRegionConnectorDef@@@Z 004cc590 f   actuator_trunk.obj
 0002:000146e0       ?sourceHandler@EffectorTrunk@@AAEPAVNeuroSignal@@PAVNeuroLink@@PAVNeuroLinkSource@@@Z 004cc6e0 f   actuator_trunk.obj
 0002:00014720       ?targetHandler@EffectorTrunk@@AAEPAVNeuroSignalSet@@PAVNeuroLink@@PAVNeuroLinkTarget@@PAVNeuroSignal@@@Z 004cc720 f   actuator_trunk.obj
 0002:00014760       ?createUreter@AHumanTarget@@AAEPAVMindEffector@@PAVEffectorArea@@@Z 004cc760 f   actuator_ureter.obj
 0002:00014850       ??0EffectorUreter@@QAE@PAVEffectorArea@@@Z 004cc850 f   actuator_ureter.obj
 0002:00014920       ?getClass@EffectorUreter@@UAEPBDXZ 004cc920 f i actuator_ureter.obj
 0002:00014960       ?startEffector@EffectorUreter@@UAEXXZ 004cc960 f i actuator_ureter.obj
 0002:000149a0       ?stopEffector@EffectorUreter@@UAEXXZ 004cc9a0 f i actuator_ureter.obj
 0002:000149e0       ?processEffectorControl@EffectorUreter@@UAEXPAVNeuroLink@@PAVNeuroSignal@@@Z 004cc9e0 f i actuator_ureter.obj
 0002:00014a20       ??_GEffectorUreter@@UAEPAXI@Z 004cca20 f i actuator_ureter.obj
 0002:00014a20       ??_EEffectorUreter@@UAEPAXI@Z 004cca20 f i actuator_ureter.obj
 0002:00014a90       ??1EffectorUreter@@UAE@XZ  004cca90 f   actuator_ureter.obj
 0002:00014b30       ?configureEffector@EffectorUreter@@UAEXVXml@@@Z 004ccb30 f   actuator_ureter.obj
 0002:00014b80       ?createEffector@EffectorUreter@@UAEXPAVMindRegionCreateInfo@@@Z 004ccb80 f   actuator_ureter.obj
 0002:00014c70       ?createSourceConnector@EffectorUreter@@AAEXPAVMindRegionCreateInfo@@PAVMindRegionConnectorDef@@@Z 004ccc70 f   actuator_ureter.obj
 0002:00014dc0       ?createTargetConnector@EffectorUreter@@AAEXPAVMindRegionCreateInfo@@PAVMindRegionConnectorDef@@@Z 004ccdc0 f   actuator_ureter.obj
 0002:00014f10       ?sourceHandler@EffectorUreter@@AAEPAVNeuroSignal@@PAVNeuroLink@@PAVNeuroLinkSource@@@Z 004ccf10 f   actuator_ureter.obj
 0002:00014f50       ?targetHandler@EffectorUreter@@AAEPAVNeuroSignalSet@@PAVNeuroLink@@PAVNeuroLinkTarget@@PAVNeuroSignal@@@Z 004ccf50 f   actuator_ureter.obj
 0002:00014f90       ?createVessels@AHumanTarget@@AAEPAVMindEffector@@PAVEffectorArea@@@Z 004ccf90 f   actuator_vessels.obj
 0002:00015080       ??0EffectorVessels@@QAE@PAVEffectorArea@@@Z 004cd080 f   actuator_vessels.obj
 0002:00015150       ?getClass@EffectorVessels@@UAEPBDXZ 004cd150 f i actuator_vessels.obj
 0002:00015190       ?startEffector@EffectorVessels@@UAEXXZ 004cd190 f i actuator_vessels.obj
 0002:000151d0       ?stopEffector@EffectorVessels@@UAEXXZ 004cd1d0 f i actuator_vessels.obj
 0002:00015210       ?processEffectorControl@EffectorVessels@@UAEXPAVNeuroLink@@PAVNeuroSignal@@@Z 004cd210 f i actuator_vessels.obj
 0002:00015250       ??_EEffectorVessels@@UAEPAXI@Z 004cd250 f i actuator_vessels.obj
 0002:00015250       ??_GEffectorVessels@@UAEPAXI@Z 004cd250 f i actuator_vessels.obj
 0002:000152c0       ??1EffectorVessels@@UAE@XZ 004cd2c0 f   actuator_vessels.obj
 0002:00015360       ?configureEffector@EffectorVessels@@UAEXVXml@@@Z 004cd360 f   actuator_vessels.obj
 0002:000153b0       ?createEffector@EffectorVessels@@UAEXPAVMindRegionCreateInfo@@@Z 004cd3b0 f   actuator_vessels.obj
 0002:000154a0       ?createSourceConnector@EffectorVessels@@AAEXPAVMindRegionCreateInfo@@PAVMindRegionConnectorDef@@@Z 004cd4a0 f   actuator_vessels.obj
 0002:000155f0       ?createTargetConnector@EffectorVessels@@AAEXPAVMindRegionCreateInfo@@PAVMindRegionConnectorDef@@@Z 004cd5f0 f   actuator_vessels.obj
 0002:00015740       ?sourceHandler@EffectorVessels@@AAEPAVNeuroSignal@@PAVNeuroLink@@PAVNeuroLinkSource@@@Z 004cd740 f   actuator_vessels.obj
 0002:00015780       ?targetHandler@EffectorVessels@@AAEPAVNeuroSignalSet@@PAVNeuroLink@@PAVNeuroLinkTarget@@PAVNeuroSignal@@@Z 004cd780 f   actuator_vessels.obj
 0002:000157c0       ??0AHumanTarget@@QAE@XZ    004cd7c0 f   ahumantarget.obj
 0002:00015890       ??1MindTarget@@QAE@XZ      004cd890 f i ahumantarget.obj
 0002:00015930       ??0MessageSubscriber@@QAE@XZ 004cd930 f i ahumantarget.obj
 0002:00015980       ?configureTarget@AHumanTarget@@UAEXVXml@@@Z 004cd980 f   ahumantarget.obj
 0002:000159c0       ?createTarget@AHumanTarget@@UAEXPAVSensorArea@@PAVEffectorArea@@@Z 004cd9c0 f   ahumantarget.obj
 0002:000161a0       ?initTarget@AHumanTarget@@UAEXXZ 004ce1a0 f   ahumantarget.obj
 0002:000161e0       ?runTarget@AHumanTarget@@UAEXXZ 004ce1e0 f   ahumantarget.obj
 0002:00016320       ?onXmlMessage@AHumanTarget@@MAEXPAVXmlMessage@@@Z 004ce320 f   ahumantarget.obj
 0002:00016650       ?cmdPlayCircuit@AHumanTarget@@IAEXVXml@@@Z 004ce650 f   ahumantarget.obj
 0002:00016770       ?cmdVerifyModel@AHumanTarget@@IAEXVXml@@@Z 004ce770 f   ahumantarget.obj
 0002:00016890       ?cmdCreateWikiPages@AHumanTarget@@IAEXVXml@@@Z 004ce890 f   ahumantarget.obj
 0002:000169a0       ?stopTarget@AHumanTarget@@UAEXXZ 004ce9a0 f   ahumantarget.obj
 0002:000169e0       ?exitTarget@AHumanTarget@@UAEXXZ 004ce9e0 f   ahumantarget.obj
 0002:00016a20       ?destroyTarget@AHumanTarget@@UAEXXZ 004cea20 f   ahumantarget.obj
 0002:00016a60       ?attachLogger@Service@@QAEXXZ 004cea60 f i ahumantarget.obj
 0002:00016ad0       ?getService@MessagingService@@SAPAV1@XZ 004cead0 f i ahumantarget.obj
 0002:00016b30       ?onMessage@MessageSubscriber@@UAEXPAVMessage@@@Z 004ceb30 f i ahumantarget.obj
 0002:00016b70       ?onTextMessage@MessageSubscriber@@UAEXPAVTextMessage@@@Z 004ceb70 f i ahumantarget.obj
 0002:00016bb0       ?onXmlMessage@MessageSubscriber@@UAEXPAVXmlMessage@@@Z 004cebb0 f i ahumantarget.obj
 0002:00016bf0       ?onXmlCall@MessageSubscriber@@UAEXPAVXmlCall@@@Z 004cebf0 f i ahumantarget.obj
 0002:00016c30       ?onBinaryMessage@MessageSubscriber@@UAEXPAVBinaryMessage@@@Z 004cec30 f i ahumantarget.obj
 0002:00016c70       ??1Service@@QAE@XZ         004cec70 f i ahumantarget.obj
 0002:00016d10       ?getServiceName@MindTarget@@EAEPBDXZ 004ced10 f i ahumantarget.obj
 0002:00016d50       ?execute@@YAXVString@@@Z   004ced50 f   main.obj
 0002:00016f10       _main                      004cef10 f   main.obj
 0002:00017010       ??0MindModel@@QAE@XZ       004cf010 f   mindmodel.obj
 0002:00017110       ?getClass@MindModel@@UAEPBDXZ 004cf110 f i mindmodel.obj
 0002:00017150       ??_GMindModel@@UAEPAXI@Z   004cf150 f i mindmodel.obj
 0002:00017150       ??_EMindModel@@UAEPAXI@Z   004cf150 f i mindmodel.obj
 0002:000171c0       ??1MindModel@@UAE@XZ       004cf1c0 f   mindmodel.obj
 0002:000172b0       ?load@MindModel@@QAEXXZ    004cf2b0 f   mindmodel.obj
 0002:00017330       ?checkLinkCoveredByModel@MindModel@@QAE_NVString@@0@Z 004cf330 f   mindmodel.obj
 0002:00017b00       ??0StringList@@QAE@XZ      004cfb00 f i mindmodel.obj
 0002:00017b60       ??1StringList@@QAE@XZ      004cfb60 f i mindmodel.obj
 0002:00017bc0       ?add@StringList@@QAEHPBD@Z 004cfbc0 f i mindmodel.obj
 0002:00017c60       ?count@StringList@@QAEHXZ  004cfc60 f i mindmodel.obj
 0002:00017ca0       ?get@StringList@@QAE?AVString@@H@Z 004cfca0 f i mindmodel.obj
 0002:00017eb0       ??1RuntimeException@@QAE@XZ 004cfeb0 f i mindmodel.obj
 0002:00017fa0       ??0RuntimeException@@QAE@ABV0@@Z 004cffa0 f i mindmodel.obj
 0002:000180e0       ??0Object@@IAE@XZ          004d00e0 f i mindmodel.obj
 0002:000181b0       ??1Object@@QAE@XZ          004d01b0 f i mindmodel.obj
 0002:00018270       ?getService@MindService@@SAPAV1@XZ 004d0270 f i mindmodel.obj
 0002:000182d0       ??0ScenarioPlayer@@QAE@XZ  004d02d0 f   scenarioplayer.obj
 0002:00018380       ?getClass@ScenarioPlayer@@UAEPBDXZ 004d0380 f i scenarioplayer.obj
 0002:000183c0       ??_EScenarioPlayer@@UAEPAXI@Z 004d03c0 f i scenarioplayer.obj
 0002:000183c0       ??_GScenarioPlayer@@UAEPAXI@Z 004d03c0 f i scenarioplayer.obj
 0002:00018430       ??1ScenarioPlayer@@UAE@XZ  004d0430 f   scenarioplayer.obj
 0002:000184d0       ?play@ScenarioPlayer@@QAEXVXml@@@Z 004d04d0 f   scenarioplayer.obj
 0002:00018690       ?playSignal@ScenarioPlayer@@AAEXVXml@@@Z 004d0690 f   scenarioplayer.obj
 0002:00019350       ?count@?$ClassList@VNeuroSignal@@@@QBEHXZ 004d1350 f i scenarioplayer.obj
 0002:000193b0       ?get@?$ClassList@VNeuroSignal@@@@QBEPAVNeuroSignal@@H@Z 004d13b0 f i scenarioplayer.obj
 0002:00019410       ?getArea@MindRegion@@QAEPAVMindArea@@XZ 004d1410 f i scenarioplayer.obj
 0002:00019450       ?getId@NeuroSignal@@QAE?AVString@@XZ 004d1450 f i scenarioplayer.obj
 0002:00019510       ?getSignals@NeuroSignalSet@@QAEAAV?$ClassList@VNeuroSignal@@@@XZ 004d1510 f i scenarioplayer.obj
 0002:00019550       ??0ModelFiberValidator@@QAE@XZ 004d1550 f   modelfibervalidator.obj
 0002:00019600       ?getClass@ModelFiberValidator@@UAEPBDXZ 004d1600 f i modelfibervalidator.obj
 0002:00019640       ??_EModelFiberValidator@@UAEPAXI@Z 004d1640 f i modelfibervalidator.obj
 0002:00019640       ??_GModelFiberValidator@@UAEPAXI@Z 004d1640 f i modelfibervalidator.obj
 0002:000196b0       ??1ModelFiberValidator@@UAE@XZ 004d16b0 f   modelfibervalidator.obj
 0002:00019750       ?isValid_GSE_end@ModelFiberValidator@@QAE_NAAVXmlNerveInfo@@PAVMindRegion@@1@Z 004d1750 f   modelfibervalidator.obj
 0002:00019d40       ?isValid_GSA_begin@ModelFiberValidator@@QAE_NAAVXmlNerveInfo@@PAVMindRegion@@1@Z 004d1d40 f   modelfibervalidator.obj
 0002:0001a320       ?isValid_GSA_afterbegin@ModelFiberValidator@@QAE_NAAVXmlNerveInfo@@PAVMindRegion@@1@Z 004d2320 f   modelfibervalidator.obj
 0002:0001a910       ?isValid_GVE_end@ModelFiberValidator@@QAE_NAAVXmlNerveInfo@@PAVMindRegion@@1@Z 004d2910 f   modelfibervalidator.obj
 0002:0001afe0       ?isValid_GVE_beforeend@ModelFiberValidator@@QAE_NAAVXmlNerveInfo@@PAVMindRegion@@1@Z 004d2fe0 f   modelfibervalidator.obj
 0002:0001b780       ?isValid_SSA_begin@ModelFiberValidator@@QAE_NAAVXmlNerveInfo@@PAVMindRegion@@1@Z 004d3780 f   modelfibervalidator.obj
 0002:0001bef0       ?isValid_SVA_begin@ModelFiberValidator@@QAE_NAAVXmlNerveInfo@@PAVMindRegion@@1@Z 004d3ef0 f   modelfibervalidator.obj
 0002:0001c5b0       ?isValid_SVA_afterbegin@ModelFiberValidator@@QAE_NAAVXmlNerveInfo@@PAVMindRegion@@1@Z 004d45b0 f   modelfibervalidator.obj
 0002:0001cd40       ?getTypeName@MindRegionDef@@QAE?AVString@@XZ 004d4d40 f i modelfibervalidator.obj
 0002:0001ce00       ?getRole@MindRegionDef@@QAE?AW4MindRegionRoleEnum@@XZ 004d4e00 f i modelfibervalidator.obj
 0002:0001ce40       ?getRegionInfo@MindRegion@@QAEPAVMindRegionDef@@XZ 004d4e40 f i modelfibervalidator.obj
 0002:0001ce80       ?getRegionId@MindRegion@@QAE?AVString@@XZ 004d4e80 f i modelfibervalidator.obj
 0002:0001cf40       ??0ModelVerifier@@QAE@VXml@@@Z 004d4f40 f   modelverifier.obj
 0002:0001d050       ?getClass@ModelVerifier@@UAEPBDXZ 004d5050 f i modelverifier.obj
 0002:0001d090       ??_EModelVerifier@@UAEPAXI@Z 004d5090 f i modelverifier.obj
 0002:0001d090       ??_GModelVerifier@@UAEPAXI@Z 004d5090 f i modelverifier.obj
 0002:0001d100       ??1ModelVerifier@@UAE@XZ   004d5100 f   modelverifier.obj
 0002:0001d1d0       ?verify@ModelVerifier@@QAEXXZ 004d51d0 f   modelverifier.obj
 0002:0001d580       ??0?$MapStringToClass@VMindRegionDef@@@@QAE@XZ 004d5580 f i modelverifier.obj
 0002:0001d5e0       ??1?$MapStringToClass@VMindRegionDef@@@@QAE@XZ 004d55e0 f i modelverifier.obj
 0002:0001d640       ?getMindMap@MindService@@QAEPAVMindMap@@XZ 004d5640 f i modelverifier.obj
 0002:0001d680       ?checkCircuits@ModelVerifier@@AAEXXZ 004d5680 f   modelverifier_circuits.obj
 0002:0001d9a0       ?checkCircuits_verifyComponents@ModelVerifier@@AAE_NVString@@@Z 004d59a0 f   modelverifier_circuits.obj
 0002:0001dd60       ?checkCircuits_verifyLinks@ModelVerifier@@AAE_NVString@@@Z 004d5d60 f   modelverifier_circuits.obj
 0002:0001dfe0       ??0XmlCircuitLinkInfo@@QAE@XZ 004d5fe0 f i modelverifier_circuits.obj
 0002:0001e0a0       ??1XmlCircuitLinkInfo@@QAE@XZ 004d60a0 f i modelverifier_circuits.obj
 0002:0001e160       ?checkCircuits_verifyCircuitLink@ModelVerifier@@AAE_NAAVXmlCircuitInfo@@AAVXmlCircuitLinkInfo@@@Z 004d6160 f   modelverifier_circuits.obj
 0002:0001ede0       ??0?$FlatList@VXml@@@@QAE@XZ 004d6de0 f i modelverifier_circuits.obj
 0002:0001ee40       ??1?$FlatList@VXml@@@@QAE@XZ 004d6e40 f i modelverifier_circuits.obj
 0002:0001eeb0       ?count@?$FlatList@VXml@@@@QBEHXZ 004d6eb0 f i modelverifier_circuits.obj
 0002:0001eef0       ?get@?$FlatList@VXml@@@@QBE?AVXml@@H@Z 004d6ef0 f i modelverifier_circuits.obj
 0002:0001f0d0       ?count@MapStringToString@@QAEHXZ 004d70d0 f i modelverifier_circuits.obj
 0002:0001f130       ?getClassByIndex@MapStringToString@@QAEPBDH@Z 004d7130 f i modelverifier_circuits.obj
 0002:0001f1e0       ?getKeyByIndex@MapStringToString@@QAEPBDH@Z 004d71e0 f i modelverifier_circuits.obj
 0002:0001f290       ?checkHierarchy@ModelVerifier@@AAEXXZ 004d7290 f   modelverifier_hmind.obj
 0002:0001f4c0       ?checkHierarchy_verifyChild@ModelVerifier@@AAE_NVString@@_N@Z 004d74c0 f   modelverifier_hmind.obj
 0002:0001fd80       ?checkHierarchy_verifyConnectors@ModelVerifier@@AAE_NPAVMindRegionDef@@ABVXmlHMindElementInfo@@@Z 004d7d80 f   modelverifier_hmind.obj
 0002:00020440       ?add@?$MapStringToClass@VMindRegionDef@@@@QAEHPBDPAVMindRegionDef@@@Z 004d8440 f i modelverifier_hmind.obj
 0002:00020650       ?get@?$MapStringToClass@VMindRegionDef@@@@QAEPAVMindRegionDef@@PBD@Z 004d8650 f i modelverifier_hmind.obj
 0002:00020700       ?clear@?$MapStringToClass@VMindRegionDef@@@@QAEXXZ 004d8700 f i modelverifier_hmind.obj
 0002:00020760       ?getId@MindRegionDef@@QAE?AVString@@XZ 004d8760 f i modelverifier_hmind.obj
 0002:00020820       ?checkMindModel@ModelVerifier@@AAEXXZ 004d8820 f   modelverifier_mind.obj
 0002:00020930       ?checkMindModel_verifyRegion@ModelVerifier@@AAE_NPAVMindRegionDef@@@Z 004d8930 f   modelverifier_mind.obj
 0002:00020f10       ??0XmlCircuitFind@@QAE@XZ  004d8f10 f i modelverifier_mind.obj
 0002:00020fb0       ??1XmlCircuitFind@@QAE@XZ  004d8fb0 f i modelverifier_mind.obj
 0002:00021050       ?checkMindModel_verifyLinkedConnectors@ModelVerifier@@AAE_NPAVMindRegionDef@@PAVMindRegion@@@Z 004d9050 f   modelverifier_mind.obj
 0002:00021730       ?checkMindModel_verifyRegionCircuits@ModelVerifier@@AAE_NPAVMindRegionDef@@PAVMindRegion@@@Z 004d9730 f   modelverifier_mind.obj
 0002:00021b30       ?count@?$MapStringToClass@VMindRegionDef@@@@QAEHXZ 004d9b30 f i modelverifier_mind.obj
 0002:00021b90       ?getClassByIndex@?$MapStringToClass@VMindRegionDef@@@@QAEPAVMindRegionDef@@H@Z 004d9b90 f i modelverifier_mind.obj
 0002:00021c50       ?count@?$ClassList@VNeuroLink@@@@QBEHXZ 004d9c50 f i modelverifier_mind.obj
 0002:00021cb0       ?count@?$ClassList@VMindRegionLink@@@@QBEHXZ 004d9cb0 f i modelverifier_mind.obj
 0002:00021d10       ?getRef@?$ClassList@VMindRegionLink@@@@QBEAAVMindRegionLink@@H@Z 004d9d10 f i modelverifier_mind.obj
 0002:00021d70       ?get@?$ClassList@VMindRegionLink@@@@QBEPAVMindRegionLink@@H@Z 004d9d70 f i modelverifier_mind.obj
 0002:00021dd0       ?getLinks@NeuroLinkSource@@QAEAAV?$ClassList@VNeuroLink@@@@XZ 004d9dd0 f i modelverifier_mind.obj
 0002:00021e10       ?getLinks@NeuroLinkTarget@@QAEAAV?$ClassList@VNeuroLink@@@@XZ 004d9e10 f i modelverifier_mind.obj
 0002:00021e50       ?checkMuscles@ModelVerifier@@AAEXXZ 004d9e50 f   modelverifier_muscles.obj
 0002:00022100       ?checkMuscles_verifyNerve@ModelVerifier@@AAE_NAAVXmlMuscleInfo@@VString@@1@Z 004da100 f   modelverifier_muscles.obj
 0002:00022ee0       ?checkMuscles_verifyNerves@ModelVerifier@@AAE_NVString@@@Z 004daee0 f   modelverifier_muscles.obj
 0002:000234c0       ?find@StringList@@QAEHVString@@@Z 004db4c0 f i modelverifier_muscles.obj
 0002:000235f0       ?checkNerves@ModelVerifier@@AAEXXZ 004db5f0 f   modelverifier_nerves.obj
 0002:00023980       ?getDivisions@XmlNerves@@QAEAAV?$ClassList@VXmlNerveInfo@@@@XZ 004db980 f i modelverifier_nerves.obj
 0002:000239c0       ?checkNerves_verifyComponents@ModelVerifier@@AAE_NVString@@@Z 004db9c0 f   modelverifier_nerves.obj
 0002:00023ec0       ?checkNerves_verifyModalityByChilds@ModelVerifier@@AAE_NAAVXmlNerveInfo@@AAVMapStringToPtr@@@Z 004dbec0 f   modelverifier_nerves.obj
 0002:000248e0       ?checkNerves_verifyFiberIsCovered@ModelVerifier@@AAE_NVString@@AAVStringList@@@Z 004dc8e0 f   modelverifier_nerves.obj
 0002:00024ac0       ?checkNerves_verifyModalityIsCoveredByFibers@ModelVerifier@@AAE_NVString@@AAVMapStringToPtr@@@Z 004dcac0 f   modelverifier_nerves.obj
 0002:00024cd0       ?checkFiberComp@ModelVerifier@@AAE_NAAVXmlNerveInfo@@AAVXmlNerveFiberInfo@@VString@@@Z 004dccd0 f   modelverifier_nerves.obj
 0002:00025220       ?checkNerves_verifyLinks@ModelVerifier@@AAE_NAAVXmlNerveInfo@@AAVXmlNerveFiberInfo@@@Z 004dd220 f   modelverifier_nerves.obj
 0002:00025840       ?checkFiberType@ModelVerifier@@AAE_NAAVXmlNerveInfo@@AAVXmlNerveFiberInfo@@VString@@@Z 004dd840 f   modelverifier_nerves.obj
 0002:00025dc0       ?checkNerves_verifyFiberChain@ModelVerifier@@AAE_NAAVXmlNerveInfo@@AAVXmlNerveFiberInfo@@VString@@2W4ModelVerifierFiberChainPosEnum@@HH@Z 004dddc0 f   modelverifier_nerves.obj
 0002:000264b0       ?count@?$MapStringToClass@VXmlNerveInfo@@@@QAEHXZ 004de4b0 f i modelverifier_nerves.obj
 0002:00026510       ?getClassRefByIndex@?$MapStringToClass@VXmlNerveInfo@@@@QAEAAVXmlNerveInfo@@H@Z 004de510 f i modelverifier_nerves.obj
 0002:000265d0       ?count@?$ClassList@VXmlNerveInfo@@@@QBEHXZ 004de5d0 f i modelverifier_nerves.obj
 0002:00026630       ?getRef@?$ClassList@VXmlNerveInfo@@@@QBEAAVXmlNerveInfo@@H@Z 004de630 f i modelverifier_nerves.obj
 0002:00026690       ?count@?$ClassList@VXmlNerveFiberInfo@@@@QBEHXZ 004de690 f i modelverifier_nerves.obj
 0002:000266f0       ?getRef@?$ClassList@VXmlNerveFiberInfo@@@@QBEAAVXmlNerveFiberInfo@@H@Z 004de6f0 f i modelverifier_nerves.obj
 0002:00026750       ?get@?$ClassList@VXmlNerveInfo@@@@QBEPAVXmlNerveInfo@@H@Z 004de750 f i modelverifier_nerves.obj
 0002:000267b0       ?get@?$ClassList@VXmlNerveFiberInfo@@@@QBEPAVXmlNerveFiberInfo@@H@Z 004de7b0 f i modelverifier_nerves.obj
 0002:00026810       ??0MapStringToPtr@@QAE@XZ  004de810 f i modelverifier_nerves.obj
 0002:00026870       ??1MapStringToPtr@@QAE@XZ  004de870 f i modelverifier_nerves.obj
 0002:000268d0       ?addnew@MapStringToPtr@@QAEHPBDPAX@Z 004de8d0 f i modelverifier_nerves.obj
 0002:00026b60       ?addnew@MapStringToPtr@@QAEXAAV1@@Z 004deb60 f i modelverifier_nerves.obj
 0002:00026c10       ?addnew@MapStringToPtr@@QAEXAAVStringList@@PAX@Z 004dec10 f i modelverifier_nerves.obj
 0002:00026d30       ?get@MapStringToPtr@@QAEPAXPBD@Z 004ded30 f i modelverifier_nerves.obj
 0002:00026de0       ?count@MapStringToPtr@@QAEHXZ 004dede0 f i modelverifier_nerves.obj
 0002:00026e40       ?destroy@MapStringToPtr@@QAEXXZ 004dee40 f i modelverifier_nerves.obj
 0002:00026ea0       ?getKeyByIndex@MapStringToPtr@@QAEPBDH@Z 004deea0 f i modelverifier_nerves.obj
 0002:00026f50       ?checkSpinal@ModelVerifier@@AAEXXZ 004def50 f   modelverifier_spinal.obj
 0002:00027020       ?checkSpinal_verifyEndings@ModelVerifier@@AAE_NXZ 004df020 f   modelverifier_spinal.obj
 0002:000270f0       ?getTracts@XmlHMind@@QAEPAVXmlTracts@@XZ 004df0f0 f i modelverifier_spinal.obj
 0002:00027130       ?getEndingMap@XmlTracts@@QAEAAV?$MapStringToClass@VXmlBrainEnding@@@@XZ 004df130 f i modelverifier_spinal.obj
 0002:00027170       ?checkSpinal_verifyEndingData@ModelVerifier@@AAE_NAAVXmlBrainEnding@@@Z 004df170 f   modelverifier_spinal.obj
 0002:000273a0       ?checkSpinal_verifyFibers@ModelVerifier@@AAE_NXZ 004df3a0 f   modelverifier_spinal.obj
 0002:00027470       ?getFibers@XmlTracts@@QAEAAV?$MapStringToClass@VXmlBrainFiber@@@@XZ 004df470 f i modelverifier_spinal.obj
 0002:000274b0       ?checkSpinal_verifyFiberData@ModelVerifier@@AAE_NAAVXmlBrainFiber@@@Z 004df4b0 f   modelverifier_spinal.obj
 0002:000279a0       ?checkSpinal_verifyTracts@ModelVerifier@@AAE_NXZ 004df9a0 f   modelverifier_spinal.obj
 0002:00027a70       ?getTracts@XmlTracts@@QAEAAV?$MapStringToClass@VXmlBrainTractSet@@@@XZ 004dfa70 f i modelverifier_spinal.obj
 0002:00027ab0       ?checkSpinal_verifyTractSet@ModelVerifier@@AAE_NAAVXmlBrainTractSet@@@Z 004dfab0 f   modelverifier_spinal.obj
 0002:00027b60       ?checkSpinal_verifyTractData@ModelVerifier@@AAE_NAAVXmlBrainTract@@@Z 004dfb60 f   modelverifier_spinal.obj
 0002:00027c80       ?checkSpinal_verifyTractPathData@ModelVerifier@@AAE_NAAVXmlBrainTract@@AAVXmlBrainTractPath@@@Z 004dfc80 f   modelverifier_spinal.obj
 0002:000283a0       ?count@?$MapStringToClass@VXmlBrainTractSet@@@@QAEHXZ 004e03a0 f i modelverifier_spinal.obj
 0002:00028400       ?getClassRefByIndex@?$MapStringToClass@VXmlBrainTractSet@@@@QAEAAVXmlBrainTractSet@@H@Z 004e0400 f i modelverifier_spinal.obj
 0002:000284c0       ?count@?$MapStringToClass@VXmlBrainFiber@@@@QAEHXZ 004e04c0 f i modelverifier_spinal.obj
 0002:00028520       ?getClassRefByIndex@?$MapStringToClass@VXmlBrainFiber@@@@QAEAAVXmlBrainFiber@@H@Z 004e0520 f i modelverifier_spinal.obj
 0002:000285e0       ?count@?$MapStringToClass@VXmlBrainEnding@@@@QAEHXZ 004e05e0 f i modelverifier_spinal.obj
 0002:00028640       ?getClassRefByIndex@?$MapStringToClass@VXmlBrainEnding@@@@QAEAAVXmlBrainEnding@@H@Z 004e0640 f i modelverifier_spinal.obj
 0002:00028700       ?count@?$MapStringToClass@VXmlBrainTract@@@@QAEHXZ 004e0700 f i modelverifier_spinal.obj
 0002:00028760       ?getClassRefByIndex@?$MapStringToClass@VXmlBrainTract@@@@QAEAAVXmlBrainTract@@H@Z 004e0760 f i modelverifier_spinal.obj
 0002:00028820       ?count@?$MapStringToClass@VXmlBrainTractPath@@@@QAEHXZ 004e0820 f i modelverifier_spinal.obj
 0002:00028880       ?getClassRefByIndex@?$MapStringToClass@VXmlBrainTractPath@@@@QAEAAVXmlBrainTractPath@@H@Z 004e0880 f i modelverifier_spinal.obj
 0002:00028940       ??0WikiAreaPages@@QAE@PAVWikiMaker@@@Z 004e0940 f   wikiareapages.obj
 0002:00028a00       ?getClass@WikiAreaPages@@UAEPBDXZ 004e0a00 f i wikiareapages.obj
 0002:00028a40       ??_GWikiAreaPages@@UAEPAXI@Z 004e0a40 f i wikiareapages.obj
 0002:00028a40       ??_EWikiAreaPages@@UAEPAXI@Z 004e0a40 f i wikiareapages.obj
 0002:00028ab0       ??1WikiAreaPages@@UAE@XZ   004e0ab0 f   wikiareapages.obj
 0002:00028b50       ?execute@WikiAreaPages@@QAEXXZ 004e0b50 f   wikiareapages.obj
 0002:00028df0       ?createAreaPages_createArea@WikiAreaPages@@AAEXVString@@PAVMindArea@@@Z 004e0df0 f   wikiareapages.obj
 0002:00029170       ?createAreaPages_createCircuitsAndReferencesTableSection@WikiAreaPages@@AAEXVString@@PAVMindArea@@@Z 004e1170 f   wikiareapages.obj
 0002:00029a40       ?createAreaPages_getCircuitKey@WikiAreaPages@@AAE?AVString@@PAVMindArea@@AAVXmlCircuitInfo@@@Z 004e1a40 f   wikiareapages.obj
 0002:00029fb0       ?createAreaPages_getCircuitLines@WikiAreaPages@@AAEXAAVXmlCircuitInfo@@AAVStringList@@@Z 004e1fb0 f   wikiareapages.obj
 0002:0002a460       ?createAreaPages_createRegionPages@WikiAreaPages@@AAEXVString@@PAVMindArea@@@Z 004e2460 f   wikiareapages.obj
 0002:0002a5f0       ?createAreaPages_createAreaCircuit@WikiAreaPages@@AAEXPAVMindArea@@AAVMindLocalCircuitDef@@AAVStringList@@@Z 004e25f0 f   wikiareapages.obj
 0002:0002a980       ?createAreaPages_createRegionTableSection@WikiAreaPages@@AAEXPAVMindArea@@AAVMindLocalCircuitDef@@AAVStringList@@@Z 004e2980 f   wikiareapages.obj
 0002:0002ab40       ?createAreaPages_getRegionTableRow@WikiAreaPages@@AAE?AVString@@PAVMindRegionDef@@@Z 004e2b40 f   wikiareapages.obj
 0002:0002b4f0       ?createAreaPages_createConnectivityTableSection@WikiAreaPages@@AAEXPAVMindArea@@AAVMindLocalCircuitDef@@AAVStringList@@@Z 004e34f0 f   wikiareapages.obj
 0002:0002b7e0       ?createAreaPages_addExternalConnections@WikiAreaPages@@AAEXPAVMindArea@@AAVMindLocalCircuitDef@@AAVStringList@@AAV?$MapStringToClass@VMindLocalCircuitConnectionDef@@@@_N@Z 004e37e0 f   wikiareapages.obj
 0002:0002bdc0       ?createAreaPages_getInternalConnections@WikiAreaPages@@AAEXPAVMindArea@@AAVMindLocalCircuitDef@@AAV?$MapStringToClass@VMindLocalCircuitConnectionDef@@@@@Z 004e3dc0 f   wikiareapages.obj
 0002:0002c060       ?createAreaPages_getExternalConnections@WikiAreaPages@@AAEXPAVMindArea@@AAVMindLocalCircuitDef@@AAV?$MapStringToClass@VMindLocalCircuitConnectionDef@@@@_N@Z 004e4060 f   wikiareapages.obj
 0002:0002c820       ?createAreaPages_getInternalConnectionTableLine@WikiAreaPages@@AAEXPAVMindArea@@AAVMindLocalCircuitDef@@PAVMindLocalCircuitConnectionDef@@AAVStringList@@@Z 004e4820 f   wikiareapages.obj
 0002:0002ce80       ?createAreaPages_getExternalConnectionTableLine@WikiAreaPages@@AAEXPAVMindArea@@AAVMindLocalCircuitDef@@PAVMindLocalCircuitConnectionDef@@AAVStringList@@_NPBD@Z 004e4e80 f   wikiareapages.obj
 0002:0002e680       ?getTargetLinkConnectors@WikiAreaPages@@AAEXPAVMindRegion@@0AAVMapStringToString@@@Z 004e6680 f   wikiareapages.obj
 0002:0002e8a0       ?createDotFile_getRegionLabel@WikiAreaPages@@AAE?AVString@@PAVMindRegionDef@@@Z 004e68a0 f   wikiareapages.obj
 0002:0002eca0       ?createDotFile@WikiAreaPages@@AAEXPAVMindArea@@AAVMindLocalCircuitDef@@AAV?$MapStringToClass@VMindLocalCircuitConnectionDef@@@@22@Z 004e6ca0 f   wikiareapages.obj
 0002:0002fa90       ?getRegionColor@WikiAreaPages@@AAE?AVString@@V2@@Z 004e7a90 f   wikiareapages.obj
 0002:0002fd40       ?getParent@XmlHMindElementInfo@@QBEPAV1@XZ 004e7d40 f i wikiareapages.obj
 0002:0002fd80       ?createDotFile_subgraph@WikiAreaPages@@AAEXPAVMindArea@@AAVMindLocalCircuitDef@@_NAAV?$MapStringToClass@VMindLocalCircuitConnectionDef@@@@AAVStringList@@AAVString@@@Z 004e7d80 f   wikiareapages.obj
 0002:00031b90       ?count@?$MapStringToClass@VMindLocalCircuitDef@@@@QAEHXZ 004e9b90 f i wikiareapages.obj
 0002:00031bf0       ?getClassRefByIndex@?$MapStringToClass@VMindLocalCircuitDef@@@@QAEAAVMindLocalCircuitDef@@H@Z 004e9bf0 f i wikiareapages.obj
 0002:00031cb0       ??0?$ClassList@VMindLocalCircuitConnectionDef@@@@QAE@XZ 004e9cb0 f i wikiareapages.obj
 0002:00031d10       ??1?$ClassList@VMindLocalCircuitConnectionDef@@@@QAE@XZ 004e9d10 f i wikiareapages.obj
 0002:00031d70       ?count@?$ClassList@VMindLocalCircuitConnectionDef@@@@QBEHXZ 004e9d70 f i wikiareapages.obj
 0002:00031dd0       ?get@?$ClassList@VMindLocalCircuitConnectionDef@@@@QBEPAVMindLocalCircuitConnectionDef@@H@Z 004e9dd0 f i wikiareapages.obj
 0002:00031e30       ?add@?$ClassList@VMindLocalCircuitConnectionDef@@@@QAEHPAVMindLocalCircuitConnectionDef@@@Z 004e9e30 f i wikiareapages.obj
 0002:00031ed0       ??0?$MapStringToClass@VMindLocalCircuitConnectionDef@@@@QAE@XZ 004e9ed0 f i wikiareapages.obj
 0002:00031f30       ??1?$MapStringToClass@VMindLocalCircuitConnectionDef@@@@QAE@XZ 004e9f30 f i wikiareapages.obj
 0002:00031f90       ?add@?$MapStringToClass@VMindLocalCircuitConnectionDef@@@@QAEHPBDPAVMindLocalCircuitConnectionDef@@@Z 004e9f90 f i wikiareapages.obj
 0002:000321a0       ?get@?$MapStringToClass@VMindLocalCircuitConnectionDef@@@@QAEPAVMindLocalCircuitConnectionDef@@PBD@Z 004ea1a0 f i wikiareapages.obj
 0002:00032250       ?count@?$MapStringToClass@VMindLocalCircuitConnectionDef@@@@QAEHXZ 004ea250 f i wikiareapages.obj
 0002:000322b0       ?getClassByIndex@?$MapStringToClass@VMindLocalCircuitConnectionDef@@@@QAEPAVMindLocalCircuitConnectionDef@@H@Z 004ea2b0 f i wikiareapages.obj
 0002:00032370       ?getKeyByIndex@?$MapStringToClass@VMindLocalCircuitConnectionDef@@@@QAEPBDH@Z 004ea370 f i wikiareapages.obj
 0002:00032420       ??0?$MapStringToClass@VMindArea@@@@QAE@XZ 004ea420 f i wikiareapages.obj
 0002:00032480       ??1?$MapStringToClass@VMindArea@@@@QAE@XZ 004ea480 f i wikiareapages.obj
 0002:000324e0       ?add@?$MapStringToClass@VMindArea@@@@QAEHPBDPAVMindArea@@@Z 004ea4e0 f i wikiareapages.obj
 0002:000326f0       ?get@?$MapStringToClass@VMindArea@@@@QAEPAVMindArea@@PBD@Z 004ea6f0 f i wikiareapages.obj
 0002:000327a0       ?count@?$MapStringToClass@VMindArea@@@@QAEHXZ 004ea7a0 f i wikiareapages.obj
 0002:00032800       ?getClassByIndex@?$MapStringToClass@VMindArea@@@@QAEPAVMindArea@@H@Z 004ea800 f i wikiareapages.obj
 0002:000328c0       ??0?$MapStringToClass@VMindRegion@@@@QAE@XZ 004ea8c0 f i wikiareapages.obj
 0002:00032920       ??1?$MapStringToClass@VMindRegion@@@@QAE@XZ 004ea920 f i wikiareapages.obj
 0002:00032980       ?add@?$MapStringToClass@VMindRegion@@@@QAEHPBDPAVMindRegion@@@Z 004ea980 f i wikiareapages.obj
 0002:00032b90       ?addnew@?$MapStringToClass@VMindRegion@@@@QAEHPBDPAVMindRegion@@@Z 004eab90 f i wikiareapages.obj
 0002:00032c60       ?get@?$MapStringToClass@VMindRegion@@@@QAEPAVMindRegion@@PBD@Z 004eac60 f i wikiareapages.obj
 0002:00032d10       ?count@?$MapStringToClass@VMindRegion@@@@QAEHXZ 004ead10 f i wikiareapages.obj
 0002:00032d70       ?getClassByIndex@?$MapStringToClass@VMindRegion@@@@QAEPAVMindRegion@@H@Z 004ead70 f i wikiareapages.obj
 0002:00032e30       ?getKeyByIndex@?$MapStringToClass@VMindRegion@@@@QAEPBDH@Z 004eae30 f i wikiareapages.obj
 0002:00032ee0       ??0?$MapStringToClass@V?$MapStringToClass@VMindLocalCircuitConnectionDef@@@@@@QAE@XZ 004eaee0 f i wikiareapages.obj
 0002:00032f40       ??1?$MapStringToClass@V?$MapStringToClass@VMindLocalCircuitConnectionDef@@@@@@QAE@XZ 004eaf40 f i wikiareapages.obj
 0002:00032fa0       ?add@?$MapStringToClass@V?$MapStringToClass@VMindLocalCircuitConnectionDef@@@@@@QAEHPBDPAV?$MapStringToClass@VMindLocalCircuitConnectionDef@@@@@Z 004eafa0 f i wikiareapages.obj
 0002:000331b0       ?get@?$MapStringToClass@V?$MapStringToClass@VMindLocalCircuitConnectionDef@@@@@@QAEPAV?$MapStringToClass@VMindLocalCircuitConnectionDef@@@@PBD@Z 004eb1b0 f i wikiareapages.obj
 0002:00033260       ?count@?$MapStringToClass@V?$MapStringToClass@VMindLocalCircuitConnectionDef@@@@@@QAEHXZ 004eb260 f i wikiareapages.obj
 0002:000332c0       ?getClassByIndex@?$MapStringToClass@V?$MapStringToClass@VMindLocalCircuitConnectionDef@@@@@@QAEPAV?$MapStringToClass@VMindLocalCircuitConnectionDef@@@@H@Z 004eb2c0 f i wikiareapages.obj
 0002:00033380       ?getKeyByIndex@?$MapStringToClass@V?$MapStringToClass@VMindLocalCircuitConnectionDef@@@@@@QAEPBDH@Z 004eb380 f i wikiareapages.obj
 0002:00033430       ??0?$MapStringToClass@V?$MapStringToClass@VMindRegion@@@@@@QAE@XZ 004eb430 f i wikiareapages.obj
 0002:00033490       ??1?$MapStringToClass@V?$MapStringToClass@VMindRegion@@@@@@QAE@XZ 004eb490 f i wikiareapages.obj
 0002:000334f0       ?add@?$MapStringToClass@V?$MapStringToClass@VMindRegion@@@@@@QAEHPBDPAV?$MapStringToClass@VMindRegion@@@@@Z 004eb4f0 f i wikiareapages.obj
 0002:00033700       ?get@?$MapStringToClass@V?$MapStringToClass@VMindRegion@@@@@@QAEPAV?$MapStringToClass@VMindRegion@@@@PBD@Z 004eb700 f i wikiareapages.obj
 0002:000337b0       ?destroy@?$MapStringToClass@V?$MapStringToClass@VMindRegion@@@@@@QAEXXZ 004eb7b0 f i wikiareapages.obj
 0002:000338a0       ??0?$MapStringToClass@V?$ClassList@VMindLocalCircuitConnectionDef@@@@@@QAE@XZ 004eb8a0 f i wikiareapages.obj
 0002:00033900       ??1?$MapStringToClass@V?$ClassList@VMindLocalCircuitConnectionDef@@@@@@QAE@XZ 004eb900 f i wikiareapages.obj
 0002:00033960       ?add@?$MapStringToClass@V?$ClassList@VMindLocalCircuitConnectionDef@@@@@@QAEHPBDPAV?$ClassList@VMindLocalCircuitConnectionDef@@@@@Z 004eb960 f i wikiareapages.obj
 0002:00033b70       ?get@?$MapStringToClass@V?$ClassList@VMindLocalCircuitConnectionDef@@@@@@QAEPAV?$ClassList@VMindLocalCircuitConnectionDef@@@@PBD@Z 004ebb70 f i wikiareapages.obj
 0002:00033c20       ?destroy@?$MapStringToClass@V?$ClassList@VMindLocalCircuitConnectionDef@@@@@@QAEXXZ 004ebc20 f i wikiareapages.obj
 0002:00033d10       ??_G?$MapStringToClass@VMindRegion@@@@QAEPAXI@Z 004ebd10 f i wikiareapages.obj
 0002:00033d80       ??_G?$ClassList@VMindLocalCircuitConnectionDef@@@@QAEPAXI@Z 004ebd80 f i wikiareapages.obj
 0002:00033df0       ?sort@StringList@@QAEXXZ   004ebdf0 f i wikiareapages.obj
 0002:00033e50       ?clear@StringList@@QAEXXZ  004ebe50 f i wikiareapages.obj
 0002:00033eb0       ??0MapStringToString@@QAE@XZ 004ebeb0 f i wikiareapages.obj
 0002:00033f10       ??1MapStringToString@@QAE@XZ 004ebf10 f i wikiareapages.obj
 0002:00033f70       ?add@MapStringToString@@QAEHPBD0@Z 004ebf70 f i wikiareapages.obj
 0002:00034320       ?addnew@MapStringToString@@QAEHPBD0@Z 004ec320 f i wikiareapages.obj
 0002:000345d0       ?destroy@MapStringToString@@QAEXXZ 004ec5d0 f i wikiareapages.obj
 0002:00034680       ?getServiceName@MindRegionDef@@QAE?AVString@@XZ 004ec680 f i wikiareapages.obj
 0002:00034740       ?isTargetSensor@MindRegionDef@@QAE_NXZ 004ec740 f i wikiareapages.obj
 0002:000347c0       ?isTargetEffector@MindRegionDef@@QAE_NXZ 004ec7c0 f i wikiareapages.obj
 0002:00034840       ?getId@MindLocalCircuitDef@@QAE?AVString@@XZ 004ec840 f i wikiareapages.obj
 0002:00034900       ?getName@MindLocalCircuitDef@@QAE?AVString@@XZ 004ec900 f i wikiareapages.obj
 0002:000349c0       ?getRegions@MindLocalCircuitDef@@QAEAAV?$MapStringToClass@VMindRegionDef@@@@XZ 004ec9c0 f i wikiareapages.obj
 0002:00034a00       ?getAreaType@MindAreaDef@@QAE?AVString@@XZ 004eca00 f i wikiareapages.obj
 0002:00034ac0       ?getAreaName@MindAreaDef@@QAE?AVString@@XZ 004ecac0 f i wikiareapages.obj
 0002:00034b80       ?getCircuits@MindAreaDef@@QAEAAV?$MapStringToClass@VMindLocalCircuitDef@@@@XZ 004ecb80 f i wikiareapages.obj
 0002:00034bc0       ?getTypeName@MindLocalCircuitConnectionDef@@QAE?AVString@@XZ 004ecbc0 f i wikiareapages.obj
 0002:00034c80       ?isPrimary@MindLocalCircuitConnectionDef@@QAE_NXZ 004ecc80 f i wikiareapages.obj
 0002:00034cc0       ?getSrcRegion@MindLocalCircuitConnectionDef@@QAE?AVString@@XZ 004eccc0 f i wikiareapages.obj
 0002:00034d80       ?getDstRegion@MindLocalCircuitConnectionDef@@QAE?AVString@@XZ 004ecd80 f i wikiareapages.obj
 0002:00034e40       ?getRegion@TargetRegionConnectorDef@@QAE?AVString@@XZ 004ece40 f i wikiareapages.obj
 0002:00034f00       ?getAreaId@MindArea@@QAE?AVString@@XZ 004ecf00 f i wikiareapages.obj
 0002:00034fc0       ?isTargetArea@MindArea@@QAE_NXZ 004ecfc0 f i wikiareapages.obj
 0002:00035000       ?getMindAreaDef@MindArea@@QAEPAVMindAreaDef@@XZ 004ed000 f i wikiareapages.obj
 0002:00035040       ?getRegionType@MindRegion@@QAEPAVMindRegionTypeDef@@XZ 004ed040 f i wikiareapages.obj
 0002:00035080       ??0WikiCircuitPages@@QAE@PAVWikiMaker@@@Z 004ed080 f   wikicircuitpages.obj
 0002:00035140       ?getClass@WikiCircuitPages@@UAEPBDXZ 004ed140 f i wikicircuitpages.obj
 0002:00035180       ??_EWikiCircuitPages@@UAEPAXI@Z 004ed180 f i wikicircuitpages.obj
 0002:00035180       ??_GWikiCircuitPages@@UAEPAXI@Z 004ed180 f i wikicircuitpages.obj
 0002:000351f0       ??1WikiCircuitPages@@UAE@XZ 004ed1f0 f   wikicircuitpages.obj
 0002:00035290       ?execute@WikiCircuitPages@@QAEXXZ 004ed290 f   wikicircuitpages.obj
 0002:000354d0       ?createCircuitPage@WikiCircuitPages@@AAEXVString@@0PAVMindGlobalCircuitDef@@@Z 004ed4d0 f   wikicircuitpages.obj
 0002:00035a20       ?createCircuitPage_getHeading@WikiCircuitPages@@AAEXVString@@PAVMindGlobalCircuitDef@@AAVStringList@@@Z 004eda20 f   wikicircuitpages.obj
 0002:00035e40       ?createCircuitPage_getLinkList@WikiCircuitPages@@AAEXPAVMindGlobalCircuitDef@@AAV?$MapStringToClass@VMindLocalCircuitConnectionDef@@@@@Z 004ede40 f   wikicircuitpages.obj
 0002:00036070       ?createCircuitPage_getLinkSection@WikiCircuitPages@@AAEXPAVMindGlobalCircuitDef@@AAV?$MapStringToClass@VMindLocalCircuitConnectionDef@@@@AAVStringList@@@Z 004ee070 f   wikicircuitpages.obj
 0002:00036130       ?createCircuitPage_getLinksRow@WikiCircuitPages@@AAEXPAVMindGlobalCircuitDef@@PAVMindLocalCircuitConnectionDef@@AAVStringList@@@Z 004ee130 f   wikicircuitpages.obj
 0002:000366e0       ?createCircuitPage_getNodeList@WikiCircuitPages@@AAEXPAVMindGlobalCircuitDef@@AAV?$MapStringToClass@VMindRegion@@@@@Z 004ee6e0 f   wikicircuitpages.obj
 0002:00036980       ?createCircuitPage_getNodeSection@WikiCircuitPages@@AAEXPAVMindGlobalCircuitDef@@AAV?$MapStringToClass@VMindRegion@@@@AAVStringList@@@Z 004ee980 f   wikicircuitpages.obj
 0002:00036a40       ?createCircuitPage_getNodesRow@WikiCircuitPages@@AAEXPAVMindGlobalCircuitDef@@PAVMindRegion@@AAVStringList@@@Z 004eea40 f   wikicircuitpages.obj
 0002:00037080       ?createCircuitPage_getDiagram@WikiCircuitPages@@AAEXPAVMindGlobalCircuitDef@@AAV?$MapStringToClass@VMindRegion@@@@AAV?$MapStringToClass@VMindLocalCircuitConnectionDef@@@@AAVStringList@@@Z 004ef080 f   wikicircuitpages.obj
 0002:00037d00       ?count@?$ClassList@VMindGlobalCircuitDef@@@@QBEHXZ 004efd00 f i wikicircuitpages.obj
 0002:00037d60       ?get@?$ClassList@VMindGlobalCircuitDef@@@@QBEPAVMindGlobalCircuitDef@@H@Z 004efd60 f i wikicircuitpages.obj
 0002:00037dc0       ?getMindGlobalCircuits@MindMap@@QAEAAV?$ClassList@VMindGlobalCircuitDef@@@@XZ 004efdc0 f i wikicircuitpages.obj
 0002:00037e00       ?getId@MindGlobalCircuitDef@@QAE?AVString@@XZ 004efe00 f i wikicircuitpages.obj
 0002:00037ec0       ?getName@MindGlobalCircuitDef@@QAE?AVString@@XZ 004efec0 f i wikicircuitpages.obj
 0002:00037f80       ?getConnections@MindGlobalCircuitDef@@QAEAAV?$ClassList@VMindLocalCircuitConnectionDef@@@@XZ 004eff80 f i wikicircuitpages.obj
 0002:00037fc0       ??0WikiHierarchyPage@@QAE@PAVWikiMaker@@@Z 004effc0 f   wikihierarchypage.obj
 0002:00038080       ?getClass@WikiHierarchyPage@@UAEPBDXZ 004f0080 f i wikihierarchypage.obj
 0002:000380c0       ??_GWikiHierarchyPage@@UAEPAXI@Z 004f00c0 f i wikihierarchypage.obj
 0002:000380c0       ??_EWikiHierarchyPage@@UAEPAXI@Z 004f00c0 f i wikihierarchypage.obj
 0002:00038130       ??1WikiHierarchyPage@@UAE@XZ 004f0130 f   wikihierarchypage.obj
 0002:000381d0       ?execute@WikiHierarchyPage@@QAEXXZ 004f01d0 f   wikihierarchypage.obj
 0002:00038650       ?updateHierarchyPage_walkTree@WikiHierarchyPage@@AAEXVString@@HAAVStringList@@PAVMindArea@@PAVMindRegion@@@Z 004f0650 f   wikihierarchypage.obj
 0002:00038b20       ?updateHierarchyPage_getArea@WikiHierarchyPage@@AAEPAVMindArea@@VString@@@Z 004f0b20 f   wikihierarchypage.obj
 0002:00038f60       ?updateHierarchyPage_getRegion@WikiHierarchyPage@@AAEPAVMindRegion@@VString@@@Z 004f0f60 f   wikihierarchypage.obj
 0002:00039390       ?updateHierarchyPage_getElementString@WikiHierarchyPage@@AAE?AVString@@V2@PAVMindArea@@PAVMindRegion@@12@Z 004f1390 f   wikihierarchypage.obj
 0002:00039f00       ?updateHierarchyPage_walkNeocortex@WikiHierarchyPage@@AAEXVString@@00@Z 004f1f00 f   wikihierarchypage.obj
 0002:0003a260       ?updateHierarchyPage_getNeocortexLobeLines@WikiHierarchyPage@@AAEXVString@@AAVStringList@@@Z 004f2260 f   wikihierarchypage.obj
 0002:0003aa10       ?updateHierarchyPage_getNeocortexBrodmannLine@WikiHierarchyPage@@AAE?AVString@@V2@0@Z 004f2a10 f   wikihierarchypage.obj
 0002:0003ad00       ?updateHierarchyPage_walkNeocortexBrodmannLine@WikiHierarchyPage@@AAEXVString@@0AAVStringList@@@Z 004f2d00 f   wikihierarchypage.obj
 0002:0003b480       ?get@MapStringToString@@QAEPBDPBD@Z 004f3480 f i wikihierarchypage.obj
 0002:0003b530       ??0WikiMainPage@@QAE@PAVWikiMaker@@@Z 004f3530 f   wikimainpage.obj
 0002:0003b5f0       ?getClass@WikiMainPage@@UAEPBDXZ 004f35f0 f i wikimainpage.obj
 0002:0003b630       ??_GWikiMainPage@@UAEPAXI@Z 004f3630 f i wikimainpage.obj
 0002:0003b630       ??_EWikiMainPage@@UAEPAXI@Z 004f3630 f i wikimainpage.obj
 0002:0003b6a0       ??1WikiMainPage@@UAE@XZ    004f36a0 f   wikimainpage.obj
 0002:0003b740       ?execute@WikiMainPage@@QAEXXZ 004f3740 f   wikimainpage.obj
 0002:0003bd50       ??0?$MapStringToClass@VMindGlobalCircuitDef@@@@QAE@XZ 004f3d50 f i wikimainpage.obj
 0002:0003bdb0       ??1?$MapStringToClass@VMindGlobalCircuitDef@@@@QAE@XZ 004f3db0 f i wikimainpage.obj
 0002:0003be10       ?add@?$MapStringToClass@VMindGlobalCircuitDef@@@@QAEHPBDPAVMindGlobalCircuitDef@@@Z 004f3e10 f i wikimainpage.obj
 0002:0003c020       ?count@?$MapStringToClass@VMindGlobalCircuitDef@@@@QAEHXZ 004f4020 f i wikimainpage.obj
 0002:0003c080       ?getClassByIndex@?$MapStringToClass@VMindGlobalCircuitDef@@@@QAEPAVMindGlobalCircuitDef@@H@Z 004f4080 f i wikimainpage.obj
 0002:0003c140       ??0WikiMaker@@QAE@VXml@@@Z 004f4140 f   wikimaker.obj
 0002:0003c260       ?getClass@WikiMaker@@UAEPBDXZ 004f4260 f i wikimaker.obj
 0002:0003c2a0       ??_GWikiMaker@@UAEPAXI@Z   004f42a0 f i wikimaker.obj
 0002:0003c2a0       ??_EWikiMaker@@UAEPAXI@Z   004f42a0 f i wikimaker.obj
 0002:0003c310       ??1WikiMaker@@UAE@XZ       004f4310 f   wikimaker.obj
 0002:0003c400       ?createPages@WikiMaker@@QAEXXZ 004f4400 f   wikimaker.obj
 0002:0003c4c0       ?createSpinalCordPage@WikiMaker@@AAEXXZ 004f44c0 f   wikimaker.obj
 0002:0003c5b0       ?createTractsPages@WikiMaker@@AAEXXZ 004f45b0 f   wikimaker.obj
 0002:0003c6a0       ?createPeripheralPage@WikiMaker@@AAEXXZ 004f46a0 f   wikimaker.obj
 0002:0003c800       ?createMainPage@WikiMaker@@AAEXXZ 004f4800 f   wikimaker.obj
 0002:0003c8f0       ?createCircuitPages@WikiMaker@@AAEXXZ 004f48f0 f   wikimaker.obj
 0002:0003c9e0       ?updateHierarchyPage@WikiMaker@@AAEXXZ 004f49e0 f   wikimaker.obj
 0002:0003cad0       ?createAreaPages@WikiMaker@@AAEXXZ 004f4ad0 f   wikimaker.obj
 0002:0003cbc0       ?createNervePages@WikiMaker@@AAEXXZ 004f4bc0 f   wikimaker.obj
 0002:0003ccf0       ?createMusclePages@WikiMaker@@AAEXXZ 004f4cf0 f   wikimaker.obj
 0002:0003ce20       ?updateFileSection@WikiMaker@@QAEXVString@@00AAVStringList@@@Z 004f4e20 f   wikimaker.obj
 0002:0003e040       ?updateFileHeading@WikiMaker@@QAEXVString@@0AAVStringList@@@Z 004f6040 f   wikimaker.obj
 0002:0003eb40       ?createFileContent@WikiMaker@@QAEXVString@@AAVStringList@@@Z 004f6b40 f   wikimaker.obj
 0002:0003ef30       ?setSpecialCharacters@WikiMaker@@QAE?AVString@@V2@@Z 004f6f30 f   wikimaker.obj
 0002:0003f0c0       ?findReference@WikiMaker@@QAE?AVString@@PAVMindRegionLink@@@Z 004f70c0 f   wikimaker.obj
 0002:0003f200       ?findReference@WikiMaker@@QAE?AVString@@PAVMindLocalCircuitConnectionDef@@@Z 004f7200 f   wikimaker.obj
 0002:0003f330       ?findReference@WikiMaker@@QAE?AVString@@V2@0@Z 004f7330 f   wikimaker.obj
 0002:0003fc80       ?getAreaPage@WikiMaker@@QAE?AVString@@V2@@Z 004f7c80 f   wikimaker.obj
 0002:0003fd90       ?getRegionPage@WikiMaker@@QAE?AVString@@V2@@Z 004f7d90 f   wikimaker.obj
 0002:0003fef0       ?ensureFileExists@WikiMaker@@QAEXVString@@0AAVStringList@@@Z 004f7ef0 f   wikimaker.obj
 0002:00040280       ?getRegionReference@WikiMaker@@QAE?AVString@@V2@@Z 004f8280 f   wikimaker.obj
 0002:00040500       ?getComponentReferenceInfo@WikiMaker@@QAEABVXmlHMindElementInfo@@VString@@@Z 004f8500 f   wikimaker.obj
 0002:00040740       ?getAvailableReference@WikiMaker@@QAE?AVString@@V2@@Z 004f8740 f   wikimaker.obj
 0002:00040d40       ?getComponentReference@WikiMaker@@QAE?AVString@@V2@@Z 004f8d40 f   wikimaker.obj
 0002:000418c0       ?getMuscleReference@WikiMaker@@QAE?AVString@@V2@0@Z 004f98c0 f   wikimaker.obj
 0002:00041bd0       ?getAreaReference@WikiMaker@@QAE?AVString@@V2@@Z 004f9bd0 f   wikimaker.obj
 0002:00041e50       ?getDotColor@WikiMaker@@QAE?AVString@@V2@@Z 004f9e50 f   wikimaker.obj
 0002:000420d0       ?clearRepeats1@WikiMaker@@QAEXAAVString@@@Z 004fa0d0 f   wikimaker.obj
 0002:00042160       ?clearRepeats2@WikiMaker@@QAEXAAVString@@0@Z 004fa160 f   wikimaker.obj
 0002:00042250       ?getNerveWikiPage@WikiMaker@@QAE?AVString@@V2@@Z 004fa250 f   wikimaker.obj
 0002:00042380       ?getTractPageLink@WikiMaker@@QAE?AVString@@V2@@Z 004fa380 f   wikimaker.obj
 0002:00042490       ?getImageWikiLink@WikiMaker@@QAE?AVString@@V2@0@Z 004fa490 f   wikimaker.obj
 0002:00042710       ?getImageWikiLink@WikiMaker@@QAE?AVString@@V2@HH@Z 004fa710 f   wikimaker.obj
 0002:00042a40       ?getWikiLink@WikiMaker@@QAE?AVString@@V2@0@Z 004faa40 f   wikimaker.obj
 0002:00042cb0       ?getWikiBold@WikiMaker@@QAE?AVString@@V2@@Z 004facb0 f   wikimaker.obj
 0002:00042e10       ?checkCreateMainPages@WikiMaker@@QAE_NXZ 004fae10 f   wikimaker.obj
 0002:00042ef0       ?checkCreateNervePages@WikiMaker@@QAE_NXZ 004faef0 f   wikimaker.obj
 0002:00042fd0       ?checkCreateMusclePages@WikiMaker@@QAE_NXZ 004fafd0 f   wikimaker.obj
[...]
 0005:000005c8       __imp__DecodePointer@4     006705c8     kernel32:KERNEL32.dll
 0005:000005cc       __imp__QueryPerformanceCounter@4 006705cc     kernel32:KERNEL32.dll
 0005:000005d0       __imp__GetTickCount@0      006705d0     kernel32:KERNEL32.dll
 0005:000005d4       __imp__GetCurrentProcessId@0 006705d4     kernel32:KERNEL32.dll
 0005:000005d8       __imp__GetSystemTimeAsFileTime@4 006705d8     kernel32:KERNEL32.dll
 0005:000005dc       __imp__IsProcessorFeaturePresent@4 006705dc     kernel32:KERNEL32.dll
 0005:000005e0       __imp__HeapFree@12         006705e0     kernel32:KERNEL32.dll
 0005:000005e4       __imp__HeapAlloc@12        006705e4     kernel32:KERNEL32.dll
 0005:000005e8       __imp__GetProcessHeap@0    006705e8     kernel32:KERNEL32.dll
 0005:000005ec       __imp__GetModuleFileNameW@12 006705ec     kernel32:KERNEL32.dll
 0005:000005f0       __imp__VirtualQuery@12     006705f0     kernel32:KERNEL32.dll
 0005:000005f4       __imp__GetModuleHandleW@4  006705f4     kernel32:KERNEL32.dll
 0005:000005f8       __imp__FreeLibrary@4       006705f8     kernel32:KERNEL32.dll
 0005:000005fc       __imp__WaitForSingleObject@8 006705fc     kernel32:KERNEL32.dll
 0005:00000600       __imp__ReleaseSemaphore@12 00670600     kernel32:KERNEL32.dll
 0005:00000604       __imp__CreateSemaphoreA@16 00670604     kernel32:KERNEL32.dll
 0005:00000608       __imp__CloseHandle@4       00670608     kernel32:KERNEL32.dll
 0005:0000060c       __imp__CancelIoEx@8        0067060c     kernel32:KERNEL32.dll
 0005:00000610       __imp__CreateEventA@16     00670610     kernel32:KERNEL32.dll
 0005:00000614       __imp__SetEvent@4          00670614     kernel32:KERNEL32.dll
 0005:00000618       __imp__ResetEvent@4        00670618     kernel32:KERNEL32.dll
 0005:0000061c       __imp__CreateMutexA@12     0067061c     kernel32:KERNEL32.dll
 0005:00000620       __imp__ReleaseMutex@4      00670620     kernel32:KERNEL32.dll
 0005:00000624       __imp__InterlockedIncrement@4 00670624     kernel32:KERNEL32.dll
 0005:00000628       __imp__LoadLibraryA@4      00670628     kernel32:KERNEL32.dll
 0005:0000062c       __imp__GetComputerNameA@8  0067062c     kernel32:KERNEL32.dll
 0005:00000630       __imp__GetSystemTimes@12   00670630     kernel32:KERNEL32.dll
 0005:00000634       __imp__GetModuleHandleA@4  00670634     kernel32:KERNEL32.dll
 0005:00000638       __imp__GetModuleFileNameA@12 00670638     kernel32:KERNEL32.dll
 0005:0000063c       __imp__WaitForMultipleObjectsEx@20 0067063c     kernel32:KERNEL32.dll
 0005:00000640       __imp__FindFirstFileA@8    00670640     kernel32:KERNEL32.dll
 0005:00000644       __imp__FindClose@4         00670644     kernel32:KERNEL32.dll
 0005:00000648       __imp__TlsAlloc@0          00670648     kernel32:KERNEL32.dll
 0005:0000064c       \177KERNEL32_NULL_THUNK_DATA 0067064c     kernel32:KERNEL32.dll
 0005:000006a4       __imp_?peek@?$basic_istream@DU?$char_traits@D@std@@@std@@QAEHXZ 006706a4     msvcprtd:MSVCP100D.dll
 0005:000006a8       __imp_?get@?$basic_istream@DU?$char_traits@D@std@@@std@@QAEHXZ 006706a8     msvcprtd:MSVCP100D.dll
 0005:000006ac       __imp_?uncaught_exception@std@@YA_NXZ 006706ac     msvcprtd:MSVCP100D.dll
 0005:000006b0       __imp_?_Osfx@?$basic_ostream@DU?$char_traits@D@std@@@std@@QAEXXZ 006706b0     msvcprtd:MSVCP100D.dll
 0005:000006b4       __imp_?good@ios_base@std@@QBE_NXZ 006706b4     msvcprtd:MSVCP100D.dll
 0005:000006b8       __imp_?tie@?$basic_ios@DU?$char_traits@D@std@@@std@@QBEPAV?$basic_ostream@DU?$char_traits@D@std@@@2@XZ 006706b8     msvcprtd:MSVCP100D.dll
 0005:000006bc       __imp_?flush@?$basic_ostream@DU?$char_traits@D@std@@@std@@QAEAAV12@XZ 006706bc     msvcprtd:MSVCP100D.dll
 0005:000006c0       __imp_?width@ios_base@std@@QBE_JXZ 006706c0     msvcprtd:MSVCP100D.dll
 0005:000006c4       __imp_?flags@ios_base@std@@QBEHXZ 006706c4     msvcprtd:MSVCP100D.dll
 0005:000006c8       __imp_?fill@?$basic_ios@DU?$char_traits@D@std@@@std@@QBEDXZ 006706c8     msvcprtd:MSVCP100D.dll
 0005:000006cc       __imp_?rdbuf@?$basic_ios@DU?$char_traits@D@std@@@std@@QBEPAV?$basic_streambuf@DU?$char_traits@D@std@@@2@XZ 006706cc     msvcprtd:MSVCP100D.dll
 0005:000006d0       __imp_?sputc@?$basic_streambuf@DU?$char_traits@D@std@@@std@@QAEHD@Z 006706d0     msvcprtd:MSVCP100D.dll
 0005:000006d4       __imp_?sputn@?$basic_streambuf@DU?$char_traits@D@std@@@std@@QAE_JPBD_J@Z 006706d4     msvcprtd:MSVCP100D.dll
 0005:000006d8       __imp_?width@ios_base@std@@QAE_J_J@Z 006706d8     msvcprtd:MSVCP100D.dll
 0005:000006dc       __imp_?setstate@?$basic_ios@DU?$char_traits@D@std@@@std@@QAEXH_N@Z 006706dc     msvcprtd:MSVCP100D.dll
 0005:000006e0       __imp_??0?$basic_streambuf@DU?$char_traits@D@std@@@std@@IAE@XZ 006706e0     msvcprtd:MSVCP100D.dll
 0005:000006e4       __imp_?_BADOFF@std@@3_JB   006706e4     msvcprtd:MSVCP100D.dll
 0005:000006e8       __imp_?pbump@?$basic_streambuf@DU?$char_traits@D@std@@@std@@IAEXH@Z 006706e8     msvcprtd:MSVCP100D.dll
 0005:000006ec       __imp_?egptr@?$basic_streambuf@DU?$char_traits@D@std@@@std@@IBEPADXZ 006706ec     msvcprtd:MSVCP100D.dll
 0005:000006f0       __imp_?gbump@?$basic_streambuf@DU?$char_traits@D@std@@@std@@IAEXH@Z 006706f0     msvcprtd:MSVCP100D.dll
 0005:000006f4       __imp_?pptr@?$basic_streambuf@DU?$char_traits@D@std@@@std@@IBEPADXZ 006706f4     msvcprtd:MSVCP100D.dll
 0005:000006f8       __imp_?epptr@?$basic_streambuf@DU?$char_traits@D@std@@@std@@IBEPADXZ 006706f8     msvcprtd:MSVCP100D.dll
 0005:000006fc       __imp_?pbase@?$basic_streambuf@DU?$char_traits@D@std@@@std@@IBEPADXZ 006706fc     msvcprtd:MSVCP100D.dll
 0005:00000700       __imp_?setp@?$basic_streambuf@DU?$char_traits@D@std@@@std@@IAEXPAD00@Z 00670700     msvcprtd:MSVCP100D.dll
 0005:00000704       __imp_?_Pninc@?$basic_streambuf@DU?$char_traits@D@std@@@std@@IAEPADXZ 00670704     msvcprtd:MSVCP100D.dll
 0005:00000708       __imp_?eback@?$basic_streambuf@DU?$char_traits@D@std@@@std@@IBEPADXZ 00670708     msvcprtd:MSVCP100D.dll
 0005:0000070c       __imp_?setp@?$basic_streambuf@DU?$char_traits@D@std@@@std@@IAEXPAD0@Z 0067070c     msvcprtd:MSVCP100D.dll
 0005:00000710       __imp_?setg@?$basic_streambuf@DU?$char_traits@D@std@@@std@@IAEXPAD00@Z 00670710     msvcprtd:MSVCP100D.dll
 0005:00000714       __imp_?gptr@?$basic_streambuf@DU?$char_traits@D@std@@@std@@IBEPADXZ 00670714     msvcprtd:MSVCP100D.dll
 0005:00000718       __imp_?imbue@?$basic_streambuf@DU?$char_traits@D@std@@@std@@MAEXABVlocale@2@@Z 00670718     msvcprtd:MSVCP100D.dll
 0005:0000071c       __imp_?sync@?$basic_streambuf@DU?$char_traits@D@std@@@std@@MAEHXZ 0067071c     msvcprtd:MSVCP100D.dll
 0005:00000720       __imp_?setbuf@?$basic_streambuf@DU?$char_traits@D@std@@@std@@MAEPAV12@PAD_J@Z 00670720     msvcprtd:MSVCP100D.dll
 0005:00000724       __imp_?xsputn@?$basic_streambuf@DU?$char_traits@D@std@@@std@@MAE_JPBD_J@Z 00670724     msvcprtd:MSVCP100D.dll
 0005:00000728       __imp_?xsgetn@?$basic_streambuf@DU?$char_traits@D@std@@@std@@MAE_JPAD_J@Z 00670728     msvcprtd:MSVCP100D.dll
 0005:0000072c       __imp_?uflow@?$basic_streambuf@DU?$char_traits@D@std@@@std@@MAEHXZ 0067072c     msvcprtd:MSVCP100D.dll
 0005:00000730       __imp_?showmanyc@?$basic_streambuf@DU?$char_traits@D@std@@@std@@MAE_JXZ 00670730     msvcprtd:MSVCP100D.dll
 0005:00000734       __imp_?_Unlock@?$basic_streambuf@DU?$char_traits@D@std@@@std@@UAEXXZ 00670734     msvcprtd:MSVCP100D.dll
 0005:00000738       __imp_?_Lock@?$basic_streambuf@DU?$char_traits@D@std@@@std@@UAEXXZ 00670738     msvcprtd:MSVCP100D.dll
 0005:0000073c       __imp_??1?$basic_streambuf@DU?$char_traits@D@std@@@std@@UAE@XZ 0067073c     msvcprtd:MSVCP100D.dll
 0005:00000740       __imp_??0?$basic_ios@DU?$char_traits@D@std@@@std@@IAE@XZ 00670740     msvcprtd:MSVCP100D.dll
 0005:00000744       __imp_??0?$basic_ostream@DU?$char_traits@D@std@@@std@@QAE@PAV?$basic_streambuf@DU?$char_traits@D@std@@@1@_N@Z 00670744     msvcprtd:MSVCP100D.dll
 0005:00000748       __imp_??1?$basic_ostream@DU?$char_traits@D@std@@@std@@UAE@XZ 00670748     msvcprtd:MSVCP100D.dll
 0005:0000074c       __imp_??1?$basic_ios@DU?$char_traits@D@std@@@std@@UAE@XZ 0067074c     msvcprtd:MSVCP100D.dll
 0005:00000750       __imp_??6?$basic_ostream@DU?$char_traits@D@std@@@std@@QAEAAV01@H@Z 00670750     msvcprtd:MSVCP100D.dll
 0005:00000754       __imp_?_Debug_message@std@@YAXPB_W0I@Z 00670754     msvcprtd:MSVCP100D.dll
 0005:00000758       __imp_?_Xlength_error@std@@YAXPBD@Z 00670758     msvcprtd:MSVCP100D.dll
 0005:0000075c       __imp_?_Xout_of_range@std@@YAXPBD@Z 0067075c     msvcprtd:MSVCP100D.dll
 0005:00000760       __imp_?_Orphan_all@_Container_base12@std@@QAEXXZ 00670760     msvcprtd:MSVCP100D.dll
 0005:00000764       __imp_??0_Container_base12@std@@QAE@XZ 00670764     msvcprtd:MSVCP100D.dll
 0005:00000768       __imp_??1_Container_base12@std@@QAE@XZ 00670768     msvcprtd:MSVCP100D.dll
 0005:0000076c       \177MSVCP100D_NULL_THUNK_DATA 0067076c     msvcprtd:MSVCP100D.dll
 0005:000007c0       __imp__isspace             006707c0     MSVCRTD:MSVCR100D.dll
 0005:000007c4       __imp__fopen_s             006707c4     MSVCRTD:MSVCR100D.dll
 0005:000007c8       __imp___wassert            006707c8     MSVCRTD:MSVCR100D.dll
 0005:000007cc       __imp_??_V@YAXPAX@Z        006707cc     MSVCRTD:MSVCR100D.dll
 0005:000007d0       __imp__fread               006707d0     MSVCRTD:MSVCR100D.dll
 0005:000007d4       __imp__ftell               006707d4     MSVCRTD:MSVCR100D.dll
 0005:000007d8       __imp__fseek               006707d8     MSVCRTD:MSVCR100D.dll
 0005:000007dc       __imp__ferror              006707dc     MSVCRTD:MSVCR100D.dll
 0005:000007e0       __imp__fputc               006707e0     MSVCRTD:MSVCR100D.dll
 0005:000007e4       __imp__sscanf_s            006707e4     MSVCRTD:MSVCR100D.dll
 0005:000007e8       __imp__strcspn             006707e8     MSVCRTD:MSVCR100D.dll
 0005:000007ec       __imp___vsnprintf_s        006707ec     MSVCRTD:MSVCR100D.dll
 0005:000007f0       __imp__isalpha             006707f0     MSVCRTD:MSVCR100D.dll
 0005:000007f4       __imp__isalnum             006707f4     MSVCRTD:MSVCR100D.dll
 0005:000007f8       __imp__tolower             006707f8     MSVCRTD:MSVCR100D.dll
 0005:000007fc       __imp__fflush              006707fc     MSVCRTD:MSVCR100D.dll
 0005:00000800       __imp___ftime64_s          00670800     MSVCRTD:MSVCR100D.dll
 0005:00000804       __imp___CRT_RTC_INITW      00670804     MSVCRTD:MSVCR100D.dll
 0005:00000808       __imp___configthreadlocale 00670808     MSVCRTD:MSVCR100D.dll
 0005:0000080c       __imp____setusermatherr    0067080c     MSVCRTD:MSVCR100D.dll
 0005:00000810       __imp___commode            00670810     MSVCRTD:MSVCR100D.dll
 0005:00000814       __imp___fmode              00670814     MSVCRTD:MSVCR100D.dll
 0005:00000818       __imp____set_app_type      00670818     MSVCRTD:MSVCR100D.dll
 0005:0000081c       __imp___amsg_exit          0067081c     MSVCRTD:MSVCR100D.dll
 0005:00000820       __imp____getmainargs       00670820     MSVCRTD:MSVCR100D.dll
 0005:00000824       __imp___exit               00670824     MSVCRTD:MSVCR100D.dll
 0005:00000828       __imp___XcptFilter         00670828     MSVCRTD:MSVCR100D.dll
 0005:0000082c       __imp___cexit              0067082c     MSVCRTD:MSVCR100D.dll
 0005:00000830       __imp__exit                00670830     MSVCRTD:MSVCR100D.dll
 0005:00000834       __imp____initenv           00670834     MSVCRTD:MSVCR100D.dll
 0005:00000838       __imp___CrtSetCheckCount   00670838     MSVCRTD:MSVCR100D.dll
 0005:0000083c       __imp___CrtDbgReportW      0067083c     MSVCRTD:MSVCR100D.dll
 0005:00000840       __imp___initterm           00670840     MSVCRTD:MSVCR100D.dll
 0005:00000844       __imp___initterm_e         00670844     MSVCRTD:MSVCR100D.dll
 0005:00000848       __imp___crt_debugger_hook  00670848     MSVCRTD:MSVCR100D.dll
 0005:0000084c       __imp_?terminate@@YAXXZ    0067084c     MSVCRTD:MSVCR100D.dll
 0005:00000850       __imp_?_type_info_dtor_internal_method@type_info@@QAEXXZ 00670850     MSVCRTD:MSVCR100D.dll
 0005:00000854       __imp___controlfp_s        00670854     MSVCRTD:MSVCR100D.dll
 0005:00000858       __imp___invoke_watson      00670858     MSVCRTD:MSVCR100D.dll
 0005:0000085c       __imp___unlock             0067085c     MSVCRTD:MSVCR100D.dll
 0005:00000860       __imp____dllonexit         00670860     MSVCRTD:MSVCR100D.dll
 0005:00000864       __imp___lock               00670864     MSVCRTD:MSVCR100D.dll
 0005:00000868       __imp___onexit             00670868     MSVCRTD:MSVCR100D.dll
 0005:0000086c       __imp___except_handler4_common 0067086c     MSVCRTD:MSVCR100D.dll
 0005:00000870       __imp___wmakepath_s        00670870     MSVCRTD:MSVCR100D.dll
 0005:00000874       __imp__wcscpy_s            00670874     MSVCRTD:MSVCR100D.dll
 0005:00000878       __imp___wsplitpath_s       00670878     MSVCRTD:MSVCR100D.dll
 0005:0000087c       __imp__strpbrk             0067087c     MSVCRTD:MSVCR100D.dll
 0005:00000880       __imp__strncpy             00670880     MSVCRTD:MSVCR100D.dll
 0005:00000884       __imp__signal              00670884     MSVCRTD:MSVCR100D.dll
 0005:00000888       __imp____iob_func          00670888     MSVCRTD:MSVCR100D.dll
 0005:0000088c       __imp__fprintf             0067088c     MSVCRTD:MSVCR100D.dll
 0005:00000890       __imp__clock               00670890     MSVCRTD:MSVCR100D.dll
 0005:00000894       __imp_?_set_se_translator@@YAP6AXIPAU_EXCEPTION_POINTERS@@@ZP6AXI0@Z@Z 00670894     MSVCRTD:MSVCR100D.dll
 0005:00000898       __imp__strspn              00670898     MSVCRTD:MSVCR100D.dll
 0005:0000089c       __imp__isxdigit            0067089c     MSVCRTD:MSVCR100D.dll
 0005:000008a0       __imp___strlwr             006708a0     MSVCRTD:MSVCR100D.dll
 0005:000008a4       __imp___strupr             006708a4     MSVCRTD:MSVCR100D.dll
 0005:000008a8       __imp__strrchr             006708a8     MSVCRTD:MSVCR100D.dll
 0005:000008ac       __imp__strstr              006708ac     MSVCRTD:MSVCR100D.dll
 0005:000008b0       __imp_?what@exception@std@@UBEPBDXZ 006708b0     MSVCRTD:MSVCR100D.dll
 0005:000008b4       __imp_??0exception@std@@QAE@ABQBD@Z 006708b4     MSVCRTD:MSVCR100D.dll
 0005:000008b8       __imp_??1exception@std@@UAE@XZ 006708b8     MSVCRTD:MSVCR100D.dll
 0005:000008bc       __imp_??0exception@std@@QAE@ABV01@@Z 006708bc     MSVCRTD:MSVCR100D.dll
 0005:000008c0       __imp__strchr              006708c0     MSVCRTD:MSVCR100D.dll
 0005:000008c4       __imp__log                 006708c4     MSVCRTD:MSVCR100D.dll
 0005:000008c8       __imp__sqrt                006708c8     MSVCRTD:MSVCR100D.dll
 0005:000008cc       __imp__memcmp              006708cc     MSVCRTD:MSVCR100D.dll
 0005:000008d0       __imp___time64             006708d0     MSVCRTD:MSVCR100D.dll
 0005:000008d4       __imp___localtime64_s      006708d4     MSVCRTD:MSVCR100D.dll
 0005:000008d8       __imp__strcat              006708d8     MSVCRTD:MSVCR100D.dll
 0005:000008dc       __imp__sscanf              006708dc     MSVCRTD:MSVCR100D.dll
 0005:000008e0       __imp__atof                006708e0     MSVCRTD:MSVCR100D.dll
 0005:000008e4       __imp__modf                006708e4     MSVCRTD:MSVCR100D.dll
 0005:000008e8       __imp__strcpy              006708e8     MSVCRTD:MSVCR100D.dll
 0005:000008ec       __imp__atoi                006708ec     MSVCRTD:MSVCR100D.dll
 0005:000008f0       __imp__isdigit             006708f0     MSVCRTD:MSVCR100D.dll
 0005:000008f4       __imp__strncmp             006708f4     MSVCRTD:MSVCR100D.dll
 0005:000008f8       __imp__vsprintf            006708f8     MSVCRTD:MSVCR100D.dll
 0005:000008fc       __imp__strlen              006708fc     MSVCRTD:MSVCR100D.dll
 0005:00000900       __imp__memcpy              00670900     MSVCRTD:MSVCR100D.dll
 0005:00000904       __imp__malloc              00670904     MSVCRTD:MSVCR100D.dll
 0005:00000908       __imp__strcmp              00670908     MSVCRTD:MSVCR100D.dll
 0005:0000090c       __imp__memmove             0067090c     MSVCRTD:MSVCR100D.dll
 0005:00000910       __imp_??3@YAXPAX@Z         00670910     MSVCRTD:MSVCR100D.dll
 0005:00000914       __imp_??2@YAPAXI@Z         00670914     MSVCRTD:MSVCR100D.dll
 0005:00000918       __imp____CxxFrameHandler3  00670918     MSVCRTD:MSVCR100D.dll
 0005:0000091c       __imp__printf              0067091c     MSVCRTD:MSVCR100D.dll
 0005:00000920       __imp___CxxThrowException@8 00670920     MSVCRTD:MSVCR100D.dll
 0005:00000924       __imp___purecall           00670924     MSVCRTD:MSVCR100D.dll
 0005:00000928       __imp__free                00670928     MSVCRTD:MSVCR100D.dll
 0005:0000092c       __imp__sprintf             0067092c     MSVCRTD:MSVCR100D.dll
 0005:00000930       __imp___strdup             00670930     MSVCRTD:MSVCR100D.dll
 0005:00000934       __imp__rename              00670934     MSVCRTD:MSVCR100D.dll
 0005:00000938       __imp__fclose              00670938     MSVCRTD:MSVCR100D.dll
 0005:0000093c       __imp__fputs               0067093c     MSVCRTD:MSVCR100D.dll
 0005:00000940       __imp__fgets               00670940     MSVCRTD:MSVCR100D.dll
 0005:00000944       __imp__feof                00670944     MSVCRTD:MSVCR100D.dll
 0005:00000948       __imp__remove              00670948     MSVCRTD:MSVCR100D.dll
 0005:0000094c       __imp__fopen               0067094c     MSVCRTD:MSVCR100D.dll
 0005:00000950       __imp__memset              00670950     MSVCRTD:MSVCR100D.dll
 0005:00000954       __imp__realloc             00670954     MSVCRTD:MSVCR100D.dll
 0005:00000958       __imp__calloc              00670958     MSVCRTD:MSVCR100D.dll
 0005:0000095c       __imp__getc                0067095c     MSVCRTD:MSVCR100D.dll
 0005:00000960       __imp___beginthreadex      00670960     MSVCRTD:MSVCR100D.dll
 0005:00000964       __imp___endthreadex        00670964     MSVCRTD:MSVCR100D.dll
 0005:00000968       __imp__qsort               00670968     MSVCRTD:MSVCR100D.dll
 0005:0000096c       __imp__memchr              0067096c     MSVCRTD:MSVCR100D.dll
 0005:00000970       \177MSVCR100D_NULL_THUNK_DATA 00670970     MSVCRTD:MSVCR100D.dll
 0005:000009f0       __imp__accept@12           006709f0     Ws2_32:WS2_32.dll
 0005:000009f4       __imp__ntohs@4             006709f4     Ws2_32:WS2_32.dll
 0005:000009f8       __imp__bind@12             006709f8     Ws2_32:WS2_32.dll
 0005:000009fc       __imp__setsockopt@20       006709fc     Ws2_32:WS2_32.dll
 0005:00000a00       __imp__listen@8            00670a00     Ws2_32:WS2_32.dll
 0005:00000a04       __imp__send@16             00670a04     Ws2_32:WS2_32.dll
 0005:00000a08       __imp__recv@16             00670a08     Ws2_32:WS2_32.dll
 0005:00000a0c       __imp__select@20           00670a0c     Ws2_32:WS2_32.dll
 0005:00000a10       __imp__shutdown@8          00670a10     Ws2_32:WS2_32.dll
 0005:00000a14       __imp__closesocket@4       00670a14     Ws2_32:WS2_32.dll
 0005:00000a18       __imp__htons@4             00670a18     Ws2_32:WS2_32.dll
 0005:00000a1c       __imp__inet_addr@4         00670a1c     Ws2_32:WS2_32.dll
 0005:00000a20       __imp__gethostbyname@4     00670a20     Ws2_32:WS2_32.dll
 0005:00000a24       __imp__socket@12           00670a24     Ws2_32:WS2_32.dll
 0005:00000a28       __imp__connect@12          00670a28     Ws2_32:WS2_32.dll
 0005:00000a2c       __imp__WSAGetLastError@0   00670a2c     Ws2_32:WS2_32.dll
 0005:00000a30       __imp__ioctlsocket@12      00670a30     Ws2_32:WS2_32.dll
 0005:00000a34       __imp__WSACleanup@0        00670a34     Ws2_32:WS2_32.dll
 0005:00000a38       __imp__WSAStartup@8        00670a38     Ws2_32:WS2_32.dll
 0005:00000a3c       \177WS2_32_NULL_THUNK_DATA 00670a3c     Ws2_32:WS2_32.dll

 entry point at        0002:00000f0f

