 ahuman

 Timestamp is 5471dc13 (Sun Nov 23 16:07:31 2014)

 Preferred load address is 00400000

 Start         Length     Name                   Class
 0001:00000000 000b6b6bH .textbss                DATA
 0002:00000000 0014c27eH .text                   CODE
 0002:0014c280 0002d64cH .text$x                 CODE
 0003:00000000 00000104H .CRT$XCA                DATA
 0003:00000104 00000104H .CRT$XCAA               DATA
 0003:00000208 00000104H .CRT$XCZ                DATA
 0003:0000030c 00000104H .CRT$XIA                DATA
 0003:00000410 00000104H .CRT$XIAA               DATA
 0003:00000514 00000104H .CRT$XIC                DATA
 0003:00000618 00000104H .CRT$XIY                DATA
 0003:0000071c 00000104H .CRT$XIZ                DATA
 0003:00000820 00011cc9H .rdata                  DATA
 0003:000124ec 0000016aH .rdata$debug            DATA
 0003:00012658 00004240H .rdata$r                DATA
 0003:00016898 00000104H .rtc$IAA                DATA
 0003:0001699c 000004c0H .rtc$IMZ                DATA
 0003:00016e5c 00000104H .rtc$IZZ                DATA
 0003:00016f60 00000104H .rtc$TAA                DATA
 0003:00017064 000004c0H .rtc$TMZ                DATA
 0003:00017524 00000104H .rtc$TZZ                DATA
 0003:00017628 00024724H .xdata$x                DATA
 0003:0003bd4c 00000000H .edata                  DATA
 0004:00000000 00002303H .data                   DATA
 0004:00002308 000004e8H .bss                    DATA
 0005:00000000 00000050H .idata$2                DATA
 0005:00000050 00000014H .idata$3                DATA
 0005:00000064 00000508H .idata$4                DATA
 0005:0000056c 00000508H .idata$5                DATA
 0005:00000a74 000018bcH .idata$6                DATA
 0006:00000000 00000169H .rsrc$01                DATA
 0006:00000170 000002e9H .rsrc$02                DATA

  Address         Publics by Value              Rva+Base       Lib:Object

 0000:00000000       ___safe_se_handler_table   00000000     <absolute>
 0000:00000000       ___safe_se_handler_count   00000000     <absolute>
 0000:00000000       __except_list              00000000     <absolute>
 0000:00009876       __fltused                  00009876     <absolute>
 0000:00009876       __ldused                   00009876     <absolute>
 0000:00000000       ___ImageBase               00400000     <linker-defined>
 0001:00000000       __enc$textbss$begin        00401000     <linker-defined>
 0001:000b6b6b       __enc$textbss$end          004b7b6b     <linker-defined>
 0002:0000a680       ?createEndocrine@AHumanTarget@@AAEPAVMindEffector@@PAVEffectorArea@@@Z 004c2680 f   actuator-endocrine.obj
 0002:0000a770       ??0EffectorEndocrine@@QAE@PAVEffectorArea@@@Z 004c2770 f   actuator-endocrine.obj
 0002:0000a840       ?getClass@EffectorEndocrine@@UAEPBDXZ 004c2840 f i actuator-endocrine.obj
 0002:0000a880       ?startEffector@EffectorEndocrine@@UAEXXZ 004c2880 f i actuator-endocrine.obj
 0002:0000a8c0       ?stopEffector@EffectorEndocrine@@UAEXXZ 004c28c0 f i actuator-endocrine.obj
 0002:0000a900       ?processEffectorControl@EffectorEndocrine@@UAEXPAVNeuroLink@@PAVNeuroSignal@@@Z 004c2900 f i actuator-endocrine.obj
 0002:0000a940       ??_EEffectorEndocrine@@UAEPAXI@Z 004c2940 f i actuator-endocrine.obj
 0002:0000a940       ??_GEffectorEndocrine@@UAEPAXI@Z 004c2940 f i actuator-endocrine.obj
 0002:0000a9b0       ??1MindEffector@@UAE@XZ    004c29b0 f i actuator-endocrine.obj
 0002:0000aa60       ??1EffectorEndocrine@@UAE@XZ 004c2a60 f   actuator-endocrine.obj
 0002:0000ab00       ?configureEffector@EffectorEndocrine@@UAEXVXml@@@Z 004c2b00 f   actuator-endocrine.obj
 0002:0000ab50       ?createEffector@EffectorEndocrine@@UAEXPAVMindRegionCreateInfo@@@Z 004c2b50 f   actuator-endocrine.obj
 0002:0000ac40       ?createSourceConnector@EffectorEndocrine@@AAEXPAVMindRegionCreateInfo@@PAVMindRegionConnectorDef@@@Z 004c2c40 f   actuator-endocrine.obj
 0002:0000ad90       ?createTargetConnector@EffectorEndocrine@@AAEXPAVMindRegionCreateInfo@@PAVMindRegionConnectorDef@@@Z 004c2d90 f   actuator-endocrine.obj
 0002:0000aee0       ?sourceHandler@EffectorEndocrine@@AAEPAVNeuroSignal@@PAVNeuroLink@@PAVNeuroLinkSource@@@Z 004c2ee0 f   actuator-endocrine.obj
 0002:0000af20       ?targetHandler@EffectorEndocrine@@AAEPAVNeuroSignalSet@@PAVNeuroLink@@PAVNeuroLinkTarget@@PAVNeuroSignal@@@Z 004c2f20 f   actuator-endocrine.obj
 0002:0000af60       ?count@?$ClassList@VMindRegionConnectorDef@@@@QBEHXZ 004c2f60 f i actuator-endocrine.obj
 0002:0000afc0       ?get@?$ClassList@VMindRegionConnectorDef@@@@QBEPAVMindRegionConnectorDef@@H@Z 004c2fc0 f i actuator-endocrine.obj
 0002:0000b020       ?getConnectors@MindRegionTypeDef@@QAEAAV?$ClassList@VMindRegionConnectorDef@@@@XZ 004c3020 f i actuator-endocrine.obj
 0002:0000b060       ?getType@MindRegionDef@@QAEPAVMindRegionTypeDef@@XZ 004c3060 f i actuator-endocrine.obj
 0002:0000b0a0       ?getId@MindRegionConnectorDef@@QAE?AVString@@XZ 004c30a0 f i actuator-endocrine.obj
 0002:0000b160       ?getEffectorInfo@MindEffector@@QAEPAVTargetRegionDef@@XZ 004c3160 f i actuator-endocrine.obj
 0002:0000b1a0       ?createBreast@AHumanTarget@@AAEPAVMindEffector@@PAVEffectorArea@@@Z 004c31a0 f   actuator_breast.obj
 0002:0000b290       ??0EffectorBreast@@QAE@PAVEffectorArea@@@Z 004c3290 f   actuator_breast.obj
 0002:0000b360       ?getClass@EffectorBreast@@UAEPBDXZ 004c3360 f i actuator_breast.obj
 0002:0000b3a0       ?startEffector@EffectorBreast@@UAEXXZ 004c33a0 f i actuator_breast.obj
 0002:0000b3e0       ?stopEffector@EffectorBreast@@UAEXXZ 004c33e0 f i actuator_breast.obj
 0002:0000b420       ?processEffectorControl@EffectorBreast@@UAEXPAVNeuroLink@@PAVNeuroSignal@@@Z 004c3420 f i actuator_breast.obj
 0002:0000b460       ??_EEffectorBreast@@UAEPAXI@Z 004c3460 f i actuator_breast.obj
 0002:0000b460       ??_GEffectorBreast@@UAEPAXI@Z 004c3460 f i actuator_breast.obj
 0002:0000b4d0       ??1EffectorBreast@@UAE@XZ  004c34d0 f   actuator_breast.obj
 0002:0000b570       ?configureEffector@EffectorBreast@@UAEXVXml@@@Z 004c3570 f   actuator_breast.obj
 0002:0000b5c0       ?createEffector@EffectorBreast@@UAEXPAVMindRegionCreateInfo@@@Z 004c35c0 f   actuator_breast.obj
 0002:0000b6b0       ?createSourceConnector@EffectorBreast@@AAEXPAVMindRegionCreateInfo@@PAVMindRegionConnectorDef@@@Z 004c36b0 f   actuator_breast.obj
 0002:0000b800       ?createTargetConnector@EffectorBreast@@AAEXPAVMindRegionCreateInfo@@PAVMindRegionConnectorDef@@@Z 004c3800 f   actuator_breast.obj
 0002:0000b950       ?sourceHandler@EffectorBreast@@AAEPAVNeuroSignal@@PAVNeuroLink@@PAVNeuroLinkSource@@@Z 004c3950 f   actuator_breast.obj
 0002:0000b990       ?targetHandler@EffectorBreast@@AAEPAVNeuroSignalSet@@PAVNeuroLink@@PAVNeuroLinkTarget@@PAVNeuroSignal@@@Z 004c3990 f   actuator_breast.obj
 0002:0000b9d0       ?createEar@AHumanTarget@@AAEPAVMindSensor@@PAVSensorArea@@@Z 004c39d0 f   actuator_ear.obj
 0002:0000bac0       ??0SensorEar@@QAE@PAVSensorArea@@@Z 004c3ac0 f   actuator_ear.obj
 0002:0000bba0       ?getClass@SensorEar@@UAEPBDXZ 004c3ba0 f i actuator_ear.obj
 0002:0000bbe0       ?startSensor@SensorEar@@UAEXXZ 004c3be0 f i actuator_ear.obj
 0002:0000bc20       ?stopSensor@SensorEar@@UAEXXZ 004c3c20 f i actuator_ear.obj
 0002:0000bc60       ?processSensorControl@SensorEar@@UAEXPAVNeuroLink@@PAVNeuroSignal@@@Z 004c3c60 f i actuator_ear.obj
 0002:0000bca0       ?produceSensorData@SensorEar@@UAEXXZ 004c3ca0 f i actuator_ear.obj
 0002:0000bce0       ?pollSensor@SensorEar@@UAEXXZ 004c3ce0 f i actuator_ear.obj
 0002:0000bd20       ??_GSensorEar@@UAEPAXI@Z   004c3d20 f i actuator_ear.obj
 0002:0000bd20       ??_ESensorEar@@UAEPAXI@Z   004c3d20 f i actuator_ear.obj
 0002:0000bd90       ??1MindSensor@@UAE@XZ      004c3d90 f i actuator_ear.obj
 0002:0000be40       ??1SensorEar@@UAE@XZ       004c3e40 f   actuator_ear.obj
 0002:0000bee0       ?configureSensor@SensorEar@@UAEXVXml@@@Z 004c3ee0 f   actuator_ear.obj
 0002:0000bf30       ?createSensor@SensorEar@@UAEXPAVMindRegionCreateInfo@@@Z 004c3f30 f   actuator_ear.obj
 0002:0000c020       ?createSourceConnector@SensorEar@@AAEXPAVMindRegionCreateInfo@@PAVMindRegionConnectorDef@@@Z 004c4020 f   actuator_ear.obj
 0002:0000c170       ?createTargetConnector@SensorEar@@AAEXPAVMindRegionCreateInfo@@PAVMindRegionConnectorDef@@@Z 004c4170 f   actuator_ear.obj
 0002:0000c2c0       ?sourceHandler@SensorEar@@AAEPAVNeuroSignal@@PAVNeuroLink@@PAVNeuroLinkSource@@@Z 004c42c0 f   actuator_ear.obj
 0002:0000c300       ?targetHandler@SensorEar@@AAEPAVNeuroSignalSet@@PAVNeuroLink@@PAVNeuroLinkTarget@@PAVNeuroSignal@@@Z 004c4300 f   actuator_ear.obj
 0002:0000c340       ?getSensorInfo@MindSensor@@QAEPAVTargetRegionDef@@XZ 004c4340 f i actuator_ear.obj
 0002:0000c380       ?createEye@AHumanTarget@@AAEPAVMindSensor@@PAVSensorArea@@@Z 004c4380 f   actuator_eye.obj
 0002:0000c470       ??0SensorEye@@QAE@PAVSensorArea@@@Z 004c4470 f   actuator_eye.obj
 0002:0000c550       ?getClass@SensorEye@@UAEPBDXZ 004c4550 f i actuator_eye.obj
 0002:0000c590       ?startSensor@SensorEye@@UAEXXZ 004c4590 f i actuator_eye.obj
 0002:0000c5d0       ?stopSensor@SensorEye@@UAEXXZ 004c45d0 f i actuator_eye.obj
 0002:0000c610       ?processSensorControl@SensorEye@@UAEXPAVNeuroLink@@PAVNeuroSignal@@@Z 004c4610 f i actuator_eye.obj
 0002:0000c650       ?produceSensorData@SensorEye@@UAEXXZ 004c4650 f i actuator_eye.obj
 0002:0000c690       ?pollSensor@SensorEye@@UAEXXZ 004c4690 f i actuator_eye.obj
 0002:0000c6d0       ??_ESensorEye@@UAEPAXI@Z   004c46d0 f i actuator_eye.obj
 0002:0000c6d0       ??_GSensorEye@@UAEPAXI@Z   004c46d0 f i actuator_eye.obj
 0002:0000c740       ??1SensorEye@@UAE@XZ       004c4740 f   actuator_eye.obj
 0002:0000c7e0       ?configureSensor@SensorEye@@UAEXVXml@@@Z 004c47e0 f   actuator_eye.obj
 0002:0000c830       ?createSensor@SensorEye@@UAEXPAVMindRegionCreateInfo@@@Z 004c4830 f   actuator_eye.obj
 0002:0000c920       ?createSourceConnector@SensorEye@@AAEXPAVMindRegionCreateInfo@@PAVMindRegionConnectorDef@@@Z 004c4920 f   actuator_eye.obj
 0002:0000ca70       ?createTargetConnector@SensorEye@@AAEXPAVMindRegionCreateInfo@@PAVMindRegionConnectorDef@@@Z 004c4a70 f   actuator_eye.obj
 0002:0000cbc0       ?sourceHandler@SensorEye@@AAEPAVNeuroSignal@@PAVNeuroLink@@PAVNeuroLinkSource@@@Z 004c4bc0 f   actuator_eye.obj
 0002:0000cc00       ?targetHandler@SensorEye@@AAEPAVNeuroSignalSet@@PAVNeuroLink@@PAVNeuroLinkTarget@@PAVNeuroSignal@@@Z 004c4c00 f   actuator_eye.obj
 0002:0000cc40       ?createFace@AHumanTarget@@AAEPAVMindEffector@@PAVEffectorArea@@@Z 004c4c40 f   actuator_face.obj
 0002:0000cd30       ??0EffectorFace@@QAE@PAVEffectorArea@@@Z 004c4d30 f   actuator_face.obj
 0002:0000ce00       ?getClass@EffectorFace@@UAEPBDXZ 004c4e00 f i actuator_face.obj
 0002:0000ce40       ?startEffector@EffectorFace@@UAEXXZ 004c4e40 f i actuator_face.obj
 0002:0000ce80       ?stopEffector@EffectorFace@@UAEXXZ 004c4e80 f i actuator_face.obj
 0002:0000cec0       ?processEffectorControl@EffectorFace@@UAEXPAVNeuroLink@@PAVNeuroSignal@@@Z 004c4ec0 f i actuator_face.obj
 0002:0000cf00       ??_GEffectorFace@@UAEPAXI@Z 004c4f00 f i actuator_face.obj
 0002:0000cf00       ??_EEffectorFace@@UAEPAXI@Z 004c4f00 f i actuator_face.obj
 0002:0000cf70       ??1EffectorFace@@UAE@XZ    004c4f70 f   actuator_face.obj
 0002:0000d010       ?configureEffector@EffectorFace@@UAEXVXml@@@Z 004c5010 f   actuator_face.obj
 0002:0000d060       ?createEffector@EffectorFace@@UAEXPAVMindRegionCreateInfo@@@Z 004c5060 f   actuator_face.obj
 0002:0000d150       ?createSourceConnector@EffectorFace@@AAEXPAVMindRegionCreateInfo@@PAVMindRegionConnectorDef@@@Z 004c5150 f   actuator_face.obj
 0002:0000d2a0       ?createTargetConnector@EffectorFace@@AAEXPAVMindRegionCreateInfo@@PAVMindRegionConnectorDef@@@Z 004c52a0 f   actuator_face.obj
 0002:0000d3f0       ?sourceHandler@EffectorFace@@AAEPAVNeuroSignal@@PAVNeuroLink@@PAVNeuroLinkSource@@@Z 004c53f0 f   actuator_face.obj
 0002:0000d430       ?targetHandler@EffectorFace@@AAEPAVNeuroSignalSet@@PAVNeuroLink@@PAVNeuroLinkTarget@@PAVNeuroSignal@@@Z 004c5430 f   actuator_face.obj
 0002:0000d470       ?createFeeder@AHumanTarget@@AAEPAVMindEffector@@PAVEffectorArea@@@Z 004c5470 f   actuator_feeder.obj
 0002:0000d560       ??0EffectorFeeder@@QAE@PAVEffectorArea@@@Z 004c5560 f   actuator_feeder.obj
 0002:0000d630       ?getClass@EffectorFeeder@@UAEPBDXZ 004c5630 f i actuator_feeder.obj
 0002:0000d670       ?startEffector@EffectorFeeder@@UAEXXZ 004c5670 f i actuator_feeder.obj
 0002:0000d6b0       ?stopEffector@EffectorFeeder@@UAEXXZ 004c56b0 f i actuator_feeder.obj
 0002:0000d6f0       ?processEffectorControl@EffectorFeeder@@UAEXPAVNeuroLink@@PAVNeuroSignal@@@Z 004c56f0 f i actuator_feeder.obj
 0002:0000d730       ??_EEffectorFeeder@@UAEPAXI@Z 004c5730 f i actuator_feeder.obj
 0002:0000d730       ??_GEffectorFeeder@@UAEPAXI@Z 004c5730 f i actuator_feeder.obj
 0002:0000d7a0       ??1EffectorFeeder@@UAE@XZ  004c57a0 f   actuator_feeder.obj
 0002:0000d840       ?configureEffector@EffectorFeeder@@UAEXVXml@@@Z 004c5840 f   actuator_feeder.obj
 0002:0000d890       ?createEffector@EffectorFeeder@@UAEXPAVMindRegionCreateInfo@@@Z 004c5890 f   actuator_feeder.obj
 0002:0000d980       ?createSourceConnector@EffectorFeeder@@AAEXPAVMindRegionCreateInfo@@PAVMindRegionConnectorDef@@@Z 004c5980 f   actuator_feeder.obj
 0002:0000dad0       ?createTargetConnector@EffectorFeeder@@AAEXPAVMindRegionCreateInfo@@PAVMindRegionConnectorDef@@@Z 004c5ad0 f   actuator_feeder.obj
 0002:0000dc20       ?sourceHandler@EffectorFeeder@@AAEPAVNeuroSignal@@PAVNeuroLink@@PAVNeuroLinkSource@@@Z 004c5c20 f   actuator_feeder.obj
 0002:0000dc60       ?targetHandler@EffectorFeeder@@AAEPAVNeuroSignalSet@@PAVNeuroLink@@PAVNeuroLinkTarget@@PAVNeuroSignal@@@Z 004c5c60 f   actuator_feeder.obj
 0002:0000dca0       ?createGenitalia@AHumanTarget@@AAEPAVMindEffector@@PAVEffectorArea@@@Z 004c5ca0 f   actuator_genitalia.obj
 0002:0000dd90       ??0EffectorGenitalia@@QAE@PAVEffectorArea@@@Z 004c5d90 f   actuator_genitalia.obj
 0002:0000de60       ?getClass@EffectorGenitalia@@UAEPBDXZ 004c5e60 f i actuator_genitalia.obj
 0002:0000dea0       ?startEffector@EffectorGenitalia@@UAEXXZ 004c5ea0 f i actuator_genitalia.obj
 0002:0000dee0       ?stopEffector@EffectorGenitalia@@UAEXXZ 004c5ee0 f i actuator_genitalia.obj
 0002:0000df20       ?processEffectorControl@EffectorGenitalia@@UAEXPAVNeuroLink@@PAVNeuroSignal@@@Z 004c5f20 f i actuator_genitalia.obj
 0002:0000df60       ??_GEffectorGenitalia@@UAEPAXI@Z 004c5f60 f i actuator_genitalia.obj
 0002:0000df60       ??_EEffectorGenitalia@@UAEPAXI@Z 004c5f60 f i actuator_genitalia.obj
 0002:0000dfd0       ??1EffectorGenitalia@@UAE@XZ 004c5fd0 f   actuator_genitalia.obj
 0002:0000e070       ?configureEffector@EffectorGenitalia@@UAEXVXml@@@Z 004c6070 f   actuator_genitalia.obj
 0002:0000e0c0       ?createEffector@EffectorGenitalia@@UAEXPAVMindRegionCreateInfo@@@Z 004c60c0 f   actuator_genitalia.obj
 0002:0000e1b0       ?createSourceConnector@EffectorGenitalia@@AAEXPAVMindRegionCreateInfo@@PAVMindRegionConnectorDef@@@Z 004c61b0 f   actuator_genitalia.obj
 0002:0000e300       ?createTargetConnector@EffectorGenitalia@@AAEXPAVMindRegionCreateInfo@@PAVMindRegionConnectorDef@@@Z 004c6300 f   actuator_genitalia.obj
 0002:0000e450       ?sourceHandler@EffectorGenitalia@@AAEPAVNeuroSignal@@PAVNeuroLink@@PAVNeuroLinkSource@@@Z 004c6450 f   actuator_genitalia.obj
 0002:0000e490       ?targetHandler@EffectorGenitalia@@AAEPAVNeuroSignalSet@@PAVNeuroLink@@PAVNeuroLinkTarget@@PAVNeuroSignal@@@Z 004c6490 f   actuator_genitalia.obj
 0002:0000e4d0       ?createHand@AHumanTarget@@AAEPAVMindEffector@@PAVEffectorArea@@@Z 004c64d0 f   actuator_hand.obj
 0002:0000e5c0       ??0EffectorHand@@QAE@PAVEffectorArea@@@Z 004c65c0 f   actuator_hand.obj
 0002:0000e690       ?getClass@EffectorHand@@UAEPBDXZ 004c6690 f i actuator_hand.obj
 0002:0000e6d0       ?startEffector@EffectorHand@@UAEXXZ 004c66d0 f i actuator_hand.obj
 0002:0000e710       ?stopEffector@EffectorHand@@UAEXXZ 004c6710 f i actuator_hand.obj
 0002:0000e750       ?processEffectorControl@EffectorHand@@UAEXPAVNeuroLink@@PAVNeuroSignal@@@Z 004c6750 f i actuator_hand.obj
 0002:0000e790       ??_GEffectorHand@@UAEPAXI@Z 004c6790 f i actuator_hand.obj
 0002:0000e790       ??_EEffectorHand@@UAEPAXI@Z 004c6790 f i actuator_hand.obj
 0002:0000e800       ??1EffectorHand@@UAE@XZ    004c6800 f   actuator_hand.obj
 0002:0000e8a0       ?configureEffector@EffectorHand@@UAEXVXml@@@Z 004c68a0 f   actuator_hand.obj
 0002:0000e8f0       ?createEffector@EffectorHand@@UAEXPAVMindRegionCreateInfo@@@Z 004c68f0 f   actuator_hand.obj
 0002:0000e9e0       ?createSourceConnector@EffectorHand@@AAEXPAVMindRegionCreateInfo@@PAVMindRegionConnectorDef@@@Z 004c69e0 f   actuator_hand.obj
 0002:0000eb30       ?createTargetConnector@EffectorHand@@AAEXPAVMindRegionCreateInfo@@PAVMindRegionConnectorDef@@@Z 004c6b30 f   actuator_hand.obj
 0002:0000ec80       ?sourceHandler@EffectorHand@@AAEPAVNeuroSignal@@PAVNeuroLink@@PAVNeuroLinkSource@@@Z 004c6c80 f   actuator_hand.obj
 0002:0000ecc0       ?targetHandler@EffectorHand@@AAEPAVNeuroSignalSet@@PAVNeuroLink@@PAVNeuroLinkTarget@@PAVNeuroSignal@@@Z 004c6cc0 f   actuator_hand.obj
 0002:0000ed00       ?createHeart@AHumanTarget@@AAEPAVMindEffector@@PAVEffectorArea@@@Z 004c6d00 f   actuator_heart.obj
 0002:0000edf0       ??0EffectorHeart@@QAE@PAVEffectorArea@@@Z 004c6df0 f   actuator_heart.obj
 0002:0000eec0       ?getClass@EffectorHeart@@UAEPBDXZ 004c6ec0 f i actuator_heart.obj
 0002:0000ef00       ?startEffector@EffectorHeart@@UAEXXZ 004c6f00 f i actuator_heart.obj
 0002:0000ef40       ?stopEffector@EffectorHeart@@UAEXXZ 004c6f40 f i actuator_heart.obj
 0002:0000ef80       ?processEffectorControl@EffectorHeart@@UAEXPAVNeuroLink@@PAVNeuroSignal@@@Z 004c6f80 f i actuator_heart.obj
 0002:0000efc0       ??_EEffectorHeart@@UAEPAXI@Z 004c6fc0 f i actuator_heart.obj
 0002:0000efc0       ??_GEffectorHeart@@UAEPAXI@Z 004c6fc0 f i actuator_heart.obj
 0002:0000f030       ??1EffectorHeart@@UAE@XZ   004c7030 f   actuator_heart.obj
 0002:0000f0d0       ?configureEffector@EffectorHeart@@UAEXVXml@@@Z 004c70d0 f   actuator_heart.obj
 0002:0000f120       ?createEffector@EffectorHeart@@UAEXPAVMindRegionCreateInfo@@@Z 004c7120 f   actuator_heart.obj
 0002:0000f210       ?createSourceConnector@EffectorHeart@@AAEXPAVMindRegionCreateInfo@@PAVMindRegionConnectorDef@@@Z 004c7210 f   actuator_heart.obj
 0002:0000f360       ?createTargetConnector@EffectorHeart@@AAEXPAVMindRegionCreateInfo@@PAVMindRegionConnectorDef@@@Z 004c7360 f   actuator_heart.obj
 0002:0000f4b0       ?sourceHandler@EffectorHeart@@AAEPAVNeuroSignal@@PAVNeuroLink@@PAVNeuroLinkSource@@@Z 004c74b0 f   actuator_heart.obj
 0002:0000f4f0       ?targetHandler@EffectorHeart@@AAEPAVNeuroSignalSet@@PAVNeuroLink@@PAVNeuroLinkTarget@@PAVNeuroSignal@@@Z 004c74f0 f   actuator_heart.obj
 0002:0000f530       ?createProtector@AHumanTarget@@AAEPAVMindEffector@@PAVEffectorArea@@@Z 004c7530 f   actuator_protector.obj
 0002:0000f620       ??0EffectorProtector@@QAE@PAVEffectorArea@@@Z 004c7620 f   actuator_protector.obj
 0002:0000f6f0       ?getClass@EffectorProtector@@UAEPBDXZ 004c76f0 f i actuator_protector.obj
 0002:0000f730       ?startEffector@EffectorProtector@@UAEXXZ 004c7730 f i actuator_protector.obj
 0002:0000f770       ?stopEffector@EffectorProtector@@UAEXXZ 004c7770 f i actuator_protector.obj
 0002:0000f7b0       ?processEffectorControl@EffectorProtector@@UAEXPAVNeuroLink@@PAVNeuroSignal@@@Z 004c77b0 f i actuator_protector.obj
 0002:0000f7f0       ??_GEffectorProtector@@UAEPAXI@Z 004c77f0 f i actuator_protector.obj
 0002:0000f7f0       ??_EEffectorProtector@@UAEPAXI@Z 004c77f0 f i actuator_protector.obj
 0002:0000f860       ??1EffectorProtector@@UAE@XZ 004c7860 f   actuator_protector.obj
 0002:0000f900       ?configureEffector@EffectorProtector@@UAEXVXml@@@Z 004c7900 f   actuator_protector.obj
 0002:0000f950       ?createEffector@EffectorProtector@@UAEXPAVMindRegionCreateInfo@@@Z 004c7950 f   actuator_protector.obj
 0002:0000fa40       ?createSourceConnector@EffectorProtector@@AAEXPAVMindRegionCreateInfo@@PAVMindRegionConnectorDef@@@Z 004c7a40 f   actuator_protector.obj
 0002:0000fb90       ?createTargetConnector@EffectorProtector@@AAEXPAVMindRegionCreateInfo@@PAVMindRegionConnectorDef@@@Z 004c7b90 f   actuator_protector.obj
 0002:0000fce0       ?sourceHandler@EffectorProtector@@AAEPAVNeuroSignal@@PAVNeuroLink@@PAVNeuroLinkSource@@@Z 004c7ce0 f   actuator_protector.obj
 0002:0000fd20       ?targetHandler@EffectorProtector@@AAEPAVNeuroSignalSet@@PAVNeuroLink@@PAVNeuroLinkTarget@@PAVNeuroSignal@@@Z 004c7d20 f   actuator_protector.obj
 0002:0000fd60       ?createLeg@AHumanTarget@@AAEPAVMindEffector@@PAVEffectorArea@@@Z 004c7d60 f   actuator_leg.obj
 0002:0000fe50       ??0EffectorLeg@@QAE@PAVEffectorArea@@@Z 004c7e50 f   actuator_leg.obj
 0002:0000ff20       ?getClass@EffectorLeg@@UAEPBDXZ 004c7f20 f i actuator_leg.obj
 0002:0000ff60       ?startEffector@EffectorLeg@@UAEXXZ 004c7f60 f i actuator_leg.obj
 0002:0000ffa0       ?stopEffector@EffectorLeg@@UAEXXZ 004c7fa0 f i actuator_leg.obj
 0002:0000ffe0       ?processEffectorControl@EffectorLeg@@UAEXPAVNeuroLink@@PAVNeuroSignal@@@Z 004c7fe0 f i actuator_leg.obj
 0002:00010020       ??_GEffectorLeg@@UAEPAXI@Z 004c8020 f i actuator_leg.obj
 0002:00010020       ??_EEffectorLeg@@UAEPAXI@Z 004c8020 f i actuator_leg.obj
 0002:00010090       ??1EffectorLeg@@UAE@XZ     004c8090 f   actuator_leg.obj
 0002:00010130       ?configureEffector@EffectorLeg@@UAEXVXml@@@Z 004c8130 f   actuator_leg.obj
 0002:00010180       ?createEffector@EffectorLeg@@UAEXPAVMindRegionCreateInfo@@@Z 004c8180 f   actuator_leg.obj
 0002:00010270       ?createSourceConnector@EffectorLeg@@AAEXPAVMindRegionCreateInfo@@PAVMindRegionConnectorDef@@@Z 004c8270 f   actuator_leg.obj
 0002:000103c0       ?createTargetConnector@EffectorLeg@@AAEXPAVMindRegionCreateInfo@@PAVMindRegionConnectorDef@@@Z 004c83c0 f   actuator_leg.obj
 0002:00010510       ?sourceHandler@EffectorLeg@@AAEPAVNeuroSignal@@PAVNeuroLink@@PAVNeuroLinkSource@@@Z 004c8510 f   actuator_leg.obj
 0002:00010550       ?targetHandler@EffectorLeg@@AAEPAVNeuroSignalSet@@PAVNeuroLink@@PAVNeuroLinkTarget@@PAVNeuroSignal@@@Z 004c8550 f   actuator_leg.obj
 0002:00010590       ?createLiver@AHumanTarget@@AAEPAVMindEffector@@PAVEffectorArea@@@Z 004c8590 f   actuator_liver.obj
 0002:00010680       ??0EffectorLiver@@QAE@PAVEffectorArea@@@Z 004c8680 f   actuator_liver.obj
 0002:00010750       ?getClass@EffectorLiver@@UAEPBDXZ 004c8750 f i actuator_liver.obj
 0002:00010790       ?startEffector@EffectorLiver@@UAEXXZ 004c8790 f i actuator_liver.obj
 0002:000107d0       ?stopEffector@EffectorLiver@@UAEXXZ 004c87d0 f i actuator_liver.obj
 0002:00010810       ?processEffectorControl@EffectorLiver@@UAEXPAVNeuroLink@@PAVNeuroSignal@@@Z 004c8810 f i actuator_liver.obj
 0002:00010850       ??_GEffectorLiver@@UAEPAXI@Z 004c8850 f i actuator_liver.obj
 0002:00010850       ??_EEffectorLiver@@UAEPAXI@Z 004c8850 f i actuator_liver.obj
 0002:000108c0       ??1EffectorLiver@@UAE@XZ   004c88c0 f   actuator_liver.obj
 0002:00010960       ?configureEffector@EffectorLiver@@UAEXVXml@@@Z 004c8960 f   actuator_liver.obj
 0002:000109b0       ?createEffector@EffectorLiver@@UAEXPAVMindRegionCreateInfo@@@Z 004c89b0 f   actuator_liver.obj
 0002:00010aa0       ?createSourceConnector@EffectorLiver@@AAEXPAVMindRegionCreateInfo@@PAVMindRegionConnectorDef@@@Z 004c8aa0 f   actuator_liver.obj
 0002:00010bf0       ?createTargetConnector@EffectorLiver@@AAEXPAVMindRegionCreateInfo@@PAVMindRegionConnectorDef@@@Z 004c8bf0 f   actuator_liver.obj
 0002:00010d40       ?sourceHandler@EffectorLiver@@AAEPAVNeuroSignal@@PAVNeuroLink@@PAVNeuroLinkSource@@@Z 004c8d40 f   actuator_liver.obj
 0002:00010d80       ?targetHandler@EffectorLiver@@AAEPAVNeuroSignalSet@@PAVNeuroLink@@PAVNeuroLinkTarget@@PAVNeuroSignal@@@Z 004c8d80 f   actuator_liver.obj
 0002:00010dc0       ?createLung@AHumanTarget@@AAEPAVMindEffector@@PAVEffectorArea@@@Z 004c8dc0 f   actuator_lung.obj
 0002:00010eb0       ??0EffectorLung@@QAE@PAVEffectorArea@@@Z 004c8eb0 f   actuator_lung.obj
 0002:00010f80       ?getClass@EffectorLung@@UAEPBDXZ 004c8f80 f i actuator_lung.obj
 0002:00010fc0       ?startEffector@EffectorLung@@UAEXXZ 004c8fc0 f i actuator_lung.obj
 0002:00011000       ?stopEffector@EffectorLung@@UAEXXZ 004c9000 f i actuator_lung.obj
 0002:00011040       ?processEffectorControl@EffectorLung@@UAEXPAVNeuroLink@@PAVNeuroSignal@@@Z 004c9040 f i actuator_lung.obj
 0002:00011080       ??_GEffectorLung@@UAEPAXI@Z 004c9080 f i actuator_lung.obj
 0002:00011080       ??_EEffectorLung@@UAEPAXI@Z 004c9080 f i actuator_lung.obj
 0002:000110f0       ??1EffectorLung@@UAE@XZ    004c90f0 f   actuator_lung.obj
 0002:00011190       ?configureEffector@EffectorLung@@UAEXVXml@@@Z 004c9190 f   actuator_lung.obj
 0002:000111e0       ?createEffector@EffectorLung@@UAEXPAVMindRegionCreateInfo@@@Z 004c91e0 f   actuator_lung.obj
 0002:000112d0       ?createSourceConnector@EffectorLung@@AAEXPAVMindRegionCreateInfo@@PAVMindRegionConnectorDef@@@Z 004c92d0 f   actuator_lung.obj
 0002:00011420       ?createTargetConnector@EffectorLung@@AAEXPAVMindRegionCreateInfo@@PAVMindRegionConnectorDef@@@Z 004c9420 f   actuator_lung.obj
 0002:00011570       ?sourceHandler@EffectorLung@@AAEPAVNeuroSignal@@PAVNeuroLink@@PAVNeuroLinkSource@@@Z 004c9570 f   actuator_lung.obj
 0002:000115b0       ?targetHandler@EffectorLung@@AAEPAVNeuroSignalSet@@PAVNeuroLink@@PAVNeuroLinkTarget@@PAVNeuroSignal@@@Z 004c95b0 f   actuator_lung.obj
 0002:000115f0       ?createNeck@AHumanTarget@@AAEPAVMindEffector@@PAVEffectorArea@@@Z 004c95f0 f   actuator_neck.obj
 0002:000116e0       ??0EffectorNeck@@QAE@PAVEffectorArea@@@Z 004c96e0 f   actuator_neck.obj
 0002:000117b0       ?getClass@EffectorNeck@@UAEPBDXZ 004c97b0 f i actuator_neck.obj
 0002:000117f0       ?startEffector@EffectorNeck@@UAEXXZ 004c97f0 f i actuator_neck.obj
 0002:00011830       ?stopEffector@EffectorNeck@@UAEXXZ 004c9830 f i actuator_neck.obj
 0002:00011870       ?processEffectorControl@EffectorNeck@@UAEXPAVNeuroLink@@PAVNeuroSignal@@@Z 004c9870 f i actuator_neck.obj
 0002:000118b0       ??_EEffectorNeck@@UAEPAXI@Z 004c98b0 f i actuator_neck.obj
 0002:000118b0       ??_GEffectorNeck@@UAEPAXI@Z 004c98b0 f i actuator_neck.obj
 0002:00011920       ??1EffectorNeck@@UAE@XZ    004c9920 f   actuator_neck.obj
 0002:000119c0       ?configureEffector@EffectorNeck@@UAEXVXml@@@Z 004c99c0 f   actuator_neck.obj
 0002:00011a10       ?createEffector@EffectorNeck@@UAEXPAVMindRegionCreateInfo@@@Z 004c9a10 f   actuator_neck.obj
 0002:00011b00       ?createSourceConnector@EffectorNeck@@AAEXPAVMindRegionCreateInfo@@PAVMindRegionConnectorDef@@@Z 004c9b00 f   actuator_neck.obj
 0002:00011c50       ?createTargetConnector@EffectorNeck@@AAEXPAVMindRegionCreateInfo@@PAVMindRegionConnectorDef@@@Z 004c9c50 f   actuator_neck.obj
 0002:00011da0       ?sourceHandler@EffectorNeck@@AAEPAVNeuroSignal@@PAVNeuroLink@@PAVNeuroLinkSource@@@Z 004c9da0 f   actuator_neck.obj
 0002:00011de0       ?targetHandler@EffectorNeck@@AAEPAVNeuroSignalSet@@PAVNeuroLink@@PAVNeuroLinkTarget@@PAVNeuroSignal@@@Z 004c9de0 f   actuator_neck.obj
 0002:00011e20       ?createNose@AHumanTarget@@AAEPAVMindSensor@@PAVSensorArea@@@Z 004c9e20 f   actuator_nose.obj
 0002:00011f10       ??0SensorNose@@QAE@PAVSensorArea@@@Z 004c9f10 f   actuator_nose.obj
 0002:00011ff0       ?getClass@SensorNose@@UAEPBDXZ 004c9ff0 f i actuator_nose.obj
 0002:00012030       ?startSensor@SensorNose@@UAEXXZ 004ca030 f i actuator_nose.obj
 0002:00012070       ?stopSensor@SensorNose@@UAEXXZ 004ca070 f i actuator_nose.obj
 0002:000120b0       ?processSensorControl@SensorNose@@UAEXPAVNeuroLink@@PAVNeuroSignal@@@Z 004ca0b0 f i actuator_nose.obj
 0002:000120f0       ?produceSensorData@SensorNose@@UAEXXZ 004ca0f0 f i actuator_nose.obj
 0002:00012130       ?pollSensor@SensorNose@@UAEXXZ 004ca130 f i actuator_nose.obj
 0002:00012170       ??_GSensorNose@@UAEPAXI@Z  004ca170 f i actuator_nose.obj
 0002:00012170       ??_ESensorNose@@UAEPAXI@Z  004ca170 f i actuator_nose.obj
 0002:000121e0       ??1SensorNose@@UAE@XZ      004ca1e0 f   actuator_nose.obj
 0002:00012280       ?configureSensor@SensorNose@@UAEXVXml@@@Z 004ca280 f   actuator_nose.obj
 0002:000122d0       ?createSensor@SensorNose@@UAEXPAVMindRegionCreateInfo@@@Z 004ca2d0 f   actuator_nose.obj
 0002:000123c0       ?createSourceConnector@SensorNose@@AAEXPAVMindRegionCreateInfo@@PAVMindRegionConnectorDef@@@Z 004ca3c0 f   actuator_nose.obj
 0002:00012510       ?createTargetConnector@SensorNose@@AAEXPAVMindRegionCreateInfo@@PAVMindRegionConnectorDef@@@Z 004ca510 f   actuator_nose.obj
 0002:00012660       ?sourceHandler@SensorNose@@AAEPAVNeuroSignal@@PAVNeuroLink@@PAVNeuroLinkSource@@@Z 004ca660 f   actuator_nose.obj
 0002:000126a0       ?targetHandler@SensorNose@@AAEPAVNeuroSignalSet@@PAVNeuroLink@@PAVNeuroLinkTarget@@PAVNeuroSignal@@@Z 004ca6a0 f   actuator_nose.obj
 0002:000126e0       ?createRectum@AHumanTarget@@AAEPAVMindEffector@@PAVEffectorArea@@@Z 004ca6e0 f   actuator_rectum.obj
 0002:000127d0       ??0EffectorRectum@@QAE@PAVEffectorArea@@@Z 004ca7d0 f   actuator_rectum.obj
 0002:000128a0       ?getClass@EffectorRectum@@UAEPBDXZ 004ca8a0 f i actuator_rectum.obj
 0002:000128e0       ?startEffector@EffectorRectum@@UAEXXZ 004ca8e0 f i actuator_rectum.obj
 0002:00012920       ?stopEffector@EffectorRectum@@UAEXXZ 004ca920 f i actuator_rectum.obj
 0002:00012960       ?processEffectorControl@EffectorRectum@@UAEXPAVNeuroLink@@PAVNeuroSignal@@@Z 004ca960 f i actuator_rectum.obj
 0002:000129a0       ??_GEffectorRectum@@UAEPAXI@Z 004ca9a0 f i actuator_rectum.obj
 0002:000129a0       ??_EEffectorRectum@@UAEPAXI@Z 004ca9a0 f i actuator_rectum.obj
 0002:00012a10       ??1EffectorRectum@@UAE@XZ  004caa10 f   actuator_rectum.obj
 0002:00012ab0       ?configureEffector@EffectorRectum@@UAEXVXml@@@Z 004caab0 f   actuator_rectum.obj
 0002:00012b00       ?createEffector@EffectorRectum@@UAEXPAVMindRegionCreateInfo@@@Z 004cab00 f   actuator_rectum.obj
 0002:00012bf0       ?createSourceConnector@EffectorRectum@@AAEXPAVMindRegionCreateInfo@@PAVMindRegionConnectorDef@@@Z 004cabf0 f   actuator_rectum.obj
 0002:00012d40       ?createTargetConnector@EffectorRectum@@AAEXPAVMindRegionCreateInfo@@PAVMindRegionConnectorDef@@@Z 004cad40 f   actuator_rectum.obj
 0002:00012e90       ?sourceHandler@EffectorRectum@@AAEPAVNeuroSignal@@PAVNeuroLink@@PAVNeuroLinkSource@@@Z 004cae90 f   actuator_rectum.obj
 0002:00012ed0       ?targetHandler@EffectorRectum@@AAEPAVNeuroSignalSet@@PAVNeuroLink@@PAVNeuroLinkTarget@@PAVNeuroSignal@@@Z 004caed0 f   actuator_rectum.obj
 0002:00012f10       ?createSpeaker@AHumanTarget@@AAEPAVMindEffector@@PAVEffectorArea@@@Z 004caf10 f   actuator_speaker.obj
 0002:00013000       ??0EffectorSpeaker@@QAE@PAVEffectorArea@@@Z 004cb000 f   actuator_speaker.obj
 0002:000130d0       ?getClass@EffectorSpeaker@@UAEPBDXZ 004cb0d0 f i actuator_speaker.obj
 0002:00013110       ?startEffector@EffectorSpeaker@@UAEXXZ 004cb110 f i actuator_speaker.obj
 0002:00013150       ?stopEffector@EffectorSpeaker@@UAEXXZ 004cb150 f i actuator_speaker.obj
 0002:00013190       ?processEffectorControl@EffectorSpeaker@@UAEXPAVNeuroLink@@PAVNeuroSignal@@@Z 004cb190 f i actuator_speaker.obj
 0002:000131d0       ??_EEffectorSpeaker@@UAEPAXI@Z 004cb1d0 f i actuator_speaker.obj
 0002:000131d0       ??_GEffectorSpeaker@@UAEPAXI@Z 004cb1d0 f i actuator_speaker.obj
 0002:00013240       ??1EffectorSpeaker@@UAE@XZ 004cb240 f   actuator_speaker.obj
 0002:000132e0       ?configureEffector@EffectorSpeaker@@UAEXVXml@@@Z 004cb2e0 f   actuator_speaker.obj
 0002:00013330       ?createEffector@EffectorSpeaker@@UAEXPAVMindRegionCreateInfo@@@Z 004cb330 f   actuator_speaker.obj
 0002:00013420       ?createSourceConnector@EffectorSpeaker@@AAEXPAVMindRegionCreateInfo@@PAVMindRegionConnectorDef@@@Z 004cb420 f   actuator_speaker.obj
 0002:00013570       ?createTargetConnector@EffectorSpeaker@@AAEXPAVMindRegionCreateInfo@@PAVMindRegionConnectorDef@@@Z 004cb570 f   actuator_speaker.obj
 0002:000136c0       ?sourceHandler@EffectorSpeaker@@AAEPAVNeuroSignal@@PAVNeuroLink@@PAVNeuroLinkSource@@@Z 004cb6c0 f   actuator_speaker.obj
 0002:00013700       ?targetHandler@EffectorSpeaker@@AAEPAVNeuroSignalSet@@PAVNeuroLink@@PAVNeuroLinkTarget@@PAVNeuroSignal@@@Z 004cb700 f   actuator_speaker.obj
 0002:00013740       ?createStomach@AHumanTarget@@AAEPAVMindEffector@@PAVEffectorArea@@@Z 004cb740 f   actuator_stomach.obj
 0002:00013830       ??0EffectorStomach@@QAE@PAVEffectorArea@@@Z 004cb830 f   actuator_stomach.obj
 0002:00013900       ?getClass@EffectorStomach@@UAEPBDXZ 004cb900 f i actuator_stomach.obj
 0002:00013940       ?startEffector@EffectorStomach@@UAEXXZ 004cb940 f i actuator_stomach.obj
 0002:00013980       ?stopEffector@EffectorStomach@@UAEXXZ 004cb980 f i actuator_stomach.obj
 0002:000139c0       ?processEffectorControl@EffectorStomach@@UAEXPAVNeuroLink@@PAVNeuroSignal@@@Z 004cb9c0 f i actuator_stomach.obj
 0002:00013a00       ??_EEffectorStomach@@UAEPAXI@Z 004cba00 f i actuator_stomach.obj
 0002:00013a00       ??_GEffectorStomach@@UAEPAXI@Z 004cba00 f i actuator_stomach.obj
 0002:00013a70       ??1EffectorStomach@@UAE@XZ 004cba70 f   actuator_stomach.obj
 0002:00013b10       ?configureEffector@EffectorStomach@@UAEXVXml@@@Z 004cbb10 f   actuator_stomach.obj
 0002:00013b60       ?createEffector@EffectorStomach@@UAEXPAVMindRegionCreateInfo@@@Z 004cbb60 f   actuator_stomach.obj
 0002:00013c50       ?createSourceConnector@EffectorStomach@@AAEXPAVMindRegionCreateInfo@@PAVMindRegionConnectorDef@@@Z 004cbc50 f   actuator_stomach.obj
 0002:00013da0       ?createTargetConnector@EffectorStomach@@AAEXPAVMindRegionCreateInfo@@PAVMindRegionConnectorDef@@@Z 004cbda0 f   actuator_stomach.obj
 0002:00013ef0       ?sourceHandler@EffectorStomach@@AAEPAVNeuroSignal@@PAVNeuroLink@@PAVNeuroLinkSource@@@Z 004cbef0 f   actuator_stomach.obj
 0002:00013f30       ?targetHandler@EffectorStomach@@AAEPAVNeuroSignalSet@@PAVNeuroLink@@PAVNeuroLinkTarget@@PAVNeuroSignal@@@Z 004cbf30 f   actuator_stomach.obj
 0002:00013f70       ?createTrunk@AHumanTarget@@AAEPAVMindEffector@@PAVEffectorArea@@@Z 004cbf70 f   actuator_trunk.obj
 0002:00014060       ??0EffectorTrunk@@QAE@PAVEffectorArea@@@Z 004cc060 f   actuator_trunk.obj
 0002:00014130       ?getClass@EffectorTrunk@@UAEPBDXZ 004cc130 f i actuator_trunk.obj
 0002:00014170       ?startEffector@EffectorTrunk@@UAEXXZ 004cc170 f i actuator_trunk.obj
 0002:000141b0       ?stopEffector@EffectorTrunk@@UAEXXZ 004cc1b0 f i actuator_trunk.obj
 0002:000141f0       ?processEffectorControl@EffectorTrunk@@UAEXPAVNeuroLink@@PAVNeuroSignal@@@Z 004cc1f0 f i actuator_trunk.obj
 0002:00014230       ??_GEffectorTrunk@@UAEPAXI@Z 004cc230 f i actuator_trunk.obj
 0002:00014230       ??_EEffectorTrunk@@UAEPAXI@Z 004cc230 f i actuator_trunk.obj
 0002:000142a0       ??1EffectorTrunk@@UAE@XZ   004cc2a0 f   actuator_trunk.obj
 0002:00014340       ?configureEffector@EffectorTrunk@@UAEXVXml@@@Z 004cc340 f   actuator_trunk.obj
 0002:00014390       ?createEffector@EffectorTrunk@@UAEXPAVMindRegionCreateInfo@@@Z 004cc390 f   actuator_trunk.obj
 0002:00014480       ?createSourceConnector@EffectorTrunk@@AAEXPAVMindRegionCreateInfo@@PAVMindRegionConnectorDef@@@Z 004cc480 f   actuator_trunk.obj
 0002:000145d0       ?createTargetConnector@EffectorTrunk@@AAEXPAVMindRegionCreateInfo@@PAVMindRegionConnectorDef@@@Z 004cc5d0 f   actuator_trunk.obj
 0002:00014720       ?sourceHandler@EffectorTrunk@@AAEPAVNeuroSignal@@PAVNeuroLink@@PAVNeuroLinkSource@@@Z 004cc720 f   actuator_trunk.obj
 0002:00014760       ?targetHandler@EffectorTrunk@@AAEPAVNeuroSignalSet@@PAVNeuroLink@@PAVNeuroLinkTarget@@PAVNeuroSignal@@@Z 004cc760 f   actuator_trunk.obj
 0002:000147a0       ?createUreter@AHumanTarget@@AAEPAVMindEffector@@PAVEffectorArea@@@Z 004cc7a0 f   actuator_ureter.obj
 0002:00014890       ??0EffectorUreter@@QAE@PAVEffectorArea@@@Z 004cc890 f   actuator_ureter.obj
 0002:00014960       ?getClass@EffectorUreter@@UAEPBDXZ 004cc960 f i actuator_ureter.obj
 0002:000149a0       ?startEffector@EffectorUreter@@UAEXXZ 004cc9a0 f i actuator_ureter.obj
 0002:000149e0       ?stopEffector@EffectorUreter@@UAEXXZ 004cc9e0 f i actuator_ureter.obj
 0002:00014a20       ?processEffectorControl@EffectorUreter@@UAEXPAVNeuroLink@@PAVNeuroSignal@@@Z 004cca20 f i actuator_ureter.obj
 0002:00014a60       ??_GEffectorUreter@@UAEPAXI@Z 004cca60 f i actuator_ureter.obj
 0002:00014a60       ??_EEffectorUreter@@UAEPAXI@Z 004cca60 f i actuator_ureter.obj
 0002:00014ad0       ??1EffectorUreter@@UAE@XZ  004ccad0 f   actuator_ureter.obj
 0002:00014b70       ?configureEffector@EffectorUreter@@UAEXVXml@@@Z 004ccb70 f   actuator_ureter.obj
 0002:00014bc0       ?createEffector@EffectorUreter@@UAEXPAVMindRegionCreateInfo@@@Z 004ccbc0 f   actuator_ureter.obj
 0002:00014cb0       ?createSourceConnector@EffectorUreter@@AAEXPAVMindRegionCreateInfo@@PAVMindRegionConnectorDef@@@Z 004cccb0 f   actuator_ureter.obj
 0002:00014e00       ?createTargetConnector@EffectorUreter@@AAEXPAVMindRegionCreateInfo@@PAVMindRegionConnectorDef@@@Z 004cce00 f   actuator_ureter.obj
 0002:00014f50       ?sourceHandler@EffectorUreter@@AAEPAVNeuroSignal@@PAVNeuroLink@@PAVNeuroLinkSource@@@Z 004ccf50 f   actuator_ureter.obj
 0002:00014f90       ?targetHandler@EffectorUreter@@AAEPAVNeuroSignalSet@@PAVNeuroLink@@PAVNeuroLinkTarget@@PAVNeuroSignal@@@Z 004ccf90 f   actuator_ureter.obj
 0002:00014fd0       ?createVessels@AHumanTarget@@AAEPAVMindEffector@@PAVEffectorArea@@@Z 004ccfd0 f   actuator_vessels.obj
 0002:000150c0       ??0EffectorVessels@@QAE@PAVEffectorArea@@@Z 004cd0c0 f   actuator_vessels.obj
 0002:00015190       ?getClass@EffectorVessels@@UAEPBDXZ 004cd190 f i actuator_vessels.obj
 0002:000151d0       ?startEffector@EffectorVessels@@UAEXXZ 004cd1d0 f i actuator_vessels.obj
 0002:00015210       ?stopEffector@EffectorVessels@@UAEXXZ 004cd210 f i actuator_vessels.obj
 0002:00015250       ?processEffectorControl@EffectorVessels@@UAEXPAVNeuroLink@@PAVNeuroSignal@@@Z 004cd250 f i actuator_vessels.obj
 0002:00015290       ??_EEffectorVessels@@UAEPAXI@Z 004cd290 f i actuator_vessels.obj
 0002:00015290       ??_GEffectorVessels@@UAEPAXI@Z 004cd290 f i actuator_vessels.obj
 0002:00015300       ??1EffectorVessels@@UAE@XZ 004cd300 f   actuator_vessels.obj
 0002:000153a0       ?configureEffector@EffectorVessels@@UAEXVXml@@@Z 004cd3a0 f   actuator_vessels.obj
 0002:000153f0       ?createEffector@EffectorVessels@@UAEXPAVMindRegionCreateInfo@@@Z 004cd3f0 f   actuator_vessels.obj
 0002:000154e0       ?createSourceConnector@EffectorVessels@@AAEXPAVMindRegionCreateInfo@@PAVMindRegionConnectorDef@@@Z 004cd4e0 f   actuator_vessels.obj
 0002:00015630       ?createTargetConnector@EffectorVessels@@AAEXPAVMindRegionCreateInfo@@PAVMindRegionConnectorDef@@@Z 004cd630 f   actuator_vessels.obj
 0002:00015780       ?sourceHandler@EffectorVessels@@AAEPAVNeuroSignal@@PAVNeuroLink@@PAVNeuroLinkSource@@@Z 004cd780 f   actuator_vessels.obj
 0002:000157c0       ?targetHandler@EffectorVessels@@AAEPAVNeuroSignalSet@@PAVNeuroLink@@PAVNeuroLinkTarget@@PAVNeuroSignal@@@Z 004cd7c0 f   actuator_vessels.obj
 0002:00015800       ??0AHumanTarget@@QAE@XZ    004cd800 f   ahumantarget.obj
 0002:000158d0       ??1MindTarget@@QAE@XZ      004cd8d0 f i ahumantarget.obj
 0002:00015970       ??0MessageSubscriber@@QAE@XZ 004cd970 f i ahumantarget.obj
 0002:000159c0       ?configureTarget@AHumanTarget@@UAEXVXml@@@Z 004cd9c0 f   ahumantarget.obj
 0002:00015a00       ?createTarget@AHumanTarget@@UAEXPAVSensorArea@@PAVEffectorArea@@@Z 004cda00 f   ahumantarget.obj
 0002:000161e0       ?initTarget@AHumanTarget@@UAEXXZ 004ce1e0 f   ahumantarget.obj
 0002:00016220       ?runTarget@AHumanTarget@@UAEXXZ 004ce220 f   ahumantarget.obj
 0002:00016360       ?onXmlMessage@AHumanTarget@@MAEXPAVXmlMessage@@@Z 004ce360 f   ahumantarget.obj
 0002:00016690       ?cmdPlayCircuit@AHumanTarget@@IAEXVXml@@@Z 004ce690 f   ahumantarget.obj
 0002:000167b0       ?cmdVerifyModel@AHumanTarget@@IAEXVXml@@@Z 004ce7b0 f   ahumantarget.obj
 0002:000168d0       ?cmdCreateWikiPages@AHumanTarget@@IAEXVXml@@@Z 004ce8d0 f   ahumantarget.obj
 0002:000169e0       ?stopTarget@AHumanTarget@@UAEXXZ 004ce9e0 f   ahumantarget.obj
 0002:00016a20       ?exitTarget@AHumanTarget@@UAEXXZ 004cea20 f   ahumantarget.obj
 0002:00016a60       ?destroyTarget@AHumanTarget@@UAEXXZ 004cea60 f   ahumantarget.obj
 0002:00016aa0       ?attachLogger@Service@@QAEXXZ 004ceaa0 f i ahumantarget.obj
 0002:00016b10       ?getService@MessagingService@@SAPAV1@XZ 004ceb10 f i ahumantarget.obj
 0002:00016b70       ?onMessage@MessageSubscriber@@UAEXPAVMessage@@@Z 004ceb70 f i ahumantarget.obj
 0002:00016bb0       ?onTextMessage@MessageSubscriber@@UAEXPAVTextMessage@@@Z 004cebb0 f i ahumantarget.obj
 0002:00016bf0       ?onXmlMessage@MessageSubscriber@@UAEXPAVXmlMessage@@@Z 004cebf0 f i ahumantarget.obj
 0002:00016c30       ?onXmlCall@MessageSubscriber@@UAEXPAVXmlCall@@@Z 004cec30 f i ahumantarget.obj
 0002:00016c70       ?onBinaryMessage@MessageSubscriber@@UAEXPAVBinaryMessage@@@Z 004cec70 f i ahumantarget.obj
 0002:00016cb0       ??1Service@@QAE@XZ         004cecb0 f i ahumantarget.obj
 0002:00016d50       ?getServiceName@MindTarget@@EAEPBDXZ 004ced50 f i ahumantarget.obj
 0002:00016d90       ?execute@@YAXVString@@@Z   004ced90 f   main.obj
 0002:00016f50       _main                      004cef50 f   main.obj
 0002:00017050       ??0MindModel@@QAE@XZ       004cf050 f   mindmodel.obj
 0002:00017150       ?getClass@MindModel@@UAEPBDXZ 004cf150 f i mindmodel.obj
 0002:00017190       ??_GMindModel@@UAEPAXI@Z   004cf190 f i mindmodel.obj
 0002:00017190       ??_EMindModel@@UAEPAXI@Z   004cf190 f i mindmodel.obj
 0002:00017200       ??1MindModel@@UAE@XZ       004cf200 f   mindmodel.obj
 0002:000172f0       ?load@MindModel@@QAEXXZ    004cf2f0 f   mindmodel.obj
 0002:00017370       ?checkLinkCoveredByModel@MindModel@@QAE_NVString@@0@Z 004cf370 f   mindmodel.obj
 0002:00017b40       ??0StringList@@QAE@XZ      004cfb40 f i mindmodel.obj
 0002:00017ba0       ??1StringList@@QAE@XZ      004cfba0 f i mindmodel.obj
 0002:00017c00       ?add@StringList@@QAEHPBD@Z 004cfc00 f i mindmodel.obj
 0002:00017ca0       ?count@StringList@@QAEHXZ  004cfca0 f i mindmodel.obj
 0002:00017ce0       ?get@StringList@@QAE?AVString@@H@Z 004cfce0 f i mindmodel.obj
 0002:00017ef0       ??1RuntimeException@@QAE@XZ 004cfef0 f i mindmodel.obj
 0002:00017fe0       ??0RuntimeException@@QAE@ABV0@@Z 004cffe0 f i mindmodel.obj
 0002:00018120       ??0Object@@IAE@XZ          004d0120 f i mindmodel.obj
 0002:000181f0       ??1Object@@QAE@XZ          004d01f0 f i mindmodel.obj
 0002:000182b0       ?getService@MindService@@SAPAV1@XZ 004d02b0 f i mindmodel.obj
 0002:00018310       ??0ScenarioPlayer@@QAE@XZ  004d0310 f   scenarioplayer.obj
 0002:000183c0       ?getClass@ScenarioPlayer@@UAEPBDXZ 004d03c0 f i scenarioplayer.obj
 0002:00018400       ??_EScenarioPlayer@@UAEPAXI@Z 004d0400 f i scenarioplayer.obj
 0002:00018400       ??_GScenarioPlayer@@UAEPAXI@Z 004d0400 f i scenarioplayer.obj
 0002:00018470       ??1ScenarioPlayer@@UAE@XZ  004d0470 f   scenarioplayer.obj
 0002:00018510       ?play@ScenarioPlayer@@QAEXVXml@@@Z 004d0510 f   scenarioplayer.obj
 0002:000186d0       ?playSignal@ScenarioPlayer@@AAEXVXml@@@Z 004d06d0 f   scenarioplayer.obj
 0002:00019390       ?count@?$ClassList@VNeuroSignal@@@@QBEHXZ 004d1390 f i scenarioplayer.obj
 0002:000193f0       ?get@?$ClassList@VNeuroSignal@@@@QBEPAVNeuroSignal@@H@Z 004d13f0 f i scenarioplayer.obj
 0002:00019450       ?getArea@MindRegion@@QAEPAVMindArea@@XZ 004d1450 f i scenarioplayer.obj
 0002:00019490       ?getId@NeuroSignal@@QAE?AVString@@XZ 004d1490 f i scenarioplayer.obj
 0002:00019550       ?getSignals@NeuroSignalSet@@QAEAAV?$ClassList@VNeuroSignal@@@@XZ 004d1550 f i scenarioplayer.obj
 0002:00019590       ??0ModelFiberValidator@@QAE@XZ 004d1590 f   modelfibervalidator.obj
 0002:00019640       ?getClass@ModelFiberValidator@@UAEPBDXZ 004d1640 f i modelfibervalidator.obj
 0002:00019680       ??_GModelFiberValidator@@UAEPAXI@Z 004d1680 f i modelfibervalidator.obj
 0002:00019680       ??_EModelFiberValidator@@UAEPAXI@Z 004d1680 f i modelfibervalidator.obj
 0002:000196f0       ??1ModelFiberValidator@@UAE@XZ 004d16f0 f   modelfibervalidator.obj
 0002:00019790       ?isValid_GSE_end@ModelFiberValidator@@QAE_NAAVXmlNerveInfo@@PAVMindRegion@@1@Z 004d1790 f   modelfibervalidator.obj
 0002:00019d80       ?isValid_GSA_begin@ModelFiberValidator@@QAE_NAAVXmlNerveInfo@@PAVMindRegion@@1@Z 004d1d80 f   modelfibervalidator.obj
 0002:0001a360       ?isValid_GSA_afterbegin@ModelFiberValidator@@QAE_NAAVXmlNerveInfo@@PAVMindRegion@@1@Z 004d2360 f   modelfibervalidator.obj
 0002:0001a950       ?isValid_GVE_end@ModelFiberValidator@@QAE_NAAVXmlNerveInfo@@PAVMindRegion@@1@Z 004d2950 f   modelfibervalidator.obj
 0002:0001b020       ?isValid_GVE_beforeend@ModelFiberValidator@@QAE_NAAVXmlNerveInfo@@PAVMindRegion@@1@Z 004d3020 f   modelfibervalidator.obj
 0002:0001b7c0       ?isValid_SSA_begin@ModelFiberValidator@@QAE_NAAVXmlNerveInfo@@PAVMindRegion@@1@Z 004d37c0 f   modelfibervalidator.obj
 0002:0001bf30       ?isValid_SVA_begin@ModelFiberValidator@@QAE_NAAVXmlNerveInfo@@PAVMindRegion@@1@Z 004d3f30 f   modelfibervalidator.obj
 0002:0001c5f0       ?isValid_SVA_afterbegin@ModelFiberValidator@@QAE_NAAVXmlNerveInfo@@PAVMindRegion@@1@Z 004d45f0 f   modelfibervalidator.obj
 0002:0001cd80       ?getTypeName@MindRegionDef@@QAE?AVString@@XZ 004d4d80 f i modelfibervalidator.obj
 0002:0001ce40       ?getRole@MindRegionDef@@QAE?AW4MindRegionRoleEnum@@XZ 004d4e40 f i modelfibervalidator.obj
 0002:0001ce80       ?getRegionInfo@MindRegion@@QAEPAVMindRegionDef@@XZ 004d4e80 f i modelfibervalidator.obj
 0002:0001cec0       ?getRegionId@MindRegion@@QAE?AVString@@XZ 004d4ec0 f i modelfibervalidator.obj
 0002:0001cf80       ??0ModelVerifier@@QAE@VXml@@@Z 004d4f80 f   modelverifier.obj
 0002:0001d090       ?getClass@ModelVerifier@@UAEPBDXZ 004d5090 f i modelverifier.obj
 0002:0001d0d0       ??_GModelVerifier@@UAEPAXI@Z 004d50d0 f i modelverifier.obj
 0002:0001d0d0       ??_EModelVerifier@@UAEPAXI@Z 004d50d0 f i modelverifier.obj
 0002:0001d140       ??1ModelVerifier@@UAE@XZ   004d5140 f   modelverifier.obj
 0002:0001d210       ?verify@ModelVerifier@@QAEXXZ 004d5210 f   modelverifier.obj
 0002:0001d5c0       ??0?$MapStringToClass@VMindRegionDef@@@@QAE@XZ 004d55c0 f i modelverifier.obj
 0002:0001d620       ??1?$MapStringToClass@VMindRegionDef@@@@QAE@XZ 004d5620 f i modelverifier.obj
 0002:0001d680       ?getMindMap@MindService@@QAEPAVMindMap@@XZ 004d5680 f i modelverifier.obj
 0002:0001d6c0       ?checkCircuits@ModelVerifier@@AAEXXZ 004d56c0 f   modelverifier_circuits.obj
 0002:0001d9e0       ?checkCircuits_verifyComponents@ModelVerifier@@AAE_NVString@@@Z 004d59e0 f   modelverifier_circuits.obj
 0002:0001dda0       ?checkCircuits_verifyLinks@ModelVerifier@@AAE_NVString@@@Z 004d5da0 f   modelverifier_circuits.obj
 0002:0001e020       ??0XmlCircuitLinkInfo@@QAE@XZ 004d6020 f i modelverifier_circuits.obj
 0002:0001e0e0       ??1XmlCircuitLinkInfo@@QAE@XZ 004d60e0 f i modelverifier_circuits.obj
 0002:0001e1a0       ?checkCircuits_verifyCircuitLink@ModelVerifier@@AAE_NAAVXmlCircuitInfo@@AAVXmlCircuitLinkInfo@@@Z 004d61a0 f   modelverifier_circuits.obj
 0002:0001ee20       ??0?$FlatList@VXml@@@@QAE@XZ 004d6e20 f i modelverifier_circuits.obj
 0002:0001ee80       ??1?$FlatList@VXml@@@@QAE@XZ 004d6e80 f i modelverifier_circuits.obj
 0002:0001eef0       ?count@?$FlatList@VXml@@@@QBEHXZ 004d6ef0 f i modelverifier_circuits.obj
 0002:0001ef30       ?get@?$FlatList@VXml@@@@QBE?AVXml@@H@Z 004d6f30 f i modelverifier_circuits.obj
 0002:0001f110       ?count@MapStringToString@@QAEHXZ 004d7110 f i modelverifier_circuits.obj
 0002:0001f170       ?getClassByIndex@MapStringToString@@QAEPBDH@Z 004d7170 f i modelverifier_circuits.obj
 0002:0001f220       ?getKeyByIndex@MapStringToString@@QAEPBDH@Z 004d7220 f i modelverifier_circuits.obj
 0002:0001f2d0       ?checkHierarchy@ModelVerifier@@AAEXXZ 004d72d0 f   modelverifier_hmind.obj
 0002:0001f500       ?checkHierarchy_verifyChild@ModelVerifier@@AAE_NVString@@_N@Z 004d7500 f   modelverifier_hmind.obj
 0002:0001fdc0       ?checkHierarchy_verifyConnectors@ModelVerifier@@AAE_NPAVMindRegionDef@@ABVXmlHMindElementInfo@@@Z 004d7dc0 f   modelverifier_hmind.obj
 0002:00020480       ?add@?$MapStringToClass@VMindRegionDef@@@@QAEHPBDPAVMindRegionDef@@@Z 004d8480 f i modelverifier_hmind.obj
 0002:00020690       ?get@?$MapStringToClass@VMindRegionDef@@@@QAEPAVMindRegionDef@@PBD@Z 004d8690 f i modelverifier_hmind.obj
 0002:00020740       ?clear@?$MapStringToClass@VMindRegionDef@@@@QAEXXZ 004d8740 f i modelverifier_hmind.obj
 0002:000207a0       ?getId@MindRegionDef@@QAE?AVString@@XZ 004d87a0 f i modelverifier_hmind.obj
 0002:00020860       ?checkMindModel@ModelVerifier@@AAEXXZ 004d8860 f   modelverifier_mind.obj
 0002:00020970       ?checkMindModel_verifyRegion@ModelVerifier@@AAE_NPAVMindRegionDef@@@Z 004d8970 f   modelverifier_mind.obj
 0002:00020f50       ??0XmlCircuitFind@@QAE@XZ  004d8f50 f i modelverifier_mind.obj
 0002:00020ff0       ??1XmlCircuitFind@@QAE@XZ  004d8ff0 f i modelverifier_mind.obj
 0002:00021090       ?checkMindModel_verifyLinkedConnectors@ModelVerifier@@AAE_NPAVMindRegionDef@@PAVMindRegion@@@Z 004d9090 f   modelverifier_mind.obj
 0002:00021770       ?checkMindModel_verifyRegionCircuits@ModelVerifier@@AAE_NPAVMindRegionDef@@PAVMindRegion@@@Z 004d9770 f   modelverifier_mind.obj
 0002:00021b70       ?count@?$MapStringToClass@VMindRegionDef@@@@QAEHXZ 004d9b70 f i modelverifier_mind.obj
 0002:00021bd0       ?getClassByIndex@?$MapStringToClass@VMindRegionDef@@@@QAEPAVMindRegionDef@@H@Z 004d9bd0 f i modelverifier_mind.obj
 0002:00021c90       ?count@?$ClassList@VNeuroLink@@@@QBEHXZ 004d9c90 f i modelverifier_mind.obj
 0002:00021cf0       ?count@?$ClassList@VMindRegionLink@@@@QBEHXZ 004d9cf0 f i modelverifier_mind.obj
 0002:00021d50       ?getRef@?$ClassList@VMindRegionLink@@@@QBEAAVMindRegionLink@@H@Z 004d9d50 f i modelverifier_mind.obj
 0002:00021db0       ?get@?$ClassList@VMindRegionLink@@@@QBEPAVMindRegionLink@@H@Z 004d9db0 f i modelverifier_mind.obj
 0002:00021e10       ?getLinks@NeuroLinkSource@@QAEAAV?$ClassList@VNeuroLink@@@@XZ 004d9e10 f i modelverifier_mind.obj
 0002:00021e50       ?getLinks@NeuroLinkTarget@@QAEAAV?$ClassList@VNeuroLink@@@@XZ 004d9e50 f i modelverifier_mind.obj
 0002:00021e90       ?checkMuscles@ModelVerifier@@AAEXXZ 004d9e90 f   modelverifier_muscles.obj
 0002:00022140       ?checkMuscles_verifyNerve@ModelVerifier@@AAE_NAAVXmlMuscleInfo@@VString@@1@Z 004da140 f   modelverifier_muscles.obj
 0002:00022f20       ?checkMuscles_verifyNerves@ModelVerifier@@AAE_NVString@@@Z 004daf20 f   modelverifier_muscles.obj
 0002:00023500       ?find@StringList@@QAEHVString@@@Z 004db500 f i modelverifier_muscles.obj
 0002:00023630       ?checkNerves@ModelVerifier@@AAEXXZ 004db630 f   modelverifier_nerves.obj
 0002:000239c0       ?getDivisions@XmlNerves@@QAEAAV?$ClassList@VXmlNerveInfo@@@@XZ 004db9c0 f i modelverifier_nerves.obj
 0002:00023a00       ?checkNerves_verifyComponents@ModelVerifier@@AAE_NVString@@@Z 004dba00 f   modelverifier_nerves.obj
 0002:00023f00       ?checkNerves_verifyModalityByChilds@ModelVerifier@@AAE_NAAVXmlNerveInfo@@AAVMapStringToPtr@@@Z 004dbf00 f   modelverifier_nerves.obj
 0002:00024920       ?checkNerves_verifyFiberIsCovered@ModelVerifier@@AAE_NVString@@AAVStringList@@@Z 004dc920 f   modelverifier_nerves.obj
 0002:00024b00       ?checkNerves_verifyModalityIsCoveredByFibers@ModelVerifier@@AAE_NVString@@AAVMapStringToPtr@@@Z 004dcb00 f   modelverifier_nerves.obj
 0002:00024d10       ?checkFiberComp@ModelVerifier@@AAE_NAAVXmlNerveInfo@@AAVXmlNerveFiberInfo@@VString@@@Z 004dcd10 f   modelverifier_nerves.obj
 0002:00025260       ?checkNerves_verifyLinks@ModelVerifier@@AAE_NAAVXmlNerveInfo@@AAVXmlNerveFiberInfo@@@Z 004dd260 f   modelverifier_nerves.obj
 0002:00025880       ?checkFiberType@ModelVerifier@@AAE_NAAVXmlNerveInfo@@AAVXmlNerveFiberInfo@@VString@@@Z 004dd880 f   modelverifier_nerves.obj
 0002:00025e00       ?checkNerves_verifyFiberChain@ModelVerifier@@AAE_NAAVXmlNerveInfo@@AAVXmlNerveFiberInfo@@VString@@2W4ModelVerifierFiberChainPosEnum@@HH@Z 004dde00 f   modelverifier_nerves.obj
 0002:000264f0       ?count@?$MapStringToClass@VXmlNerveInfo@@@@QAEHXZ 004de4f0 f i modelverifier_nerves.obj
 0002:00026550       ?getClassRefByIndex@?$MapStringToClass@VXmlNerveInfo@@@@QAEAAVXmlNerveInfo@@H@Z 004de550 f i modelverifier_nerves.obj
 0002:00026610       ?count@?$ClassList@VXmlNerveInfo@@@@QBEHXZ 004de610 f i modelverifier_nerves.obj
 0002:00026670       ?getRef@?$ClassList@VXmlNerveInfo@@@@QBEAAVXmlNerveInfo@@H@Z 004de670 f i modelverifier_nerves.obj
 0002:000266d0       ?count@?$ClassList@VXmlNerveFiberInfo@@@@QBEHXZ 004de6d0 f i modelverifier_nerves.obj
 0002:00026730       ?getRef@?$ClassList@VXmlNerveFiberInfo@@@@QBEAAVXmlNerveFiberInfo@@H@Z 004de730 f i modelverifier_nerves.obj
 0002:00026790       ?get@?$ClassList@VXmlNerveInfo@@@@QBEPAVXmlNerveInfo@@H@Z 004de790 f i modelverifier_nerves.obj
 0002:000267f0       ?get@?$ClassList@VXmlNerveFiberInfo@@@@QBEPAVXmlNerveFiberInfo@@H@Z 004de7f0 f i modelverifier_nerves.obj
 0002:00026850       ??0MapStringToPtr@@QAE@XZ  004de850 f i modelverifier_nerves.obj
 0002:000268b0       ??1MapStringToPtr@@QAE@XZ  004de8b0 f i modelverifier_nerves.obj
 0002:00026910       ?addnew@MapStringToPtr@@QAEHPBDPAX@Z 004de910 f i modelverifier_nerves.obj
 0002:00026ba0       ?addnew@MapStringToPtr@@QAEXAAV1@@Z 004deba0 f i modelverifier_nerves.obj
 0002:00026c50       ?addnew@MapStringToPtr@@QAEXAAVStringList@@PAX@Z 004dec50 f i modelverifier_nerves.obj
 0002:00026d70       ?get@MapStringToPtr@@QAEPAXPBD@Z 004ded70 f i modelverifier_nerves.obj
 0002:00026e20       ?count@MapStringToPtr@@QAEHXZ 004dee20 f i modelverifier_nerves.obj
 0002:00026e80       ?destroy@MapStringToPtr@@QAEXXZ 004dee80 f i modelverifier_nerves.obj
 0002:00026ee0       ?getKeyByIndex@MapStringToPtr@@QAEPBDH@Z 004deee0 f i modelverifier_nerves.obj
 0002:00026f90       ?checkSpinal@ModelVerifier@@AAEXXZ 004def90 f   modelverifier_spinal.obj
 0002:00027060       ?checkSpinal_verifyEndings@ModelVerifier@@AAE_NXZ 004df060 f   modelverifier_spinal.obj
 0002:00027130       ?getTracts@XmlHMind@@QAEPAVXmlTracts@@XZ 004df130 f i modelverifier_spinal.obj
 0002:00027170       ?getEndingMap@XmlTracts@@QAEAAV?$MapStringToClass@VXmlBrainEnding@@@@XZ 004df170 f i modelverifier_spinal.obj
 0002:000271b0       ?checkSpinal_verifyEndingData@ModelVerifier@@AAE_NAAVXmlBrainEnding@@@Z 004df1b0 f   modelverifier_spinal.obj
 0002:000273e0       ?checkSpinal_verifyFibers@ModelVerifier@@AAE_NXZ 004df3e0 f   modelverifier_spinal.obj
 0002:000274b0       ?getFibers@XmlTracts@@QAEAAV?$MapStringToClass@VXmlBrainFiber@@@@XZ 004df4b0 f i modelverifier_spinal.obj
 0002:000274f0       ?checkSpinal_verifyFiberData@ModelVerifier@@AAE_NAAVXmlBrainFiber@@@Z 004df4f0 f   modelverifier_spinal.obj
 0002:000279e0       ?checkSpinal_verifyTracts@ModelVerifier@@AAE_NXZ 004df9e0 f   modelverifier_spinal.obj
 0002:00027ab0       ?getTracts@XmlTracts@@QAEAAV?$MapStringToClass@VXmlBrainTractSet@@@@XZ 004dfab0 f i modelverifier_spinal.obj
 0002:00027af0       ?checkSpinal_verifyTractSet@ModelVerifier@@AAE_NAAVXmlBrainTractSet@@@Z 004dfaf0 f   modelverifier_spinal.obj
 0002:00027ba0       ?checkSpinal_verifyTractData@ModelVerifier@@AAE_NAAVXmlBrainTract@@@Z 004dfba0 f   modelverifier_spinal.obj
 0002:00027cc0       ?checkSpinal_verifyTractPathData@ModelVerifier@@AAE_NAAVXmlBrainTract@@AAVXmlBrainTractPath@@@Z 004dfcc0 f   modelverifier_spinal.obj
 0002:000283e0       ?count@?$MapStringToClass@VXmlBrainTractSet@@@@QAEHXZ 004e03e0 f i modelverifier_spinal.obj
 0002:00028440       ?getClassRefByIndex@?$MapStringToClass@VXmlBrainTractSet@@@@QAEAAVXmlBrainTractSet@@H@Z 004e0440 f i modelverifier_spinal.obj
 0002:00028500       ?count@?$MapStringToClass@VXmlBrainFiber@@@@QAEHXZ 004e0500 f i modelverifier_spinal.obj
 0002:00028560       ?getClassRefByIndex@?$MapStringToClass@VXmlBrainFiber@@@@QAEAAVXmlBrainFiber@@H@Z 004e0560 f i modelverifier_spinal.obj
 0002:00028620       ?count@?$MapStringToClass@VXmlBrainEnding@@@@QAEHXZ 004e0620 f i modelverifier_spinal.obj
 0002:00028680       ?getClassRefByIndex@?$MapStringToClass@VXmlBrainEnding@@@@QAEAAVXmlBrainEnding@@H@Z 004e0680 f i modelverifier_spinal.obj
 0002:00028740       ?count@?$MapStringToClass@VXmlBrainTract@@@@QAEHXZ 004e0740 f i modelverifier_spinal.obj
 0002:000287a0       ?getClassRefByIndex@?$MapStringToClass@VXmlBrainTract@@@@QAEAAVXmlBrainTract@@H@Z 004e07a0 f i modelverifier_spinal.obj
 0002:00028860       ?count@?$MapStringToClass@VXmlBrainTractPath@@@@QAEHXZ 004e0860 f i modelverifier_spinal.obj
 0002:000288c0       ?getClassRefByIndex@?$MapStringToClass@VXmlBrainTractPath@@@@QAEAAVXmlBrainTractPath@@H@Z 004e08c0 f i modelverifier_spinal.obj
 0002:00028980       ??0WikiAreaPages@@QAE@PAVWikiMaker@@@Z 004e0980 f   wikiareapages.obj
 0002:00028a40       ?getClass@WikiAreaPages@@UAEPBDXZ 004e0a40 f i wikiareapages.obj
 0002:00028a80       ??_EWikiAreaPages@@UAEPAXI@Z 004e0a80 f i wikiareapages.obj
 0002:00028a80       ??_GWikiAreaPages@@UAEPAXI@Z 004e0a80 f i wikiareapages.obj
 0002:00028af0       ??1WikiAreaPages@@UAE@XZ   004e0af0 f   wikiareapages.obj
 0002:00028b90       ?execute@WikiAreaPages@@QAEXXZ 004e0b90 f   wikiareapages.obj
 0002:00028e30       ?createAreaPages_createArea@WikiAreaPages@@AAEXVString@@PAVMindArea@@@Z 004e0e30 f   wikiareapages.obj
 0002:000291c0       ?createAreaPages_createAreaCircuitTable@WikiAreaPages@@AAEXAAV?$MapStringToClass@VMindLocalCircuitDef@@@@AAVStringList@@@Z 004e11c0 f   wikiareapages.obj
 0002:00029270       ?createAreaPages_createAreaCircuitTableLine@WikiAreaPages@@AAEXPAVMindLocalCircuitDef@@AAVStringList@@@Z 004e1270 f   wikiareapages.obj
 0002:00029790       ?createAreaPages_createCircuitsAndReferencesTableSection@WikiAreaPages@@AAEXVString@@PAVMindArea@@@Z 004e1790 f   wikiareapages.obj
 0002:0002a060       ?createAreaPages_getCircuitKey@WikiAreaPages@@AAE?AVString@@PAVMindArea@@AAVXmlCircuitInfo@@@Z 004e2060 f   wikiareapages.obj
 0002:0002a5d0       ?createAreaPages_getCircuitLines@WikiAreaPages@@AAEXAAVXmlCircuitInfo@@AAVStringList@@@Z 004e25d0 f   wikiareapages.obj
 0002:0002aa80       ?createAreaPages_createRegionPages@WikiAreaPages@@AAEXVString@@PAVMindArea@@@Z 004e2a80 f   wikiareapages.obj
 0002:0002ac10       ?createAreaPages_createAreaCircuit@WikiAreaPages@@AAEXPAVMindArea@@AAVMindLocalCircuitDef@@AAVStringList@@@Z 004e2c10 f   wikiareapages.obj
 0002:0002aec0       ?createAreaPages_createRegionTableSection@WikiAreaPages@@AAEXPAVMindArea@@AAVMindLocalCircuitDef@@AAVStringList@@@Z 004e2ec0 f   wikiareapages.obj
 0002:0002b080       ?createAreaPages_getRegionTableRow@WikiAreaPages@@AAE?AVString@@PAVMindRegionDef@@@Z 004e3080 f   wikiareapages.obj
 0002:0002ba30       ?createAreaPages_createConnectivityTableSection@WikiAreaPages@@AAEXPAVMindArea@@AAVMindLocalCircuitDef@@AAVStringList@@@Z 004e3a30 f   wikiareapages.obj
 0002:0002bce0       ?createAreaPages_addInternalConnections@WikiAreaPages@@AAEXPAVMindArea@@AAVMindLocalCircuitDef@@AAVStringList@@AAV?$MapStringToClass@VMindLocalCircuitConnectionDef@@@@@Z 004e3ce0 f   wikiareapages.obj
 0002:0002bdc0       ?createAreaPages_addExternalConnections@WikiAreaPages@@AAEXPAVMindArea@@AAVMindLocalCircuitDef@@AAVStringList@@AAV?$MapStringToClass@VMindLocalCircuitConnectionDef@@@@_N@Z 004e3dc0 f   wikiareapages.obj
 0002:0002c3a0       ?createAreaPages_getInternalConnections@WikiAreaPages@@AAEXPAVMindArea@@AAVMindLocalCircuitDef@@AAV?$MapStringToClass@VMindLocalCircuitConnectionDef@@@@@Z 004e43a0 f   wikiareapages.obj
 0002:0002c640       ?createAreaPages_getExternalConnections@WikiAreaPages@@AAEXPAVMindArea@@AAVMindLocalCircuitDef@@AAV?$MapStringToClass@VMindLocalCircuitConnectionDef@@@@_N@Z 004e4640 f   wikiareapages.obj
 0002:0002ce00       ?createAreaPages_addInternalConnectionTableLine@WikiAreaPages@@AAEXPAVMindArea@@AAVMindLocalCircuitDef@@PAVMindLocalCircuitConnectionDef@@AAVStringList@@@Z 004e4e00 f   wikiareapages.obj
 0002:0002d430       ?createAreaPages_getExternalConnectionTableLine@WikiAreaPages@@AAEXPAVMindArea@@AAVMindLocalCircuitDef@@PAVMindLocalCircuitConnectionDef@@AAVStringList@@_NPBD@Z 004e5430 f   wikiareapages.obj
 0002:0002ec30       ?getTargetLinkConnectors@WikiAreaPages@@AAEXPAVMindRegion@@0AAVMapStringToString@@@Z 004e6c30 f   wikiareapages.obj
 0002:0002ee50       ?createDotFile_getRegionLabel@WikiAreaPages@@AAE?AVString@@PAVMindRegionDef@@@Z 004e6e50 f   wikiareapages.obj
 0002:0002f250       ?createDotFile@WikiAreaPages@@AAEXPAVMindArea@@AAVMindLocalCircuitDef@@AAV?$MapStringToClass@VMindLocalCircuitConnectionDef@@@@22@Z 004e7250 f   wikiareapages.obj
 0002:00030150       ?getRegionColor@WikiAreaPages@@AAE?AVString@@V2@@Z 004e8150 f   wikiareapages.obj
 0002:00030400       ?getParent@XmlHMindElementInfo@@QBEPAV1@XZ 004e8400 f i wikiareapages.obj
 0002:00030440       ?createDotFile_subgraph@WikiAreaPages@@AAEXPAVMindArea@@AAVMindLocalCircuitDef@@_NAAV?$MapStringToClass@VMindLocalCircuitConnectionDef@@@@AAVStringList@@AAVString@@@Z 004e8440 f   wikiareapages.obj
 0002:00032310       ?count@?$MapStringToClass@VMindLocalCircuitDef@@@@QAEHXZ 004ea310 f i wikiareapages.obj
 0002:00032370       ?getClassByIndex@?$MapStringToClass@VMindLocalCircuitDef@@@@QAEPAVMindLocalCircuitDef@@H@Z 004ea370 f i wikiareapages.obj
 0002:00032430       ?getClassRefByIndex@?$MapStringToClass@VMindLocalCircuitDef@@@@QAEAAVMindLocalCircuitDef@@H@Z 004ea430 f i wikiareapages.obj
 0002:000324f0       ?getKeyByIndex@?$MapStringToClass@VMindRegionDef@@@@QAEPBDH@Z 004ea4f0 f i wikiareapages.obj
 0002:000325a0       ??0?$ClassList@VMindLocalCircuitConnectionDef@@@@QAE@XZ 004ea5a0 f i wikiareapages.obj
 0002:00032600       ??1?$ClassList@VMindLocalCircuitConnectionDef@@@@QAE@XZ 004ea600 f i wikiareapages.obj
 0002:00032660       ?count@?$ClassList@VMindLocalCircuitConnectionDef@@@@QBEHXZ 004ea660 f i wikiareapages.obj
 0002:000326c0       ?get@?$ClassList@VMindLocalCircuitConnectionDef@@@@QBEPAVMindLocalCircuitConnectionDef@@H@Z 004ea6c0 f i wikiareapages.obj
 0002:00032720       ?add@?$ClassList@VMindLocalCircuitConnectionDef@@@@QAEHPAVMindLocalCircuitConnectionDef@@@Z 004ea720 f i wikiareapages.obj
 0002:000327c0       ??0?$MapStringToClass@VMindLocalCircuitConnectionDef@@@@QAE@XZ 004ea7c0 f i wikiareapages.obj
 0002:00032820       ??1?$MapStringToClass@VMindLocalCircuitConnectionDef@@@@QAE@XZ 004ea820 f i wikiareapages.obj
 0002:00032880       ?add@?$MapStringToClass@VMindLocalCircuitConnectionDef@@@@QAEHPBDPAVMindLocalCircuitConnectionDef@@@Z 004ea880 f i wikiareapages.obj
 0002:00032a90       ?get@?$MapStringToClass@VMindLocalCircuitConnectionDef@@@@QAEPAVMindLocalCircuitConnectionDef@@PBD@Z 004eaa90 f i wikiareapages.obj
 0002:00032b40       ?count@?$MapStringToClass@VMindLocalCircuitConnectionDef@@@@QAEHXZ 004eab40 f i wikiareapages.obj
 0002:00032ba0       ?getClassByIndex@?$MapStringToClass@VMindLocalCircuitConnectionDef@@@@QAEPAVMindLocalCircuitConnectionDef@@H@Z 004eaba0 f i wikiareapages.obj
 0002:00032c60       ?getKeyByIndex@?$MapStringToClass@VMindLocalCircuitConnectionDef@@@@QAEPBDH@Z 004eac60 f i wikiareapages.obj
 0002:00032d10       ??0?$MapStringToClass@VMindArea@@@@QAE@XZ 004ead10 f i wikiareapages.obj
 0002:00032d70       ??1?$MapStringToClass@VMindArea@@@@QAE@XZ 004ead70 f i wikiareapages.obj
 0002:00032dd0       ?add@?$MapStringToClass@VMindArea@@@@QAEHPBDPAVMindArea@@@Z 004eadd0 f i wikiareapages.obj
 0002:00032fe0       ?get@?$MapStringToClass@VMindArea@@@@QAEPAVMindArea@@PBD@Z 004eafe0 f i wikiareapages.obj
 0002:00033090       ?count@?$MapStringToClass@VMindArea@@@@QAEHXZ 004eb090 f i wikiareapages.obj
 0002:000330f0       ?getClassByIndex@?$MapStringToClass@VMindArea@@@@QAEPAVMindArea@@H@Z 004eb0f0 f i wikiareapages.obj
 0002:000331b0       ??0?$MapStringToClass@VMindRegion@@@@QAE@XZ 004eb1b0 f i wikiareapages.obj
 0002:00033210       ??1?$MapStringToClass@VMindRegion@@@@QAE@XZ 004eb210 f i wikiareapages.obj
 0002:00033270       ?add@?$MapStringToClass@VMindRegion@@@@QAEHPBDPAVMindRegion@@@Z 004eb270 f i wikiareapages.obj
 0002:00033480       ?addnew@?$MapStringToClass@VMindRegion@@@@QAEHPBDPAVMindRegion@@@Z 004eb480 f i wikiareapages.obj
 0002:00033550       ?get@?$MapStringToClass@VMindRegion@@@@QAEPAVMindRegion@@PBD@Z 004eb550 f i wikiareapages.obj
 0002:00033600       ?count@?$MapStringToClass@VMindRegion@@@@QAEHXZ 004eb600 f i wikiareapages.obj
 0002:00033660       ?getClassByIndex@?$MapStringToClass@VMindRegion@@@@QAEPAVMindRegion@@H@Z 004eb660 f i wikiareapages.obj
 0002:00033720       ?getKeyByIndex@?$MapStringToClass@VMindRegion@@@@QAEPBDH@Z 004eb720 f i wikiareapages.obj
 0002:000337d0       ??0?$MapStringToClass@V?$MapStringToClass@VMindLocalCircuitConnectionDef@@@@@@QAE@XZ 004eb7d0 f i wikiareapages.obj
 0002:00033830       ??1?$MapStringToClass@V?$MapStringToClass@VMindLocalCircuitConnectionDef@@@@@@QAE@XZ 004eb830 f i wikiareapages.obj
 0002:00033890       ?add@?$MapStringToClass@V?$MapStringToClass@VMindLocalCircuitConnectionDef@@@@@@QAEHPBDPAV?$MapStringToClass@VMindLocalCircuitConnectionDef@@@@@Z 004eb890 f i wikiareapages.obj
 0002:00033aa0       ?get@?$MapStringToClass@V?$MapStringToClass@VMindLocalCircuitConnectionDef@@@@@@QAEPAV?$MapStringToClass@VMindLocalCircuitConnectionDef@@@@PBD@Z 004ebaa0 f i wikiareapages.obj
 0002:00033b50       ?count@?$MapStringToClass@V?$MapStringToClass@VMindLocalCircuitConnectionDef@@@@@@QAEHXZ 004ebb50 f i wikiareapages.obj
 0002:00033bb0       ?getClassByIndex@?$MapStringToClass@V?$MapStringToClass@VMindLocalCircuitConnectionDef@@@@@@QAEPAV?$MapStringToClass@VMindLocalCircuitConnectionDef@@@@H@Z 004ebbb0 f i wikiareapages.obj
 0002:00033c70       ?getKeyByIndex@?$MapStringToClass@V?$MapStringToClass@VMindLocalCircuitConnectionDef@@@@@@QAEPBDH@Z 004ebc70 f i wikiareapages.obj
 0002:00033d20       ??0?$MapStringToClass@V?$MapStringToClass@VMindRegion@@@@@@QAE@XZ 004ebd20 f i wikiareapages.obj
 0002:00033d80       ??1?$MapStringToClass@V?$MapStringToClass@VMindRegion@@@@@@QAE@XZ 004ebd80 f i wikiareapages.obj
 0002:00033de0       ?add@?$MapStringToClass@V?$MapStringToClass@VMindRegion@@@@@@QAEHPBDPAV?$MapStringToClass@VMindRegion@@@@@Z 004ebde0 f i wikiareapages.obj
 0002:00033ff0       ?get@?$MapStringToClass@V?$MapStringToClass@VMindRegion@@@@@@QAEPAV?$MapStringToClass@VMindRegion@@@@PBD@Z 004ebff0 f i wikiareapages.obj
 0002:000340a0       ?destroy@?$MapStringToClass@V?$MapStringToClass@VMindRegion@@@@@@QAEXXZ 004ec0a0 f i wikiareapages.obj
 0002:00034190       ??0?$MapStringToClass@V?$ClassList@VMindLocalCircuitConnectionDef@@@@@@QAE@XZ 004ec190 f i wikiareapages.obj
 0002:000341f0       ??1?$MapStringToClass@V?$ClassList@VMindLocalCircuitConnectionDef@@@@@@QAE@XZ 004ec1f0 f i wikiareapages.obj
 0002:00034250       ?add@?$MapStringToClass@V?$ClassList@VMindLocalCircuitConnectionDef@@@@@@QAEHPBDPAV?$ClassList@VMindLocalCircuitConnectionDef@@@@@Z 004ec250 f i wikiareapages.obj
 0002:00034460       ?get@?$MapStringToClass@V?$ClassList@VMindLocalCircuitConnectionDef@@@@@@QAEPAV?$ClassList@VMindLocalCircuitConnectionDef@@@@PBD@Z 004ec460 f i wikiareapages.obj
 0002:00034510       ?destroy@?$MapStringToClass@V?$ClassList@VMindLocalCircuitConnectionDef@@@@@@QAEXXZ 004ec510 f i wikiareapages.obj
 0002:00034600       ??_G?$MapStringToClass@VMindRegion@@@@QAEPAXI@Z 004ec600 f i wikiareapages.obj
 0002:00034670       ??_G?$ClassList@VMindLocalCircuitConnectionDef@@@@QAEPAXI@Z 004ec670 f i wikiareapages.obj
 0002:000346e0       ?sort@StringList@@QAEXXZ   004ec6e0 f i wikiareapages.obj
 0002:00034740       ?clear@StringList@@QAEXXZ  004ec740 f i wikiareapages.obj
 0002:000347a0       ??0MapStringToString@@QAE@XZ 004ec7a0 f i wikiareapages.obj
 0002:00034800       ??1MapStringToString@@QAE@XZ 004ec800 f i wikiareapages.obj
 0002:00034860       ?add@MapStringToString@@QAEHPBD0@Z 004ec860 f i wikiareapages.obj
 0002:00034c10       ?addnew@MapStringToString@@QAEHPBD0@Z 004ecc10 f i wikiareapages.obj
 0002:00034ec0       ?destroy@MapStringToString@@QAEXXZ 004ecec0 f i wikiareapages.obj
 0002:00034f70       ?getServiceName@MindRegionDef@@QAE?AVString@@XZ 004ecf70 f i wikiareapages.obj
 0002:00035030       ?isTargetSensor@MindRegionDef@@QAE_NXZ 004ed030 f i wikiareapages.obj
 0002:000350b0       ?isTargetEffector@MindRegionDef@@QAE_NXZ 004ed0b0 f i wikiareapages.obj
 0002:00035130       ?getId@MindLocalCircuitDef@@QAE?AVString@@XZ 004ed130 f i wikiareapages.obj
 0002:000351f0       ?getName@MindLocalCircuitDef@@QAE?AVString@@XZ 004ed1f0 f i wikiareapages.obj
 0002:000352b0       ?getRegions@MindLocalCircuitDef@@QAEAAV?$MapStringToClass@VMindRegionDef@@@@XZ 004ed2b0 f i wikiareapages.obj
 0002:000352f0       ?getAreaType@MindAreaDef@@QAE?AVString@@XZ 004ed2f0 f i wikiareapages.obj
 0002:000353b0       ?getAreaName@MindAreaDef@@QAE?AVString@@XZ 004ed3b0 f i wikiareapages.obj
 0002:00035470       ?getCircuits@MindAreaDef@@QAEAAV?$MapStringToClass@VMindLocalCircuitDef@@@@XZ 004ed470 f i wikiareapages.obj
 0002:000354b0       ?getTypeName@MindLocalCircuitConnectionDef@@QAE?AVString@@XZ 004ed4b0 f i wikiareapages.obj
 0002:00035570       ?isPrimary@MindLocalCircuitConnectionDef@@QAE_NXZ 004ed570 f i wikiareapages.obj
 0002:000355b0       ?getSrcRegion@MindLocalCircuitConnectionDef@@QAE?AVString@@XZ 004ed5b0 f i wikiareapages.obj
 0002:00035670       ?getDstRegion@MindLocalCircuitConnectionDef@@QAE?AVString@@XZ 004ed670 f i wikiareapages.obj
 0002:00035730       ?getRegion@TargetRegionConnectorDef@@QAE?AVString@@XZ 004ed730 f i wikiareapages.obj
 0002:000357f0       ?getAreaId@MindArea@@QAE?AVString@@XZ 004ed7f0 f i wikiareapages.obj
 0002:000358b0       ?isTargetArea@MindArea@@QAE_NXZ 004ed8b0 f i wikiareapages.obj
 0002:000358f0       ?getMindAreaDef@MindArea@@QAEPAVMindAreaDef@@XZ 004ed8f0 f i wikiareapages.obj
 0002:00035930       ?getRegionType@MindRegion@@QAEPAVMindRegionTypeDef@@XZ 004ed930 f i wikiareapages.obj
 0002:00035970       ??0WikiCircuitPages@@QAE@PAVWikiMaker@@@Z 004ed970 f   wikicircuitpages.obj
 0002:00035a30       ?getClass@WikiCircuitPages@@UAEPBDXZ 004eda30 f i wikicircuitpages.obj
 0002:00035a70       ??_EWikiCircuitPages@@UAEPAXI@Z 004eda70 f i wikicircuitpages.obj
 0002:00035a70       ??_GWikiCircuitPages@@UAEPAXI@Z 004eda70 f i wikicircuitpages.obj
 0002:00035ae0       ??1WikiCircuitPages@@UAE@XZ 004edae0 f   wikicircuitpages.obj
 0002:00035b80       ?execute@WikiCircuitPages@@QAEXXZ 004edb80 f   wikicircuitpages.obj
 0002:00035dc0       ?createCircuitPage@WikiCircuitPages@@AAEXVString@@0PAVMindGlobalCircuitDef@@@Z 004eddc0 f   wikicircuitpages.obj
 0002:00036310       ?createCircuitPage_getHeading@WikiCircuitPages@@AAEXVString@@PAVMindGlobalCircuitDef@@AAVStringList@@@Z 004ee310 f   wikicircuitpages.obj
 0002:00036730       ?createCircuitPage_getLinkList@WikiCircuitPages@@AAEXPAVMindGlobalCircuitDef@@AAV?$MapStringToClass@VMindLocalCircuitConnectionDef@@@@@Z 004ee730 f   wikicircuitpages.obj
 0002:00036960       ?createCircuitPage_getLinkSection@WikiCircuitPages@@AAEXPAVMindGlobalCircuitDef@@AAV?$MapStringToClass@VMindLocalCircuitConnectionDef@@@@AAVStringList@@@Z 004ee960 f   wikicircuitpages.obj
 0002:00036a20       ?createCircuitPage_getLinksRow@WikiCircuitPages@@AAEXPAVMindGlobalCircuitDef@@PAVMindLocalCircuitConnectionDef@@AAVStringList@@@Z 004eea20 f   wikicircuitpages.obj
 0002:00036fd0       ?createCircuitPage_getNodeList@WikiCircuitPages@@AAEXPAVMindGlobalCircuitDef@@AAV?$MapStringToClass@VMindRegion@@@@@Z 004eefd0 f   wikicircuitpages.obj
 0002:00037270       ?createCircuitPage_getNodeSection@WikiCircuitPages@@AAEXPAVMindGlobalCircuitDef@@AAV?$MapStringToClass@VMindRegion@@@@AAVStringList@@@Z 004ef270 f   wikicircuitpages.obj
 0002:00037330       ?createCircuitPage_getNodesRow@WikiCircuitPages@@AAEXPAVMindGlobalCircuitDef@@PAVMindRegion@@AAVStringList@@@Z 004ef330 f   wikicircuitpages.obj
 0002:00037970       ?createCircuitPage_getDiagram@WikiCircuitPages@@AAEXPAVMindGlobalCircuitDef@@AAV?$MapStringToClass@VMindRegion@@@@AAV?$MapStringToClass@VMindLocalCircuitConnectionDef@@@@AAVStringList@@@Z 004ef970 f   wikicircuitpages.obj
 0002:000385f0       ?count@?$ClassList@VMindGlobalCircuitDef@@@@QBEHXZ 004f05f0 f i wikicircuitpages.obj
 0002:00038650       ?get@?$ClassList@VMindGlobalCircuitDef@@@@QBEPAVMindGlobalCircuitDef@@H@Z 004f0650 f i wikicircuitpages.obj
 0002:000386b0       ?getMindGlobalCircuits@MindMap@@QAEAAV?$ClassList@VMindGlobalCircuitDef@@@@XZ 004f06b0 f i wikicircuitpages.obj
 0002:000386f0       ?getId@MindGlobalCircuitDef@@QAE?AVString@@XZ 004f06f0 f i wikicircuitpages.obj
 0002:000387b0       ?getName@MindGlobalCircuitDef@@QAE?AVString@@XZ 004f07b0 f i wikicircuitpages.obj
 0002:00038870       ?getConnections@MindGlobalCircuitDef@@QAEAAV?$ClassList@VMindLocalCircuitConnectionDef@@@@XZ 004f0870 f i wikicircuitpages.obj
 0002:000388b0       ??0WikiHierarchyPage@@QAE@PAVWikiMaker@@@Z 004f08b0 f   wikihierarchypage.obj
 0002:00038970       ?getClass@WikiHierarchyPage@@UAEPBDXZ 004f0970 f i wikihierarchypage.obj
 0002:000389b0       ??_EWikiHierarchyPage@@UAEPAXI@Z 004f09b0 f i wikihierarchypage.obj
 0002:000389b0       ??_GWikiHierarchyPage@@UAEPAXI@Z 004f09b0 f i wikihierarchypage.obj
 0002:00038a20       ??1WikiHierarchyPage@@UAE@XZ 004f0a20 f   wikihierarchypage.obj
 0002:00038ac0       ?execute@WikiHierarchyPage@@QAEXXZ 004f0ac0 f   wikihierarchypage.obj
 0002:00038f40       ?updateHierarchyPage_walkTree@WikiHierarchyPage@@AAEXVString@@HAAVStringList@@PAVMindArea@@PAVMindRegion@@@Z 004f0f40 f   wikihierarchypage.obj
 0002:00039410       ?updateHierarchyPage_getArea@WikiHierarchyPage@@AAEPAVMindArea@@VString@@@Z 004f1410 f   wikihierarchypage.obj
 0002:00039850       ?updateHierarchyPage_getRegion@WikiHierarchyPage@@AAEPAVMindRegion@@VString@@@Z 004f1850 f   wikihierarchypage.obj
 0002:00039c80       ?updateHierarchyPage_getElementString@WikiHierarchyPage@@AAE?AVString@@V2@PAVMindArea@@PAVMindRegion@@12@Z 004f1c80 f   wikihierarchypage.obj
 0002:0003a7f0       ?updateHierarchyPage_walkNeocortex@WikiHierarchyPage@@AAEXVString@@00@Z 004f27f0 f   wikihierarchypage.obj
 0002:0003ab50       ?updateHierarchyPage_getNeocortexLobeLines@WikiHierarchyPage@@AAEXVString@@AAVStringList@@@Z 004f2b50 f   wikihierarchypage.obj
 0002:0003b300       ?updateHierarchyPage_getNeocortexBrodmannLine@WikiHierarchyPage@@AAE?AVString@@V2@0@Z 004f3300 f   wikihierarchypage.obj
 0002:0003b5f0       ?updateHierarchyPage_walkNeocortexBrodmannLine@WikiHierarchyPage@@AAEXVString@@0AAVStringList@@@Z 004f35f0 f   wikihierarchypage.obj
 0002:0003bd70       ?get@MapStringToString@@QAEPBDPBD@Z 004f3d70 f i wikihierarchypage.obj
 0002:0003be20       ??0WikiMainPage@@QAE@PAVWikiMaker@@@Z 004f3e20 f   wikimainpage.obj
 0002:0003bee0       ?getClass@WikiMainPage@@UAEPBDXZ 004f3ee0 f i wikimainpage.obj
 0002:0003bf20       ??_GWikiMainPage@@UAEPAXI@Z 004f3f20 f i wikimainpage.obj
 0002:0003bf20       ??_EWikiMainPage@@UAEPAXI@Z 004f3f20 f i wikimainpage.obj
 0002:0003bf90       ??1WikiMainPage@@UAE@XZ    004f3f90 f   wikimainpage.obj
 0002:0003c030       ?execute@WikiMainPage@@QAEXXZ 004f4030 f   wikimainpage.obj
 0002:0003c640       ??0?$MapStringToClass@VMindGlobalCircuitDef@@@@QAE@XZ 004f4640 f i wikimainpage.obj
 0002:0003c6a0       ??1?$MapStringToClass@VMindGlobalCircuitDef@@@@QAE@XZ 004f46a0 f i wikimainpage.obj
 0002:0003c700       ?add@?$MapStringToClass@VMindGlobalCircuitDef@@@@QAEHPBDPAVMindGlobalCircuitDef@@@Z 004f4700 f i wikimainpage.obj
 0002:0003c910       ?count@?$MapStringToClass@VMindGlobalCircuitDef@@@@QAEHXZ 004f4910 f i wikimainpage.obj
 0002:0003c970       ?getClassByIndex@?$MapStringToClass@VMindGlobalCircuitDef@@@@QAEPAVMindGlobalCircuitDef@@H@Z 004f4970 f i wikimainpage.obj
 0002:0003ca30       ??0WikiMaker@@QAE@VXml@@@Z 004f4a30 f   wikimaker.obj
 0002:0003cb50       ?getClass@WikiMaker@@UAEPBDXZ 004f4b50 f i wikimaker.obj
 0002:0003cb90       ??_GWikiMaker@@UAEPAXI@Z   004f4b90 f i wikimaker.obj
 0002:0003cb90       ??_EWikiMaker@@UAEPAXI@Z   004f4b90 f i wikimaker.obj
 0002:0003cc00       ??1WikiMaker@@UAE@XZ       004f4c00 f   wikimaker.obj
 0002:0003ccf0       ?createPages@WikiMaker@@QAEXXZ 004f4cf0 f   wikimaker.obj
 0002:0003cdb0       ?createSpinalCordPage@WikiMaker@@AAEXXZ 004f4db0 f   wikimaker.obj
 0002:0003cea0       ?createTractsPages@WikiMaker@@AAEXXZ 004f4ea0 f   wikimaker.obj
 0002:0003cf90       ?createPeripheralPage@WikiMaker@@AAEXXZ 004f4f90 f   wikimaker.obj
 0002:0003d0f0       ?createMainPage@WikiMaker@@AAEXXZ 004f50f0 f   wikimaker.obj
 0002:0003d1e0       ?createCircuitPages@WikiMaker@@AAEXXZ 004f51e0 f   wikimaker.obj
 0002:0003d2d0       ?updateHierarchyPage@WikiMaker@@AAEXXZ 004f52d0 f   wikimaker.obj
 0002:0003d3c0       ?createAreaPages@WikiMaker@@AAEXXZ 004f53c0 f   wikimaker.obj
 0002:0003d4b0       ?createNervePages@WikiMaker@@AAEXXZ 004f54b0 f   wikimaker.obj
 0002:0003d5e0       ?createMusclePages@WikiMaker@@AAEXXZ 004f55e0 f   wikimaker.obj
 0002:0003d710       ?updateFileSection@WikiMaker@@QAEXVString@@00AAVStringList@@@Z 004f5710 f   wikimaker.obj
 0002:0003e930       ?updateFileHeading@WikiMaker@@QAEXVString@@0AAVStringList@@@Z 004f6930 f   wikimaker.obj
 0002:0003f430       ?createFileContent@WikiMaker@@QAEXVString@@AAVStringList@@@Z 004f7430 f   wikimaker.obj
 0002:0003f820       ?setSpecialCharacters@WikiMaker@@QAE?AVString@@V2@@Z 004f7820 f   wikimaker.obj
 0002:0003f9b0       ?findReference@WikiMaker@@QAE?AVString@@PAVMindRegionLink@@@Z 004f79b0 f   wikimaker.obj
 0002:0003faf0       ?findReference@WikiMaker@@QAE?AVString@@PAVMindLocalCircuitConnectionDef@@@Z 004f7af0 f   wikimaker.obj
 0002:0003fc20       ?findReference@WikiMaker@@QAE?AVString@@V2@0@Z 004f7c20 f   wikimaker.obj
 0002:00040570       ?getAreaPage@WikiMaker@@QAE?AVString@@V2@@Z 004f8570 f   wikimaker.obj
 0002:00040680       ?getRegionPage@WikiMaker@@QAE?AVString@@V2@@Z 004f8680 f   wikimaker.obj
 0002:000407e0       ?ensureFileExists@WikiMaker@@QAEXVString@@0AAVStringList@@@Z 004f87e0 f   wikimaker.obj
 0002:00040b70       ?getRegionReference@WikiMaker@@QAE?AVString@@V2@@Z 004f8b70 f   wikimaker.obj
 0002:00040df0       ?getComponentReferenceInfo@WikiMaker@@QAEABVXmlHMindElementInfo@@VString@@@Z 004f8df0 f   wikimaker.obj
 0002:00041030       ?getAvailableReference@WikiMaker@@QAE?AVString@@V2@@Z 004f9030 f   wikimaker.obj
 0002:00041630       ?getComponentReference@WikiMaker@@QAE?AVString@@V2@@Z 004f9630 f   wikimaker.obj
 0002:000421b0       ?getMuscleReference@WikiMaker@@QAE?AVString@@V2@0@Z 004fa1b0 f   wikimaker.obj
 0002:000424c0       ?getAreaReference@WikiMaker@@QAE?AVString@@V2@@Z 004fa4c0 f   wikimaker.obj
 0002:00042740       ?getDotColor@WikiMaker@@QAE?AVString@@V2@@Z 004fa740 f   wikimaker.obj
 0002:000429c0       ?getLinkProps@WikiMaker@@QAE?AVString@@PAVMindConnectionLinkTypeDef@@@Z 004fa9c0 f   wikimaker.obj
 0002:00042c40       ?clearRepeats1@WikiMaker@@QAEXAAVString@@@Z 004fac40 f   wikimaker.obj
[...]
 0005:000005c8       __imp__DecodePointer@4     006715c8     kernel32:KERNEL32.dll
 0005:000005cc       __imp__QueryPerformanceCounter@4 006715cc     kernel32:KERNEL32.dll
 0005:000005d0       __imp__GetTickCount@0      006715d0     kernel32:KERNEL32.dll
 0005:000005d4       __imp__GetCurrentProcessId@0 006715d4     kernel32:KERNEL32.dll
 0005:000005d8       __imp__GetSystemTimeAsFileTime@4 006715d8     kernel32:KERNEL32.dll
 0005:000005dc       __imp__IsProcessorFeaturePresent@4 006715dc     kernel32:KERNEL32.dll
 0005:000005e0       __imp__HeapFree@12         006715e0     kernel32:KERNEL32.dll
 0005:000005e4       __imp__HeapAlloc@12        006715e4     kernel32:KERNEL32.dll
 0005:000005e8       __imp__GetProcessHeap@0    006715e8     kernel32:KERNEL32.dll
 0005:000005ec       __imp__GetModuleFileNameW@12 006715ec     kernel32:KERNEL32.dll
 0005:000005f0       __imp__VirtualQuery@12     006715f0     kernel32:KERNEL32.dll
 0005:000005f4       __imp__GetModuleHandleW@4  006715f4     kernel32:KERNEL32.dll
 0005:000005f8       __imp__FreeLibrary@4       006715f8     kernel32:KERNEL32.dll
 0005:000005fc       __imp__WaitForSingleObject@8 006715fc     kernel32:KERNEL32.dll
 0005:00000600       __imp__ReleaseSemaphore@12 00671600     kernel32:KERNEL32.dll
 0005:00000604       __imp__CreateSemaphoreA@16 00671604     kernel32:KERNEL32.dll
 0005:00000608       __imp__CloseHandle@4       00671608     kernel32:KERNEL32.dll
 0005:0000060c       __imp__CancelIoEx@8        0067160c     kernel32:KERNEL32.dll
 0005:00000610       __imp__CreateEventA@16     00671610     kernel32:KERNEL32.dll
 0005:00000614       __imp__SetEvent@4          00671614     kernel32:KERNEL32.dll
 0005:00000618       __imp__ResetEvent@4        00671618     kernel32:KERNEL32.dll
 0005:0000061c       __imp__CreateMutexA@12     0067161c     kernel32:KERNEL32.dll
 0005:00000620       __imp__ReleaseMutex@4      00671620     kernel32:KERNEL32.dll
 0005:00000624       __imp__InterlockedIncrement@4 00671624     kernel32:KERNEL32.dll
 0005:00000628       __imp__LoadLibraryA@4      00671628     kernel32:KERNEL32.dll
 0005:0000062c       __imp__GetComputerNameA@8  0067162c     kernel32:KERNEL32.dll
 0005:00000630       __imp__GetSystemTimes@12   00671630     kernel32:KERNEL32.dll
 0005:00000634       __imp__GetModuleHandleA@4  00671634     kernel32:KERNEL32.dll
 0005:00000638       __imp__GetModuleFileNameA@12 00671638     kernel32:KERNEL32.dll
 0005:0000063c       __imp__WaitForMultipleObjectsEx@20 0067163c     kernel32:KERNEL32.dll
 0005:00000640       __imp__FindFirstFileA@8    00671640     kernel32:KERNEL32.dll
 0005:00000644       __imp__FindClose@4         00671644     kernel32:KERNEL32.dll
 0005:00000648       __imp__TlsAlloc@0          00671648     kernel32:KERNEL32.dll
 0005:0000064c       \177KERNEL32_NULL_THUNK_DATA 0067164c     kernel32:KERNEL32.dll
 0005:000006a4       __imp_?peek@?$basic_istream@DU?$char_traits@D@std@@@std@@QAEHXZ 006716a4     msvcprtd:MSVCP100D.dll
 0005:000006a8       __imp_?get@?$basic_istream@DU?$char_traits@D@std@@@std@@QAEHXZ 006716a8     msvcprtd:MSVCP100D.dll
 0005:000006ac       __imp_?uncaught_exception@std@@YA_NXZ 006716ac     msvcprtd:MSVCP100D.dll
 0005:000006b0       __imp_?_Osfx@?$basic_ostream@DU?$char_traits@D@std@@@std@@QAEXXZ 006716b0     msvcprtd:MSVCP100D.dll
 0005:000006b4       __imp_?good@ios_base@std@@QBE_NXZ 006716b4     msvcprtd:MSVCP100D.dll
 0005:000006b8       __imp_?tie@?$basic_ios@DU?$char_traits@D@std@@@std@@QBEPAV?$basic_ostream@DU?$char_traits@D@std@@@2@XZ 006716b8     msvcprtd:MSVCP100D.dll
 0005:000006bc       __imp_?flush@?$basic_ostream@DU?$char_traits@D@std@@@std@@QAEAAV12@XZ 006716bc     msvcprtd:MSVCP100D.dll
 0005:000006c0       __imp_?width@ios_base@std@@QBE_JXZ 006716c0     msvcprtd:MSVCP100D.dll
 0005:000006c4       __imp_?flags@ios_base@std@@QBEHXZ 006716c4     msvcprtd:MSVCP100D.dll
 0005:000006c8       __imp_?fill@?$basic_ios@DU?$char_traits@D@std@@@std@@QBEDXZ 006716c8     msvcprtd:MSVCP100D.dll
 0005:000006cc       __imp_?rdbuf@?$basic_ios@DU?$char_traits@D@std@@@std@@QBEPAV?$basic_streambuf@DU?$char_traits@D@std@@@2@XZ 006716cc     msvcprtd:MSVCP100D.dll
 0005:000006d0       __imp_?sputc@?$basic_streambuf@DU?$char_traits@D@std@@@std@@QAEHD@Z 006716d0     msvcprtd:MSVCP100D.dll
 0005:000006d4       __imp_?sputn@?$basic_streambuf@DU?$char_traits@D@std@@@std@@QAE_JPBD_J@Z 006716d4     msvcprtd:MSVCP100D.dll
 0005:000006d8       __imp_?width@ios_base@std@@QAE_J_J@Z 006716d8     msvcprtd:MSVCP100D.dll
 0005:000006dc       __imp_?setstate@?$basic_ios@DU?$char_traits@D@std@@@std@@QAEXH_N@Z 006716dc     msvcprtd:MSVCP100D.dll
 0005:000006e0       __imp_??0?$basic_streambuf@DU?$char_traits@D@std@@@std@@IAE@XZ 006716e0     msvcprtd:MSVCP100D.dll
 0005:000006e4       __imp_?_BADOFF@std@@3_JB   006716e4     msvcprtd:MSVCP100D.dll
 0005:000006e8       __imp_?pbump@?$basic_streambuf@DU?$char_traits@D@std@@@std@@IAEXH@Z 006716e8     msvcprtd:MSVCP100D.dll
 0005:000006ec       __imp_?egptr@?$basic_streambuf@DU?$char_traits@D@std@@@std@@IBEPADXZ 006716ec     msvcprtd:MSVCP100D.dll
 0005:000006f0       __imp_?gbump@?$basic_streambuf@DU?$char_traits@D@std@@@std@@IAEXH@Z 006716f0     msvcprtd:MSVCP100D.dll
 0005:000006f4       __imp_?pptr@?$basic_streambuf@DU?$char_traits@D@std@@@std@@IBEPADXZ 006716f4     msvcprtd:MSVCP100D.dll
 0005:000006f8       __imp_?epptr@?$basic_streambuf@DU?$char_traits@D@std@@@std@@IBEPADXZ 006716f8     msvcprtd:MSVCP100D.dll
 0005:000006fc       __imp_?pbase@?$basic_streambuf@DU?$char_traits@D@std@@@std@@IBEPADXZ 006716fc     msvcprtd:MSVCP100D.dll
 0005:00000700       __imp_?setp@?$basic_streambuf@DU?$char_traits@D@std@@@std@@IAEXPAD00@Z 00671700     msvcprtd:MSVCP100D.dll
 0005:00000704       __imp_?_Pninc@?$basic_streambuf@DU?$char_traits@D@std@@@std@@IAEPADXZ 00671704     msvcprtd:MSVCP100D.dll
 0005:00000708       __imp_?eback@?$basic_streambuf@DU?$char_traits@D@std@@@std@@IBEPADXZ 00671708     msvcprtd:MSVCP100D.dll
 0005:0000070c       __imp_?setp@?$basic_streambuf@DU?$char_traits@D@std@@@std@@IAEXPAD0@Z 0067170c     msvcprtd:MSVCP100D.dll
 0005:00000710       __imp_?setg@?$basic_streambuf@DU?$char_traits@D@std@@@std@@IAEXPAD00@Z 00671710     msvcprtd:MSVCP100D.dll
 0005:00000714       __imp_?gptr@?$basic_streambuf@DU?$char_traits@D@std@@@std@@IBEPADXZ 00671714     msvcprtd:MSVCP100D.dll
 0005:00000718       __imp_?imbue@?$basic_streambuf@DU?$char_traits@D@std@@@std@@MAEXABVlocale@2@@Z 00671718     msvcprtd:MSVCP100D.dll
 0005:0000071c       __imp_?sync@?$basic_streambuf@DU?$char_traits@D@std@@@std@@MAEHXZ 0067171c     msvcprtd:MSVCP100D.dll
 0005:00000720       __imp_?setbuf@?$basic_streambuf@DU?$char_traits@D@std@@@std@@MAEPAV12@PAD_J@Z 00671720     msvcprtd:MSVCP100D.dll
 0005:00000724       __imp_?xsputn@?$basic_streambuf@DU?$char_traits@D@std@@@std@@MAE_JPBD_J@Z 00671724     msvcprtd:MSVCP100D.dll
 0005:00000728       __imp_?xsgetn@?$basic_streambuf@DU?$char_traits@D@std@@@std@@MAE_JPAD_J@Z 00671728     msvcprtd:MSVCP100D.dll
 0005:0000072c       __imp_?uflow@?$basic_streambuf@DU?$char_traits@D@std@@@std@@MAEHXZ 0067172c     msvcprtd:MSVCP100D.dll
 0005:00000730       __imp_?showmanyc@?$basic_streambuf@DU?$char_traits@D@std@@@std@@MAE_JXZ 00671730     msvcprtd:MSVCP100D.dll
 0005:00000734       __imp_?_Unlock@?$basic_streambuf@DU?$char_traits@D@std@@@std@@UAEXXZ 00671734     msvcprtd:MSVCP100D.dll
 0005:00000738       __imp_?_Lock@?$basic_streambuf@DU?$char_traits@D@std@@@std@@UAEXXZ 00671738     msvcprtd:MSVCP100D.dll
 0005:0000073c       __imp_??1?$basic_streambuf@DU?$char_traits@D@std@@@std@@UAE@XZ 0067173c     msvcprtd:MSVCP100D.dll
 0005:00000740       __imp_??0?$basic_ios@DU?$char_traits@D@std@@@std@@IAE@XZ 00671740     msvcprtd:MSVCP100D.dll
 0005:00000744       __imp_??0?$basic_ostream@DU?$char_traits@D@std@@@std@@QAE@PAV?$basic_streambuf@DU?$char_traits@D@std@@@1@_N@Z 00671744     msvcprtd:MSVCP100D.dll
 0005:00000748       __imp_??1?$basic_ostream@DU?$char_traits@D@std@@@std@@UAE@XZ 00671748     msvcprtd:MSVCP100D.dll
 0005:0000074c       __imp_??1?$basic_ios@DU?$char_traits@D@std@@@std@@UAE@XZ 0067174c     msvcprtd:MSVCP100D.dll
 0005:00000750       __imp_??6?$basic_ostream@DU?$char_traits@D@std@@@std@@QAEAAV01@H@Z 00671750     msvcprtd:MSVCP100D.dll
 0005:00000754       __imp_?_Debug_message@std@@YAXPB_W0I@Z 00671754     msvcprtd:MSVCP100D.dll
 0005:00000758       __imp_?_Xlength_error@std@@YAXPBD@Z 00671758     msvcprtd:MSVCP100D.dll
 0005:0000075c       __imp_?_Xout_of_range@std@@YAXPBD@Z 0067175c     msvcprtd:MSVCP100D.dll
 0005:00000760       __imp_?_Orphan_all@_Container_base12@std@@QAEXXZ 00671760     msvcprtd:MSVCP100D.dll
 0005:00000764       __imp_??0_Container_base12@std@@QAE@XZ 00671764     msvcprtd:MSVCP100D.dll
 0005:00000768       __imp_??1_Container_base12@std@@QAE@XZ 00671768     msvcprtd:MSVCP100D.dll
 0005:0000076c       \177MSVCP100D_NULL_THUNK_DATA 0067176c     msvcprtd:MSVCP100D.dll
 0005:000007c0       __imp__isspace             006717c0     MSVCRTD:MSVCR100D.dll
 0005:000007c4       __imp__fopen_s             006717c4     MSVCRTD:MSVCR100D.dll
 0005:000007c8       __imp___wassert            006717c8     MSVCRTD:MSVCR100D.dll
 0005:000007cc       __imp_??_V@YAXPAX@Z        006717cc     MSVCRTD:MSVCR100D.dll
 0005:000007d0       __imp__fread               006717d0     MSVCRTD:MSVCR100D.dll
 0005:000007d4       __imp__ftell               006717d4     MSVCRTD:MSVCR100D.dll
 0005:000007d8       __imp__fseek               006717d8     MSVCRTD:MSVCR100D.dll
 0005:000007dc       __imp__ferror              006717dc     MSVCRTD:MSVCR100D.dll
 0005:000007e0       __imp__fputc               006717e0     MSVCRTD:MSVCR100D.dll
 0005:000007e4       __imp__sscanf_s            006717e4     MSVCRTD:MSVCR100D.dll
 0005:000007e8       __imp__strcspn             006717e8     MSVCRTD:MSVCR100D.dll
 0005:000007ec       __imp___vsnprintf_s        006717ec     MSVCRTD:MSVCR100D.dll
 0005:000007f0       __imp__isalpha             006717f0     MSVCRTD:MSVCR100D.dll
 0005:000007f4       __imp__isalnum             006717f4     MSVCRTD:MSVCR100D.dll
 0005:000007f8       __imp__tolower             006717f8     MSVCRTD:MSVCR100D.dll
 0005:000007fc       __imp__fflush              006717fc     MSVCRTD:MSVCR100D.dll
 0005:00000800       __imp___ftime64_s          00671800     MSVCRTD:MSVCR100D.dll
 0005:00000804       __imp___CRT_RTC_INITW      00671804     MSVCRTD:MSVCR100D.dll
 0005:00000808       __imp___configthreadlocale 00671808     MSVCRTD:MSVCR100D.dll
 0005:0000080c       __imp____setusermatherr    0067180c     MSVCRTD:MSVCR100D.dll
 0005:00000810       __imp___commode            00671810     MSVCRTD:MSVCR100D.dll
 0005:00000814       __imp___fmode              00671814     MSVCRTD:MSVCR100D.dll
 0005:00000818       __imp____set_app_type      00671818     MSVCRTD:MSVCR100D.dll
 0005:0000081c       __imp___amsg_exit          0067181c     MSVCRTD:MSVCR100D.dll
 0005:00000820       __imp____getmainargs       00671820     MSVCRTD:MSVCR100D.dll
 0005:00000824       __imp___exit               00671824     MSVCRTD:MSVCR100D.dll
 0005:00000828       __imp___XcptFilter         00671828     MSVCRTD:MSVCR100D.dll
 0005:0000082c       __imp___cexit              0067182c     MSVCRTD:MSVCR100D.dll
 0005:00000830       __imp__exit                00671830     MSVCRTD:MSVCR100D.dll
 0005:00000834       __imp____initenv           00671834     MSVCRTD:MSVCR100D.dll
 0005:00000838       __imp___CrtSetCheckCount   00671838     MSVCRTD:MSVCR100D.dll
 0005:0000083c       __imp___CrtDbgReportW      0067183c     MSVCRTD:MSVCR100D.dll
 0005:00000840       __imp___initterm           00671840     MSVCRTD:MSVCR100D.dll
 0005:00000844       __imp___initterm_e         00671844     MSVCRTD:MSVCR100D.dll
 0005:00000848       __imp___crt_debugger_hook  00671848     MSVCRTD:MSVCR100D.dll
 0005:0000084c       __imp_?terminate@@YAXXZ    0067184c     MSVCRTD:MSVCR100D.dll
 0005:00000850       __imp_?_type_info_dtor_internal_method@type_info@@QAEXXZ 00671850     MSVCRTD:MSVCR100D.dll
 0005:00000854       __imp___controlfp_s        00671854     MSVCRTD:MSVCR100D.dll
 0005:00000858       __imp___invoke_watson      00671858     MSVCRTD:MSVCR100D.dll
 0005:0000085c       __imp___unlock             0067185c     MSVCRTD:MSVCR100D.dll
 0005:00000860       __imp____dllonexit         00671860     MSVCRTD:MSVCR100D.dll
 0005:00000864       __imp___lock               00671864     MSVCRTD:MSVCR100D.dll
 0005:00000868       __imp___onexit             00671868     MSVCRTD:MSVCR100D.dll
 0005:0000086c       __imp___except_handler4_common 0067186c     MSVCRTD:MSVCR100D.dll
 0005:00000870       __imp___wmakepath_s        00671870     MSVCRTD:MSVCR100D.dll
 0005:00000874       __imp__wcscpy_s            00671874     MSVCRTD:MSVCR100D.dll
 0005:00000878       __imp___wsplitpath_s       00671878     MSVCRTD:MSVCR100D.dll
 0005:0000087c       __imp__strpbrk             0067187c     MSVCRTD:MSVCR100D.dll
 0005:00000880       __imp__strncpy             00671880     MSVCRTD:MSVCR100D.dll
 0005:00000884       __imp__signal              00671884     MSVCRTD:MSVCR100D.dll
 0005:00000888       __imp____iob_func          00671888     MSVCRTD:MSVCR100D.dll
 0005:0000088c       __imp__fprintf             0067188c     MSVCRTD:MSVCR100D.dll
 0005:00000890       __imp__clock               00671890     MSVCRTD:MSVCR100D.dll
 0005:00000894       __imp_?_set_se_translator@@YAP6AXIPAU_EXCEPTION_POINTERS@@@ZP6AXI0@Z@Z 00671894     MSVCRTD:MSVCR100D.dll
 0005:00000898       __imp__strspn              00671898     MSVCRTD:MSVCR100D.dll
 0005:0000089c       __imp__isxdigit            0067189c     MSVCRTD:MSVCR100D.dll
 0005:000008a0       __imp___strlwr             006718a0     MSVCRTD:MSVCR100D.dll
 0005:000008a4       __imp___strupr             006718a4     MSVCRTD:MSVCR100D.dll
 0005:000008a8       __imp__strrchr             006718a8     MSVCRTD:MSVCR100D.dll
 0005:000008ac       __imp__strstr              006718ac     MSVCRTD:MSVCR100D.dll
 0005:000008b0       __imp_?what@exception@std@@UBEPBDXZ 006718b0     MSVCRTD:MSVCR100D.dll
 0005:000008b4       __imp_??0exception@std@@QAE@ABQBD@Z 006718b4     MSVCRTD:MSVCR100D.dll
 0005:000008b8       __imp_??1exception@std@@UAE@XZ 006718b8     MSVCRTD:MSVCR100D.dll
 0005:000008bc       __imp_??0exception@std@@QAE@ABV01@@Z 006718bc     MSVCRTD:MSVCR100D.dll
 0005:000008c0       __imp__strchr              006718c0     MSVCRTD:MSVCR100D.dll
 0005:000008c4       __imp__log                 006718c4     MSVCRTD:MSVCR100D.dll
 0005:000008c8       __imp__sqrt                006718c8     MSVCRTD:MSVCR100D.dll
 0005:000008cc       __imp__memcmp              006718cc     MSVCRTD:MSVCR100D.dll
 0005:000008d0       __imp___time64             006718d0     MSVCRTD:MSVCR100D.dll
 0005:000008d4       __imp___localtime64_s      006718d4     MSVCRTD:MSVCR100D.dll
 0005:000008d8       __imp__strcat              006718d8     MSVCRTD:MSVCR100D.dll
 0005:000008dc       __imp__sscanf              006718dc     MSVCRTD:MSVCR100D.dll
 0005:000008e0       __imp__atof                006718e0     MSVCRTD:MSVCR100D.dll
 0005:000008e4       __imp__modf                006718e4     MSVCRTD:MSVCR100D.dll
 0005:000008e8       __imp__strcpy              006718e8     MSVCRTD:MSVCR100D.dll
 0005:000008ec       __imp__atoi                006718ec     MSVCRTD:MSVCR100D.dll
 0005:000008f0       __imp__isdigit             006718f0     MSVCRTD:MSVCR100D.dll
 0005:000008f4       __imp__strncmp             006718f4     MSVCRTD:MSVCR100D.dll
 0005:000008f8       __imp__vsprintf            006718f8     MSVCRTD:MSVCR100D.dll
 0005:000008fc       __imp__strlen              006718fc     MSVCRTD:MSVCR100D.dll
 0005:00000900       __imp__memcpy              00671900     MSVCRTD:MSVCR100D.dll
 0005:00000904       __imp__malloc              00671904     MSVCRTD:MSVCR100D.dll
 0005:00000908       __imp__strcmp              00671908     MSVCRTD:MSVCR100D.dll
 0005:0000090c       __imp__memmove             0067190c     MSVCRTD:MSVCR100D.dll
 0005:00000910       __imp_??3@YAXPAX@Z         00671910     MSVCRTD:MSVCR100D.dll
 0005:00000914       __imp_??2@YAPAXI@Z         00671914     MSVCRTD:MSVCR100D.dll
 0005:00000918       __imp____CxxFrameHandler3  00671918     MSVCRTD:MSVCR100D.dll
 0005:0000091c       __imp__printf              0067191c     MSVCRTD:MSVCR100D.dll
 0005:00000920       __imp___CxxThrowException@8 00671920     MSVCRTD:MSVCR100D.dll
 0005:00000924       __imp___purecall           00671924     MSVCRTD:MSVCR100D.dll
 0005:00000928       __imp__free                00671928     MSVCRTD:MSVCR100D.dll
 0005:0000092c       __imp__sprintf             0067192c     MSVCRTD:MSVCR100D.dll
 0005:00000930       __imp___strdup             00671930     MSVCRTD:MSVCR100D.dll
 0005:00000934       __imp__rename              00671934     MSVCRTD:MSVCR100D.dll
 0005:00000938       __imp__fclose              00671938     MSVCRTD:MSVCR100D.dll
 0005:0000093c       __imp__fputs               0067193c     MSVCRTD:MSVCR100D.dll
 0005:00000940       __imp__fgets               00671940     MSVCRTD:MSVCR100D.dll
 0005:00000944       __imp__feof                00671944     MSVCRTD:MSVCR100D.dll
 0005:00000948       __imp__remove              00671948     MSVCRTD:MSVCR100D.dll
 0005:0000094c       __imp__fopen               0067194c     MSVCRTD:MSVCR100D.dll
 0005:00000950       __imp__memset              00671950     MSVCRTD:MSVCR100D.dll
 0005:00000954       __imp__realloc             00671954     MSVCRTD:MSVCR100D.dll
 0005:00000958       __imp__calloc              00671958     MSVCRTD:MSVCR100D.dll
 0005:0000095c       __imp__getc                0067195c     MSVCRTD:MSVCR100D.dll
 0005:00000960       __imp___beginthreadex      00671960     MSVCRTD:MSVCR100D.dll
 0005:00000964       __imp___endthreadex        00671964     MSVCRTD:MSVCR100D.dll
 0005:00000968       __imp__qsort               00671968     MSVCRTD:MSVCR100D.dll
 0005:0000096c       __imp__memchr              0067196c     MSVCRTD:MSVCR100D.dll
 0005:00000970       \177MSVCR100D_NULL_THUNK_DATA 00671970     MSVCRTD:MSVCR100D.dll
 0005:000009f0       __imp__accept@12           006719f0     Ws2_32:WS2_32.dll
 0005:000009f4       __imp__ntohs@4             006719f4     Ws2_32:WS2_32.dll
 0005:000009f8       __imp__bind@12             006719f8     Ws2_32:WS2_32.dll
 0005:000009fc       __imp__setsockopt@20       006719fc     Ws2_32:WS2_32.dll
 0005:00000a00       __imp__listen@8            00671a00     Ws2_32:WS2_32.dll
 0005:00000a04       __imp__send@16             00671a04     Ws2_32:WS2_32.dll
 0005:00000a08       __imp__recv@16             00671a08     Ws2_32:WS2_32.dll
 0005:00000a0c       __imp__select@20           00671a0c     Ws2_32:WS2_32.dll
 0005:00000a10       __imp__shutdown@8          00671a10     Ws2_32:WS2_32.dll
 0005:00000a14       __imp__closesocket@4       00671a14     Ws2_32:WS2_32.dll
 0005:00000a18       __imp__htons@4             00671a18     Ws2_32:WS2_32.dll
 0005:00000a1c       __imp__inet_addr@4         00671a1c     Ws2_32:WS2_32.dll
 0005:00000a20       __imp__gethostbyname@4     00671a20     Ws2_32:WS2_32.dll
 0005:00000a24       __imp__socket@12           00671a24     Ws2_32:WS2_32.dll
 0005:00000a28       __imp__connect@12          00671a28     Ws2_32:WS2_32.dll
 0005:00000a2c       __imp__WSAGetLastError@0   00671a2c     Ws2_32:WS2_32.dll
 0005:00000a30       __imp__ioctlsocket@12      00671a30     Ws2_32:WS2_32.dll
 0005:00000a34       __imp__WSACleanup@0        00671a34     Ws2_32:WS2_32.dll
 0005:00000a38       __imp__WSAStartup@8        00671a38     Ws2_32:WS2_32.dll
 0005:00000a3c       \177WS2_32_NULL_THUNK_DATA 00671a3c     Ws2_32:WS2_32.dll

 entry point at        0002:00000f05

