 ahuman

 Timestamp is 53fef6c5 (Thu Aug 28 12:30:45 2014)

 Preferred load address is 00400000

 Start         Length     Name                   Class
 0001:00000000 000b680bH .textbss                DATA
 0002:00000000 0014bc8eH .text                   CODE
 0002:0014bc90 0002d55bH .text$x                 CODE
 0003:00000000 00000104H .CRT$XCA                DATA
 0003:00000104 00000104H .CRT$XCAA               DATA
 0003:00000208 00000104H .CRT$XCZ                DATA
 0003:0000030c 00000104H .CRT$XIA                DATA
 0003:00000410 00000104H .CRT$XIAA               DATA
 0003:00000514 00000104H .CRT$XIC                DATA
 0003:00000618 00000104H .CRT$XIY                DATA
 0003:0000071c 00000104H .CRT$XIZ                DATA
 0003:00000820 00011c95H .rdata                  DATA
 0003:000124b8 0000016aH .rdata$debug            DATA
 0003:00012624 00004240H .rdata$r                DATA
 0003:00016864 00000104H .rtc$IAA                DATA
 0003:00016968 000004c0H .rtc$IMZ                DATA
 0003:00016e28 00000104H .rtc$IZZ                DATA
 0003:00016f2c 00000104H .rtc$TAA                DATA
 0003:00017030 000004c0H .rtc$TMZ                DATA
 0003:000174f0 00000104H .rtc$TZZ                DATA
 0003:000175f8 00024662H .xdata$x                DATA
 0003:0003bc5a 00000000H .edata                  DATA
 0004:00000000 00002303H .data                   DATA
 0004:00002308 000004e8H .bss                    DATA
 0005:00000000 00000050H .idata$2                DATA
 0005:00000050 00000014H .idata$3                DATA
 0005:00000064 00000508H .idata$4                DATA
 0005:0000056c 00000508H .idata$5                DATA
 0005:00000a74 000018bcH .idata$6                DATA
 0006:00000000 00000169H .rsrc$01                DATA
 0006:00000170 000002e9H .rsrc$02                DATA

  Address         Publics by Value              Rva+Base       Lib:Object

 0000:00000000       ___safe_se_handler_count   00000000     <absolute>
 0000:00000000       __except_list              00000000     <absolute>
 0000:00000000       ___safe_se_handler_table   00000000     <absolute>
 0000:00009876       __ldused                   00009876     <absolute>
 0000:00009876       __fltused                  00009876     <absolute>
 0000:00000000       ___ImageBase               00400000     <linker-defined>
 0001:00000000       __enc$textbss$begin        00401000     <linker-defined>
 0001:000b680b       __enc$textbss$end          004b780b     <linker-defined>
 0002:0000a660       ?createEndocrine@AHumanTarget@@AAEPAVMindEffector@@PAVEffectorArea@@@Z 004c2660 f   actuator-endocrine.obj
 0002:0000a750       ??0EffectorEndocrine@@QAE@PAVEffectorArea@@@Z 004c2750 f   actuator-endocrine.obj
 0002:0000a820       ?getClass@EffectorEndocrine@@UAEPBDXZ 004c2820 f i actuator-endocrine.obj
 0002:0000a860       ?startEffector@EffectorEndocrine@@UAEXXZ 004c2860 f i actuator-endocrine.obj
 0002:0000a8a0       ?stopEffector@EffectorEndocrine@@UAEXXZ 004c28a0 f i actuator-endocrine.obj
 0002:0000a8e0       ?processEffectorControl@EffectorEndocrine@@UAEXPAVNeuroLink@@PAVNeuroSignal@@@Z 004c28e0 f i actuator-endocrine.obj
 0002:0000a920       ??_EEffectorEndocrine@@UAEPAXI@Z 004c2920 f i actuator-endocrine.obj
 0002:0000a920       ??_GEffectorEndocrine@@UAEPAXI@Z 004c2920 f i actuator-endocrine.obj
 0002:0000a990       ??1MindEffector@@UAE@XZ    004c2990 f i actuator-endocrine.obj
 0002:0000aa40       ??1EffectorEndocrine@@UAE@XZ 004c2a40 f   actuator-endocrine.obj
 0002:0000aae0       ?configureEffector@EffectorEndocrine@@UAEXVXml@@@Z 004c2ae0 f   actuator-endocrine.obj
 0002:0000ab30       ?createEffector@EffectorEndocrine@@UAEXPAVMindRegionCreateInfo@@@Z 004c2b30 f   actuator-endocrine.obj
 0002:0000ac20       ?createSourceConnector@EffectorEndocrine@@AAEXPAVMindRegionCreateInfo@@PAVMindRegionConnectorDef@@@Z 004c2c20 f   actuator-endocrine.obj
 0002:0000ad70       ?createTargetConnector@EffectorEndocrine@@AAEXPAVMindRegionCreateInfo@@PAVMindRegionConnectorDef@@@Z 004c2d70 f   actuator-endocrine.obj
 0002:0000aec0       ?sourceHandler@EffectorEndocrine@@AAEPAVNeuroSignal@@PAVNeuroLink@@PAVNeuroLinkSource@@@Z 004c2ec0 f   actuator-endocrine.obj
 0002:0000af00       ?targetHandler@EffectorEndocrine@@AAEPAVNeuroSignalSet@@PAVNeuroLink@@PAVNeuroLinkTarget@@PAVNeuroSignal@@@Z 004c2f00 f   actuator-endocrine.obj
 0002:0000af40       ?count@?$ClassList@VMindRegionConnectorDef@@@@QBEHXZ 004c2f40 f i actuator-endocrine.obj
 0002:0000afa0       ?get@?$ClassList@VMindRegionConnectorDef@@@@QBEPAVMindRegionConnectorDef@@H@Z 004c2fa0 f i actuator-endocrine.obj
 0002:0000b000       ?getConnectors@MindRegionTypeDef@@QAEAAV?$ClassList@VMindRegionConnectorDef@@@@XZ 004c3000 f i actuator-endocrine.obj
 0002:0000b040       ?getType@MindRegionDef@@QAEPAVMindRegionTypeDef@@XZ 004c3040 f i actuator-endocrine.obj
 0002:0000b080       ?getId@MindRegionConnectorDef@@QAE?AVString@@XZ 004c3080 f i actuator-endocrine.obj
 0002:0000b140       ?getEffectorInfo@MindEffector@@QAEPAVTargetRegionDef@@XZ 004c3140 f i actuator-endocrine.obj
 0002:0000b180       ?createBreast@AHumanTarget@@AAEPAVMindEffector@@PAVEffectorArea@@@Z 004c3180 f   actuator_breast.obj
 0002:0000b270       ??0EffectorBreast@@QAE@PAVEffectorArea@@@Z 004c3270 f   actuator_breast.obj
 0002:0000b340       ?getClass@EffectorBreast@@UAEPBDXZ 004c3340 f i actuator_breast.obj
 0002:0000b380       ?startEffector@EffectorBreast@@UAEXXZ 004c3380 f i actuator_breast.obj
 0002:0000b3c0       ?stopEffector@EffectorBreast@@UAEXXZ 004c33c0 f i actuator_breast.obj
 0002:0000b400       ?processEffectorControl@EffectorBreast@@UAEXPAVNeuroLink@@PAVNeuroSignal@@@Z 004c3400 f i actuator_breast.obj
 0002:0000b440       ??_GEffectorBreast@@UAEPAXI@Z 004c3440 f i actuator_breast.obj
 0002:0000b440       ??_EEffectorBreast@@UAEPAXI@Z 004c3440 f i actuator_breast.obj
 0002:0000b4b0       ??1EffectorBreast@@UAE@XZ  004c34b0 f   actuator_breast.obj
 0002:0000b550       ?configureEffector@EffectorBreast@@UAEXVXml@@@Z 004c3550 f   actuator_breast.obj
 0002:0000b5a0       ?createEffector@EffectorBreast@@UAEXPAVMindRegionCreateInfo@@@Z 004c35a0 f   actuator_breast.obj
 0002:0000b690       ?createSourceConnector@EffectorBreast@@AAEXPAVMindRegionCreateInfo@@PAVMindRegionConnectorDef@@@Z 004c3690 f   actuator_breast.obj
 0002:0000b7e0       ?createTargetConnector@EffectorBreast@@AAEXPAVMindRegionCreateInfo@@PAVMindRegionConnectorDef@@@Z 004c37e0 f   actuator_breast.obj
 0002:0000b930       ?sourceHandler@EffectorBreast@@AAEPAVNeuroSignal@@PAVNeuroLink@@PAVNeuroLinkSource@@@Z 004c3930 f   actuator_breast.obj
 0002:0000b970       ?targetHandler@EffectorBreast@@AAEPAVNeuroSignalSet@@PAVNeuroLink@@PAVNeuroLinkTarget@@PAVNeuroSignal@@@Z 004c3970 f   actuator_breast.obj
 0002:0000b9b0       ?createEar@AHumanTarget@@AAEPAVMindSensor@@PAVSensorArea@@@Z 004c39b0 f   actuator_ear.obj
 0002:0000baa0       ??0SensorEar@@QAE@PAVSensorArea@@@Z 004c3aa0 f   actuator_ear.obj
 0002:0000bb80       ?getClass@SensorEar@@UAEPBDXZ 004c3b80 f i actuator_ear.obj
 0002:0000bbc0       ?startSensor@SensorEar@@UAEXXZ 004c3bc0 f i actuator_ear.obj
 0002:0000bc00       ?stopSensor@SensorEar@@UAEXXZ 004c3c00 f i actuator_ear.obj
 0002:0000bc40       ?processSensorControl@SensorEar@@UAEXPAVNeuroLink@@PAVNeuroSignal@@@Z 004c3c40 f i actuator_ear.obj
 0002:0000bc80       ?produceSensorData@SensorEar@@UAEXXZ 004c3c80 f i actuator_ear.obj
 0002:0000bcc0       ?pollSensor@SensorEar@@UAEXXZ 004c3cc0 f i actuator_ear.obj
 0002:0000bd00       ??_ESensorEar@@UAEPAXI@Z   004c3d00 f i actuator_ear.obj
 0002:0000bd00       ??_GSensorEar@@UAEPAXI@Z   004c3d00 f i actuator_ear.obj
 0002:0000bd70       ??1MindSensor@@UAE@XZ      004c3d70 f i actuator_ear.obj
 0002:0000be20       ??1SensorEar@@UAE@XZ       004c3e20 f   actuator_ear.obj
 0002:0000bec0       ?configureSensor@SensorEar@@UAEXVXml@@@Z 004c3ec0 f   actuator_ear.obj
 0002:0000bf10       ?createSensor@SensorEar@@UAEXPAVMindRegionCreateInfo@@@Z 004c3f10 f   actuator_ear.obj
 0002:0000c000       ?createSourceConnector@SensorEar@@AAEXPAVMindRegionCreateInfo@@PAVMindRegionConnectorDef@@@Z 004c4000 f   actuator_ear.obj
 0002:0000c150       ?createTargetConnector@SensorEar@@AAEXPAVMindRegionCreateInfo@@PAVMindRegionConnectorDef@@@Z 004c4150 f   actuator_ear.obj
 0002:0000c2a0       ?sourceHandler@SensorEar@@AAEPAVNeuroSignal@@PAVNeuroLink@@PAVNeuroLinkSource@@@Z 004c42a0 f   actuator_ear.obj
 0002:0000c2e0       ?targetHandler@SensorEar@@AAEPAVNeuroSignalSet@@PAVNeuroLink@@PAVNeuroLinkTarget@@PAVNeuroSignal@@@Z 004c42e0 f   actuator_ear.obj
 0002:0000c320       ?getSensorInfo@MindSensor@@QAEPAVTargetRegionDef@@XZ 004c4320 f i actuator_ear.obj
 0002:0000c360       ?createEye@AHumanTarget@@AAEPAVMindSensor@@PAVSensorArea@@@Z 004c4360 f   actuator_eye.obj
 0002:0000c450       ??0SensorEye@@QAE@PAVSensorArea@@@Z 004c4450 f   actuator_eye.obj
 0002:0000c530       ?getClass@SensorEye@@UAEPBDXZ 004c4530 f i actuator_eye.obj
 0002:0000c570       ?startSensor@SensorEye@@UAEXXZ 004c4570 f i actuator_eye.obj
 0002:0000c5b0       ?stopSensor@SensorEye@@UAEXXZ 004c45b0 f i actuator_eye.obj
 0002:0000c5f0       ?processSensorControl@SensorEye@@UAEXPAVNeuroLink@@PAVNeuroSignal@@@Z 004c45f0 f i actuator_eye.obj
 0002:0000c630       ?produceSensorData@SensorEye@@UAEXXZ 004c4630 f i actuator_eye.obj
 0002:0000c670       ?pollSensor@SensorEye@@UAEXXZ 004c4670 f i actuator_eye.obj
 0002:0000c6b0       ??_GSensorEye@@UAEPAXI@Z   004c46b0 f i actuator_eye.obj
 0002:0000c6b0       ??_ESensorEye@@UAEPAXI@Z   004c46b0 f i actuator_eye.obj
 0002:0000c720       ??1SensorEye@@UAE@XZ       004c4720 f   actuator_eye.obj
 0002:0000c7c0       ?configureSensor@SensorEye@@UAEXVXml@@@Z 004c47c0 f   actuator_eye.obj
 0002:0000c810       ?createSensor@SensorEye@@UAEXPAVMindRegionCreateInfo@@@Z 004c4810 f   actuator_eye.obj
 0002:0000c900       ?createSourceConnector@SensorEye@@AAEXPAVMindRegionCreateInfo@@PAVMindRegionConnectorDef@@@Z 004c4900 f   actuator_eye.obj
 0002:0000ca50       ?createTargetConnector@SensorEye@@AAEXPAVMindRegionCreateInfo@@PAVMindRegionConnectorDef@@@Z 004c4a50 f   actuator_eye.obj
 0002:0000cba0       ?sourceHandler@SensorEye@@AAEPAVNeuroSignal@@PAVNeuroLink@@PAVNeuroLinkSource@@@Z 004c4ba0 f   actuator_eye.obj
 0002:0000cbe0       ?targetHandler@SensorEye@@AAEPAVNeuroSignalSet@@PAVNeuroLink@@PAVNeuroLinkTarget@@PAVNeuroSignal@@@Z 004c4be0 f   actuator_eye.obj
 0002:0000cc20       ?createFace@AHumanTarget@@AAEPAVMindEffector@@PAVEffectorArea@@@Z 004c4c20 f   actuator_face.obj
 0002:0000cd10       ??0EffectorFace@@QAE@PAVEffectorArea@@@Z 004c4d10 f   actuator_face.obj
 0002:0000cde0       ?getClass@EffectorFace@@UAEPBDXZ 004c4de0 f i actuator_face.obj
 0002:0000ce20       ?startEffector@EffectorFace@@UAEXXZ 004c4e20 f i actuator_face.obj
 0002:0000ce60       ?stopEffector@EffectorFace@@UAEXXZ 004c4e60 f i actuator_face.obj
 0002:0000cea0       ?processEffectorControl@EffectorFace@@UAEXPAVNeuroLink@@PAVNeuroSignal@@@Z 004c4ea0 f i actuator_face.obj
 0002:0000cee0       ??_GEffectorFace@@UAEPAXI@Z 004c4ee0 f i actuator_face.obj
 0002:0000cee0       ??_EEffectorFace@@UAEPAXI@Z 004c4ee0 f i actuator_face.obj
 0002:0000cf50       ??1EffectorFace@@UAE@XZ    004c4f50 f   actuator_face.obj
 0002:0000cff0       ?configureEffector@EffectorFace@@UAEXVXml@@@Z 004c4ff0 f   actuator_face.obj
 0002:0000d040       ?createEffector@EffectorFace@@UAEXPAVMindRegionCreateInfo@@@Z 004c5040 f   actuator_face.obj
 0002:0000d130       ?createSourceConnector@EffectorFace@@AAEXPAVMindRegionCreateInfo@@PAVMindRegionConnectorDef@@@Z 004c5130 f   actuator_face.obj
 0002:0000d280       ?createTargetConnector@EffectorFace@@AAEXPAVMindRegionCreateInfo@@PAVMindRegionConnectorDef@@@Z 004c5280 f   actuator_face.obj
 0002:0000d3d0       ?sourceHandler@EffectorFace@@AAEPAVNeuroSignal@@PAVNeuroLink@@PAVNeuroLinkSource@@@Z 004c53d0 f   actuator_face.obj
 0002:0000d410       ?targetHandler@EffectorFace@@AAEPAVNeuroSignalSet@@PAVNeuroLink@@PAVNeuroLinkTarget@@PAVNeuroSignal@@@Z 004c5410 f   actuator_face.obj
 0002:0000d450       ?createFeeder@AHumanTarget@@AAEPAVMindEffector@@PAVEffectorArea@@@Z 004c5450 f   actuator_feeder.obj
 0002:0000d540       ??0EffectorFeeder@@QAE@PAVEffectorArea@@@Z 004c5540 f   actuator_feeder.obj
 0002:0000d610       ?getClass@EffectorFeeder@@UAEPBDXZ 004c5610 f i actuator_feeder.obj
 0002:0000d650       ?startEffector@EffectorFeeder@@UAEXXZ 004c5650 f i actuator_feeder.obj
 0002:0000d690       ?stopEffector@EffectorFeeder@@UAEXXZ 004c5690 f i actuator_feeder.obj
 0002:0000d6d0       ?processEffectorControl@EffectorFeeder@@UAEXPAVNeuroLink@@PAVNeuroSignal@@@Z 004c56d0 f i actuator_feeder.obj
 0002:0000d710       ??_GEffectorFeeder@@UAEPAXI@Z 004c5710 f i actuator_feeder.obj
 0002:0000d710       ??_EEffectorFeeder@@UAEPAXI@Z 004c5710 f i actuator_feeder.obj
 0002:0000d780       ??1EffectorFeeder@@UAE@XZ  004c5780 f   actuator_feeder.obj
 0002:0000d820       ?configureEffector@EffectorFeeder@@UAEXVXml@@@Z 004c5820 f   actuator_feeder.obj
 0002:0000d870       ?createEffector@EffectorFeeder@@UAEXPAVMindRegionCreateInfo@@@Z 004c5870 f   actuator_feeder.obj
 0002:0000d960       ?createSourceConnector@EffectorFeeder@@AAEXPAVMindRegionCreateInfo@@PAVMindRegionConnectorDef@@@Z 004c5960 f   actuator_feeder.obj
 0002:0000dab0       ?createTargetConnector@EffectorFeeder@@AAEXPAVMindRegionCreateInfo@@PAVMindRegionConnectorDef@@@Z 004c5ab0 f   actuator_feeder.obj
 0002:0000dc00       ?sourceHandler@EffectorFeeder@@AAEPAVNeuroSignal@@PAVNeuroLink@@PAVNeuroLinkSource@@@Z 004c5c00 f   actuator_feeder.obj
 0002:0000dc40       ?targetHandler@EffectorFeeder@@AAEPAVNeuroSignalSet@@PAVNeuroLink@@PAVNeuroLinkTarget@@PAVNeuroSignal@@@Z 004c5c40 f   actuator_feeder.obj
 0002:0000dc80       ?createGenitalia@AHumanTarget@@AAEPAVMindEffector@@PAVEffectorArea@@@Z 004c5c80 f   actuator_genitalia.obj
 0002:0000dd70       ??0EffectorGenitalia@@QAE@PAVEffectorArea@@@Z 004c5d70 f   actuator_genitalia.obj
 0002:0000de40       ?getClass@EffectorGenitalia@@UAEPBDXZ 004c5e40 f i actuator_genitalia.obj
 0002:0000de80       ?startEffector@EffectorGenitalia@@UAEXXZ 004c5e80 f i actuator_genitalia.obj
 0002:0000dec0       ?stopEffector@EffectorGenitalia@@UAEXXZ 004c5ec0 f i actuator_genitalia.obj
 0002:0000df00       ?processEffectorControl@EffectorGenitalia@@UAEXPAVNeuroLink@@PAVNeuroSignal@@@Z 004c5f00 f i actuator_genitalia.obj
 0002:0000df40       ??_GEffectorGenitalia@@UAEPAXI@Z 004c5f40 f i actuator_genitalia.obj
 0002:0000df40       ??_EEffectorGenitalia@@UAEPAXI@Z 004c5f40 f i actuator_genitalia.obj
 0002:0000dfb0       ??1EffectorGenitalia@@UAE@XZ 004c5fb0 f   actuator_genitalia.obj
 0002:0000e050       ?configureEffector@EffectorGenitalia@@UAEXVXml@@@Z 004c6050 f   actuator_genitalia.obj
 0002:0000e0a0       ?createEffector@EffectorGenitalia@@UAEXPAVMindRegionCreateInfo@@@Z 004c60a0 f   actuator_genitalia.obj
 0002:0000e190       ?createSourceConnector@EffectorGenitalia@@AAEXPAVMindRegionCreateInfo@@PAVMindRegionConnectorDef@@@Z 004c6190 f   actuator_genitalia.obj
 0002:0000e2e0       ?createTargetConnector@EffectorGenitalia@@AAEXPAVMindRegionCreateInfo@@PAVMindRegionConnectorDef@@@Z 004c62e0 f   actuator_genitalia.obj
 0002:0000e430       ?sourceHandler@EffectorGenitalia@@AAEPAVNeuroSignal@@PAVNeuroLink@@PAVNeuroLinkSource@@@Z 004c6430 f   actuator_genitalia.obj
 0002:0000e470       ?targetHandler@EffectorGenitalia@@AAEPAVNeuroSignalSet@@PAVNeuroLink@@PAVNeuroLinkTarget@@PAVNeuroSignal@@@Z 004c6470 f   actuator_genitalia.obj
 0002:0000e4b0       ?createHand@AHumanTarget@@AAEPAVMindEffector@@PAVEffectorArea@@@Z 004c64b0 f   actuator_hand.obj
 0002:0000e5a0       ??0EffectorHand@@QAE@PAVEffectorArea@@@Z 004c65a0 f   actuator_hand.obj
 0002:0000e670       ?getClass@EffectorHand@@UAEPBDXZ 004c6670 f i actuator_hand.obj
 0002:0000e6b0       ?startEffector@EffectorHand@@UAEXXZ 004c66b0 f i actuator_hand.obj
 0002:0000e6f0       ?stopEffector@EffectorHand@@UAEXXZ 004c66f0 f i actuator_hand.obj
 0002:0000e730       ?processEffectorControl@EffectorHand@@UAEXPAVNeuroLink@@PAVNeuroSignal@@@Z 004c6730 f i actuator_hand.obj
 0002:0000e770       ??_GEffectorHand@@UAEPAXI@Z 004c6770 f i actuator_hand.obj
 0002:0000e770       ??_EEffectorHand@@UAEPAXI@Z 004c6770 f i actuator_hand.obj
 0002:0000e7e0       ??1EffectorHand@@UAE@XZ    004c67e0 f   actuator_hand.obj
 0002:0000e880       ?configureEffector@EffectorHand@@UAEXVXml@@@Z 004c6880 f   actuator_hand.obj
 0002:0000e8d0       ?createEffector@EffectorHand@@UAEXPAVMindRegionCreateInfo@@@Z 004c68d0 f   actuator_hand.obj
 0002:0000e9c0       ?createSourceConnector@EffectorHand@@AAEXPAVMindRegionCreateInfo@@PAVMindRegionConnectorDef@@@Z 004c69c0 f   actuator_hand.obj
 0002:0000eb10       ?createTargetConnector@EffectorHand@@AAEXPAVMindRegionCreateInfo@@PAVMindRegionConnectorDef@@@Z 004c6b10 f   actuator_hand.obj
 0002:0000ec60       ?sourceHandler@EffectorHand@@AAEPAVNeuroSignal@@PAVNeuroLink@@PAVNeuroLinkSource@@@Z 004c6c60 f   actuator_hand.obj
 0002:0000eca0       ?targetHandler@EffectorHand@@AAEPAVNeuroSignalSet@@PAVNeuroLink@@PAVNeuroLinkTarget@@PAVNeuroSignal@@@Z 004c6ca0 f   actuator_hand.obj
 0002:0000ece0       ?createHeart@AHumanTarget@@AAEPAVMindEffector@@PAVEffectorArea@@@Z 004c6ce0 f   actuator_heart.obj
 0002:0000edd0       ??0EffectorHeart@@QAE@PAVEffectorArea@@@Z 004c6dd0 f   actuator_heart.obj
 0002:0000eea0       ?getClass@EffectorHeart@@UAEPBDXZ 004c6ea0 f i actuator_heart.obj
 0002:0000eee0       ?startEffector@EffectorHeart@@UAEXXZ 004c6ee0 f i actuator_heart.obj
 0002:0000ef20       ?stopEffector@EffectorHeart@@UAEXXZ 004c6f20 f i actuator_heart.obj
 0002:0000ef60       ?processEffectorControl@EffectorHeart@@UAEXPAVNeuroLink@@PAVNeuroSignal@@@Z 004c6f60 f i actuator_heart.obj
 0002:0000efa0       ??_GEffectorHeart@@UAEPAXI@Z 004c6fa0 f i actuator_heart.obj
 0002:0000efa0       ??_EEffectorHeart@@UAEPAXI@Z 004c6fa0 f i actuator_heart.obj
 0002:0000f010       ??1EffectorHeart@@UAE@XZ   004c7010 f   actuator_heart.obj
 0002:0000f0b0       ?configureEffector@EffectorHeart@@UAEXVXml@@@Z 004c70b0 f   actuator_heart.obj
 0002:0000f100       ?createEffector@EffectorHeart@@UAEXPAVMindRegionCreateInfo@@@Z 004c7100 f   actuator_heart.obj
 0002:0000f1f0       ?createSourceConnector@EffectorHeart@@AAEXPAVMindRegionCreateInfo@@PAVMindRegionConnectorDef@@@Z 004c71f0 f   actuator_heart.obj
 0002:0000f340       ?createTargetConnector@EffectorHeart@@AAEXPAVMindRegionCreateInfo@@PAVMindRegionConnectorDef@@@Z 004c7340 f   actuator_heart.obj
 0002:0000f490       ?sourceHandler@EffectorHeart@@AAEPAVNeuroSignal@@PAVNeuroLink@@PAVNeuroLinkSource@@@Z 004c7490 f   actuator_heart.obj
 0002:0000f4d0       ?targetHandler@EffectorHeart@@AAEPAVNeuroSignalSet@@PAVNeuroLink@@PAVNeuroLinkTarget@@PAVNeuroSignal@@@Z 004c74d0 f   actuator_heart.obj
 0002:0000f510       ?createProtector@AHumanTarget@@AAEPAVMindEffector@@PAVEffectorArea@@@Z 004c7510 f   actuator_protector.obj
 0002:0000f600       ??0EffectorProtector@@QAE@PAVEffectorArea@@@Z 004c7600 f   actuator_protector.obj
 0002:0000f6d0       ?getClass@EffectorProtector@@UAEPBDXZ 004c76d0 f i actuator_protector.obj
 0002:0000f710       ?startEffector@EffectorProtector@@UAEXXZ 004c7710 f i actuator_protector.obj
 0002:0000f750       ?stopEffector@EffectorProtector@@UAEXXZ 004c7750 f i actuator_protector.obj
 0002:0000f790       ?processEffectorControl@EffectorProtector@@UAEXPAVNeuroLink@@PAVNeuroSignal@@@Z 004c7790 f i actuator_protector.obj
 0002:0000f7d0       ??_GEffectorProtector@@UAEPAXI@Z 004c77d0 f i actuator_protector.obj
 0002:0000f7d0       ??_EEffectorProtector@@UAEPAXI@Z 004c77d0 f i actuator_protector.obj
 0002:0000f840       ??1EffectorProtector@@UAE@XZ 004c7840 f   actuator_protector.obj
 0002:0000f8e0       ?configureEffector@EffectorProtector@@UAEXVXml@@@Z 004c78e0 f   actuator_protector.obj
 0002:0000f930       ?createEffector@EffectorProtector@@UAEXPAVMindRegionCreateInfo@@@Z 004c7930 f   actuator_protector.obj
 0002:0000fa20       ?createSourceConnector@EffectorProtector@@AAEXPAVMindRegionCreateInfo@@PAVMindRegionConnectorDef@@@Z 004c7a20 f   actuator_protector.obj
 0002:0000fb70       ?createTargetConnector@EffectorProtector@@AAEXPAVMindRegionCreateInfo@@PAVMindRegionConnectorDef@@@Z 004c7b70 f   actuator_protector.obj
 0002:0000fcc0       ?sourceHandler@EffectorProtector@@AAEPAVNeuroSignal@@PAVNeuroLink@@PAVNeuroLinkSource@@@Z 004c7cc0 f   actuator_protector.obj
 0002:0000fd00       ?targetHandler@EffectorProtector@@AAEPAVNeuroSignalSet@@PAVNeuroLink@@PAVNeuroLinkTarget@@PAVNeuroSignal@@@Z 004c7d00 f   actuator_protector.obj
 0002:0000fd40       ?createLeg@AHumanTarget@@AAEPAVMindEffector@@PAVEffectorArea@@@Z 004c7d40 f   actuator_leg.obj
 0002:0000fe30       ??0EffectorLeg@@QAE@PAVEffectorArea@@@Z 004c7e30 f   actuator_leg.obj
 0002:0000ff00       ?getClass@EffectorLeg@@UAEPBDXZ 004c7f00 f i actuator_leg.obj
 0002:0000ff40       ?startEffector@EffectorLeg@@UAEXXZ 004c7f40 f i actuator_leg.obj
 0002:0000ff80       ?stopEffector@EffectorLeg@@UAEXXZ 004c7f80 f i actuator_leg.obj
 0002:0000ffc0       ?processEffectorControl@EffectorLeg@@UAEXPAVNeuroLink@@PAVNeuroSignal@@@Z 004c7fc0 f i actuator_leg.obj
 0002:00010000       ??_GEffectorLeg@@UAEPAXI@Z 004c8000 f i actuator_leg.obj
 0002:00010000       ??_EEffectorLeg@@UAEPAXI@Z 004c8000 f i actuator_leg.obj
 0002:00010070       ??1EffectorLeg@@UAE@XZ     004c8070 f   actuator_leg.obj
 0002:00010110       ?configureEffector@EffectorLeg@@UAEXVXml@@@Z 004c8110 f   actuator_leg.obj
 0002:00010160       ?createEffector@EffectorLeg@@UAEXPAVMindRegionCreateInfo@@@Z 004c8160 f   actuator_leg.obj
 0002:00010250       ?createSourceConnector@EffectorLeg@@AAEXPAVMindRegionCreateInfo@@PAVMindRegionConnectorDef@@@Z 004c8250 f   actuator_leg.obj
 0002:000103a0       ?createTargetConnector@EffectorLeg@@AAEXPAVMindRegionCreateInfo@@PAVMindRegionConnectorDef@@@Z 004c83a0 f   actuator_leg.obj
 0002:000104f0       ?sourceHandler@EffectorLeg@@AAEPAVNeuroSignal@@PAVNeuroLink@@PAVNeuroLinkSource@@@Z 004c84f0 f   actuator_leg.obj
 0002:00010530       ?targetHandler@EffectorLeg@@AAEPAVNeuroSignalSet@@PAVNeuroLink@@PAVNeuroLinkTarget@@PAVNeuroSignal@@@Z 004c8530 f   actuator_leg.obj
 0002:00010570       ?createLiver@AHumanTarget@@AAEPAVMindEffector@@PAVEffectorArea@@@Z 004c8570 f   actuator_liver.obj
 0002:00010660       ??0EffectorLiver@@QAE@PAVEffectorArea@@@Z 004c8660 f   actuator_liver.obj
 0002:00010730       ?getClass@EffectorLiver@@UAEPBDXZ 004c8730 f i actuator_liver.obj
 0002:00010770       ?startEffector@EffectorLiver@@UAEXXZ 004c8770 f i actuator_liver.obj
 0002:000107b0       ?stopEffector@EffectorLiver@@UAEXXZ 004c87b0 f i actuator_liver.obj
 0002:000107f0       ?processEffectorControl@EffectorLiver@@UAEXPAVNeuroLink@@PAVNeuroSignal@@@Z 004c87f0 f i actuator_liver.obj
 0002:00010830       ??_GEffectorLiver@@UAEPAXI@Z 004c8830 f i actuator_liver.obj
 0002:00010830       ??_EEffectorLiver@@UAEPAXI@Z 004c8830 f i actuator_liver.obj
 0002:000108a0       ??1EffectorLiver@@UAE@XZ   004c88a0 f   actuator_liver.obj
 0002:00010940       ?configureEffector@EffectorLiver@@UAEXVXml@@@Z 004c8940 f   actuator_liver.obj
 0002:00010990       ?createEffector@EffectorLiver@@UAEXPAVMindRegionCreateInfo@@@Z 004c8990 f   actuator_liver.obj
 0002:00010a80       ?createSourceConnector@EffectorLiver@@AAEXPAVMindRegionCreateInfo@@PAVMindRegionConnectorDef@@@Z 004c8a80 f   actuator_liver.obj
 0002:00010bd0       ?createTargetConnector@EffectorLiver@@AAEXPAVMindRegionCreateInfo@@PAVMindRegionConnectorDef@@@Z 004c8bd0 f   actuator_liver.obj
 0002:00010d20       ?sourceHandler@EffectorLiver@@AAEPAVNeuroSignal@@PAVNeuroLink@@PAVNeuroLinkSource@@@Z 004c8d20 f   actuator_liver.obj
 0002:00010d60       ?targetHandler@EffectorLiver@@AAEPAVNeuroSignalSet@@PAVNeuroLink@@PAVNeuroLinkTarget@@PAVNeuroSignal@@@Z 004c8d60 f   actuator_liver.obj
 0002:00010da0       ?createLung@AHumanTarget@@AAEPAVMindEffector@@PAVEffectorArea@@@Z 004c8da0 f   actuator_lung.obj
 0002:00010e90       ??0EffectorLung@@QAE@PAVEffectorArea@@@Z 004c8e90 f   actuator_lung.obj
 0002:00010f60       ?getClass@EffectorLung@@UAEPBDXZ 004c8f60 f i actuator_lung.obj
 0002:00010fa0       ?startEffector@EffectorLung@@UAEXXZ 004c8fa0 f i actuator_lung.obj
 0002:00010fe0       ?stopEffector@EffectorLung@@UAEXXZ 004c8fe0 f i actuator_lung.obj
 0002:00011020       ?processEffectorControl@EffectorLung@@UAEXPAVNeuroLink@@PAVNeuroSignal@@@Z 004c9020 f i actuator_lung.obj
 0002:00011060       ??_EEffectorLung@@UAEPAXI@Z 004c9060 f i actuator_lung.obj
 0002:00011060       ??_GEffectorLung@@UAEPAXI@Z 004c9060 f i actuator_lung.obj
 0002:000110d0       ??1EffectorLung@@UAE@XZ    004c90d0 f   actuator_lung.obj
 0002:00011170       ?configureEffector@EffectorLung@@UAEXVXml@@@Z 004c9170 f   actuator_lung.obj
 0002:000111c0       ?createEffector@EffectorLung@@UAEXPAVMindRegionCreateInfo@@@Z 004c91c0 f   actuator_lung.obj
 0002:000112b0       ?createSourceConnector@EffectorLung@@AAEXPAVMindRegionCreateInfo@@PAVMindRegionConnectorDef@@@Z 004c92b0 f   actuator_lung.obj
 0002:00011400       ?createTargetConnector@EffectorLung@@AAEXPAVMindRegionCreateInfo@@PAVMindRegionConnectorDef@@@Z 004c9400 f   actuator_lung.obj
 0002:00011550       ?sourceHandler@EffectorLung@@AAEPAVNeuroSignal@@PAVNeuroLink@@PAVNeuroLinkSource@@@Z 004c9550 f   actuator_lung.obj
 0002:00011590       ?targetHandler@EffectorLung@@AAEPAVNeuroSignalSet@@PAVNeuroLink@@PAVNeuroLinkTarget@@PAVNeuroSignal@@@Z 004c9590 f   actuator_lung.obj
 0002:000115d0       ?createNeck@AHumanTarget@@AAEPAVMindEffector@@PAVEffectorArea@@@Z 004c95d0 f   actuator_neck.obj
 0002:000116c0       ??0EffectorNeck@@QAE@PAVEffectorArea@@@Z 004c96c0 f   actuator_neck.obj
 0002:00011790       ?getClass@EffectorNeck@@UAEPBDXZ 004c9790 f i actuator_neck.obj
 0002:000117d0       ?startEffector@EffectorNeck@@UAEXXZ 004c97d0 f i actuator_neck.obj
 0002:00011810       ?stopEffector@EffectorNeck@@UAEXXZ 004c9810 f i actuator_neck.obj
 0002:00011850       ?processEffectorControl@EffectorNeck@@UAEXPAVNeuroLink@@PAVNeuroSignal@@@Z 004c9850 f i actuator_neck.obj
 0002:00011890       ??_GEffectorNeck@@UAEPAXI@Z 004c9890 f i actuator_neck.obj
 0002:00011890       ??_EEffectorNeck@@UAEPAXI@Z 004c9890 f i actuator_neck.obj
 0002:00011900       ??1EffectorNeck@@UAE@XZ    004c9900 f   actuator_neck.obj
 0002:000119a0       ?configureEffector@EffectorNeck@@UAEXVXml@@@Z 004c99a0 f   actuator_neck.obj
 0002:000119f0       ?createEffector@EffectorNeck@@UAEXPAVMindRegionCreateInfo@@@Z 004c99f0 f   actuator_neck.obj
 0002:00011ae0       ?createSourceConnector@EffectorNeck@@AAEXPAVMindRegionCreateInfo@@PAVMindRegionConnectorDef@@@Z 004c9ae0 f   actuator_neck.obj
 0002:00011c30       ?createTargetConnector@EffectorNeck@@AAEXPAVMindRegionCreateInfo@@PAVMindRegionConnectorDef@@@Z 004c9c30 f   actuator_neck.obj
 0002:00011d80       ?sourceHandler@EffectorNeck@@AAEPAVNeuroSignal@@PAVNeuroLink@@PAVNeuroLinkSource@@@Z 004c9d80 f   actuator_neck.obj
 0002:00011dc0       ?targetHandler@EffectorNeck@@AAEPAVNeuroSignalSet@@PAVNeuroLink@@PAVNeuroLinkTarget@@PAVNeuroSignal@@@Z 004c9dc0 f   actuator_neck.obj
 0002:00011e00       ?createNose@AHumanTarget@@AAEPAVMindSensor@@PAVSensorArea@@@Z 004c9e00 f   actuator_nose.obj
 0002:00011ef0       ??0SensorNose@@QAE@PAVSensorArea@@@Z 004c9ef0 f   actuator_nose.obj
 0002:00011fd0       ?getClass@SensorNose@@UAEPBDXZ 004c9fd0 f i actuator_nose.obj
 0002:00012010       ?startSensor@SensorNose@@UAEXXZ 004ca010 f i actuator_nose.obj
 0002:00012050       ?stopSensor@SensorNose@@UAEXXZ 004ca050 f i actuator_nose.obj
 0002:00012090       ?processSensorControl@SensorNose@@UAEXPAVNeuroLink@@PAVNeuroSignal@@@Z 004ca090 f i actuator_nose.obj
 0002:000120d0       ?produceSensorData@SensorNose@@UAEXXZ 004ca0d0 f i actuator_nose.obj
 0002:00012110       ?pollSensor@SensorNose@@UAEXXZ 004ca110 f i actuator_nose.obj
 0002:00012150       ??_ESensorNose@@UAEPAXI@Z  004ca150 f i actuator_nose.obj
 0002:00012150       ??_GSensorNose@@UAEPAXI@Z  004ca150 f i actuator_nose.obj
 0002:000121c0       ??1SensorNose@@UAE@XZ      004ca1c0 f   actuator_nose.obj
 0002:00012260       ?configureSensor@SensorNose@@UAEXVXml@@@Z 004ca260 f   actuator_nose.obj
 0002:000122b0       ?createSensor@SensorNose@@UAEXPAVMindRegionCreateInfo@@@Z 004ca2b0 f   actuator_nose.obj
 0002:000123a0       ?createSourceConnector@SensorNose@@AAEXPAVMindRegionCreateInfo@@PAVMindRegionConnectorDef@@@Z 004ca3a0 f   actuator_nose.obj
 0002:000124f0       ?createTargetConnector@SensorNose@@AAEXPAVMindRegionCreateInfo@@PAVMindRegionConnectorDef@@@Z 004ca4f0 f   actuator_nose.obj
 0002:00012640       ?sourceHandler@SensorNose@@AAEPAVNeuroSignal@@PAVNeuroLink@@PAVNeuroLinkSource@@@Z 004ca640 f   actuator_nose.obj
 0002:00012680       ?targetHandler@SensorNose@@AAEPAVNeuroSignalSet@@PAVNeuroLink@@PAVNeuroLinkTarget@@PAVNeuroSignal@@@Z 004ca680 f   actuator_nose.obj
 0002:000126c0       ?createRectum@AHumanTarget@@AAEPAVMindEffector@@PAVEffectorArea@@@Z 004ca6c0 f   actuator_rectum.obj
 0002:000127b0       ??0EffectorRectum@@QAE@PAVEffectorArea@@@Z 004ca7b0 f   actuator_rectum.obj
 0002:00012880       ?getClass@EffectorRectum@@UAEPBDXZ 004ca880 f i actuator_rectum.obj
 0002:000128c0       ?startEffector@EffectorRectum@@UAEXXZ 004ca8c0 f i actuator_rectum.obj
 0002:00012900       ?stopEffector@EffectorRectum@@UAEXXZ 004ca900 f i actuator_rectum.obj
 0002:00012940       ?processEffectorControl@EffectorRectum@@UAEXPAVNeuroLink@@PAVNeuroSignal@@@Z 004ca940 f i actuator_rectum.obj
 0002:00012980       ??_GEffectorRectum@@UAEPAXI@Z 004ca980 f i actuator_rectum.obj
 0002:00012980       ??_EEffectorRectum@@UAEPAXI@Z 004ca980 f i actuator_rectum.obj
 0002:000129f0       ??1EffectorRectum@@UAE@XZ  004ca9f0 f   actuator_rectum.obj
 0002:00012a90       ?configureEffector@EffectorRectum@@UAEXVXml@@@Z 004caa90 f   actuator_rectum.obj
 0002:00012ae0       ?createEffector@EffectorRectum@@UAEXPAVMindRegionCreateInfo@@@Z 004caae0 f   actuator_rectum.obj
 0002:00012bd0       ?createSourceConnector@EffectorRectum@@AAEXPAVMindRegionCreateInfo@@PAVMindRegionConnectorDef@@@Z 004cabd0 f   actuator_rectum.obj
 0002:00012d20       ?createTargetConnector@EffectorRectum@@AAEXPAVMindRegionCreateInfo@@PAVMindRegionConnectorDef@@@Z 004cad20 f   actuator_rectum.obj
 0002:00012e70       ?sourceHandler@EffectorRectum@@AAEPAVNeuroSignal@@PAVNeuroLink@@PAVNeuroLinkSource@@@Z 004cae70 f   actuator_rectum.obj
 0002:00012eb0       ?targetHandler@EffectorRectum@@AAEPAVNeuroSignalSet@@PAVNeuroLink@@PAVNeuroLinkTarget@@PAVNeuroSignal@@@Z 004caeb0 f   actuator_rectum.obj
 0002:00012ef0       ?createSpeaker@AHumanTarget@@AAEPAVMindEffector@@PAVEffectorArea@@@Z 004caef0 f   actuator_speaker.obj
 0002:00012fe0       ??0EffectorSpeaker@@QAE@PAVEffectorArea@@@Z 004cafe0 f   actuator_speaker.obj
 0002:000130b0       ?getClass@EffectorSpeaker@@UAEPBDXZ 004cb0b0 f i actuator_speaker.obj
 0002:000130f0       ?startEffector@EffectorSpeaker@@UAEXXZ 004cb0f0 f i actuator_speaker.obj
 0002:00013130       ?stopEffector@EffectorSpeaker@@UAEXXZ 004cb130 f i actuator_speaker.obj
 0002:00013170       ?processEffectorControl@EffectorSpeaker@@UAEXPAVNeuroLink@@PAVNeuroSignal@@@Z 004cb170 f i actuator_speaker.obj
 0002:000131b0       ??_GEffectorSpeaker@@UAEPAXI@Z 004cb1b0 f i actuator_speaker.obj
 0002:000131b0       ??_EEffectorSpeaker@@UAEPAXI@Z 004cb1b0 f i actuator_speaker.obj
 0002:00013220       ??1EffectorSpeaker@@UAE@XZ 004cb220 f   actuator_speaker.obj
 0002:000132c0       ?configureEffector@EffectorSpeaker@@UAEXVXml@@@Z 004cb2c0 f   actuator_speaker.obj
 0002:00013310       ?createEffector@EffectorSpeaker@@UAEXPAVMindRegionCreateInfo@@@Z 004cb310 f   actuator_speaker.obj
 0002:00013400       ?createSourceConnector@EffectorSpeaker@@AAEXPAVMindRegionCreateInfo@@PAVMindRegionConnectorDef@@@Z 004cb400 f   actuator_speaker.obj
 0002:00013550       ?createTargetConnector@EffectorSpeaker@@AAEXPAVMindRegionCreateInfo@@PAVMindRegionConnectorDef@@@Z 004cb550 f   actuator_speaker.obj
 0002:000136a0       ?sourceHandler@EffectorSpeaker@@AAEPAVNeuroSignal@@PAVNeuroLink@@PAVNeuroLinkSource@@@Z 004cb6a0 f   actuator_speaker.obj
 0002:000136e0       ?targetHandler@EffectorSpeaker@@AAEPAVNeuroSignalSet@@PAVNeuroLink@@PAVNeuroLinkTarget@@PAVNeuroSignal@@@Z 004cb6e0 f   actuator_speaker.obj
 0002:00013720       ?createStomach@AHumanTarget@@AAEPAVMindEffector@@PAVEffectorArea@@@Z 004cb720 f   actuator_stomach.obj
 0002:00013810       ??0EffectorStomach@@QAE@PAVEffectorArea@@@Z 004cb810 f   actuator_stomach.obj
 0002:000138e0       ?getClass@EffectorStomach@@UAEPBDXZ 004cb8e0 f i actuator_stomach.obj
 0002:00013920       ?startEffector@EffectorStomach@@UAEXXZ 004cb920 f i actuator_stomach.obj
 0002:00013960       ?stopEffector@EffectorStomach@@UAEXXZ 004cb960 f i actuator_stomach.obj
 0002:000139a0       ?processEffectorControl@EffectorStomach@@UAEXPAVNeuroLink@@PAVNeuroSignal@@@Z 004cb9a0 f i actuator_stomach.obj
 0002:000139e0       ??_EEffectorStomach@@UAEPAXI@Z 004cb9e0 f i actuator_stomach.obj
 0002:000139e0       ??_GEffectorStomach@@UAEPAXI@Z 004cb9e0 f i actuator_stomach.obj
 0002:00013a50       ??1EffectorStomach@@UAE@XZ 004cba50 f   actuator_stomach.obj
 0002:00013af0       ?configureEffector@EffectorStomach@@UAEXVXml@@@Z 004cbaf0 f   actuator_stomach.obj
 0002:00013b40       ?createEffector@EffectorStomach@@UAEXPAVMindRegionCreateInfo@@@Z 004cbb40 f   actuator_stomach.obj
 0002:00013c30       ?createSourceConnector@EffectorStomach@@AAEXPAVMindRegionCreateInfo@@PAVMindRegionConnectorDef@@@Z 004cbc30 f   actuator_stomach.obj
 0002:00013d80       ?createTargetConnector@EffectorStomach@@AAEXPAVMindRegionCreateInfo@@PAVMindRegionConnectorDef@@@Z 004cbd80 f   actuator_stomach.obj
 0002:00013ed0       ?sourceHandler@EffectorStomach@@AAEPAVNeuroSignal@@PAVNeuroLink@@PAVNeuroLinkSource@@@Z 004cbed0 f   actuator_stomach.obj
 0002:00013f10       ?targetHandler@EffectorStomach@@AAEPAVNeuroSignalSet@@PAVNeuroLink@@PAVNeuroLinkTarget@@PAVNeuroSignal@@@Z 004cbf10 f   actuator_stomach.obj
 0002:00013f50       ?createTrunk@AHumanTarget@@AAEPAVMindEffector@@PAVEffectorArea@@@Z 004cbf50 f   actuator_trunk.obj
 0002:00014040       ??0EffectorTrunk@@QAE@PAVEffectorArea@@@Z 004cc040 f   actuator_trunk.obj
 0002:00014110       ?getClass@EffectorTrunk@@UAEPBDXZ 004cc110 f i actuator_trunk.obj
 0002:00014150       ?startEffector@EffectorTrunk@@UAEXXZ 004cc150 f i actuator_trunk.obj
 0002:00014190       ?stopEffector@EffectorTrunk@@UAEXXZ 004cc190 f i actuator_trunk.obj
 0002:000141d0       ?processEffectorControl@EffectorTrunk@@UAEXPAVNeuroLink@@PAVNeuroSignal@@@Z 004cc1d0 f i actuator_trunk.obj
 0002:00014210       ??_EEffectorTrunk@@UAEPAXI@Z 004cc210 f i actuator_trunk.obj
 0002:00014210       ??_GEffectorTrunk@@UAEPAXI@Z 004cc210 f i actuator_trunk.obj
 0002:00014280       ??1EffectorTrunk@@UAE@XZ   004cc280 f   actuator_trunk.obj
 0002:00014320       ?configureEffector@EffectorTrunk@@UAEXVXml@@@Z 004cc320 f   actuator_trunk.obj
 0002:00014370       ?createEffector@EffectorTrunk@@UAEXPAVMindRegionCreateInfo@@@Z 004cc370 f   actuator_trunk.obj
 0002:00014460       ?createSourceConnector@EffectorTrunk@@AAEXPAVMindRegionCreateInfo@@PAVMindRegionConnectorDef@@@Z 004cc460 f   actuator_trunk.obj
 0002:000145b0       ?createTargetConnector@EffectorTrunk@@AAEXPAVMindRegionCreateInfo@@PAVMindRegionConnectorDef@@@Z 004cc5b0 f   actuator_trunk.obj
 0002:00014700       ?sourceHandler@EffectorTrunk@@AAEPAVNeuroSignal@@PAVNeuroLink@@PAVNeuroLinkSource@@@Z 004cc700 f   actuator_trunk.obj
 0002:00014740       ?targetHandler@EffectorTrunk@@AAEPAVNeuroSignalSet@@PAVNeuroLink@@PAVNeuroLinkTarget@@PAVNeuroSignal@@@Z 004cc740 f   actuator_trunk.obj
 0002:00014780       ?createUreter@AHumanTarget@@AAEPAVMindEffector@@PAVEffectorArea@@@Z 004cc780 f   actuator_ureter.obj
 0002:00014870       ??0EffectorUreter@@QAE@PAVEffectorArea@@@Z 004cc870 f   actuator_ureter.obj
 0002:00014940       ?getClass@EffectorUreter@@UAEPBDXZ 004cc940 f i actuator_ureter.obj
 0002:00014980       ?startEffector@EffectorUreter@@UAEXXZ 004cc980 f i actuator_ureter.obj
 0002:000149c0       ?stopEffector@EffectorUreter@@UAEXXZ 004cc9c0 f i actuator_ureter.obj
 0002:00014a00       ?processEffectorControl@EffectorUreter@@UAEXPAVNeuroLink@@PAVNeuroSignal@@@Z 004cca00 f i actuator_ureter.obj
 0002:00014a40       ??_EEffectorUreter@@UAEPAXI@Z 004cca40 f i actuator_ureter.obj
 0002:00014a40       ??_GEffectorUreter@@UAEPAXI@Z 004cca40 f i actuator_ureter.obj
 0002:00014ab0       ??1EffectorUreter@@UAE@XZ  004ccab0 f   actuator_ureter.obj
 0002:00014b50       ?configureEffector@EffectorUreter@@UAEXVXml@@@Z 004ccb50 f   actuator_ureter.obj
 0002:00014ba0       ?createEffector@EffectorUreter@@UAEXPAVMindRegionCreateInfo@@@Z 004ccba0 f   actuator_ureter.obj
 0002:00014c90       ?createSourceConnector@EffectorUreter@@AAEXPAVMindRegionCreateInfo@@PAVMindRegionConnectorDef@@@Z 004ccc90 f   actuator_ureter.obj
 0002:00014de0       ?createTargetConnector@EffectorUreter@@AAEXPAVMindRegionCreateInfo@@PAVMindRegionConnectorDef@@@Z 004ccde0 f   actuator_ureter.obj
 0002:00014f30       ?sourceHandler@EffectorUreter@@AAEPAVNeuroSignal@@PAVNeuroLink@@PAVNeuroLinkSource@@@Z 004ccf30 f   actuator_ureter.obj
 0002:00014f70       ?targetHandler@EffectorUreter@@AAEPAVNeuroSignalSet@@PAVNeuroLink@@PAVNeuroLinkTarget@@PAVNeuroSignal@@@Z 004ccf70 f   actuator_ureter.obj
 0002:00014fb0       ?createVessels@AHumanTarget@@AAEPAVMindEffector@@PAVEffectorArea@@@Z 004ccfb0 f   actuator_vessels.obj
 0002:000150a0       ??0EffectorVessels@@QAE@PAVEffectorArea@@@Z 004cd0a0 f   actuator_vessels.obj
 0002:00015170       ?getClass@EffectorVessels@@UAEPBDXZ 004cd170 f i actuator_vessels.obj
 0002:000151b0       ?startEffector@EffectorVessels@@UAEXXZ 004cd1b0 f i actuator_vessels.obj
 0002:000151f0       ?stopEffector@EffectorVessels@@UAEXXZ 004cd1f0 f i actuator_vessels.obj
 0002:00015230       ?processEffectorControl@EffectorVessels@@UAEXPAVNeuroLink@@PAVNeuroSignal@@@Z 004cd230 f i actuator_vessels.obj
 0002:00015270       ??_EEffectorVessels@@UAEPAXI@Z 004cd270 f i actuator_vessels.obj
 0002:00015270       ??_GEffectorVessels@@UAEPAXI@Z 004cd270 f i actuator_vessels.obj
 0002:000152e0       ??1EffectorVessels@@UAE@XZ 004cd2e0 f   actuator_vessels.obj
 0002:00015380       ?configureEffector@EffectorVessels@@UAEXVXml@@@Z 004cd380 f   actuator_vessels.obj
 0002:000153d0       ?createEffector@EffectorVessels@@UAEXPAVMindRegionCreateInfo@@@Z 004cd3d0 f   actuator_vessels.obj
 0002:000154c0       ?createSourceConnector@EffectorVessels@@AAEXPAVMindRegionCreateInfo@@PAVMindRegionConnectorDef@@@Z 004cd4c0 f   actuator_vessels.obj
 0002:00015610       ?createTargetConnector@EffectorVessels@@AAEXPAVMindRegionCreateInfo@@PAVMindRegionConnectorDef@@@Z 004cd610 f   actuator_vessels.obj
 0002:00015760       ?sourceHandler@EffectorVessels@@AAEPAVNeuroSignal@@PAVNeuroLink@@PAVNeuroLinkSource@@@Z 004cd760 f   actuator_vessels.obj
 0002:000157a0       ?targetHandler@EffectorVessels@@AAEPAVNeuroSignalSet@@PAVNeuroLink@@PAVNeuroLinkTarget@@PAVNeuroSignal@@@Z 004cd7a0 f   actuator_vessels.obj
 0002:000157e0       ??0AHumanTarget@@QAE@XZ    004cd7e0 f   ahumantarget.obj
 0002:000158b0       ??1MindTarget@@QAE@XZ      004cd8b0 f i ahumantarget.obj
 0002:00015950       ??0MessageSubscriber@@QAE@XZ 004cd950 f i ahumantarget.obj
 0002:000159a0       ?configureTarget@AHumanTarget@@UAEXVXml@@@Z 004cd9a0 f   ahumantarget.obj
 0002:000159e0       ?createTarget@AHumanTarget@@UAEXPAVSensorArea@@PAVEffectorArea@@@Z 004cd9e0 f   ahumantarget.obj
 0002:000161c0       ?initTarget@AHumanTarget@@UAEXXZ 004ce1c0 f   ahumantarget.obj
 0002:00016200       ?runTarget@AHumanTarget@@UAEXXZ 004ce200 f   ahumantarget.obj
 0002:00016340       ?onXmlMessage@AHumanTarget@@MAEXPAVXmlMessage@@@Z 004ce340 f   ahumantarget.obj
 0002:00016670       ?cmdPlayCircuit@AHumanTarget@@IAEXVXml@@@Z 004ce670 f   ahumantarget.obj
 0002:00016790       ?cmdVerifyModel@AHumanTarget@@IAEXVXml@@@Z 004ce790 f   ahumantarget.obj
 0002:000168b0       ?cmdCreateWikiPages@AHumanTarget@@IAEXVXml@@@Z 004ce8b0 f   ahumantarget.obj
 0002:000169c0       ?stopTarget@AHumanTarget@@UAEXXZ 004ce9c0 f   ahumantarget.obj
 0002:00016a00       ?exitTarget@AHumanTarget@@UAEXXZ 004cea00 f   ahumantarget.obj
 0002:00016a40       ?destroyTarget@AHumanTarget@@UAEXXZ 004cea40 f   ahumantarget.obj
 0002:00016a80       ?attachLogger@Service@@QAEXXZ 004cea80 f i ahumantarget.obj
 0002:00016af0       ?getService@MessagingService@@SAPAV1@XZ 004ceaf0 f i ahumantarget.obj
 0002:00016b50       ?onMessage@MessageSubscriber@@UAEXPAVMessage@@@Z 004ceb50 f i ahumantarget.obj
 0002:00016b90       ?onTextMessage@MessageSubscriber@@UAEXPAVTextMessage@@@Z 004ceb90 f i ahumantarget.obj
 0002:00016bd0       ?onXmlMessage@MessageSubscriber@@UAEXPAVXmlMessage@@@Z 004cebd0 f i ahumantarget.obj
 0002:00016c10       ?onXmlCall@MessageSubscriber@@UAEXPAVXmlCall@@@Z 004cec10 f i ahumantarget.obj
 0002:00016c50       ?onBinaryMessage@MessageSubscriber@@UAEXPAVBinaryMessage@@@Z 004cec50 f i ahumantarget.obj
 0002:00016c90       ??1Service@@QAE@XZ         004cec90 f i ahumantarget.obj
 0002:00016d30       ?getServiceName@MindTarget@@EAEPBDXZ 004ced30 f i ahumantarget.obj
 0002:00016d70       ?execute@@YAXVString@@@Z   004ced70 f   main.obj
 0002:00016f30       _main                      004cef30 f   main.obj
 0002:00017030       ??0MindModel@@QAE@XZ       004cf030 f   mindmodel.obj
 0002:00017130       ?getClass@MindModel@@UAEPBDXZ 004cf130 f i mindmodel.obj
 0002:00017170       ??_GMindModel@@UAEPAXI@Z   004cf170 f i mindmodel.obj
 0002:00017170       ??_EMindModel@@UAEPAXI@Z   004cf170 f i mindmodel.obj
 0002:000171e0       ??1MindModel@@UAE@XZ       004cf1e0 f   mindmodel.obj
 0002:000172d0       ?load@MindModel@@QAEXXZ    004cf2d0 f   mindmodel.obj
 0002:00017350       ?checkLinkCoveredByModel@MindModel@@QAE_NVString@@0@Z 004cf350 f   mindmodel.obj
 0002:00017b20       ??0StringList@@QAE@XZ      004cfb20 f i mindmodel.obj
 0002:00017b80       ??1StringList@@QAE@XZ      004cfb80 f i mindmodel.obj
 0002:00017be0       ?add@StringList@@QAEHPBD@Z 004cfbe0 f i mindmodel.obj
 0002:00017c80       ?count@StringList@@QAEHXZ  004cfc80 f i mindmodel.obj
 0002:00017cc0       ?get@StringList@@QAE?AVString@@H@Z 004cfcc0 f i mindmodel.obj
 0002:00017ed0       ??1RuntimeException@@QAE@XZ 004cfed0 f i mindmodel.obj
 0002:00017fc0       ??0RuntimeException@@QAE@ABV0@@Z 004cffc0 f i mindmodel.obj
 0002:00018100       ??0Object@@IAE@XZ          004d0100 f i mindmodel.obj
 0002:000181d0       ??1Object@@QAE@XZ          004d01d0 f i mindmodel.obj
 0002:00018290       ?getService@MindService@@SAPAV1@XZ 004d0290 f i mindmodel.obj
 0002:000182f0       ??0ScenarioPlayer@@QAE@XZ  004d02f0 f   scenarioplayer.obj
 0002:000183a0       ?getClass@ScenarioPlayer@@UAEPBDXZ 004d03a0 f i scenarioplayer.obj
 0002:000183e0       ??_EScenarioPlayer@@UAEPAXI@Z 004d03e0 f i scenarioplayer.obj
 0002:000183e0       ??_GScenarioPlayer@@UAEPAXI@Z 004d03e0 f i scenarioplayer.obj
 0002:00018450       ??1ScenarioPlayer@@UAE@XZ  004d0450 f   scenarioplayer.obj
 0002:000184f0       ?play@ScenarioPlayer@@QAEXVXml@@@Z 004d04f0 f   scenarioplayer.obj
 0002:000186b0       ?playSignal@ScenarioPlayer@@AAEXVXml@@@Z 004d06b0 f   scenarioplayer.obj
 0002:00019370       ?count@?$ClassList@VNeuroSignal@@@@QBEHXZ 004d1370 f i scenarioplayer.obj
 0002:000193d0       ?get@?$ClassList@VNeuroSignal@@@@QBEPAVNeuroSignal@@H@Z 004d13d0 f i scenarioplayer.obj
 0002:00019430       ?getArea@MindRegion@@QAEPAVMindArea@@XZ 004d1430 f i scenarioplayer.obj
 0002:00019470       ?getId@NeuroSignal@@QAE?AVString@@XZ 004d1470 f i scenarioplayer.obj
 0002:00019530       ?getSignals@NeuroSignalSet@@QAEAAV?$ClassList@VNeuroSignal@@@@XZ 004d1530 f i scenarioplayer.obj
 0002:00019570       ??0ModelFiberValidator@@QAE@XZ 004d1570 f   modelfibervalidator.obj
 0002:00019620       ?getClass@ModelFiberValidator@@UAEPBDXZ 004d1620 f i modelfibervalidator.obj
 0002:00019660       ??_GModelFiberValidator@@UAEPAXI@Z 004d1660 f i modelfibervalidator.obj
 0002:00019660       ??_EModelFiberValidator@@UAEPAXI@Z 004d1660 f i modelfibervalidator.obj
 0002:000196d0       ??1ModelFiberValidator@@UAE@XZ 004d16d0 f   modelfibervalidator.obj
 0002:00019770       ?isValid_GSE_end@ModelFiberValidator@@QAE_NAAVXmlNerveInfo@@PAVMindRegion@@1@Z 004d1770 f   modelfibervalidator.obj
 0002:00019d60       ?isValid_GSA_begin@ModelFiberValidator@@QAE_NAAVXmlNerveInfo@@PAVMindRegion@@1@Z 004d1d60 f   modelfibervalidator.obj
 0002:0001a340       ?isValid_GSA_afterbegin@ModelFiberValidator@@QAE_NAAVXmlNerveInfo@@PAVMindRegion@@1@Z 004d2340 f   modelfibervalidator.obj
 0002:0001a930       ?isValid_GVE_end@ModelFiberValidator@@QAE_NAAVXmlNerveInfo@@PAVMindRegion@@1@Z 004d2930 f   modelfibervalidator.obj
 0002:0001b000       ?isValid_GVE_beforeend@ModelFiberValidator@@QAE_NAAVXmlNerveInfo@@PAVMindRegion@@1@Z 004d3000 f   modelfibervalidator.obj
 0002:0001b7a0       ?isValid_SSA_begin@ModelFiberValidator@@QAE_NAAVXmlNerveInfo@@PAVMindRegion@@1@Z 004d37a0 f   modelfibervalidator.obj
 0002:0001bf10       ?isValid_SVA_begin@ModelFiberValidator@@QAE_NAAVXmlNerveInfo@@PAVMindRegion@@1@Z 004d3f10 f   modelfibervalidator.obj
 0002:0001c5d0       ?isValid_SVA_afterbegin@ModelFiberValidator@@QAE_NAAVXmlNerveInfo@@PAVMindRegion@@1@Z 004d45d0 f   modelfibervalidator.obj
 0002:0001cd60       ?getTypeName@MindRegionDef@@QAE?AVString@@XZ 004d4d60 f i modelfibervalidator.obj
 0002:0001ce20       ?getRole@MindRegionDef@@QAE?AW4MindRegionRoleEnum@@XZ 004d4e20 f i modelfibervalidator.obj
 0002:0001ce60       ?getRegionInfo@MindRegion@@QAEPAVMindRegionDef@@XZ 004d4e60 f i modelfibervalidator.obj
 0002:0001cea0       ?getRegionId@MindRegion@@QAE?AVString@@XZ 004d4ea0 f i modelfibervalidator.obj
 0002:0001cf60       ??0ModelVerifier@@QAE@VXml@@@Z 004d4f60 f   modelverifier.obj
 0002:0001d070       ?getClass@ModelVerifier@@UAEPBDXZ 004d5070 f i modelverifier.obj
 0002:0001d0b0       ??_GModelVerifier@@UAEPAXI@Z 004d50b0 f i modelverifier.obj
 0002:0001d0b0       ??_EModelVerifier@@UAEPAXI@Z 004d50b0 f i modelverifier.obj
 0002:0001d120       ??1ModelVerifier@@UAE@XZ   004d5120 f   modelverifier.obj
 0002:0001d1f0       ?verify@ModelVerifier@@QAEXXZ 004d51f0 f   modelverifier.obj
 0002:0001d5a0       ??0?$MapStringToClass@VMindRegionDef@@@@QAE@XZ 004d55a0 f i modelverifier.obj
 0002:0001d600       ??1?$MapStringToClass@VMindRegionDef@@@@QAE@XZ 004d5600 f i modelverifier.obj
 0002:0001d660       ?getMindMap@MindService@@QAEPAVMindMap@@XZ 004d5660 f i modelverifier.obj
 0002:0001d6a0       ?checkCircuits@ModelVerifier@@AAEXXZ 004d56a0 f   modelverifier_circuits.obj
 0002:0001d9c0       ?checkCircuits_verifyComponents@ModelVerifier@@AAE_NVString@@@Z 004d59c0 f   modelverifier_circuits.obj
 0002:0001dd80       ?checkCircuits_verifyLinks@ModelVerifier@@AAE_NVString@@@Z 004d5d80 f   modelverifier_circuits.obj
 0002:0001e000       ??0XmlCircuitLinkInfo@@QAE@XZ 004d6000 f i modelverifier_circuits.obj
 0002:0001e0c0       ??1XmlCircuitLinkInfo@@QAE@XZ 004d60c0 f i modelverifier_circuits.obj
 0002:0001e180       ?checkCircuits_verifyCircuitLink@ModelVerifier@@AAE_NAAVXmlCircuitInfo@@AAVXmlCircuitLinkInfo@@@Z 004d6180 f   modelverifier_circuits.obj
 0002:0001ee00       ??0?$FlatList@VXml@@@@QAE@XZ 004d6e00 f i modelverifier_circuits.obj
 0002:0001ee60       ??1?$FlatList@VXml@@@@QAE@XZ 004d6e60 f i modelverifier_circuits.obj
 0002:0001eed0       ?count@?$FlatList@VXml@@@@QBEHXZ 004d6ed0 f i modelverifier_circuits.obj
 0002:0001ef10       ?get@?$FlatList@VXml@@@@QBE?AVXml@@H@Z 004d6f10 f i modelverifier_circuits.obj
 0002:0001f0f0       ?count@MapStringToString@@QAEHXZ 004d70f0 f i modelverifier_circuits.obj
 0002:0001f150       ?getClassByIndex@MapStringToString@@QAEPBDH@Z 004d7150 f i modelverifier_circuits.obj
 0002:0001f200       ?getKeyByIndex@MapStringToString@@QAEPBDH@Z 004d7200 f i modelverifier_circuits.obj
 0002:0001f2b0       ?checkHierarchy@ModelVerifier@@AAEXXZ 004d72b0 f   modelverifier_hmind.obj
 0002:0001f4e0       ?checkHierarchy_verifyChild@ModelVerifier@@AAE_NVString@@_N@Z 004d74e0 f   modelverifier_hmind.obj
 0002:0001fda0       ?checkHierarchy_verifyConnectors@ModelVerifier@@AAE_NPAVMindRegionDef@@ABVXmlHMindElementInfo@@@Z 004d7da0 f   modelverifier_hmind.obj
 0002:00020460       ?add@?$MapStringToClass@VMindRegionDef@@@@QAEHPBDPAVMindRegionDef@@@Z 004d8460 f i modelverifier_hmind.obj
 0002:00020670       ?get@?$MapStringToClass@VMindRegionDef@@@@QAEPAVMindRegionDef@@PBD@Z 004d8670 f i modelverifier_hmind.obj
 0002:00020720       ?clear@?$MapStringToClass@VMindRegionDef@@@@QAEXXZ 004d8720 f i modelverifier_hmind.obj
 0002:00020780       ?getId@MindRegionDef@@QAE?AVString@@XZ 004d8780 f i modelverifier_hmind.obj
 0002:00020840       ?checkMindModel@ModelVerifier@@AAEXXZ 004d8840 f   modelverifier_mind.obj
 0002:00020950       ?checkMindModel_verifyRegion@ModelVerifier@@AAE_NPAVMindRegionDef@@@Z 004d8950 f   modelverifier_mind.obj
 0002:00020f30       ??0XmlCircuitFind@@QAE@XZ  004d8f30 f i modelverifier_mind.obj
 0002:00020fd0       ??1XmlCircuitFind@@QAE@XZ  004d8fd0 f i modelverifier_mind.obj
 0002:00021070       ?checkMindModel_verifyLinkedConnectors@ModelVerifier@@AAE_NPAVMindRegionDef@@PAVMindRegion@@@Z 004d9070 f   modelverifier_mind.obj
 0002:00021750       ?checkMindModel_verifyRegionCircuits@ModelVerifier@@AAE_NPAVMindRegionDef@@PAVMindRegion@@@Z 004d9750 f   modelverifier_mind.obj
 0002:00021b50       ?count@?$MapStringToClass@VMindRegionDef@@@@QAEHXZ 004d9b50 f i modelverifier_mind.obj
 0002:00021bb0       ?getClassByIndex@?$MapStringToClass@VMindRegionDef@@@@QAEPAVMindRegionDef@@H@Z 004d9bb0 f i modelverifier_mind.obj
 0002:00021c70       ?count@?$ClassList@VNeuroLink@@@@QBEHXZ 004d9c70 f i modelverifier_mind.obj
 0002:00021cd0       ?count@?$ClassList@VMindRegionLink@@@@QBEHXZ 004d9cd0 f i modelverifier_mind.obj
 0002:00021d30       ?getRef@?$ClassList@VMindRegionLink@@@@QBEAAVMindRegionLink@@H@Z 004d9d30 f i modelverifier_mind.obj
 0002:00021d90       ?get@?$ClassList@VMindRegionLink@@@@QBEPAVMindRegionLink@@H@Z 004d9d90 f i modelverifier_mind.obj
 0002:00021df0       ?getLinks@NeuroLinkSource@@QAEAAV?$ClassList@VNeuroLink@@@@XZ 004d9df0 f i modelverifier_mind.obj
 0002:00021e30       ?getLinks@NeuroLinkTarget@@QAEAAV?$ClassList@VNeuroLink@@@@XZ 004d9e30 f i modelverifier_mind.obj
 0002:00021e70       ?checkMuscles@ModelVerifier@@AAEXXZ 004d9e70 f   modelverifier_muscles.obj
 0002:00022120       ?checkMuscles_verifyNerve@ModelVerifier@@AAE_NAAVXmlMuscleInfo@@VString@@1@Z 004da120 f   modelverifier_muscles.obj
 0002:00022f00       ?checkMuscles_verifyNerves@ModelVerifier@@AAE_NVString@@@Z 004daf00 f   modelverifier_muscles.obj
 0002:000234e0       ?find@StringList@@QAEHVString@@@Z 004db4e0 f i modelverifier_muscles.obj
 0002:00023610       ?checkNerves@ModelVerifier@@AAEXXZ 004db610 f   modelverifier_nerves.obj
 0002:000239a0       ?getDivisions@XmlNerves@@QAEAAV?$ClassList@VXmlNerveInfo@@@@XZ 004db9a0 f i modelverifier_nerves.obj
 0002:000239e0       ?checkNerves_verifyComponents@ModelVerifier@@AAE_NVString@@@Z 004db9e0 f   modelverifier_nerves.obj
 0002:00023ee0       ?checkNerves_verifyModalityByChilds@ModelVerifier@@AAE_NAAVXmlNerveInfo@@AAVMapStringToPtr@@@Z 004dbee0 f   modelverifier_nerves.obj
 0002:00024900       ?checkNerves_verifyFiberIsCovered@ModelVerifier@@AAE_NVString@@AAVStringList@@@Z 004dc900 f   modelverifier_nerves.obj
 0002:00024ae0       ?checkNerves_verifyModalityIsCoveredByFibers@ModelVerifier@@AAE_NVString@@AAVMapStringToPtr@@@Z 004dcae0 f   modelverifier_nerves.obj
 0002:00024cf0       ?checkFiberComp@ModelVerifier@@AAE_NAAVXmlNerveInfo@@AAVXmlNerveFiberInfo@@VString@@@Z 004dccf0 f   modelverifier_nerves.obj
 0002:00025240       ?checkNerves_verifyLinks@ModelVerifier@@AAE_NAAVXmlNerveInfo@@AAVXmlNerveFiberInfo@@@Z 004dd240 f   modelverifier_nerves.obj
 0002:00025860       ?checkFiberType@ModelVerifier@@AAE_NAAVXmlNerveInfo@@AAVXmlNerveFiberInfo@@VString@@@Z 004dd860 f   modelverifier_nerves.obj
 0002:00025de0       ?checkNerves_verifyFiberChain@ModelVerifier@@AAE_NAAVXmlNerveInfo@@AAVXmlNerveFiberInfo@@VString@@2W4ModelVerifierFiberChainPosEnum@@HH@Z 004ddde0 f   modelverifier_nerves.obj
 0002:000264d0       ?count@?$MapStringToClass@VXmlNerveInfo@@@@QAEHXZ 004de4d0 f i modelverifier_nerves.obj
 0002:00026530       ?getClassRefByIndex@?$MapStringToClass@VXmlNerveInfo@@@@QAEAAVXmlNerveInfo@@H@Z 004de530 f i modelverifier_nerves.obj
 0002:000265f0       ?count@?$ClassList@VXmlNerveInfo@@@@QBEHXZ 004de5f0 f i modelverifier_nerves.obj
 0002:00026650       ?getRef@?$ClassList@VXmlNerveInfo@@@@QBEAAVXmlNerveInfo@@H@Z 004de650 f i modelverifier_nerves.obj
 0002:000266b0       ?count@?$ClassList@VXmlNerveFiberInfo@@@@QBEHXZ 004de6b0 f i modelverifier_nerves.obj
 0002:00026710       ?getRef@?$ClassList@VXmlNerveFiberInfo@@@@QBEAAVXmlNerveFiberInfo@@H@Z 004de710 f i modelverifier_nerves.obj
 0002:00026770       ?get@?$ClassList@VXmlNerveInfo@@@@QBEPAVXmlNerveInfo@@H@Z 004de770 f i modelverifier_nerves.obj
 0002:000267d0       ?get@?$ClassList@VXmlNerveFiberInfo@@@@QBEPAVXmlNerveFiberInfo@@H@Z 004de7d0 f i modelverifier_nerves.obj
 0002:00026830       ??0MapStringToPtr@@QAE@XZ  004de830 f i modelverifier_nerves.obj
 0002:00026890       ??1MapStringToPtr@@QAE@XZ  004de890 f i modelverifier_nerves.obj
 0002:000268f0       ?addnew@MapStringToPtr@@QAEHPBDPAX@Z 004de8f0 f i modelverifier_nerves.obj
 0002:00026b80       ?addnew@MapStringToPtr@@QAEXAAV1@@Z 004deb80 f i modelverifier_nerves.obj
 0002:00026c30       ?addnew@MapStringToPtr@@QAEXAAVStringList@@PAX@Z 004dec30 f i modelverifier_nerves.obj
 0002:00026d50       ?get@MapStringToPtr@@QAEPAXPBD@Z 004ded50 f i modelverifier_nerves.obj
 0002:00026e00       ?count@MapStringToPtr@@QAEHXZ 004dee00 f i modelverifier_nerves.obj
 0002:00026e60       ?destroy@MapStringToPtr@@QAEXXZ 004dee60 f i modelverifier_nerves.obj
 0002:00026ec0       ?getKeyByIndex@MapStringToPtr@@QAEPBDH@Z 004deec0 f i modelverifier_nerves.obj
 0002:00026f70       ?checkSpinal@ModelVerifier@@AAEXXZ 004def70 f   modelverifier_spinal.obj
 0002:00027040       ?checkSpinal_verifyEndings@ModelVerifier@@AAE_NXZ 004df040 f   modelverifier_spinal.obj
 0002:00027110       ?getTracts@XmlHMind@@QAEPAVXmlTracts@@XZ 004df110 f i modelverifier_spinal.obj
 0002:00027150       ?getEndingMap@XmlTracts@@QAEAAV?$MapStringToClass@VXmlBrainEnding@@@@XZ 004df150 f i modelverifier_spinal.obj
 0002:00027190       ?checkSpinal_verifyEndingData@ModelVerifier@@AAE_NAAVXmlBrainEnding@@@Z 004df190 f   modelverifier_spinal.obj
 0002:000273c0       ?checkSpinal_verifyFibers@ModelVerifier@@AAE_NXZ 004df3c0 f   modelverifier_spinal.obj
 0002:00027490       ?getFibers@XmlTracts@@QAEAAV?$MapStringToClass@VXmlBrainFiber@@@@XZ 004df490 f i modelverifier_spinal.obj
 0002:000274d0       ?checkSpinal_verifyFiberData@ModelVerifier@@AAE_NAAVXmlBrainFiber@@@Z 004df4d0 f   modelverifier_spinal.obj
 0002:000279c0       ?checkSpinal_verifyTracts@ModelVerifier@@AAE_NXZ 004df9c0 f   modelverifier_spinal.obj
 0002:00027a90       ?getTracts@XmlTracts@@QAEAAV?$MapStringToClass@VXmlBrainTractSet@@@@XZ 004dfa90 f i modelverifier_spinal.obj
 0002:00027ad0       ?checkSpinal_verifyTractSet@ModelVerifier@@AAE_NAAVXmlBrainTractSet@@@Z 004dfad0 f   modelverifier_spinal.obj
 0002:00027b80       ?checkSpinal_verifyTractData@ModelVerifier@@AAE_NAAVXmlBrainTract@@@Z 004dfb80 f   modelverifier_spinal.obj
 0002:00027ca0       ?checkSpinal_verifyTractPathData@ModelVerifier@@AAE_NAAVXmlBrainTract@@AAVXmlBrainTractPath@@@Z 004dfca0 f   modelverifier_spinal.obj
 0002:000283c0       ?count@?$MapStringToClass@VXmlBrainTractSet@@@@QAEHXZ 004e03c0 f i modelverifier_spinal.obj
 0002:00028420       ?getClassRefByIndex@?$MapStringToClass@VXmlBrainTractSet@@@@QAEAAVXmlBrainTractSet@@H@Z 004e0420 f i modelverifier_spinal.obj
 0002:000284e0       ?count@?$MapStringToClass@VXmlBrainFiber@@@@QAEHXZ 004e04e0 f i modelverifier_spinal.obj
 0002:00028540       ?getClassRefByIndex@?$MapStringToClass@VXmlBrainFiber@@@@QAEAAVXmlBrainFiber@@H@Z 004e0540 f i modelverifier_spinal.obj
 0002:00028600       ?count@?$MapStringToClass@VXmlBrainEnding@@@@QAEHXZ 004e0600 f i modelverifier_spinal.obj
 0002:00028660       ?getClassRefByIndex@?$MapStringToClass@VXmlBrainEnding@@@@QAEAAVXmlBrainEnding@@H@Z 004e0660 f i modelverifier_spinal.obj
 0002:00028720       ?count@?$MapStringToClass@VXmlBrainTract@@@@QAEHXZ 004e0720 f i modelverifier_spinal.obj
 0002:00028780       ?getClassRefByIndex@?$MapStringToClass@VXmlBrainTract@@@@QAEAAVXmlBrainTract@@H@Z 004e0780 f i modelverifier_spinal.obj
 0002:00028840       ?count@?$MapStringToClass@VXmlBrainTractPath@@@@QAEHXZ 004e0840 f i modelverifier_spinal.obj
 0002:000288a0       ?getClassRefByIndex@?$MapStringToClass@VXmlBrainTractPath@@@@QAEAAVXmlBrainTractPath@@H@Z 004e08a0 f i modelverifier_spinal.obj
 0002:00028960       ??0WikiAreaPages@@QAE@PAVWikiMaker@@@Z 004e0960 f   wikiareapages.obj
 0002:00028a20       ?getClass@WikiAreaPages@@UAEPBDXZ 004e0a20 f i wikiareapages.obj
 0002:00028a60       ??_GWikiAreaPages@@UAEPAXI@Z 004e0a60 f i wikiareapages.obj
 0002:00028a60       ??_EWikiAreaPages@@UAEPAXI@Z 004e0a60 f i wikiareapages.obj
 0002:00028ad0       ??1WikiAreaPages@@UAE@XZ   004e0ad0 f   wikiareapages.obj
 0002:00028b70       ?execute@WikiAreaPages@@QAEXXZ 004e0b70 f   wikiareapages.obj
 0002:00028e10       ?createAreaPages_createArea@WikiAreaPages@@AAEXVString@@PAVMindArea@@@Z 004e0e10 f   wikiareapages.obj
 0002:000291a0       ?createAreaPages_createAreaCircuitTable@WikiAreaPages@@AAEXAAV?$MapStringToClass@VMindLocalCircuitDef@@@@AAVStringList@@@Z 004e11a0 f   wikiareapages.obj
 0002:00029250       ?createAreaPages_createAreaCircuitTableLine@WikiAreaPages@@AAEXPAVMindLocalCircuitDef@@AAVStringList@@@Z 004e1250 f   wikiareapages.obj
 0002:00029770       ?createAreaPages_createCircuitsAndReferencesTableSection@WikiAreaPages@@AAEXVString@@PAVMindArea@@@Z 004e1770 f   wikiareapages.obj
 0002:0002a040       ?createAreaPages_getCircuitKey@WikiAreaPages@@AAE?AVString@@PAVMindArea@@AAVXmlCircuitInfo@@@Z 004e2040 f   wikiareapages.obj
 0002:0002a5b0       ?createAreaPages_getCircuitLines@WikiAreaPages@@AAEXAAVXmlCircuitInfo@@AAVStringList@@@Z 004e25b0 f   wikiareapages.obj
 0002:0002aa60       ?createAreaPages_createRegionPages@WikiAreaPages@@AAEXVString@@PAVMindArea@@@Z 004e2a60 f   wikiareapages.obj
 0002:0002abf0       ?createAreaPages_createAreaCircuit@WikiAreaPages@@AAEXPAVMindArea@@AAVMindLocalCircuitDef@@AAVStringList@@@Z 004e2bf0 f   wikiareapages.obj
 0002:0002aea0       ?createAreaPages_createRegionTableSection@WikiAreaPages@@AAEXPAVMindArea@@AAVMindLocalCircuitDef@@AAVStringList@@@Z 004e2ea0 f   wikiareapages.obj
 0002:0002b060       ?createAreaPages_getRegionTableRow@WikiAreaPages@@AAE?AVString@@PAVMindRegionDef@@@Z 004e3060 f   wikiareapages.obj
 0002:0002ba10       ?createAreaPages_createConnectivityTableSection@WikiAreaPages@@AAEXPAVMindArea@@AAVMindLocalCircuitDef@@AAVStringList@@@Z 004e3a10 f   wikiareapages.obj
 0002:0002bcc0       ?createAreaPages_addInternalConnections@WikiAreaPages@@AAEXPAVMindArea@@AAVMindLocalCircuitDef@@AAVStringList@@AAV?$MapStringToClass@VMindLocalCircuitConnectionDef@@@@@Z 004e3cc0 f   wikiareapages.obj
 0002:0002bda0       ?createAreaPages_addExternalConnections@WikiAreaPages@@AAEXPAVMindArea@@AAVMindLocalCircuitDef@@AAVStringList@@AAV?$MapStringToClass@VMindLocalCircuitConnectionDef@@@@_N@Z 004e3da0 f   wikiareapages.obj
 0002:0002c380       ?createAreaPages_getInternalConnections@WikiAreaPages@@AAEXPAVMindArea@@AAVMindLocalCircuitDef@@AAV?$MapStringToClass@VMindLocalCircuitConnectionDef@@@@@Z 004e4380 f   wikiareapages.obj
 0002:0002c620       ?createAreaPages_getExternalConnections@WikiAreaPages@@AAEXPAVMindArea@@AAVMindLocalCircuitDef@@AAV?$MapStringToClass@VMindLocalCircuitConnectionDef@@@@_N@Z 004e4620 f   wikiareapages.obj
 0002:0002cde0       ?createAreaPages_addInternalConnectionTableLine@WikiAreaPages@@AAEXPAVMindArea@@AAVMindLocalCircuitDef@@PAVMindLocalCircuitConnectionDef@@AAVStringList@@@Z 004e4de0 f   wikiareapages.obj
 0002:0002d410       ?createAreaPages_getExternalConnectionTableLine@WikiAreaPages@@AAEXPAVMindArea@@AAVMindLocalCircuitDef@@PAVMindLocalCircuitConnectionDef@@AAVStringList@@_NPBD@Z 004e5410 f   wikiareapages.obj
 0002:0002ec10       ?getTargetLinkConnectors@WikiAreaPages@@AAEXPAVMindRegion@@0AAVMapStringToString@@@Z 004e6c10 f   wikiareapages.obj
 0002:0002ee30       ?createDotFile_getRegionLabel@WikiAreaPages@@AAE?AVString@@PAVMindRegionDef@@@Z 004e6e30 f   wikiareapages.obj
 0002:0002f230       ?createDotFile@WikiAreaPages@@AAEXPAVMindArea@@AAVMindLocalCircuitDef@@AAV?$MapStringToClass@VMindLocalCircuitConnectionDef@@@@22@Z 004e7230 f   wikiareapages.obj
 0002:00030020       ?getRegionColor@WikiAreaPages@@AAE?AVString@@V2@@Z 004e8020 f   wikiareapages.obj
 0002:000302d0       ?getParent@XmlHMindElementInfo@@QBEPAV1@XZ 004e82d0 f i wikiareapages.obj
 0002:00030310       ?createDotFile_subgraph@WikiAreaPages@@AAEXPAVMindArea@@AAVMindLocalCircuitDef@@_NAAV?$MapStringToClass@VMindLocalCircuitConnectionDef@@@@AAVStringList@@AAVString@@@Z 004e8310 f   wikiareapages.obj
 0002:00032120       ?count@?$MapStringToClass@VMindLocalCircuitDef@@@@QAEHXZ 004ea120 f i wikiareapages.obj
 0002:00032180       ?getClassByIndex@?$MapStringToClass@VMindLocalCircuitDef@@@@QAEPAVMindLocalCircuitDef@@H@Z 004ea180 f i wikiareapages.obj
 0002:00032240       ?getClassRefByIndex@?$MapStringToClass@VMindLocalCircuitDef@@@@QAEAAVMindLocalCircuitDef@@H@Z 004ea240 f i wikiareapages.obj
 0002:00032300       ?getKeyByIndex@?$MapStringToClass@VMindRegionDef@@@@QAEPBDH@Z 004ea300 f i wikiareapages.obj
 0002:000323b0       ??0?$ClassList@VMindLocalCircuitConnectionDef@@@@QAE@XZ 004ea3b0 f i wikiareapages.obj
 0002:00032410       ??1?$ClassList@VMindLocalCircuitConnectionDef@@@@QAE@XZ 004ea410 f i wikiareapages.obj
 0002:00032470       ?count@?$ClassList@VMindLocalCircuitConnectionDef@@@@QBEHXZ 004ea470 f i wikiareapages.obj
 0002:000324d0       ?get@?$ClassList@VMindLocalCircuitConnectionDef@@@@QBEPAVMindLocalCircuitConnectionDef@@H@Z 004ea4d0 f i wikiareapages.obj
 0002:00032530       ?add@?$ClassList@VMindLocalCircuitConnectionDef@@@@QAEHPAVMindLocalCircuitConnectionDef@@@Z 004ea530 f i wikiareapages.obj
 0002:000325d0       ??0?$MapStringToClass@VMindLocalCircuitConnectionDef@@@@QAE@XZ 004ea5d0 f i wikiareapages.obj
 0002:00032630       ??1?$MapStringToClass@VMindLocalCircuitConnectionDef@@@@QAE@XZ 004ea630 f i wikiareapages.obj
 0002:00032690       ?add@?$MapStringToClass@VMindLocalCircuitConnectionDef@@@@QAEHPBDPAVMindLocalCircuitConnectionDef@@@Z 004ea690 f i wikiareapages.obj
 0002:000328a0       ?get@?$MapStringToClass@VMindLocalCircuitConnectionDef@@@@QAEPAVMindLocalCircuitConnectionDef@@PBD@Z 004ea8a0 f i wikiareapages.obj
 0002:00032950       ?count@?$MapStringToClass@VMindLocalCircuitConnectionDef@@@@QAEHXZ 004ea950 f i wikiareapages.obj
 0002:000329b0       ?getClassByIndex@?$MapStringToClass@VMindLocalCircuitConnectionDef@@@@QAEPAVMindLocalCircuitConnectionDef@@H@Z 004ea9b0 f i wikiareapages.obj
 0002:00032a70       ?getKeyByIndex@?$MapStringToClass@VMindLocalCircuitConnectionDef@@@@QAEPBDH@Z 004eaa70 f i wikiareapages.obj
 0002:00032b20       ??0?$MapStringToClass@VMindArea@@@@QAE@XZ 004eab20 f i wikiareapages.obj
 0002:00032b80       ??1?$MapStringToClass@VMindArea@@@@QAE@XZ 004eab80 f i wikiareapages.obj
 0002:00032be0       ?add@?$MapStringToClass@VMindArea@@@@QAEHPBDPAVMindArea@@@Z 004eabe0 f i wikiareapages.obj
 0002:00032df0       ?get@?$MapStringToClass@VMindArea@@@@QAEPAVMindArea@@PBD@Z 004eadf0 f i wikiareapages.obj
 0002:00032ea0       ?count@?$MapStringToClass@VMindArea@@@@QAEHXZ 004eaea0 f i wikiareapages.obj
 0002:00032f00       ?getClassByIndex@?$MapStringToClass@VMindArea@@@@QAEPAVMindArea@@H@Z 004eaf00 f i wikiareapages.obj
 0002:00032fc0       ??0?$MapStringToClass@VMindRegion@@@@QAE@XZ 004eafc0 f i wikiareapages.obj
 0002:00033020       ??1?$MapStringToClass@VMindRegion@@@@QAE@XZ 004eb020 f i wikiareapages.obj
 0002:00033080       ?add@?$MapStringToClass@VMindRegion@@@@QAEHPBDPAVMindRegion@@@Z 004eb080 f i wikiareapages.obj
 0002:00033290       ?addnew@?$MapStringToClass@VMindRegion@@@@QAEHPBDPAVMindRegion@@@Z 004eb290 f i wikiareapages.obj
 0002:00033360       ?get@?$MapStringToClass@VMindRegion@@@@QAEPAVMindRegion@@PBD@Z 004eb360 f i wikiareapages.obj
 0002:00033410       ?count@?$MapStringToClass@VMindRegion@@@@QAEHXZ 004eb410 f i wikiareapages.obj
 0002:00033470       ?getClassByIndex@?$MapStringToClass@VMindRegion@@@@QAEPAVMindRegion@@H@Z 004eb470 f i wikiareapages.obj
 0002:00033530       ?getKeyByIndex@?$MapStringToClass@VMindRegion@@@@QAEPBDH@Z 004eb530 f i wikiareapages.obj
 0002:000335e0       ??0?$MapStringToClass@V?$MapStringToClass@VMindLocalCircuitConnectionDef@@@@@@QAE@XZ 004eb5e0 f i wikiareapages.obj
 0002:00033640       ??1?$MapStringToClass@V?$MapStringToClass@VMindLocalCircuitConnectionDef@@@@@@QAE@XZ 004eb640 f i wikiareapages.obj
 0002:000336a0       ?add@?$MapStringToClass@V?$MapStringToClass@VMindLocalCircuitConnectionDef@@@@@@QAEHPBDPAV?$MapStringToClass@VMindLocalCircuitConnectionDef@@@@@Z 004eb6a0 f i wikiareapages.obj
 0002:000338b0       ?get@?$MapStringToClass@V?$MapStringToClass@VMindLocalCircuitConnectionDef@@@@@@QAEPAV?$MapStringToClass@VMindLocalCircuitConnectionDef@@@@PBD@Z 004eb8b0 f i wikiareapages.obj
 0002:00033960       ?count@?$MapStringToClass@V?$MapStringToClass@VMindLocalCircuitConnectionDef@@@@@@QAEHXZ 004eb960 f i wikiareapages.obj
 0002:000339c0       ?getClassByIndex@?$MapStringToClass@V?$MapStringToClass@VMindLocalCircuitConnectionDef@@@@@@QAEPAV?$MapStringToClass@VMindLocalCircuitConnectionDef@@@@H@Z 004eb9c0 f i wikiareapages.obj
 0002:00033a80       ?getKeyByIndex@?$MapStringToClass@V?$MapStringToClass@VMindLocalCircuitConnectionDef@@@@@@QAEPBDH@Z 004eba80 f i wikiareapages.obj
 0002:00033b30       ??0?$MapStringToClass@V?$MapStringToClass@VMindRegion@@@@@@QAE@XZ 004ebb30 f i wikiareapages.obj
 0002:00033b90       ??1?$MapStringToClass@V?$MapStringToClass@VMindRegion@@@@@@QAE@XZ 004ebb90 f i wikiareapages.obj
 0002:00033bf0       ?add@?$MapStringToClass@V?$MapStringToClass@VMindRegion@@@@@@QAEHPBDPAV?$MapStringToClass@VMindRegion@@@@@Z 004ebbf0 f i wikiareapages.obj
 0002:00033e00       ?get@?$MapStringToClass@V?$MapStringToClass@VMindRegion@@@@@@QAEPAV?$MapStringToClass@VMindRegion@@@@PBD@Z 004ebe00 f i wikiareapages.obj
 0002:00033eb0       ?destroy@?$MapStringToClass@V?$MapStringToClass@VMindRegion@@@@@@QAEXXZ 004ebeb0 f i wikiareapages.obj
 0002:00033fa0       ??0?$MapStringToClass@V?$ClassList@VMindLocalCircuitConnectionDef@@@@@@QAE@XZ 004ebfa0 f i wikiareapages.obj
 0002:00034000       ??1?$MapStringToClass@V?$ClassList@VMindLocalCircuitConnectionDef@@@@@@QAE@XZ 004ec000 f i wikiareapages.obj
 0002:00034060       ?add@?$MapStringToClass@V?$ClassList@VMindLocalCircuitConnectionDef@@@@@@QAEHPBDPAV?$ClassList@VMindLocalCircuitConnectionDef@@@@@Z 004ec060 f i wikiareapages.obj
 0002:00034270       ?get@?$MapStringToClass@V?$ClassList@VMindLocalCircuitConnectionDef@@@@@@QAEPAV?$ClassList@VMindLocalCircuitConnectionDef@@@@PBD@Z 004ec270 f i wikiareapages.obj
 0002:00034320       ?destroy@?$MapStringToClass@V?$ClassList@VMindLocalCircuitConnectionDef@@@@@@QAEXXZ 004ec320 f i wikiareapages.obj
 0002:00034410       ??_G?$MapStringToClass@VMindRegion@@@@QAEPAXI@Z 004ec410 f i wikiareapages.obj
 0002:00034480       ??_G?$ClassList@VMindLocalCircuitConnectionDef@@@@QAEPAXI@Z 004ec480 f i wikiareapages.obj
 0002:000344f0       ?sort@StringList@@QAEXXZ   004ec4f0 f i wikiareapages.obj
 0002:00034550       ?clear@StringList@@QAEXXZ  004ec550 f i wikiareapages.obj
 0002:000345b0       ??0MapStringToString@@QAE@XZ 004ec5b0 f i wikiareapages.obj
 0002:00034610       ??1MapStringToString@@QAE@XZ 004ec610 f i wikiareapages.obj
 0002:00034670       ?add@MapStringToString@@QAEHPBD0@Z 004ec670 f i wikiareapages.obj
 0002:00034a20       ?addnew@MapStringToString@@QAEHPBD0@Z 004eca20 f i wikiareapages.obj
 0002:00034cd0       ?destroy@MapStringToString@@QAEXXZ 004eccd0 f i wikiareapages.obj
 0002:00034d80       ?getServiceName@MindRegionDef@@QAE?AVString@@XZ 004ecd80 f i wikiareapages.obj
 0002:00034e40       ?isTargetSensor@MindRegionDef@@QAE_NXZ 004ece40 f i wikiareapages.obj
 0002:00034ec0       ?isTargetEffector@MindRegionDef@@QAE_NXZ 004ecec0 f i wikiareapages.obj
 0002:00034f40       ?getId@MindLocalCircuitDef@@QAE?AVString@@XZ 004ecf40 f i wikiareapages.obj
 0002:00035000       ?getName@MindLocalCircuitDef@@QAE?AVString@@XZ 004ed000 f i wikiareapages.obj
 0002:000350c0       ?getRegions@MindLocalCircuitDef@@QAEAAV?$MapStringToClass@VMindRegionDef@@@@XZ 004ed0c0 f i wikiareapages.obj
 0002:00035100       ?getAreaType@MindAreaDef@@QAE?AVString@@XZ 004ed100 f i wikiareapages.obj
 0002:000351c0       ?getAreaName@MindAreaDef@@QAE?AVString@@XZ 004ed1c0 f i wikiareapages.obj
 0002:00035280       ?getCircuits@MindAreaDef@@QAEAAV?$MapStringToClass@VMindLocalCircuitDef@@@@XZ 004ed280 f i wikiareapages.obj
 0002:000352c0       ?getTypeName@MindLocalCircuitConnectionDef@@QAE?AVString@@XZ 004ed2c0 f i wikiareapages.obj
 0002:00035380       ?isPrimary@MindLocalCircuitConnectionDef@@QAE_NXZ 004ed380 f i wikiareapages.obj
 0002:000353c0       ?getSrcRegion@MindLocalCircuitConnectionDef@@QAE?AVString@@XZ 004ed3c0 f i wikiareapages.obj
 0002:00035480       ?getDstRegion@MindLocalCircuitConnectionDef@@QAE?AVString@@XZ 004ed480 f i wikiareapages.obj
 0002:00035540       ?getRegion@TargetRegionConnectorDef@@QAE?AVString@@XZ 004ed540 f i wikiareapages.obj
 0002:00035600       ?getAreaId@MindArea@@QAE?AVString@@XZ 004ed600 f i wikiareapages.obj
 0002:000356c0       ?isTargetArea@MindArea@@QAE_NXZ 004ed6c0 f i wikiareapages.obj
 0002:00035700       ?getMindAreaDef@MindArea@@QAEPAVMindAreaDef@@XZ 004ed700 f i wikiareapages.obj
 0002:00035740       ?getRegionType@MindRegion@@QAEPAVMindRegionTypeDef@@XZ 004ed740 f i wikiareapages.obj
 0002:00035780       ??0WikiCircuitPages@@QAE@PAVWikiMaker@@@Z 004ed780 f   wikicircuitpages.obj
 0002:00035840       ?getClass@WikiCircuitPages@@UAEPBDXZ 004ed840 f i wikicircuitpages.obj
 0002:00035880       ??_GWikiCircuitPages@@UAEPAXI@Z 004ed880 f i wikicircuitpages.obj
 0002:00035880       ??_EWikiCircuitPages@@UAEPAXI@Z 004ed880 f i wikicircuitpages.obj
 0002:000358f0       ??1WikiCircuitPages@@UAE@XZ 004ed8f0 f   wikicircuitpages.obj
 0002:00035990       ?execute@WikiCircuitPages@@QAEXXZ 004ed990 f   wikicircuitpages.obj
 0002:00035bd0       ?createCircuitPage@WikiCircuitPages@@AAEXVString@@0PAVMindGlobalCircuitDef@@@Z 004edbd0 f   wikicircuitpages.obj
 0002:00036120       ?createCircuitPage_getHeading@WikiCircuitPages@@AAEXVString@@PAVMindGlobalCircuitDef@@AAVStringList@@@Z 004ee120 f   wikicircuitpages.obj
 0002:00036540       ?createCircuitPage_getLinkList@WikiCircuitPages@@AAEXPAVMindGlobalCircuitDef@@AAV?$MapStringToClass@VMindLocalCircuitConnectionDef@@@@@Z 004ee540 f   wikicircuitpages.obj
 0002:00036770       ?createCircuitPage_getLinkSection@WikiCircuitPages@@AAEXPAVMindGlobalCircuitDef@@AAV?$MapStringToClass@VMindLocalCircuitConnectionDef@@@@AAVStringList@@@Z 004ee770 f   wikicircuitpages.obj
 0002:00036830       ?createCircuitPage_getLinksRow@WikiCircuitPages@@AAEXPAVMindGlobalCircuitDef@@PAVMindLocalCircuitConnectionDef@@AAVStringList@@@Z 004ee830 f   wikicircuitpages.obj
 0002:00036de0       ?createCircuitPage_getNodeList@WikiCircuitPages@@AAEXPAVMindGlobalCircuitDef@@AAV?$MapStringToClass@VMindRegion@@@@@Z 004eede0 f   wikicircuitpages.obj
 0002:00037080       ?createCircuitPage_getNodeSection@WikiCircuitPages@@AAEXPAVMindGlobalCircuitDef@@AAV?$MapStringToClass@VMindRegion@@@@AAVStringList@@@Z 004ef080 f   wikicircuitpages.obj
 0002:00037140       ?createCircuitPage_getNodesRow@WikiCircuitPages@@AAEXPAVMindGlobalCircuitDef@@PAVMindRegion@@AAVStringList@@@Z 004ef140 f   wikicircuitpages.obj
 0002:00037780       ?createCircuitPage_getDiagram@WikiCircuitPages@@AAEXPAVMindGlobalCircuitDef@@AAV?$MapStringToClass@VMindRegion@@@@AAV?$MapStringToClass@VMindLocalCircuitConnectionDef@@@@AAVStringList@@@Z 004ef780 f   wikicircuitpages.obj
 0002:00038400       ?count@?$ClassList@VMindGlobalCircuitDef@@@@QBEHXZ 004f0400 f i wikicircuitpages.obj
 0002:00038460       ?get@?$ClassList@VMindGlobalCircuitDef@@@@QBEPAVMindGlobalCircuitDef@@H@Z 004f0460 f i wikicircuitpages.obj
 0002:000384c0       ?getMindGlobalCircuits@MindMap@@QAEAAV?$ClassList@VMindGlobalCircuitDef@@@@XZ 004f04c0 f i wikicircuitpages.obj
 0002:00038500       ?getId@MindGlobalCircuitDef@@QAE?AVString@@XZ 004f0500 f i wikicircuitpages.obj
 0002:000385c0       ?getName@MindGlobalCircuitDef@@QAE?AVString@@XZ 004f05c0 f i wikicircuitpages.obj
 0002:00038680       ?getConnections@MindGlobalCircuitDef@@QAEAAV?$ClassList@VMindLocalCircuitConnectionDef@@@@XZ 004f0680 f i wikicircuitpages.obj
 0002:000386c0       ??0WikiHierarchyPage@@QAE@PAVWikiMaker@@@Z 004f06c0 f   wikihierarchypage.obj
 0002:00038780       ?getClass@WikiHierarchyPage@@UAEPBDXZ 004f0780 f i wikihierarchypage.obj
 0002:000387c0       ??_GWikiHierarchyPage@@UAEPAXI@Z 004f07c0 f i wikihierarchypage.obj
 0002:000387c0       ??_EWikiHierarchyPage@@UAEPAXI@Z 004f07c0 f i wikihierarchypage.obj
 0002:00038830       ??1WikiHierarchyPage@@UAE@XZ 004f0830 f   wikihierarchypage.obj
 0002:000388d0       ?execute@WikiHierarchyPage@@QAEXXZ 004f08d0 f   wikihierarchypage.obj
 0002:00038d50       ?updateHierarchyPage_walkTree@WikiHierarchyPage@@AAEXVString@@HAAVStringList@@PAVMindArea@@PAVMindRegion@@@Z 004f0d50 f   wikihierarchypage.obj
 0002:00039220       ?updateHierarchyPage_getArea@WikiHierarchyPage@@AAEPAVMindArea@@VString@@@Z 004f1220 f   wikihierarchypage.obj
 0002:00039660       ?updateHierarchyPage_getRegion@WikiHierarchyPage@@AAEPAVMindRegion@@VString@@@Z 004f1660 f   wikihierarchypage.obj
 0002:00039a90       ?updateHierarchyPage_getElementString@WikiHierarchyPage@@AAE?AVString@@V2@PAVMindArea@@PAVMindRegion@@12@Z 004f1a90 f   wikihierarchypage.obj
 0002:0003a600       ?updateHierarchyPage_walkNeocortex@WikiHierarchyPage@@AAEXVString@@00@Z 004f2600 f   wikihierarchypage.obj
 0002:0003a960       ?updateHierarchyPage_getNeocortexLobeLines@WikiHierarchyPage@@AAEXVString@@AAVStringList@@@Z 004f2960 f   wikihierarchypage.obj
 0002:0003b110       ?updateHierarchyPage_getNeocortexBrodmannLine@WikiHierarchyPage@@AAE?AVString@@V2@0@Z 004f3110 f   wikihierarchypage.obj
 0002:0003b400       ?updateHierarchyPage_walkNeocortexBrodmannLine@WikiHierarchyPage@@AAEXVString@@0AAVStringList@@@Z 004f3400 f   wikihierarchypage.obj
 0002:0003bb80       ?get@MapStringToString@@QAEPBDPBD@Z 004f3b80 f i wikihierarchypage.obj
 0002:0003bc30       ??0WikiMainPage@@QAE@PAVWikiMaker@@@Z 004f3c30 f   wikimainpage.obj
 0002:0003bcf0       ?getClass@WikiMainPage@@UAEPBDXZ 004f3cf0 f i wikimainpage.obj
 0002:0003bd30       ??_EWikiMainPage@@UAEPAXI@Z 004f3d30 f i wikimainpage.obj
 0002:0003bd30       ??_GWikiMainPage@@UAEPAXI@Z 004f3d30 f i wikimainpage.obj
 0002:0003bda0       ??1WikiMainPage@@UAE@XZ    004f3da0 f   wikimainpage.obj
 0002:0003be40       ?execute@WikiMainPage@@QAEXXZ 004f3e40 f   wikimainpage.obj
 0002:0003c450       ??0?$MapStringToClass@VMindGlobalCircuitDef@@@@QAE@XZ 004f4450 f i wikimainpage.obj
 0002:0003c4b0       ??1?$MapStringToClass@VMindGlobalCircuitDef@@@@QAE@XZ 004f44b0 f i wikimainpage.obj
 0002:0003c510       ?add@?$MapStringToClass@VMindGlobalCircuitDef@@@@QAEHPBDPAVMindGlobalCircuitDef@@@Z 004f4510 f i wikimainpage.obj
 0002:0003c720       ?count@?$MapStringToClass@VMindGlobalCircuitDef@@@@QAEHXZ 004f4720 f i wikimainpage.obj
 0002:0003c780       ?getClassByIndex@?$MapStringToClass@VMindGlobalCircuitDef@@@@QAEPAVMindGlobalCircuitDef@@H@Z 004f4780 f i wikimainpage.obj
 0002:0003c840       ??0WikiMaker@@QAE@VXml@@@Z 004f4840 f   wikimaker.obj
 0002:0003c960       ?getClass@WikiMaker@@UAEPBDXZ 004f4960 f i wikimaker.obj
 0002:0003c9a0       ??_EWikiMaker@@UAEPAXI@Z   004f49a0 f i wikimaker.obj
 0002:0003c9a0       ??_GWikiMaker@@UAEPAXI@Z   004f49a0 f i wikimaker.obj
 0002:0003ca10       ??1WikiMaker@@UAE@XZ       004f4a10 f   wikimaker.obj
 0002:0003cb00       ?createPages@WikiMaker@@QAEXXZ 004f4b00 f   wikimaker.obj
 0002:0003cbc0       ?createSpinalCordPage@WikiMaker@@AAEXXZ 004f4bc0 f   wikimaker.obj
 0002:0003ccb0       ?createTractsPages@WikiMaker@@AAEXXZ 004f4cb0 f   wikimaker.obj
 0002:0003cda0       ?createPeripheralPage@WikiMaker@@AAEXXZ 004f4da0 f   wikimaker.obj
 0002:0003cf00       ?createMainPage@WikiMaker@@AAEXXZ 004f4f00 f   wikimaker.obj
 0002:0003cff0       ?createCircuitPages@WikiMaker@@AAEXXZ 004f4ff0 f   wikimaker.obj
 0002:0003d0e0       ?updateHierarchyPage@WikiMaker@@AAEXXZ 004f50e0 f   wikimaker.obj
 0002:0003d1d0       ?createAreaPages@WikiMaker@@AAEXXZ 004f51d0 f   wikimaker.obj
 0002:0003d2c0       ?createNervePages@WikiMaker@@AAEXXZ 004f52c0 f   wikimaker.obj
 0002:0003d3f0       ?createMusclePages@WikiMaker@@AAEXXZ 004f53f0 f   wikimaker.obj
 0002:0003d520       ?updateFileSection@WikiMaker@@QAEXVString@@00AAVStringList@@@Z 004f5520 f   wikimaker.obj
 0002:0003e740       ?updateFileHeading@WikiMaker@@QAEXVString@@0AAVStringList@@@Z 004f6740 f   wikimaker.obj
 0002:0003f240       ?createFileContent@WikiMaker@@QAEXVString@@AAVStringList@@@Z 004f7240 f   wikimaker.obj
 0002:0003f630       ?setSpecialCharacters@WikiMaker@@QAE?AVString@@V2@@Z 004f7630 f   wikimaker.obj
 0002:0003f7c0       ?findReference@WikiMaker@@QAE?AVString@@PAVMindRegionLink@@@Z 004f77c0 f   wikimaker.obj
 0002:0003f900       ?findReference@WikiMaker@@QAE?AVString@@PAVMindLocalCircuitConnectionDef@@@Z 004f7900 f   wikimaker.obj
 0002:0003fa30       ?findReference@WikiMaker@@QAE?AVString@@V2@0@Z 004f7a30 f   wikimaker.obj
 0002:00040380       ?getAreaPage@WikiMaker@@QAE?AVString@@V2@@Z 004f8380 f   wikimaker.obj
 0002:00040490       ?getRegionPage@WikiMaker@@QAE?AVString@@V2@@Z 004f8490 f   wikimaker.obj
 0002:000405f0       ?ensureFileExists@WikiMaker@@QAEXVString@@0AAVStringList@@@Z 004f85f0 f   wikimaker.obj
 0002:00040980       ?getRegionReference@WikiMaker@@QAE?AVString@@V2@@Z 004f8980 f   wikimaker.obj
 0002:00040c00       ?getComponentReferenceInfo@WikiMaker@@QAEABVXmlHMindElementInfo@@VString@@@Z 004f8c00 f   wikimaker.obj
 0002:00040e40       ?getAvailableReference@WikiMaker@@QAE?AVString@@V2@@Z 004f8e40 f   wikimaker.obj
 0002:00041440       ?getComponentReference@WikiMaker@@QAE?AVString@@V2@@Z 004f9440 f   wikimaker.obj
 0002:00041fc0       ?getMuscleReference@WikiMaker@@QAE?AVString@@V2@0@Z 004f9fc0 f   wikimaker.obj
 0002:000422d0       ?getAreaReference@WikiMaker@@QAE?AVString@@V2@@Z 004fa2d0 f   wikimaker.obj
 0002:00042550       ?getDotColor@WikiMaker@@QAE?AVString@@V2@@Z 004fa550 f   wikimaker.obj
 0002:000427d0       ?clearRepeats1@WikiMaker@@QAEXAAVString@@@Z 004fa7d0 f   wikimaker.obj
 0002:00042860       ?clearRepeats2@WikiMaker@@QAEXAAVString@@0@Z 004fa860 f   wikimaker.obj
[...]
 0005:000005c8       __imp__DecodePointer@4     006715c8     kernel32:KERNEL32.dll
 0005:000005cc       __imp__QueryPerformanceCounter@4 006715cc     kernel32:KERNEL32.dll
 0005:000005d0       __imp__GetTickCount@0      006715d0     kernel32:KERNEL32.dll
 0005:000005d4       __imp__GetCurrentProcessId@0 006715d4     kernel32:KERNEL32.dll
 0005:000005d8       __imp__GetSystemTimeAsFileTime@4 006715d8     kernel32:KERNEL32.dll
 0005:000005dc       __imp__IsProcessorFeaturePresent@4 006715dc     kernel32:KERNEL32.dll
 0005:000005e0       __imp__HeapFree@12         006715e0     kernel32:KERNEL32.dll
 0005:000005e4       __imp__HeapAlloc@12        006715e4     kernel32:KERNEL32.dll
 0005:000005e8       __imp__GetProcessHeap@0    006715e8     kernel32:KERNEL32.dll
 0005:000005ec       __imp__GetModuleFileNameW@12 006715ec     kernel32:KERNEL32.dll
 0005:000005f0       __imp__VirtualQuery@12     006715f0     kernel32:KERNEL32.dll
 0005:000005f4       __imp__GetModuleHandleW@4  006715f4     kernel32:KERNEL32.dll
 0005:000005f8       __imp__FreeLibrary@4       006715f8     kernel32:KERNEL32.dll
 0005:000005fc       __imp__WaitForSingleObject@8 006715fc     kernel32:KERNEL32.dll
 0005:00000600       __imp__ReleaseSemaphore@12 00671600     kernel32:KERNEL32.dll
 0005:00000604       __imp__CreateSemaphoreA@16 00671604     kernel32:KERNEL32.dll
 0005:00000608       __imp__CloseHandle@4       00671608     kernel32:KERNEL32.dll
 0005:0000060c       __imp__CancelIoEx@8        0067160c     kernel32:KERNEL32.dll
 0005:00000610       __imp__CreateEventA@16     00671610     kernel32:KERNEL32.dll
 0005:00000614       __imp__SetEvent@4          00671614     kernel32:KERNEL32.dll
 0005:00000618       __imp__ResetEvent@4        00671618     kernel32:KERNEL32.dll
 0005:0000061c       __imp__CreateMutexA@12     0067161c     kernel32:KERNEL32.dll
 0005:00000620       __imp__ReleaseMutex@4      00671620     kernel32:KERNEL32.dll
 0005:00000624       __imp__InterlockedIncrement@4 00671624     kernel32:KERNEL32.dll
 0005:00000628       __imp__LoadLibraryA@4      00671628     kernel32:KERNEL32.dll
 0005:0000062c       __imp__GetComputerNameA@8  0067162c     kernel32:KERNEL32.dll
 0005:00000630       __imp__GetSystemTimes@12   00671630     kernel32:KERNEL32.dll
 0005:00000634       __imp__GetModuleHandleA@4  00671634     kernel32:KERNEL32.dll
 0005:00000638       __imp__GetModuleFileNameA@12 00671638     kernel32:KERNEL32.dll
 0005:0000063c       __imp__WaitForMultipleObjectsEx@20 0067163c     kernel32:KERNEL32.dll
 0005:00000640       __imp__FindFirstFileA@8    00671640     kernel32:KERNEL32.dll
 0005:00000644       __imp__FindClose@4         00671644     kernel32:KERNEL32.dll
 0005:00000648       __imp__TlsAlloc@0          00671648     kernel32:KERNEL32.dll
 0005:0000064c       \177KERNEL32_NULL_THUNK_DATA 0067164c     kernel32:KERNEL32.dll
 0005:000006a4       __imp_?peek@?$basic_istream@DU?$char_traits@D@std@@@std@@QAEHXZ 006716a4     msvcprtd:MSVCP100D.dll
 0005:000006a8       __imp_?get@?$basic_istream@DU?$char_traits@D@std@@@std@@QAEHXZ 006716a8     msvcprtd:MSVCP100D.dll
 0005:000006ac       __imp_?uncaught_exception@std@@YA_NXZ 006716ac     msvcprtd:MSVCP100D.dll
 0005:000006b0       __imp_?_Osfx@?$basic_ostream@DU?$char_traits@D@std@@@std@@QAEXXZ 006716b0     msvcprtd:MSVCP100D.dll
 0005:000006b4       __imp_?good@ios_base@std@@QBE_NXZ 006716b4     msvcprtd:MSVCP100D.dll
 0005:000006b8       __imp_?tie@?$basic_ios@DU?$char_traits@D@std@@@std@@QBEPAV?$basic_ostream@DU?$char_traits@D@std@@@2@XZ 006716b8     msvcprtd:MSVCP100D.dll
 0005:000006bc       __imp_?flush@?$basic_ostream@DU?$char_traits@D@std@@@std@@QAEAAV12@XZ 006716bc     msvcprtd:MSVCP100D.dll
 0005:000006c0       __imp_?width@ios_base@std@@QBE_JXZ 006716c0     msvcprtd:MSVCP100D.dll
 0005:000006c4       __imp_?flags@ios_base@std@@QBEHXZ 006716c4     msvcprtd:MSVCP100D.dll
 0005:000006c8       __imp_?fill@?$basic_ios@DU?$char_traits@D@std@@@std@@QBEDXZ 006716c8     msvcprtd:MSVCP100D.dll
 0005:000006cc       __imp_?rdbuf@?$basic_ios@DU?$char_traits@D@std@@@std@@QBEPAV?$basic_streambuf@DU?$char_traits@D@std@@@2@XZ 006716cc     msvcprtd:MSVCP100D.dll
 0005:000006d0       __imp_?sputc@?$basic_streambuf@DU?$char_traits@D@std@@@std@@QAEHD@Z 006716d0     msvcprtd:MSVCP100D.dll
 0005:000006d4       __imp_?sputn@?$basic_streambuf@DU?$char_traits@D@std@@@std@@QAE_JPBD_J@Z 006716d4     msvcprtd:MSVCP100D.dll
 0005:000006d8       __imp_?width@ios_base@std@@QAE_J_J@Z 006716d8     msvcprtd:MSVCP100D.dll
 0005:000006dc       __imp_?setstate@?$basic_ios@DU?$char_traits@D@std@@@std@@QAEXH_N@Z 006716dc     msvcprtd:MSVCP100D.dll
 0005:000006e0       __imp_??0?$basic_streambuf@DU?$char_traits@D@std@@@std@@IAE@XZ 006716e0     msvcprtd:MSVCP100D.dll
 0005:000006e4       __imp_?_BADOFF@std@@3_JB   006716e4     msvcprtd:MSVCP100D.dll
 0005:000006e8       __imp_?pbump@?$basic_streambuf@DU?$char_traits@D@std@@@std@@IAEXH@Z 006716e8     msvcprtd:MSVCP100D.dll
 0005:000006ec       __imp_?egptr@?$basic_streambuf@DU?$char_traits@D@std@@@std@@IBEPADXZ 006716ec     msvcprtd:MSVCP100D.dll
 0005:000006f0       __imp_?gbump@?$basic_streambuf@DU?$char_traits@D@std@@@std@@IAEXH@Z 006716f0     msvcprtd:MSVCP100D.dll
 0005:000006f4       __imp_?pptr@?$basic_streambuf@DU?$char_traits@D@std@@@std@@IBEPADXZ 006716f4     msvcprtd:MSVCP100D.dll
 0005:000006f8       __imp_?epptr@?$basic_streambuf@DU?$char_traits@D@std@@@std@@IBEPADXZ 006716f8     msvcprtd:MSVCP100D.dll
 0005:000006fc       __imp_?pbase@?$basic_streambuf@DU?$char_traits@D@std@@@std@@IBEPADXZ 006716fc     msvcprtd:MSVCP100D.dll
 0005:00000700       __imp_?setp@?$basic_streambuf@DU?$char_traits@D@std@@@std@@IAEXPAD00@Z 00671700     msvcprtd:MSVCP100D.dll
 0005:00000704       __imp_?_Pninc@?$basic_streambuf@DU?$char_traits@D@std@@@std@@IAEPADXZ 00671704     msvcprtd:MSVCP100D.dll
 0005:00000708       __imp_?eback@?$basic_streambuf@DU?$char_traits@D@std@@@std@@IBEPADXZ 00671708     msvcprtd:MSVCP100D.dll
 0005:0000070c       __imp_?setp@?$basic_streambuf@DU?$char_traits@D@std@@@std@@IAEXPAD0@Z 0067170c     msvcprtd:MSVCP100D.dll
 0005:00000710       __imp_?setg@?$basic_streambuf@DU?$char_traits@D@std@@@std@@IAEXPAD00@Z 00671710     msvcprtd:MSVCP100D.dll
 0005:00000714       __imp_?gptr@?$basic_streambuf@DU?$char_traits@D@std@@@std@@IBEPADXZ 00671714     msvcprtd:MSVCP100D.dll
 0005:00000718       __imp_?imbue@?$basic_streambuf@DU?$char_traits@D@std@@@std@@MAEXABVlocale@2@@Z 00671718     msvcprtd:MSVCP100D.dll
 0005:0000071c       __imp_?sync@?$basic_streambuf@DU?$char_traits@D@std@@@std@@MAEHXZ 0067171c     msvcprtd:MSVCP100D.dll
 0005:00000720       __imp_?setbuf@?$basic_streambuf@DU?$char_traits@D@std@@@std@@MAEPAV12@PAD_J@Z 00671720     msvcprtd:MSVCP100D.dll
 0005:00000724       __imp_?xsputn@?$basic_streambuf@DU?$char_traits@D@std@@@std@@MAE_JPBD_J@Z 00671724     msvcprtd:MSVCP100D.dll
 0005:00000728       __imp_?xsgetn@?$basic_streambuf@DU?$char_traits@D@std@@@std@@MAE_JPAD_J@Z 00671728     msvcprtd:MSVCP100D.dll
 0005:0000072c       __imp_?uflow@?$basic_streambuf@DU?$char_traits@D@std@@@std@@MAEHXZ 0067172c     msvcprtd:MSVCP100D.dll
 0005:00000730       __imp_?showmanyc@?$basic_streambuf@DU?$char_traits@D@std@@@std@@MAE_JXZ 00671730     msvcprtd:MSVCP100D.dll
 0005:00000734       __imp_?_Unlock@?$basic_streambuf@DU?$char_traits@D@std@@@std@@UAEXXZ 00671734     msvcprtd:MSVCP100D.dll
 0005:00000738       __imp_?_Lock@?$basic_streambuf@DU?$char_traits@D@std@@@std@@UAEXXZ 00671738     msvcprtd:MSVCP100D.dll
 0005:0000073c       __imp_??1?$basic_streambuf@DU?$char_traits@D@std@@@std@@UAE@XZ 0067173c     msvcprtd:MSVCP100D.dll
 0005:00000740       __imp_??0?$basic_ios@DU?$char_traits@D@std@@@std@@IAE@XZ 00671740     msvcprtd:MSVCP100D.dll
 0005:00000744       __imp_??0?$basic_ostream@DU?$char_traits@D@std@@@std@@QAE@PAV?$basic_streambuf@DU?$char_traits@D@std@@@1@_N@Z 00671744     msvcprtd:MSVCP100D.dll
 0005:00000748       __imp_??1?$basic_ostream@DU?$char_traits@D@std@@@std@@UAE@XZ 00671748     msvcprtd:MSVCP100D.dll
 0005:0000074c       __imp_??1?$basic_ios@DU?$char_traits@D@std@@@std@@UAE@XZ 0067174c     msvcprtd:MSVCP100D.dll
 0005:00000750       __imp_??6?$basic_ostream@DU?$char_traits@D@std@@@std@@QAEAAV01@H@Z 00671750     msvcprtd:MSVCP100D.dll
 0005:00000754       __imp_?_Debug_message@std@@YAXPB_W0I@Z 00671754     msvcprtd:MSVCP100D.dll
 0005:00000758       __imp_?_Xlength_error@std@@YAXPBD@Z 00671758     msvcprtd:MSVCP100D.dll
 0005:0000075c       __imp_?_Xout_of_range@std@@YAXPBD@Z 0067175c     msvcprtd:MSVCP100D.dll
 0005:00000760       __imp_?_Orphan_all@_Container_base12@std@@QAEXXZ 00671760     msvcprtd:MSVCP100D.dll
 0005:00000764       __imp_??0_Container_base12@std@@QAE@XZ 00671764     msvcprtd:MSVCP100D.dll
 0005:00000768       __imp_??1_Container_base12@std@@QAE@XZ 00671768     msvcprtd:MSVCP100D.dll
 0005:0000076c       \177MSVCP100D_NULL_THUNK_DATA 0067176c     msvcprtd:MSVCP100D.dll
 0005:000007c0       __imp__isspace             006717c0     MSVCRTD:MSVCR100D.dll
 0005:000007c4       __imp__fopen_s             006717c4     MSVCRTD:MSVCR100D.dll
 0005:000007c8       __imp___wassert            006717c8     MSVCRTD:MSVCR100D.dll
 0005:000007cc       __imp_??_V@YAXPAX@Z        006717cc     MSVCRTD:MSVCR100D.dll
 0005:000007d0       __imp__fread               006717d0     MSVCRTD:MSVCR100D.dll
 0005:000007d4       __imp__ftell               006717d4     MSVCRTD:MSVCR100D.dll
 0005:000007d8       __imp__fseek               006717d8     MSVCRTD:MSVCR100D.dll
 0005:000007dc       __imp__ferror              006717dc     MSVCRTD:MSVCR100D.dll
 0005:000007e0       __imp__fputc               006717e0     MSVCRTD:MSVCR100D.dll
 0005:000007e4       __imp__sscanf_s            006717e4     MSVCRTD:MSVCR100D.dll
 0005:000007e8       __imp__strcspn             006717e8     MSVCRTD:MSVCR100D.dll
 0005:000007ec       __imp___vsnprintf_s        006717ec     MSVCRTD:MSVCR100D.dll
 0005:000007f0       __imp__isalpha             006717f0     MSVCRTD:MSVCR100D.dll
 0005:000007f4       __imp__isalnum             006717f4     MSVCRTD:MSVCR100D.dll
 0005:000007f8       __imp__tolower             006717f8     MSVCRTD:MSVCR100D.dll
 0005:000007fc       __imp__fflush              006717fc     MSVCRTD:MSVCR100D.dll
 0005:00000800       __imp___ftime64_s          00671800     MSVCRTD:MSVCR100D.dll
 0005:00000804       __imp___CRT_RTC_INITW      00671804     MSVCRTD:MSVCR100D.dll
 0005:00000808       __imp___configthreadlocale 00671808     MSVCRTD:MSVCR100D.dll
 0005:0000080c       __imp____setusermatherr    0067180c     MSVCRTD:MSVCR100D.dll
 0005:00000810       __imp___commode            00671810     MSVCRTD:MSVCR100D.dll
 0005:00000814       __imp___fmode              00671814     MSVCRTD:MSVCR100D.dll
 0005:00000818       __imp____set_app_type      00671818     MSVCRTD:MSVCR100D.dll
 0005:0000081c       __imp___amsg_exit          0067181c     MSVCRTD:MSVCR100D.dll
 0005:00000820       __imp____getmainargs       00671820     MSVCRTD:MSVCR100D.dll
 0005:00000824       __imp___exit               00671824     MSVCRTD:MSVCR100D.dll
 0005:00000828       __imp___XcptFilter         00671828     MSVCRTD:MSVCR100D.dll
 0005:0000082c       __imp___cexit              0067182c     MSVCRTD:MSVCR100D.dll
 0005:00000830       __imp__exit                00671830     MSVCRTD:MSVCR100D.dll
 0005:00000834       __imp____initenv           00671834     MSVCRTD:MSVCR100D.dll
 0005:00000838       __imp___CrtSetCheckCount   00671838     MSVCRTD:MSVCR100D.dll
 0005:0000083c       __imp___CrtDbgReportW      0067183c     MSVCRTD:MSVCR100D.dll
 0005:00000840       __imp___initterm           00671840     MSVCRTD:MSVCR100D.dll
 0005:00000844       __imp___initterm_e         00671844     MSVCRTD:MSVCR100D.dll
 0005:00000848       __imp___crt_debugger_hook  00671848     MSVCRTD:MSVCR100D.dll
 0005:0000084c       __imp_?terminate@@YAXXZ    0067184c     MSVCRTD:MSVCR100D.dll
 0005:00000850       __imp_?_type_info_dtor_internal_method@type_info@@QAEXXZ 00671850     MSVCRTD:MSVCR100D.dll
 0005:00000854       __imp___controlfp_s        00671854     MSVCRTD:MSVCR100D.dll
 0005:00000858       __imp___invoke_watson      00671858     MSVCRTD:MSVCR100D.dll
 0005:0000085c       __imp___unlock             0067185c     MSVCRTD:MSVCR100D.dll
 0005:00000860       __imp____dllonexit         00671860     MSVCRTD:MSVCR100D.dll
 0005:00000864       __imp___lock               00671864     MSVCRTD:MSVCR100D.dll
 0005:00000868       __imp___onexit             00671868     MSVCRTD:MSVCR100D.dll
 0005:0000086c       __imp___except_handler4_common 0067186c     MSVCRTD:MSVCR100D.dll
 0005:00000870       __imp___wmakepath_s        00671870     MSVCRTD:MSVCR100D.dll
 0005:00000874       __imp__wcscpy_s            00671874     MSVCRTD:MSVCR100D.dll
 0005:00000878       __imp___wsplitpath_s       00671878     MSVCRTD:MSVCR100D.dll
 0005:0000087c       __imp__strpbrk             0067187c     MSVCRTD:MSVCR100D.dll
 0005:00000880       __imp__strncpy             00671880     MSVCRTD:MSVCR100D.dll
 0005:00000884       __imp__signal              00671884     MSVCRTD:MSVCR100D.dll
 0005:00000888       __imp____iob_func          00671888     MSVCRTD:MSVCR100D.dll
 0005:0000088c       __imp__fprintf             0067188c     MSVCRTD:MSVCR100D.dll
 0005:00000890       __imp__clock               00671890     MSVCRTD:MSVCR100D.dll
 0005:00000894       __imp_?_set_se_translator@@YAP6AXIPAU_EXCEPTION_POINTERS@@@ZP6AXI0@Z@Z 00671894     MSVCRTD:MSVCR100D.dll
 0005:00000898       __imp__strspn              00671898     MSVCRTD:MSVCR100D.dll
 0005:0000089c       __imp__isxdigit            0067189c     MSVCRTD:MSVCR100D.dll
 0005:000008a0       __imp___strlwr             006718a0     MSVCRTD:MSVCR100D.dll
 0005:000008a4       __imp___strupr             006718a4     MSVCRTD:MSVCR100D.dll
 0005:000008a8       __imp__strrchr             006718a8     MSVCRTD:MSVCR100D.dll
 0005:000008ac       __imp__strstr              006718ac     MSVCRTD:MSVCR100D.dll
 0005:000008b0       __imp_?what@exception@std@@UBEPBDXZ 006718b0     MSVCRTD:MSVCR100D.dll
 0005:000008b4       __imp_??0exception@std@@QAE@ABQBD@Z 006718b4     MSVCRTD:MSVCR100D.dll
 0005:000008b8       __imp_??1exception@std@@UAE@XZ 006718b8     MSVCRTD:MSVCR100D.dll
 0005:000008bc       __imp_??0exception@std@@QAE@ABV01@@Z 006718bc     MSVCRTD:MSVCR100D.dll
 0005:000008c0       __imp__strchr              006718c0     MSVCRTD:MSVCR100D.dll
 0005:000008c4       __imp__log                 006718c4     MSVCRTD:MSVCR100D.dll
 0005:000008c8       __imp__sqrt                006718c8     MSVCRTD:MSVCR100D.dll
 0005:000008cc       __imp__memcmp              006718cc     MSVCRTD:MSVCR100D.dll
 0005:000008d0       __imp___time64             006718d0     MSVCRTD:MSVCR100D.dll
 0005:000008d4       __imp___localtime64_s      006718d4     MSVCRTD:MSVCR100D.dll
 0005:000008d8       __imp__strcat              006718d8     MSVCRTD:MSVCR100D.dll
 0005:000008dc       __imp__sscanf              006718dc     MSVCRTD:MSVCR100D.dll
 0005:000008e0       __imp__atof                006718e0     MSVCRTD:MSVCR100D.dll
 0005:000008e4       __imp__modf                006718e4     MSVCRTD:MSVCR100D.dll
 0005:000008e8       __imp__strcpy              006718e8     MSVCRTD:MSVCR100D.dll
 0005:000008ec       __imp__atoi                006718ec     MSVCRTD:MSVCR100D.dll
 0005:000008f0       __imp__isdigit             006718f0     MSVCRTD:MSVCR100D.dll
 0005:000008f4       __imp__strncmp             006718f4     MSVCRTD:MSVCR100D.dll
 0005:000008f8       __imp__vsprintf            006718f8     MSVCRTD:MSVCR100D.dll
 0005:000008fc       __imp__strlen              006718fc     MSVCRTD:MSVCR100D.dll
 0005:00000900       __imp__memcpy              00671900     MSVCRTD:MSVCR100D.dll
 0005:00000904       __imp__malloc              00671904     MSVCRTD:MSVCR100D.dll
 0005:00000908       __imp__strcmp              00671908     MSVCRTD:MSVCR100D.dll
 0005:0000090c       __imp__memmove             0067190c     MSVCRTD:MSVCR100D.dll
 0005:00000910       __imp_??3@YAXPAX@Z         00671910     MSVCRTD:MSVCR100D.dll
 0005:00000914       __imp_??2@YAPAXI@Z         00671914     MSVCRTD:MSVCR100D.dll
 0005:00000918       __imp____CxxFrameHandler3  00671918     MSVCRTD:MSVCR100D.dll
 0005:0000091c       __imp__printf              0067191c     MSVCRTD:MSVCR100D.dll
 0005:00000920       __imp___CxxThrowException@8 00671920     MSVCRTD:MSVCR100D.dll
 0005:00000924       __imp___purecall           00671924     MSVCRTD:MSVCR100D.dll
 0005:00000928       __imp__free                00671928     MSVCRTD:MSVCR100D.dll
 0005:0000092c       __imp__sprintf             0067192c     MSVCRTD:MSVCR100D.dll
 0005:00000930       __imp___strdup             00671930     MSVCRTD:MSVCR100D.dll
 0005:00000934       __imp__rename              00671934     MSVCRTD:MSVCR100D.dll
 0005:00000938       __imp__fclose              00671938     MSVCRTD:MSVCR100D.dll
 0005:0000093c       __imp__fputs               0067193c     MSVCRTD:MSVCR100D.dll
 0005:00000940       __imp__fgets               00671940     MSVCRTD:MSVCR100D.dll
 0005:00000944       __imp__feof                00671944     MSVCRTD:MSVCR100D.dll
 0005:00000948       __imp__remove              00671948     MSVCRTD:MSVCR100D.dll
 0005:0000094c       __imp__fopen               0067194c     MSVCRTD:MSVCR100D.dll
 0005:00000950       __imp__memset              00671950     MSVCRTD:MSVCR100D.dll
 0005:00000954       __imp__realloc             00671954     MSVCRTD:MSVCR100D.dll
 0005:00000958       __imp__calloc              00671958     MSVCRTD:MSVCR100D.dll
 0005:0000095c       __imp__getc                0067195c     MSVCRTD:MSVCR100D.dll
 0005:00000960       __imp___beginthreadex      00671960     MSVCRTD:MSVCR100D.dll
 0005:00000964       __imp___endthreadex        00671964     MSVCRTD:MSVCR100D.dll
 0005:00000968       __imp__qsort               00671968     MSVCRTD:MSVCR100D.dll
 0005:0000096c       __imp__memchr              0067196c     MSVCRTD:MSVCR100D.dll
 0005:00000970       \177MSVCR100D_NULL_THUNK_DATA 00671970     MSVCRTD:MSVCR100D.dll
 0005:000009f0       __imp__accept@12           006719f0     Ws2_32:WS2_32.dll
 0005:000009f4       __imp__ntohs@4             006719f4     Ws2_32:WS2_32.dll
 0005:000009f8       __imp__bind@12             006719f8     Ws2_32:WS2_32.dll
 0005:000009fc       __imp__setsockopt@20       006719fc     Ws2_32:WS2_32.dll
 0005:00000a00       __imp__listen@8            00671a00     Ws2_32:WS2_32.dll
 0005:00000a04       __imp__send@16             00671a04     Ws2_32:WS2_32.dll
 0005:00000a08       __imp__recv@16             00671a08     Ws2_32:WS2_32.dll
 0005:00000a0c       __imp__select@20           00671a0c     Ws2_32:WS2_32.dll
 0005:00000a10       __imp__shutdown@8          00671a10     Ws2_32:WS2_32.dll
 0005:00000a14       __imp__closesocket@4       00671a14     Ws2_32:WS2_32.dll
 0005:00000a18       __imp__htons@4             00671a18     Ws2_32:WS2_32.dll
 0005:00000a1c       __imp__inet_addr@4         00671a1c     Ws2_32:WS2_32.dll
 0005:00000a20       __imp__gethostbyname@4     00671a20     Ws2_32:WS2_32.dll
 0005:00000a24       __imp__socket@12           00671a24     Ws2_32:WS2_32.dll
 0005:00000a28       __imp__connect@12          00671a28     Ws2_32:WS2_32.dll
 0005:00000a2c       __imp__WSAGetLastError@0   00671a2c     Ws2_32:WS2_32.dll
 0005:00000a30       __imp__ioctlsocket@12      00671a30     Ws2_32:WS2_32.dll
 0005:00000a34       __imp__WSACleanup@0        00671a34     Ws2_32:WS2_32.dll
 0005:00000a38       __imp__WSAStartup@8        00671a38     Ws2_32:WS2_32.dll
 0005:00000a3c       \177WS2_32_NULL_THUNK_DATA 00671a3c     Ws2_32:WS2_32.dll

 entry point at        0002:00000f0f

