 tools

 Timestamp is 50d87ab8 (Mon Dec 24 18:54:32 2012)

 Preferred load address is 00400000

 Start         Length     Name                   Class
 0001:00000000 000522b3H .textbss                DATA
 0002:00000000 00099a67H .text                   CODE
 0002:00099a70 0001192dH .text$x                 CODE
 0003:00000000 00000104H .CRT$XCA                DATA
 0003:00000104 00000104H .CRT$XCAA               DATA
 0003:00000208 00000104H .CRT$XCZ                DATA
 0003:0000030c 00000104H .CRT$XIA                DATA
 0003:00000410 00000104H .CRT$XIAA               DATA
 0003:00000514 00000104H .CRT$XIC                DATA
 0003:00000618 00000104H .CRT$XIY                DATA
 0003:0000071c 00000104H .CRT$XIZ                DATA
 0003:00000820 00009f76H .rdata                  DATA
 0003:0000a798 00000160H .rdata$debug            DATA
 0003:0000a8f8 00001b32H .rdata$r                DATA
 0003:0000c42c 00000104H .rtc$IAA                DATA
 0003:0000c530 00000280H .rtc$IMZ                DATA
 0003:0000c7b0 00000104H .rtc$IZZ                DATA
 0003:0000c8b4 00000104H .rtc$TAA                DATA
 0003:0000c9b8 00000280H .rtc$TMZ                DATA
 0003:0000cc38 00000104H .rtc$TZZ                DATA
 0003:0000cd40 0000e369H .xdata$x                DATA
 0003:0001b0a9 00000000H .edata                  DATA
 0004:00000000 00001168H .data                   DATA
 0004:00001168 000004a0H .bss                    DATA
 0005:00000000 00000050H .idata$2                DATA
 0005:00000050 00000014H .idata$3                DATA
 0005:00000064 000004e8H .idata$4                DATA
 0005:0000054c 000004e8H .idata$5                DATA
 0005:00000a34 00001878H .idata$6                DATA
 0006:00000000 00000169H .rsrc$01                DATA
 0006:00000170 000002e9H .rsrc$02                DATA

  Address         Publics by Value              Rva+Base       Lib:Object

 0000:00000000       ___safe_se_handler_table   00000000     <absolute>
 0000:00000000       __except_list              00000000     <absolute>
 0000:00000000       ___safe_se_handler_count   00000000     <absolute>
 0000:00009876       __fltused                  00009876     <absolute>
 0000:00009876       __ldused                   00009876     <absolute>
 0000:00000000       ___ImageBase               00400000     <linker-defined>
 0001:00000000       __enc$textbss$begin        00401000     <linker-defined>
 0001:000522b3       __enc$textbss$end          004532b3     <linker-defined>
 0002:00005790       _main                      00459790 f   main.obj
 0002:00005bb0       ??0ConsoleTool@@QAE@XZ     00459bb0 f   consoletool.obj
 0002:00005cc0       ??_GConsoleTool@@UAEPAXI@Z 00459cc0 f i consoletool.obj
 0002:00005cc0       ??_EConsoleTool@@UAEPAXI@Z 00459cc0 f i consoletool.obj
 0002:00005d30       ??1ConsoleTool@@UAE@XZ     00459d30 f   consoletool.obj
 0002:00005df0       ?execute@ConsoleTool@@UAEHHPAPAD@Z 00459df0 f   consoletool.obj
 0002:00006730       ?readNextRequest@ConsoleTool@@AAE?AVString@@PAU_iobuf@@@Z 0045a730 f   consoletool.obj
 0002:00006990       ?logXml@ConsoleTool@@AAEXPAU_iobuf@@VString@@AAVXml@@@Z 0045a990 f   consoletool.obj
 0002:00006ae0       ?logInfo@ConsoleTool@@AAEXPAU_iobuf@@VString@@@Z 0045aae0 f   consoletool.obj
 0002:00006bd0       ?logError@ConsoleTool@@AAEXPAU_iobuf@@VString@@@Z 0045abd0 f   consoletool.obj
 0002:00006cc0       ?logException@ConsoleTool@@AAEXPAU_iobuf@@VString@@@Z 0045acc0 f   consoletool.obj
 0002:00006db0       ?makeRequest@ConsoleTool@@AAE_NPAU_iobuf@@0@Z 0045adb0 f   consoletool.obj
 0002:00007430       ?logGreeting@ConsoleTool@@AAEXPAU_iobuf@@@Z 0045b430 f   consoletool.obj
 0002:00007550       ?executeRequests@ConsoleTool@@AAEHPAU_iobuf@@0@Z 0045b550 f   consoletool.obj
 0002:000077f0       ??1ToolBase@@UAE@XZ        0045b7f0 f i consoletool.obj
 0002:000078b0       ??_GToolBase@@UAEPAXI@Z    0045b8b0 f i consoletool.obj
 0002:000078b0       ??_EToolBase@@UAEPAXI@Z    0045b8b0 f i consoletool.obj
 0002:00007920       ??0ToolBase@@QAE@VString@@@Z 0045b920 f   toolbase.obj
 0002:00007a20       ?getTool@ToolBase@@SAPAV1@VString@@@Z 0045ba20 f   toolbase.obj
 0002:00007b70       ??0Logger@@QAE@XZ          0045bb70 f   platform:logger.obj
 0002:00007bc0       ??1Logger@@QAE@XZ          0045bbc0 f   platform:logger.obj
 0002:00007c00       ?attachRoot@Logger@@QAEXXZ 0045bc00 f   platform:logger.obj
 0002:00007c60       ?setLoggerName@Logger@@QAEXPBD@Z 0045bc60 f   platform:logger.obj
 0002:00007cb0       ?attachService@Logger@@QAEXPBD0@Z 0045bcb0 f   platform:logger.obj
 0002:00007d60       ?attachObjectInstance@Logger@@QAEXPBD00@Z 0045bd60 f   platform:logger.obj
 0002:00007e50       ?attachObject@Logger@@QAEXPBD0@Z 0045be50 f   platform:logger.obj
 0002:00007f00       ?attachCustom@Logger@@QAEXPBD0@Z 0045bf00 f   platform:logger.obj
 0002:00007fe0       ?printStack@Logger@@QAEXXZ 0045bfe0 f   platform:logger.obj
 0002:00008060       ?printStack@Logger@@QAEXPAU_rfc_threadstack@@H@Z 0045c060 f   platform:logger.obj
 0002:000080c0       ?printStackInplace@Logger@@QAEXPAU_rfc_threadstack@@H@Z 0045c0c0 f   platform:logger.obj
 0002:00008120       ?printStackInternal@Logger@@QAEXPAU_rfc_threadstack@@H_N@Z 0045c120 f   platform:logger.obj
 0002:000089e0       ?log@Logger@@QAEXPBDW4LogLevel@1@W4LogOutputMode@1@@Z 0045c9e0 f   platform:logger.obj
 0002:00008a60       ?logInfo@Logger@@QAEXPBDW4LogOutputMode@1@@Z 0045ca60 f   platform:logger.obj
 0002:00008ae0       ?logError@Logger@@QAEXPBDW4LogOutputMode@1@@Z 0045cae0 f   platform:logger.obj
 0002:00008b60       ?logDebug@Logger@@QAEXPBDW4LogOutputMode@1@@Z 0045cb60 f   platform:logger.obj
 0002:00008be0       ?disabled@Logger@@QAE_NW4LogLevel@1@@Z 0045cbe0 f   platform:logger.obj
 0002:00008c40       ?logInternal@Logger@@AAEXPBDW4LogOutputMode@1@W4LogLevel@1@@Z 0045cc40 f   platform:logger.obj
 0002:00008e30       ?getPostfix@Logger@@AAEPBDXZ 0045ce30 f   platform:logger.obj
 0002:00008e80       ?isLogAll@Logger@@QAE_NXZ  0045ce80 f   platform:logger.obj
 0002:00008f00       ?getLogSettings@Logger@@QAE?AVXml@@XZ 0045cf00 f   platform:logger.obj
 0002:00008f80       ?printStack@Logger@@QAEXAAVRuntimeException@@@Z 0045cf80 f   platform:logger.obj
 0002:00009500       ??0StringList@@QAE@XZ      0045d500 f i platform:logger.obj
 0002:00009560       ??1StringList@@QAE@XZ      0045d560 f i platform:logger.obj
 0002:000095c0       ?add@StringList@@QAEHPBD@Z 0045d5c0 f i platform:logger.obj
 0002:00009660       ?count@StringList@@QAEHXZ  0045d660 f i platform:logger.obj
 0002:000096a0       ?get@StringList@@QAE?AVString@@H@Z 0045d6a0 f i platform:logger.obj
 0002:000098b0       ??1RuntimeException@@QAE@XZ 0045d8b0 f i platform:logger.obj
 0002:000099a0       ??0RuntimeException@@QAE@ABV0@@Z 0045d9a0 f i platform:logger.obj
 0002:00009ae0       ??0String@@QAE@XZ          0045dae0 f   platform:string.obj
 0002:00009b30       ??1String@@QAE@XZ          0045db30 f   platform:string.obj
 0002:00009bf0       ??0String@@QAE@PBD@Z       0045dbf0 f   platform:string.obj
 0002:00009c70       ??0String@@QAE@PBDH@Z      0045dc70 f   platform:string.obj
 0002:00009cf0       ?createFromString@String@@AAEXPBD@Z 0045dcf0 f   platform:string.obj
 0002:00009d60       ??0String@@QAE@ABV0@@Z     0045dd60 f   platform:string.obj
 0002:00009de0       ?getChar@String@@QBEDH@Z   0045dde0 f   platform:string.obj
 0002:00009fc0       ?equals@String@@QBE_NPBD@Z 0045dfc0 f   platform:string.obj
 0002:0000a090       ??YString@@QAEAAV0@PBD@Z   0045e090 f   platform:string.obj
 0002:0000a130       ?append@String@@QAEAAV1@PBDH@Z 0045e130 f   platform:string.obj
 0002:0000a350       ?remove@String@@QAEXH@Z    0045e350 f   platform:string.obj
 0002:0000a3b0       ?remove@String@@QAEXHH@Z   0045e3b0 f   platform:string.obj
 0002:0000a4b0       ??YString@@QAEAAV0@D@Z     0045e4b0 f   platform:string.obj
 0002:0000a510       ??YString@@QAEAAV0@H@Z     0045e510 f   platform:string.obj
 0002:0000a5f0       ??YString@@QAEAAV0@M@Z     0045e5f0 f   platform:string.obj
 0002:0000a6e0       ??BString@@QBEPBDXZ        0045e6e0 f   platform:string.obj
 0002:0000a730       ??4String@@QAEAAV0@PBD@Z   0045e730 f   platform:string.obj
 0002:0000a7b0       ??4String@@QAEAAV0@AAV0@@Z 0045e7b0 f   platform:string.obj
 0002:0000a840       ?clear@String@@QAEXXZ      0045e840 f   platform:string.obj
 0002:0000a890       ?assign@String@@QAEAAV1@PBDH@Z 0045e890 f   platform:string.obj
 0002:0000a940       ?append@String@@QAEAAV1@HD@Z 0045e940 f   platform:string.obj
 0002:0000a9f0       ?resize@String@@QAEXH@Z    0045e9f0 f   platform:string.obj
 0002:0000aa80       ?getBuffer@String@@QAEPADXZ 0045ea80 f   platform:string.obj
 0002:0000aac0       ?size@String@@QBEHXZ       0045eac0 f   platform:string.obj
 0002:0000ab30       ?length@String@@QBEHXZ     0045eb30 f   platform:string.obj
 0002:0000aba0       ?isEmpty@String@@QBE_NXZ   0045eba0 f   platform:string.obj
 0002:0000ac10       ?find@String@@QBEHPBD@Z    0045ec10 f   platform:string.obj
 0002:0000acb0       ?strstr@@YAPADPADPBD@Z     0045ecb0 f i platform:string.obj
 0002:0000ad10       ?find@String@@QBEHHPBD@Z   0045ed10 f   platform:string.obj
 0002:0000add0       ?findLastAny@String@@QBEHPBD@Z 0045edd0 f   platform:string.obj
 0002:0000aec0       ?strrchr@@YAPADPADH@Z      0045eec0 f i platform:string.obj
 0002:0000af20       ?toUpper@String@@QBE?AV1@XZ 0045ef20 f   platform:string.obj
 0002:0000b050       ?toLower@String@@QBE?AV1@XZ 0045f050 f   platform:string.obj
 0002:0000b180       ?toHex@String@@SA?AV1@H@Z  0045f180 f   platform:string.obj
 0002:0000b2a0       ?findLast@String@@QBEHD@Z  0045f2a0 f   platform:string.obj
 0002:0000b330       ?getMid@String@@QBE?AV1@HH@Z 0045f330 f   platform:string.obj
 0002:0000b4f0       ?getMid@String@@QBE?AV1@H@Z 0045f4f0 f   platform:string.obj
 0002:0000b6a0       ?split@String@@QBEHAAVStringList@@V1@@Z 0045f6a0 f   platform:string.obj
 0002:0000b880       ?parseStringLiteral@String@@SA?AV1@PBD@Z 0045f880 f   platform:string.obj
 0002:0000be10       ?startsFrom@String@@QBE_NPBD@Z 0045fe10 f   platform:string.obj
 0002:0000beb0       ?insert@String@@QAEXHPBD@Z 0045feb0 f   platform:string.obj
 0002:0000c1a0       ?trim@String@@QAEXXZ       004601a0 f   platform:string.obj
 0002:0000c2c0       ?toInteger@String@@QAEHXZ  004602c0 f   platform:string.obj
 0002:0000c760       ?trim@String@@QAEXD@Z      00460760 f   platform:string.obj
 0002:0000c7d0       ?trimStarting@String@@QAEXD@Z 004607d0 f   platform:string.obj
 0002:0000c8e0       ?trimTrailing@String@@QAEXD@Z 004608e0 f   platform:string.obj
 0002:0000c9f0       ?replicate@String@@QBE?AV1@H@Z 004609f0 f   platform:string.obj
 0002:0000cdb0       ??H@YA?AVString@@AAV0@PBD@Z 00460db0 f   platform:string.obj
 0002:0000cec0       ??H@YA?AVString@@ABV0@H@Z  00460ec0 f   platform:string.obj
 0002:0000d020       ??H@YA?AVString@@ABV0@I@Z  00461020 f   platform:string.obj
 0002:0000d180       ??H@YA?AVString@@ABV0@M@Z  00461180 f   platform:string.obj
 0002:0000d2f0       ??H@YA?AVString@@ABV0@N@Z  004612f0 f   platform:string.obj
 0002:0000d460       ??H@YA?AVString@@ABV0@PBD@Z 00461460 f   platform:string.obj
 0002:0000d570       ??H@YA?AVString@@ABV0@D@Z  00461570 f   platform:string.obj
 0002:0000d680       ??H@YA?AVString@@ABV0@_N@Z 00461680 f   platform:string.obj
 0002:0000d7c0       ?trimString@@YAXPADPBD@Z   004617c0 f   platform:string.obj
 0002:0000d8f0       ?configureDefault@ServiceManager@@QAEXVString@@@Z 004618f0 f   platform:servicemanager.obj
 0002:0000dc30       ?configureLifecycle@ServiceManager@@QAEXVXml@@@Z 00461c30 f   platform:servicemanager.obj
 0002:0000dc70       ?configureLogging@ServiceManager@@QAEXVXml@@@Z 00461c70 f   platform:servicemanager.obj
 0002:0000dce0       ?setRootLogLevel@ServiceManager@@QAEXW4LogLevel@Logger@@@Z 00461ce0 f   platform:servicemanager.obj
 0002:0000dd40       ?addService@ServiceManager@@QAEXPAVService@@@Z 00461d40 f   platform:servicemanager.obj
 0002:0000ddb0       ?findServiceByName@ServiceManager@@AAEPAVService@@VString@@@Z 00461db0 f   platform:servicemanager.obj
 0002:0000df00       ?addPlatformServices@ServiceManager@@QAEXXZ 00461f00 f   platform:servicemanager.obj
 0002:0000e000       ?getService@ServiceManager@@QAEPAVService@@PBD@Z 00462000 f   platform:servicemanager.obj
 0002:0000e060       ?getServices@ServiceManager@@QAEAAV?$ClassList@VService@@@@XZ 00462060 f   platform:servicemanager.obj
 0002:0000e0a0       ?waitRunDefault@ServiceManager@@QAEXXZ 004620a0 f   platform:servicemanager.obj
 0002:0000e2d0       ?createServices@ServiceManager@@QAEXXZ 004622d0 f   platform:servicemanager.obj
 0002:0000e8c0       ?initServices@ServiceManager@@QAEXXZ 004628c0 f   platform:servicemanager.obj
 0002:0000ed60       ?runServices@ServiceManager@@QAEXXZ 00462d60 f   platform:servicemanager.obj
 0002:0000f180       ?stopServices@ServiceManager@@QAEXXZ 00463180 f   platform:servicemanager.obj
 0002:0000f7c0       ?exitServices@ServiceManager@@QAEXXZ 004637c0 f   platform:servicemanager.obj
 0002:0000fe80       ?destroyServices@ServiceManager@@QAEXXZ 00463e80 f   platform:servicemanager.obj
 0002:00010530       ?getLogDispatcher@ServiceManager@@QAEPAVLogDispatcher@@XZ 00464530 f   platform:servicemanager.obj
 0002:00010570       ?canStartThread@ServiceManager@@QAE_NXZ 00464570 f   platform:servicemanager.obj
 0002:00010600       ?isRunning@ServiceManager@@QAE_NXZ 00464600 f   platform:servicemanager.obj
 0002:00010660       ?isCreated@ServiceManager@@QAE_NXZ 00464660 f   platform:servicemanager.obj
 0002:000106c0       ??0ServiceManager@@QAE@XZ  004646c0 f   platform:servicemanager.obj
 0002:000108d0       ??1ServiceManager@@QAE@XZ  004648d0 f   platform:servicemanager.obj
 0002:00010a00       ??_GLogDispatcher@@QAEPAXI@Z 00464a00 f i platform:servicemanager.obj
 0002:00010a70       ?getInstance@ServiceManager@@SAAAV1@XZ 00464a70 f   platform:servicemanager.obj
 0002:00010ab0       ?logStart@ServiceManager@@AAEXVXml@@@Z 00464ab0 f   platform:servicemanager.obj
 0002:00010d40       ?logStop@ServiceManager@@AAEXXZ 00464d40 f   platform:servicemanager.obj
 0002:00010db0       ?execute@ServiceManager@@QAEXXZ 00464db0 f   platform:servicemanager.obj
 0002:00011100       ??0?$ClassList@VService@@@@QAE@XZ 00465100 f i platform:servicemanager.obj
 0002:00011160       ??1?$ClassList@VService@@@@QAE@XZ 00465160 f i platform:servicemanager.obj
 0002:000111c0       ?count@?$ClassList@VService@@@@QBEHXZ 004651c0 f i platform:servicemanager.obj
 0002:00011220       ?get@?$ClassList@VService@@@@QBEPAVService@@H@Z 00465220 f i platform:servicemanager.obj
 0002:00011280       ?add@?$ClassList@VService@@@@QAEHPAVService@@@Z 00465280 f i platform:servicemanager.obj
 0002:00011320       ?clear@?$ClassList@VService@@@@QAEXXZ 00465320 f i platform:servicemanager.obj
 0002:00011380       ??0?$MapStringToClass@VService@@@@QAE@XZ 00465380 f i platform:servicemanager.obj
 0002:000113e0       ??1?$MapStringToClass@VService@@@@QAE@XZ 004653e0 f i platform:servicemanager.obj
 0002:00011440       ?add@?$MapStringToClass@VService@@@@QAEHPBDPAVService@@@Z 00465440 f i platform:servicemanager.obj
 0002:00011650       ?set@?$MapStringToClass@VService@@@@QAEPAVService@@PBDPAV2@@Z 00465650 f i platform:servicemanager.obj
 0002:00011720       ?get@?$MapStringToClass@VService@@@@QAEPAVService@@PBD@Z 00465720 f i platform:servicemanager.obj
 0002:000117d0       ?clear@?$MapStringToClass@VService@@@@QAEXXZ 004657d0 f i platform:servicemanager.obj
 0002:00011830       ??0ServiceState@@QAE@XZ    00465830 f i platform:servicemanager.obj
 0002:00011880       ?getState@ServiceState@@QAE?AW4ServiceStateType@1@XZ 00465880 f i platform:servicemanager.obj
 0002:000118c0       ?setState@ServiceState@@QAEXW4ServiceStateType@1@@Z 004658c0 f i platform:servicemanager.obj
 0002:00011d90       ?readyForExit@ServiceState@@QAE_NXZ 00465d90 f i platform:servicemanager.obj
 0002:00011e00       ?exitRequired@ServiceState@@QAE_NXZ 00465e00 f i platform:servicemanager.obj
 0002:00011e60       ?attachLogger@Service@@QAEXXZ 00465e60 f i platform:servicemanager.obj
 0002:00011ed0       ?getService@ThreadService@@SAPAV1@XZ 00465ed0 f i platform:servicemanager.obj
 0002:00011f30       ??0RuntimeException@@QAE@IHPAX@Z 00465f30 f   platform:runtimeexception.obj
 0002:00012590       ??0RuntimeException@@QAE@PBD0H@Z 00466590 f   platform:runtimeexception.obj
 0002:000127d0       ?printStackToString@RuntimeException@@QAE?AVString@@XZ 004667d0 f   platform:runtimeexception.obj
 0002:00013360       ?getSkipCount@RuntimeException@@QAEHXZ 00467360 f   platform:runtimeexception.obj
 0002:000134f0       ?isSEH@RuntimeException@@QAE_NXZ 004674f0 f   platform:runtimeexception.obj
 0002:00013530       ?getClassName@RuntimeException@@QAEPBDXZ 00467530 f   platform:runtimeexception.obj
 0002:00013590       ?getFunctionName@RuntimeException@@QAEPBDXZ 00467590 f   platform:runtimeexception.obj
 0002:000135f0       ?getMsg@RuntimeException@@QAEPBDXZ 004675f0 f   platform:runtimeexception.obj
 0002:00013650       ?getFileShort@RuntimeException@@QAEPBDXZ 00467650 f   platform:runtimeexception.obj
 0002:000136b0       ?getLine@RuntimeException@@QAEHXZ 004676b0 f   platform:runtimeexception.obj
 0002:000136f0       ?getStack@RuntimeException@@QAEPAU_rfc_threadstack@@XZ 004676f0 f   platform:runtimeexception.obj
 0002:00013730       ??0AdminApi@@QAE@XZ        00467730 f   platform:adminapi.obj
 0002:00013830       ??1AdminApi@@QAE@XZ        00467830 f   platform:adminapi.obj
 0002:000138d0       ??_GAdminApiSocket@@QAEPAXI@Z 004678d0 f i platform:adminapi.obj
 0002:00013940       ?connect@AdminApi@@QAEXVString@@@Z 00467940 f   platform:adminapi.obj
 0002:00013a20       ?execute@AdminApi@@QAE?AVXml@@V2@@Z 00467a20 f   platform:adminapi.obj
 0002:00013ae0       ?send@AdminApi@@QAEXVXml@@@Z 00467ae0 f   platform:adminapi.obj
 0002:00013b40       ?disconnect@AdminApi@@QAEXXZ 00467b40 f   platform:adminapi.obj
 0002:00013ba0       ?isConnected@AdminApi@@QAE_NXZ 00467ba0 f   platform:adminapi.obj
 0002:00013c00       ?createXmlRequest@AdminApi@@QAE?AVXml@@PBD@Z 00467c00 f   platform:adminapi.obj
 0002:00013cb0       ?createXmlRequest@AdminApi@@QAE?AVXml@@PBD0@Z 00467cb0 f   platform:adminapi.obj
 0002:00013d60       ?loadXmlRequest@AdminApi@@QAE?AVXml@@VString@@PBD@Z 00467d60 f   platform:adminapi.obj
 0002:00014270       ?setFunctionName@AdminApi@@QAEXVXml@@VString@@@Z 00468270 f   platform:adminapi.obj
 0002:00014510       ?setParam@AdminApi@@QAEXVXml@@VString@@1@Z 00468510 f   platform:adminapi.obj
 0002:000148b0       ?setBooleanParam@AdminApi@@QAEXVXml@@VString@@_N@Z 004688b0 f   platform:adminapi.obj
 0002:00014c10       ?setIntParam@AdminApi@@QAEXVXml@@VString@@H@Z 00468c10 f   platform:adminapi.obj
 0002:00014f70       ?setFloatParam@AdminApi@@QAEXVXml@@VString@@M@Z 00468f70 f   platform:adminapi.obj
 0002:000152e0       ?initapi@AdminApi@@AAEXXZ  004692e0 f   platform:adminapi.obj
 0002:00015340       ?exitapi@AdminApi@@AAEXXZ  00469340 f   platform:adminapi.obj
 0002:000153a0       ??0Xml@@QAE@XZ             004693a0 f   platform:xml.obj
 0002:000153f0       ?attach@Xml@@QAEXPAX0@Z    004693f0 f   platform:xml.obj
 0002:00015440       ?destroy@Xml@@QAEXXZ       00469440 f   platform:xml.obj
 0002:00015520       ?getName@Xml@@QAE?AVString@@XZ 00469520 f   platform:xml.obj
 0002:00015730       ?Value@TiXmlNode@@QBEPBDXZ 00469730 f i platform:xml.obj
 0002:00015790       ?getValue@Xml@@QAE?AVString@@XZ 00469790 f   platform:xml.obj
 0002:000159a0       ?getHeading@Xml@@QAE?AVString@@XZ 004699a0 f   platform:xml.obj
 0002:00015c60       ?getChildNode@Xml@@QAE?AV1@VString@@@Z 00469c60 f   platform:xml.obj
 0002:00015ef0       ?FirstChildElement@TiXmlNode@@QAEPAVTiXmlElement@@PBD@Z 00469ef0 f i platform:xml.obj
 0002:00015f50       ?getChildNamedNode@Xml@@QAE?AV1@VString@@0@Z 00469f50 f   platform:xml.obj
 0002:000160b0       ?getAttribute@Xml@@QAE?AVString@@V2@@Z 0046a0b0 f   platform:xml.obj
 0002:00016550       ?getAttribute@Xml@@QAE?AVString@@V2@0@Z 0046a550 f   platform:xml.obj
 0002:000167d0       ?getBooleanAttribute@Xml@@QAE_NVString@@@Z 0046a7d0 f   platform:xml.obj
 0002:00016a90       ?getBooleanAttribute@Xml@@QAE_NVString@@_N@Z 0046aa90 f   platform:xml.obj
 0002:00016d70       ?getIntAttribute@Xml@@QAEHVString@@@Z 0046ad70 f   platform:xml.obj
 0002:000173c0       ?getIntAttribute@Xml@@QAEHVString@@H@Z 0046b3c0 f   platform:xml.obj
 0002:00017870       ?getProperty@Xml@@QAE?AVString@@V2@@Z 0046b870 f   platform:xml.obj
 0002:00018040       ?NextSiblingElement@TiXmlNode@@QAEPAVTiXmlElement@@XZ 0046c040 f i platform:xml.obj
 0002:00018090       ?getBooleanProperty@Xml@@QAE_NVString@@@Z 0046c090 f   platform:xml.obj
 0002:00018220       ?getBooleanProperty@Xml@@QAE_NVString@@_N@Z 0046c220 f   platform:xml.obj
 0002:000183d0       ?getIntProperty@Xml@@QAEHVString@@@Z 0046c3d0 f   platform:xml.obj
 0002:000186a0       ?getIntProperty@Xml@@QAEHVString@@H@Z 0046c6a0 f   platform:xml.obj
 0002:000189f0       ?getFloatProperty@Xml@@QAEMVString@@@Z 0046c9f0 f   platform:xml.obj
 0002:00018cc0       ?getFloatProperty@Xml@@QAEMVString@@M@Z 0046ccc0 f   platform:xml.obj
 0002:00019010       ?getProperty@Xml@@QAE?AVString@@V2@0@Z 0046d010 f   platform:xml.obj
 0002:00019620       ?exists@Xml@@QAE_NXZ       0046d620 f   platform:xml.obj
 0002:00019670       ?setAttribute@Xml@@QAEXVString@@0@Z 0046d670 f   platform:xml.obj
 0002:00019880       ?setBooleanAttribute@Xml@@QAEXVString@@_N@Z 0046d880 f   platform:xml.obj
 0002:00019ab0       ?setIntAttribute@Xml@@QAEXVString@@H@Z 0046dab0 f   platform:xml.obj
 0002:00019d10       ?getFirstChild@Xml@@QAE?AV1@VString@@@Z 0046dd10 f   platform:xml.obj
 0002:00019fa0       ?getNextChild@Xml@@QAE?AV1@VString@@@Z 0046dfa0 f   platform:xml.obj
 0002:0001a200       ?NextSiblingElement@TiXmlNode@@QAEPAVTiXmlElement@@PBD@Z 0046e200 f i platform:xml.obj
 0002:0001a260       ?getProperties@Xml@@QAEXAAVMapStringToString@@@Z 0046e260 f   platform:xml.obj
 0002:0001a530       ?serialize@Xml@@QAE?AVString@@XZ 0046e530 f   platform:xml.obj
 0002:0001a6b0       ?addTextElement@Xml@@QAE?AV1@VString@@0@Z 0046e6b0 f   platform:xml.obj
 0002:0001aa10       ??0TiXmlText@@QAE@PBD@Z    0046ea10 f i platform:xml.obj
 0002:0001aad0       ?SetValue@TiXmlNode@@QAEXPBD@Z 0046ead0 f i platform:xml.obj
 0002:0001ab30       ?ToDocument@TiXmlNode@@UBEPBVTiXmlDocument@@XZ 0046eb30 f i platform:xml.obj
 0002:0001ab70       ?ToElement@TiXmlNode@@UBEPBVTiXmlElement@@XZ 0046eb70 f i platform:xml.obj
 0002:0001abb0       ?ToComment@TiXmlNode@@UBEPBVTiXmlComment@@XZ 0046ebb0 f i platform:xml.obj
 0002:0001abf0       ?ToUnknown@TiXmlNode@@UBEPBVTiXmlUnknown@@XZ 0046ebf0 f i platform:xml.obj
 0002:0001ac30       ?ToDeclaration@TiXmlNode@@UBEPBVTiXmlDeclaration@@XZ 0046ec30 f i platform:xml.obj
 0002:0001ac70       ?ToDocument@TiXmlNode@@UAEPAVTiXmlDocument@@XZ 0046ec70 f i platform:xml.obj
 0002:0001acb0       ?ToElement@TiXmlNode@@UAEPAVTiXmlElement@@XZ 0046ecb0 f i platform:xml.obj
 0002:0001acf0       ?ToComment@TiXmlNode@@UAEPAVTiXmlComment@@XZ 0046ecf0 f i platform:xml.obj
 0002:0001ad30       ?ToUnknown@TiXmlNode@@UAEPAVTiXmlUnknown@@XZ 0046ed30 f i platform:xml.obj
 0002:0001ad70       ?ToDeclaration@TiXmlNode@@UAEPAVTiXmlDeclaration@@XZ 0046ed70 f i platform:xml.obj
 0002:0001adb0       ?ToText@TiXmlText@@UBEPBV1@XZ 0046edb0 f i platform:xml.obj
 0002:0001adf0       ?ToText@TiXmlText@@UAEPAV1@XZ 0046edf0 f i platform:xml.obj
 0002:0001ae30       ??_ETiXmlText@@UAEPAXI@Z   0046ee30 f i platform:xml.obj
 0002:0001ae30       ??_GTiXmlText@@UAEPAXI@Z   0046ee30 f i platform:xml.obj
 0002:0001aea0       ??1TiXmlText@@UAE@XZ       0046eea0 f i platform:xml.obj
 0002:0001af40       ?addElement@Xml@@QAE?AV1@VString@@@Z 0046ef40 f   platform:xml.obj
 0002:0001b210       ?setProperty@Xml@@QAEXVString@@0@Z 0046f210 f   platform:xml.obj
 0002:0001b4b0       ?setBooleanProperty@Xml@@QAEXVString@@_N@Z 0046f4b0 f   platform:xml.obj
 0002:0001b5f0       ?setIntProperty@Xml@@QAEXVString@@H@Z 0046f5f0 f   platform:xml.obj
 0002:0001b770       ?setFloatProperty@Xml@@QAEXVString@@M@Z 0046f770 f   platform:xml.obj
 0002:0001b8f0       ?findChildByPath@Xml@@QAE?AV1@VString@@@Z 0046f8f0 f   platform:xml.obj
 0002:0001bbc0       ?findChildByPathAttr@Xml@@QAE?AV1@VString@@00@Z 0046fbc0 f   platform:xml.obj
 0002:0001bff0       ?parse@Xml@@SA?AV1@PBDAAHAA_N@Z 0046fff0 f   platform:xml.obj
 0002:0001c240       ?FirstChildElement@TiXmlNode@@QAEPAVTiXmlElement@@XZ 00470240 f i platform:xml.obj
 0002:0001c290       ?read@Xml@@SA?AV1@PBD0@Z   00470290 f   platform:xml.obj
 0002:0001c7f0       ?Error@TiXmlDocument@@QBE_NXZ 004707f0 f i platform:xml.obj
 0002:0001c830       ?create@Xml@@SA?AV1@PBD@Z  00470830 f   platform:xml.obj
 0002:0001ca10       ?load@Xml@@SA?AV1@PBD@Z    00470a10 f   platform:xml.obj
 0002:0001ccb0       ?getEnumProperty@Xml@@QAEHVString@@0@Z 00470cb0 f   platform:xml.obj
 0002:0001d270       ??4?$basic_string@DU?$char_traits@D@std@@V?$allocator@D@2@@std@@QAEAAV01@PBD@Z 00471270 f i platform:xml.obj
 0002:0001d2d0       ?add@MapStringToString@@QAEHPBD0@Z 004712d0 f i platform:xml.obj
 0002:0001d5b0       ??1?$basic_string@DU?$char_traits@D@std@@V?$allocator@D@2@@std@@QAE@XZ 004715b0 f i platform:xml.obj
 0002:0001d660       ?c_str@?$basic_string@DU?$char_traits@D@std@@V?$allocator@D@2@@std@@QBEPBDXZ 00471660 f i platform:xml.obj
 0002:0001d6b0       ??0?$basic_string@DU?$char_traits@D@std@@V?$allocator@D@2@@std@@QAE@XZ 004716b0 f i platform:xml.obj
 0002:0001d770       ?assign@?$basic_string@DU?$char_traits@D@std@@V?$allocator@D@2@@std@@QAEAAV12@PBD@Z 00471770 f i platform:xml.obj
 0002:0001d800       ?length@?$char_traits@D@std@@SAIPBD@Z 00471800 f i platform:xml.obj
 0002:0001d850       ?_Tidy@?$basic_string@DU?$char_traits@D@std@@V?$allocator@D@2@@std@@QAEX_NI@Z 00471850 f i platform:xml.obj
 0002:0001d920       ?copy@?$char_traits@D@std@@SAPADPADPBDI@Z 00471920 f i platform:xml.obj
 0002:0001d980       ?_Myptr@?$basic_string@DU?$char_traits@D@std@@V?$allocator@D@2@@std@@QBEPBDXZ 00471980 f i platform:xml.obj
 0002:0001d9f0       ??0?$_String_val@DV?$allocator@D@std@@@std@@QAE@V?$allocator@D@1@@Z 004719f0 f i platform:xml.obj
 0002:0001db40       ??0_Container_proxy@std@@QAE@XZ 00471b40 f i platform:xml.obj
 0002:0001db90       ??1?$_String_val@DV?$allocator@D@std@@@std@@QAE@XZ 00471b90 f i platform:xml.obj
 0002:0001dcd0       ??0?$allocator@D@std@@QAE@XZ 00471cd0 f i platform:xml.obj
 0002:0001dd10       ?assign@?$basic_string@DU?$char_traits@D@std@@V?$allocator@D@2@@std@@QAEAAV12@PBDI@Z 00471d10 f i platform:xml.obj
 0002:0001de10       ?_Eos@?$basic_string@DU?$char_traits@D@std@@V?$allocator@D@2@@std@@QAEXI@Z 00471e10 f i platform:xml.obj
 0002:0001de90       ?assign@?$char_traits@D@std@@SAXAADABD@Z 00471e90 f i platform:xml.obj
 0002:0001ded0       ??0?$allocator@D@std@@QAE@ABV01@@Z 00471ed0 f i platform:xml.obj
 0002:0001df10       ?deallocate@?$allocator@D@std@@QAEXPADI@Z 00471f10 f i platform:xml.obj
 0002:0001df70       ?deallocate@?$allocator@U_Container_proxy@std@@@std@@QAEXPAU_Container_proxy@2@I@Z 00471f70 f i platform:xml.obj
 0002:0001dfd0       ?allocate@?$allocator@U_Container_proxy@std@@@std@@QAEPAU_Container_proxy@2@I@Z 00471fd0 f i platform:xml.obj
 0002:0001e030       ?assign@?$basic_string@DU?$char_traits@D@std@@V?$allocator@D@2@@std@@QAEAAV12@ABV12@II@Z 00472030 f i platform:xml.obj
 0002:0001e150       ?size@?$basic_string@DU?$char_traits@D@std@@V?$allocator@D@2@@std@@QBEIXZ 00472150 f i platform:xml.obj
 0002:0001e190       ?_Xran@?$basic_string@DU?$char_traits@D@std@@V?$allocator@D@2@@std@@QBEXXZ 00472190 f i platform:xml.obj
 0002:0001e1f0       ?_Grow@?$basic_string@DU?$char_traits@D@std@@V?$allocator@D@2@@std@@QAE_NI_N@Z 004721f0 f i platform:xml.obj
 0002:0001e2f0       ?_Inside@?$basic_string@DU?$char_traits@D@std@@V?$allocator@D@2@@std@@QAE_NPBD@Z 004722f0 f i platform:xml.obj
 0002:0001e370       ?_Myptr@?$basic_string@DU?$char_traits@D@std@@V?$allocator@D@2@@std@@QAEPADXZ 00472370 f i platform:xml.obj
 0002:0001e3e0       ?_Xlen@?$basic_string@DU?$char_traits@D@std@@V?$allocator@D@2@@std@@QBEXXZ 004723e0 f i platform:xml.obj
 0002:0001e440       ?erase@?$basic_string@DU?$char_traits@D@std@@V?$allocator@D@2@@std@@QAEAAV12@II@Z 00472440 f i platform:xml.obj
 0002:0001e530       ?move@?$char_traits@D@std@@SAPADPADPBDI@Z 00472530 f i platform:xml.obj
 0002:0001e5a0       ?max_size@?$basic_string@DU?$char_traits@D@std@@V?$allocator@D@2@@std@@QBEIXZ 004725a0 f i platform:xml.obj
 0002:0001e630       ?_Copy@?$basic_string@DU?$char_traits@D@std@@V?$allocator@D@2@@std@@QAEXII@Z 00472630 f i platform:xml.obj
 0002:0001e840       ?allocate@?$allocator@D@std@@QAEPADI@Z 00472840 f i platform:xml.obj
 0002:0001e8a0       ?max_size@?$allocator@D@std@@QBEIXZ 004728a0 f i platform:xml.obj
 0002:0001e910       ??$_Debug_pointer@D@std@@YAXPBDPB_WI@Z 00472910 f i platform:xml.obj
 0002:0001e980       ??$?0D@?$allocator@U_Container_proxy@std@@@std@@QAE@ABV?$allocator@D@1@@Z 00472980 f i platform:xml.obj
 0002:0001e9c0       ??$_Cons_val@V?$allocator@U_Container_proxy@std@@@std@@U_Container_proxy@2@U32@@std@@YAXAAV?$allocator@U_Container_proxy@std@@@0@PAU_Container_proxy@0@$$QAU20@@Z 004729c0 f i platform:xml.obj
 0002:0001ea20       ??$_Dest_val@V?$allocator@U_Container_proxy@std@@@std@@U_Container_proxy@2@@std@@YAXAAV?$allocator@U_Container_proxy@std@@@0@PAU_Container_proxy@0@@Z 00472a20 f i platform:xml.obj
 0002:0001ea70       ??$_Allocate@U_Container_proxy@std@@@std@@YAPAU_Container_proxy@0@IPAU10@@Z 00472a70 f i platform:xml.obj
 0002:0001eb20       ??0bad_alloc@std@@QAE@PBD@Z 00472b20 f i platform:xml.obj
 0002:0001ebe0       ??1bad_alloc@std@@UAE@XZ   00472be0 f i platform:xml.obj
 0002:0001ec90       ??_Ebad_alloc@std@@UAEPAXI@Z 00472c90 f i platform:xml.obj
 0002:0001ec90       ??_Gbad_alloc@std@@UAEPAXI@Z 00472c90 f i platform:xml.obj
 0002:0001ed00       ??$_Allocate@D@std@@YAPADIPAD@Z 00472d00 f i platform:xml.obj
 0002:0001edb0       ??0bad_alloc@std@@QAE@ABV01@@Z 00472db0 f i platform:xml.obj
 0002:0001ee70       ?construct@?$allocator@U_Container_proxy@std@@@std@@QAEXPAU_Container_proxy@2@$$QAU32@@Z 00472e70 f i platform:xml.obj
 0002:0001ef80       ??2@YAPAXIPAX@Z            00472f80 f i platform:xml.obj
 0002:0001efc0       ??3@YAXPAX0@Z              00472fc0 f i platform:xml.obj
 0002:0001eff0       ?destroy@?$allocator@U_Container_proxy@std@@@std@@QAEXPAU_Container_proxy@2@@Z 00472ff0 f i platform:xml.obj
 0002:0001f050       ??$forward@U_Container_proxy@std@@@std@@YA$$QAU_Container_proxy@0@AAU10@@Z 00473050 f i platform:xml.obj
 0002:0001f090       ??$_Destroy@U_Container_proxy@std@@@std@@YAXPAU_Container_proxy@0@@Z 00473090 f i platform:xml.obj
 0002:0001f0c0       ??0LogDispatcher@@QAE@XZ   004730c0 f   platform:logdispatcher.obj
 0002:0001f1c0       ??1LogDispatcher@@QAE@XZ   004731c0 f   platform:logdispatcher.obj
 0002:0001f2a0       ?configure@LogDispatcher@@QAEXVXml@@@Z 004732a0 f   platform:logdispatcher.obj
 0002:0001f820       ?getDefaultLogManager@LogDispatcher@@QAEPAVLogManager@@XZ 00473820 f   platform:logdispatcher.obj
 0002:0001f900       ?getLogManager@LogDispatcher@@QAEPAVLogManager@@VString@@@Z 00473900 f   platform:logdispatcher.obj
 0002:0001fbe0       ?getRootSettings@LogDispatcher@@SAPAVLogSettingsItem@@XZ 00473be0 f   platform:logdispatcher.obj
 0002:0001fc20       ?getObjectLogSettings@LogDispatcher@@QAEPAVLogSettingsItem@@PBD0@Z 00473c20 f   platform:logdispatcher.obj
 0002:0001fca0       ?getServiceLogSettings@LogDispatcher@@QAEPAVLogSettingsItem@@PBD@Z 00473ca0 f   platform:logdispatcher.obj
 0002:0001fd10       ?getCustomLogSettings@LogDispatcher@@QAEPAVLogSettingsItem@@PBD@Z 00473d10 f   platform:logdispatcher.obj
 0002:0001fd80       ?getCustomDefaultLogSettings@LogDispatcher@@QAEPAVLogSettingsItem@@XZ 00473d80 f   platform:logdispatcher.obj
 0002:0001fdf0       ?start@LogDispatcher@@QAE_NXZ 00473df0 f   platform:logdispatcher.obj
 0002:0001fea0       ?stop@LogDispatcher@@QAEXXZ 00473ea0 f   platform:logdispatcher.obj
 0002:0001ff40       ?enableAsyncMode@LogDispatcher@@QAEXXZ 00473f40 f   platform:logdispatcher.obj
 0002:0001fff0       ?disableAsyncMode@LogDispatcher@@QAEXXZ 00473ff0 f   platform:logdispatcher.obj
 0002:00020090       ??0?$MapStringToClass@VLogManager@@@@QAE@XZ 00474090 f i platform:logdispatcher.obj
 0002:000200f0       ??1?$MapStringToClass@VLogManager@@@@QAE@XZ 004740f0 f i platform:logdispatcher.obj
 0002:00020150       ?add@?$MapStringToClass@VLogManager@@@@QAEHPBDPAVLogManager@@@Z 00474150 f i platform:logdispatcher.obj
 0002:00020360       ?get@?$MapStringToClass@VLogManager@@@@QAEPAVLogManager@@PBD@Z 00474360 f i platform:logdispatcher.obj
 0002:00020410       ?count@?$MapStringToClass@VLogManager@@@@QAEHXZ 00474410 f i platform:logdispatcher.obj
 0002:00020470       ?destroy@?$MapStringToClass@VLogManager@@@@QAEXXZ 00474470 f i platform:logdispatcher.obj
 0002:00020560       ?getClassByIndex@?$MapStringToClass@VLogManager@@@@QAEPAVLogManager@@H@Z 00474560 f i platform:logdispatcher.obj
 0002:00020620       ??_GLogManager@@QAEPAXI@Z  00474620 f i platform:logdispatcher.obj
 0002:00020690       ??0LogSettingsItem@@QAE@XZ 00474690 f   platform:logsettingsitem.obj
 0002:000207a0       ??1LogSettingsItem@@QAE@XZ 004747a0 f   platform:logsettingsitem.obj
 0002:00020890       ?setLogManager@LogSettingsItem@@QAEXPAVLogManager@@@Z 00474890 f   platform:logsettingsitem.obj
 0002:000208e0       ?getLevel@LogSettingsItem@@QAE?AW4LogLevel@Logger@@XZ 004748e0 f   platform:logsettingsitem.obj
 0002:00020920       ?setName@LogSettingsItem@@QAEXVString@@@Z 00474920 f   platform:logsettingsitem.obj
 0002:000209d0       ?setLevel@LogSettingsItem@@QAEXW4LogLevel@Logger@@@Z 004749d0 f   platform:logsettingsitem.obj
 0002:00020a20       ?setLevelByName@LogSettingsItem@@QAEXVString@@@Z 00474a20 f   platform:logsettingsitem.obj
 0002:00020cc0       ?getXml@LogSettingsItem@@QAE?AVXml@@XZ 00474cc0 f   platform:logsettingsitem.obj
 0002:00020d10       ?configure@LogSettingsItem@@QAEXVXml@@VString@@1@Z 00474d10 f   platform:logsettingsitem.obj
 0002:000213a0       ?logDisabled@LogSettingsItem@@QAE_NW4LogLevel@Logger@@@Z 004753a0 f   platform:logsettingsitem.obj
 0002:000213f0       ?isExcluded@LogSettingsItem@@QAE_NPBD@Z 004753f0 f   platform:logsettingsitem.obj
 0002:00021460       ?getSettings@LogSettingsItem@@QAEPAV1@PBD@Z 00475460 f   platform:logsettingsitem.obj
 0002:000214f0       ?getLogManager@LogSettingsItem@@QAEPAVLogManager@@XZ 004754f0 f   platform:logsettingsitem.obj
 0002:00021530       ?attachLogManagers@LogSettingsItem@@QAEXPAVLogDispatcher@@@Z 00475530 f   platform:logsettingsitem.obj
 0002:000215e0       ?attachOwnLogManager@LogSettingsItem@@AAEXPAVLogDispatcher@@@Z 004755e0 f   platform:logsettingsitem.obj
 0002:000216f0       ??0?$MapStringToClass@VLogSettingsItem@@@@QAE@XZ 004756f0 f i platform:logsettingsitem.obj
 0002:00021750       ??1?$MapStringToClass@VLogSettingsItem@@@@QAE@XZ 00475750 f i platform:logsettingsitem.obj
 0002:000217b0       ?add@?$MapStringToClass@VLogSettingsItem@@@@QAEHPBDPAVLogSettingsItem@@@Z 004757b0 f i platform:logsettingsitem.obj
 0002:000219c0       ?get@?$MapStringToClass@VLogSettingsItem@@@@QAEPAVLogSettingsItem@@PBD@Z 004759c0 f i platform:logsettingsitem.obj
 0002:00021a70       ?getPartial@?$MapStringToClass@VLogSettingsItem@@@@QAEPAVLogSettingsItem@@PBD@Z 00475a70 f i platform:logsettingsitem.obj
 0002:00021bc0       ?count@?$MapStringToClass@VLogSettingsItem@@@@QAEHXZ 00475bc0 f i platform:logsettingsitem.obj
 0002:00021c20       ?getClassByIndex@?$MapStringToClass@VLogSettingsItem@@@@QAEPAVLogSettingsItem@@H@Z 00475c20 f i platform:logsettingsitem.obj
 0002:00021ce0       ??0LogManager@@QAE@XZ      00475ce0 f   platform:logmanager.obj
 0002:00021ee0       ??1LogManager@@QAE@XZ      00475ee0 f   platform:logmanager.obj
 0002:00022250       ?configure@LogManager@@QAEXVXml@@@Z 00476250 f   platform:logmanager.obj
 0002:00022520       ?setSyncMode@LogManager@@QAEX_N@Z 00476520 f   platform:logmanager.obj
 0002:000226a0       ?getSyncMode@LogManager@@QAE_NXZ 004766a0 f   platform:logmanager.obj
 0002:000226e0       ?getConfiguredSyncMode@LogManager@@QAE_NXZ 004766e0 f   platform:logmanager.obj
 0002:00022720       ?start@LogManager@@QAE_NXZ 00476720 f   platform:logmanager.obj
 0002:00022ac0       ?stopAsync@LogManager@@QAEXXZ 00476ac0 f   platform:logmanager.obj
 0002:00022b30       ?stop@LogManager@@QAEXXZ   00476b30 f   platform:logmanager.obj
 0002:00022b90       ?run@LogManager@@QAEXPAX@Z 00476b90 f   platform:logmanager.obj
 0002:00022dc0       ?output@LogManager@@AAEXPAULogRecord@1@@Z 00476dc0 f   platform:logmanager.obj
 0002:000232e0       ?add@LogManager@@QAEXPAPBDHW4LogLevel@Logger@@PBD@Z 004772e0 f   platform:logmanager.obj
 0002:00023820       ?set@LogManager@@AAEXPAULogRecord@1@_NPAPBDHW4LogLevel@Logger@@PBD@Z 00477820 f   platform:logmanager.obj
 0002:00023b70       ?clear@LogManager@@AAEXPAULogRecord@1@@Z 00477b70 f   platform:logmanager.obj
 0002:00023c70       ?get@LogManager@@QAE_N_N@Z 00477c70 f   platform:logmanager.obj
 0002:00024090       ?getLogRecordsPending@LogManager@@QAEHXZ 00478090 f   platform:logmanager.obj
 0002:000240f0       ?showAsyncMessages@LogManager@@AAEXXZ 004780f0 f   platform:logmanager.obj
 0002:00024160       ??0ThreadHelper@@QAE@XZ    00478160 f   platform:threadhelper.obj
 0002:00024230       ??_GThreadHelper@@UAEPAXI@Z 00478230 f i platform:threadhelper.obj
 0002:00024230       ??_EThreadHelper@@UAEPAXI@Z 00478230 f i platform:threadhelper.obj
 0002:000242a0       ??0ThreadObject@@QAE@XZ    004782a0 f i platform:threadhelper.obj
 0002:000242f0       ??1ThreadHelper@@UAE@XZ    004782f0 f   platform:threadhelper.obj
 0002:000243b0       ?addThreadObject@ThreadHelper@@QAEXXZ 004783b0 f   platform:threadhelper.obj
 0002:00024420       ?getThreadObject@ThreadHelper@@SAPAV1@XZ 00478420 f   platform:threadhelper.obj
 0002:00024480       ??1ThreadObject@@UAE@XZ    00478480 f i platform:threadhelper.obj
 0002:000244c0       ??_EThreadObject@@UAEPAXI@Z 004784c0 f i platform:threadhelper.obj
 0002:000244c0       ??_GThreadObject@@UAEPAXI@Z 004784c0 f i platform:threadhelper.obj
 0002:00024530       ?newService@EnvService@@SAPAVService@@XZ 00478530 f   platform:envservice.obj
 0002:00024610       ?destroyService@EnvService@@UAEXXZ 00478610 f   platform:envservice.obj
 0002:000246b0       ?setConfigurationPath@EnvService@@QAEXVString@@@Z 004786b0 f   platform:envservice.obj
 0002:00024760       ?getConfigurationPath@EnvService@@QAE?AVString@@V2@@Z 00478760 f   platform:envservice.obj
 0002:00024890       ?configureAll@EnvService@@QAEXVString@@@Z 00478890 f   platform:envservice.obj
 0002:00024a20       ?configurePlatform@EnvService@@QAEXXZ 00478a20 f   platform:envservice.obj
 0002:00024fa0       ?configureServices@EnvService@@QAEXXZ 00478fa0 f   platform:envservice.obj
 0002:000254d0       ?loadXml@EnvService@@AAE?AVXml@@VString@@@Z 004794d0 f   platform:envservice.obj
 0002:000256e0       ?getConfigurationData@EnvService@@AAE?AVXml@@V2@VString@@1@Z 004796e0 f   platform:envservice.obj
 0002:00025f20       ?add@?$MapStringToClass@VXml@@@@QAEHPBDPAVXml@@@Z 00479f20 f i platform:envservice.obj
 0002:00026130       ?get@?$MapStringToClass@VXml@@@@QAEPAVXml@@PBD@Z 0047a130 f i platform:envservice.obj
 0002:000261e0       ?count@?$MapStringToClass@VXml@@@@QAEHXZ 0047a1e0 f i platform:envservice.obj
 0002:00026240       ?destroy@?$MapStringToClass@VXml@@@@QAEXXZ 0047a240 f i platform:envservice.obj
 0002:00026300       ?getClassByIndex@?$MapStringToClass@VXml@@@@QAEPAVXml@@H@Z 0047a300 f i platform:envservice.obj
 0002:000263c0       ??0EnvService@@IAE@XZ      0047a3c0 f i platform:envservice.obj
 0002:000264a0       ??0Service@@QAE@XZ         0047a4a0 f i platform:envservice.obj
 0002:000265a0       ??1Service@@QAE@XZ         0047a5a0 f i platform:envservice.obj
 0002:00026640       ?getServiceName@EnvService@@UAEPBDXZ 0047a640 f i platform:envservice.obj
 0002:00026680       ?configureService@EnvService@@UAEXVXml@@@Z 0047a680 f i platform:envservice.obj
 0002:000266c0       ?createService@EnvService@@UAEXXZ 0047a6c0 f i platform:envservice.obj
 0002:00026700       ?initService@EnvService@@UAEXXZ 0047a700 f i platform:envservice.obj
 0002:00026740       ?runService@EnvService@@UAEXXZ 0047a740 f i platform:envservice.obj
 0002:00026780       ?stopService@EnvService@@UAEXXZ 0047a780 f i platform:envservice.obj
 0002:000267c0       ?exitService@EnvService@@UAEXXZ 0047a7c0 f i platform:envservice.obj
 0002:00026800       ??0?$MapStringToClass@VXml@@@@QAE@XZ 0047a800 f i platform:envservice.obj
 0002:00026860       ??1?$MapStringToClass@VXml@@@@QAE@XZ 0047a860 f i platform:envservice.obj
 0002:000268c0       ?newService@TestService@@SAPAVService@@XZ 0047a8c0 f   platform:testservice.obj
 0002:000269a0       ??0TestService@@IAE@XZ     0047a9a0 f   platform:testservice.obj
 0002:00026a80       ?configureService@TestService@@UAEXVXml@@@Z 0047aa80 f   platform:testservice.obj
 0002:00026cd0       ?createService@TestService@@UAEXXZ 0047acd0 f   platform:testservice.obj
 0002:00026dc0       ?initService@TestService@@UAEXXZ 0047adc0 f   platform:testservice.obj
 0002:00026f00       ?runService@TestService@@UAEXXZ 0047af00 f   platform:testservice.obj
 0002:00026f60       ?stopService@TestService@@UAEXXZ 0047af60 f   platform:testservice.obj
 0002:00026fc0       ?exitService@TestService@@UAEXXZ 0047afc0 f   platform:testservice.obj
 0002:00027020       ?destroyService@TestService@@UAEXXZ 0047b020 f   platform:testservice.obj
 0002:000270d0       ??_GTestExecutor@@QAEPAXI@Z 0047b0d0 f i platform:testservice.obj
 0002:00027140       ??1TestExecutor@@QAE@XZ    0047b140 f i platform:testservice.obj
 0002:000271f0       ??1?$MapStringToClass@VTestUnit@@@@QAE@XZ 0047b1f0 f i platform:testservice.obj
 0002:00027250       ??1Object@@QAE@XZ          0047b250 f i platform:testservice.obj
 0002:00027310       ?getServiceName@TestService@@UAEPBDXZ 0047b310 f i platform:testservice.obj
 0002:00027350       ??0StatService@@IAE@XZ     0047b350 f   platform:statservice.obj
 0002:00027430       ?newService@StatService@@SAPAVService@@XZ 0047b430 f   platform:statservice.obj
 0002:00027510       ?configureService@StatService@@UAEXVXml@@@Z 0047b510 f   platform:statservice.obj
 0002:00027560       ?addMetricValue@StatService@@QAEXPBDH@Z 0047b560 f   platform:statservice.obj
 0002:00027830       ?createService@StatService@@UAEXXZ 0047b830 f   platform:statservice.obj
 0002:00028230       ?initService@StatService@@UAEXXZ 0047c230 f   platform:statservice.obj
 0002:000282d0       ?runService@StatService@@UAEXXZ 0047c2d0 f   platform:statservice.obj
 0002:00028380       ?stopService@StatService@@UAEXXZ 0047c380 f   platform:statservice.obj
 0002:00028430       ?exitService@StatService@@UAEXXZ 0047c430 f   platform:statservice.obj
 0002:00028470       ?destroyService@StatService@@UAEXXZ 0047c470 f   platform:statservice.obj
 0002:000284d0       ?getMetricByName@StatService@@QAEPAVStatMetric@@VString@@@Z 0047c4d0 f   platform:statservice.obj
 0002:000287b0       ?getLogTaskByName@StatService@@QAEPAVStatLogTask@@VString@@@Z 0047c7b0 f   platform:statservice.obj
 0002:00028a90       ??0?$MapStringToClass@VStatMetric@@@@QAE@XZ 0047ca90 f i platform:statservice.obj
 0002:00028af0       ??1?$MapStringToClass@VStatMetric@@@@QAE@XZ 0047caf0 f i platform:statservice.obj
 0002:00028b50       ?add@?$MapStringToClass@VStatMetric@@@@QAEHPBDPAVStatMetric@@@Z 0047cb50 f i platform:statservice.obj
 0002:00028d60       ?get@?$MapStringToClass@VStatMetric@@@@QAEPAVStatMetric@@PBD@Z 0047cd60 f i platform:statservice.obj
 0002:00028e10       ?destroy@?$MapStringToClass@VStatMetric@@@@QAEXXZ 0047ce10 f i platform:statservice.obj
 0002:00028f00       ??0?$MapStringToClass@VStatLogTask@@@@QAE@XZ 0047cf00 f i platform:statservice.obj
 0002:00028f60       ??1?$MapStringToClass@VStatLogTask@@@@QAE@XZ 0047cf60 f i platform:statservice.obj
 0002:00028fc0       ?add@?$MapStringToClass@VStatLogTask@@@@QAEHPBDPAVStatLogTask@@@Z 0047cfc0 f i platform:statservice.obj
 0002:000291d0       ?get@?$MapStringToClass@VStatLogTask@@@@QAEPAVStatLogTask@@PBD@Z 0047d1d0 f i platform:statservice.obj
 0002:00029280       ?count@?$MapStringToClass@VStatLogTask@@@@QAEHXZ 0047d280 f i platform:statservice.obj
 0002:000292e0       ?destroy@?$MapStringToClass@VStatLogTask@@@@QAEXXZ 0047d2e0 f i platform:statservice.obj
 0002:000293d0       ?getClassByIndex@?$MapStringToClass@VStatLogTask@@@@QAEPAVStatLogTask@@H@Z 0047d3d0 f i platform:statservice.obj
 0002:00029490       ??_GStatMetric@@QAEPAXI@Z  0047d490 f i platform:statservice.obj
 0002:00029500       ??_GStatLogTask@@QAEPAXI@Z 0047d500 f i platform:statservice.obj
 0002:00029570       ?getServiceName@StatService@@UAEPBDXZ 0047d570 f i platform:statservice.obj
 0002:000295b0       ??0SchedulerService@@IAE@XZ 0047d5b0 f   platform:schedulerservice.obj
 0002:00029690       ?newService@SchedulerService@@SAPAVService@@XZ 0047d690 f   platform:schedulerservice.obj
 0002:00029770       ?configureService@SchedulerService@@UAEXVXml@@@Z 0047d770 f   platform:schedulerservice.obj
 0002:000298b0       ?createService@SchedulerService@@UAEXXZ 0047d8b0 f   platform:schedulerservice.obj
 0002:000298f0       ?initService@SchedulerService@@UAEXXZ 0047d8f0 f   platform:schedulerservice.obj
 0002:00029a40       ?runService@SchedulerService@@UAEXXZ 0047da40 f   platform:schedulerservice.obj
 0002:00029a80       ?stopService@SchedulerService@@UAEXXZ 0047da80 f   platform:schedulerservice.obj
 0002:00029b20       ?exitService@SchedulerService@@UAEXXZ 0047db20 f   platform:schedulerservice.obj
 0002:00029b60       ?destroyService@SchedulerService@@UAEXXZ 0047db60 f   platform:schedulerservice.obj
 0002:00029bc0       ?getNotifyChannel@SchedulerService@@QAE?AVString@@XZ 0047dbc0 f   platform:schedulerservice.obj
 0002:00029c80       ?createTimerTask@SchedulerService@@QAEPAVMessageSubscription@@VString@@HPAVMessageSubscriber@@@Z 0047dc80 f   platform:schedulerservice.obj
 0002:00029dd0       ?subscribeTimerTask@SchedulerService@@QAEPAVMessageSubscription@@VString@@PAVMessageSubscriber@@@Z 0047ddd0 f   platform:schedulerservice.obj
 0002:00029f90       ?createTimerTask@SchedulerService@@QAEXVString@@H@Z 0047df90 f   platform:schedulerservice.obj
 0002:0002a340       ?dropTimerTask@SchedulerService@@QAEXVString@@@Z 0047e340 f   platform:schedulerservice.obj
 0002:0002a470       ??_GSchedulerTask@@QAEPAXI@Z 0047e470 f i platform:schedulerservice.obj
 0002:0002a4e0       ??0?$MapStringToClass@VSchedulerTask@@@@QAE@XZ 0047e4e0 f i platform:schedulerservice.obj
 0002:0002a540       ??1?$MapStringToClass@VSchedulerTask@@@@QAE@XZ 0047e540 f i platform:schedulerservice.obj
 0002:0002a5a0       ?add@?$MapStringToClass@VSchedulerTask@@@@QAEHPBDPAVSchedulerTask@@@Z 0047e5a0 f i platform:schedulerservice.obj
 0002:0002a7b0       ?get@?$MapStringToClass@VSchedulerTask@@@@QAEPAVSchedulerTask@@PBD@Z 0047e7b0 f i platform:schedulerservice.obj
 0002:0002a860       ?remove@?$MapStringToClass@VSchedulerTask@@@@QAEPAVSchedulerTask@@PBD@Z 0047e860 f i platform:schedulerservice.obj
 0002:0002a8c0       ?count@?$MapStringToClass@VSchedulerTask@@@@QAEHXZ 0047e8c0 f i platform:schedulerservice.obj
 0002:0002a920       ?destroy@?$MapStringToClass@VSchedulerTask@@@@QAEXXZ 0047e920 f i platform:schedulerservice.obj
 0002:0002aa10       ?getClassByIndex@?$MapStringToClass@VSchedulerTask@@@@QAEPAVSchedulerTask@@H@Z 0047ea10 f i platform:schedulerservice.obj
 0002:0002aad0       ?getService@MessagingService@@SAPAV1@XZ 0047ead0 f i platform:schedulerservice.obj
 0002:0002ab30       ?getServiceName@SchedulerService@@UAEPBDXZ 0047eb30 f i platform:schedulerservice.obj
 0002:0002ab70       ?getMin@@YAMMM@Z           0047eb70 f   platform:mathservice.obj
 0002:0002abe0       ?getMax@@YAMMM@Z           0047ebe0 f   platform:mathservice.obj
 0002:0002ac50       ?getMinMul@@YAMMMMM@Z      0047ec50 f   platform:mathservice.obj
 0002:0002ad40       ?getMaxMul@@YAMMMMM@Z      0047ed40 f   platform:mathservice.obj
 0002:0002ae30       ?compareFloats@@YAHMMM@Z   0047ee30 f   platform:mathservice.obj
 0002:0002aee0       ?newService@MathService@@SAPAVService@@XZ 0047eee0 f   platform:mathservice.obj
 0002:0002afc0       ??0MathService@@IAE@XZ     0047efc0 f i platform:mathservice.obj
 0002:0002b070       ?getServiceName@MathService@@UAEPBDXZ 0047f070 f i platform:mathservice.obj
 0002:0002b0b0       ?configureService@MathService@@UAEXVXml@@@Z 0047f0b0 f i platform:mathservice.obj
 0002:0002b0f0       ?createService@MathService@@UAEXXZ 0047f0f0 f i platform:mathservice.obj
 0002:0002b130       ?initService@MathService@@UAEXXZ 0047f130 f i platform:mathservice.obj
 0002:0002b170       ?runService@MathService@@UAEXXZ 0047f170 f i platform:mathservice.obj
 0002:0002b1b0       ?stopService@MathService@@UAEXXZ 0047f1b0 f i platform:mathservice.obj
 0002:0002b1f0       ?exitService@MathService@@UAEXXZ 0047f1f0 f i platform:mathservice.obj
 0002:0002b230       ?destroyService@MathService@@UAEXXZ 0047f230 f i platform:mathservice.obj
 0002:0002b270       ?newService@PersistingService@@SAPAVService@@XZ 0047f270 f   platform:persistingservice.obj
 0002:0002b350       ??0PersistingService@@IAE@XZ 0047f350 f i platform:persistingservice.obj
 0002:0002b400       ?getServiceName@PersistingService@@UAEPBDXZ 0047f400 f i platform:persistingservice.obj
 0002:0002b440       ?configureService@PersistingService@@UAEXVXml@@@Z 0047f440 f i platform:persistingservice.obj
 0002:0002b480       ?createService@PersistingService@@UAEXXZ 0047f480 f i platform:persistingservice.obj
 0002:0002b4c0       ?initService@PersistingService@@UAEXXZ 0047f4c0 f i platform:persistingservice.obj
 0002:0002b500       ?runService@PersistingService@@UAEXXZ 0047f500 f i platform:persistingservice.obj
 0002:0002b540       ?stopService@PersistingService@@UAEXXZ 0047f540 f i platform:persistingservice.obj
 0002:0002b580       ?exitService@PersistingService@@UAEXXZ 0047f580 f i platform:persistingservice.obj
 0002:0002b5c0       ?destroyService@PersistingService@@UAEXXZ 0047f5c0 f i platform:persistingservice.obj
 0002:0002b600       ?newService@MediaService@@SAPAVService@@XZ 0047f600 f   platform:mediaservice.obj
 0002:0002b6e0       ?configureService@MediaService@@UAEXVXml@@@Z 0047f6e0 f   platform:mediaservice.obj
 0002:0002b730       ?createService@MediaService@@UAEXXZ 0047f730 f   platform:mediaservice.obj
 0002:0002b8f0       ?initService@MediaService@@UAEXXZ 0047f8f0 f   platform:mediaservice.obj
 0002:0002b940       ?runService@MediaService@@UAEXXZ 0047f940 f   platform:mediaservice.obj
 0002:0002b9a0       ?stopService@MediaService@@UAEXXZ 0047f9a0 f   platform:mediaservice.obj
 0002:0002ba00       ?exitService@MediaService@@UAEXXZ 0047fa00 f   platform:mediaservice.obj
 0002:0002ba60       ?destroyService@MediaService@@UAEXXZ 0047fa60 f   platform:mediaservice.obj
 0002:0002bad0       ?runListenerFactory@MediaService@@AAEPAVSocketListener@@VString@@VXml@@@Z 0047fad0 f   platform:mediaservice.obj
 0002:0002bdc0       ?createListeners@MediaService@@AAEXVXml@@@Z 0047fdc0 f   platform:mediaservice.obj
 0002:0002c210       ?startListeners@MediaService@@AAEXXZ 00480210 f   platform:mediaservice.obj
 0002:0002c700       ?getName@SocketListener@@QAE?AVString@@XZ 00480700 f i platform:mediaservice.obj
 0002:0002c7c0       ?runActiveSocketFactory@MediaService@@AAEPAVActiveSocket@@VString@@VXml@@@Z 004807c0 f   platform:mediaservice.obj
 0002:0002caa0       ?createActiveSockets@MediaService@@AAEXVXml@@@Z 00480aa0 f   platform:mediaservice.obj
 0002:0002cef0       ?startActiveSockets@MediaService@@AAEXXZ 00480ef0 f   platform:mediaservice.obj
 0002:0002d2d0       ?stopActiveSockets@MediaService@@AAEXXZ 004812d0 f   platform:mediaservice.obj
 0002:0002d370       ?stopListeners@MediaService@@AAEXXZ 00481370 f   platform:mediaservice.obj
 0002:0002d420       ?exitActiveSockets@MediaService@@AAEXXZ 00481420 f   platform:mediaservice.obj
 0002:0002d4c0       ?exitListeners@MediaService@@AAEXXZ 004814c0 f   platform:mediaservice.obj
 0002:0002d570       ?getActiveSocket@MediaService@@AAEPAVActiveSocket@@VString@@@Z 00481570 f   platform:mediaservice.obj
 0002:0002d850       ?sendTextToDirectChannel@MediaService@@QAEXVString@@00@Z 00481850 f   platform:mediaservice.obj
 0002:0002d9d0       ?receiveTextFromDirectChannel@MediaService@@QAE?AVString@@V2@0_N@Z 004819d0 f   platform:mediaservice.obj
 0002:0002db40       ?receiveFixedSizeTextFromDirectChannel@MediaService@@QAE?AVString@@V2@0H_N@Z 00481b40 f   platform:mediaservice.obj
 0002:0002dcc0       ?add@?$MapStringToClass@VSocketListener@@@@QAEHPBDPAVSocketListener@@@Z 00481cc0 f i platform:mediaservice.obj
 0002:0002ded0       ?get@?$MapStringToClass@VSocketListener@@@@QAEPAVSocketListener@@PBD@Z 00481ed0 f i platform:mediaservice.obj
 0002:0002df80       ?count@?$MapStringToClass@VSocketListener@@@@QAEHXZ 00481f80 f i platform:mediaservice.obj
 0002:0002dfe0       ?destroy@?$MapStringToClass@VSocketListener@@@@QAEXXZ 00481fe0 f i platform:mediaservice.obj
 0002:0002e0f0       ?getClassByIndex@?$MapStringToClass@VSocketListener@@@@QAEPAVSocketListener@@H@Z 004820f0 f i platform:mediaservice.obj
 0002:0002e1b0       ?add@?$MapStringToClass@VActiveSocket@@@@QAEHPBDPAVActiveSocket@@@Z 004821b0 f i platform:mediaservice.obj
 0002:0002e3c0       ?get@?$MapStringToClass@VActiveSocket@@@@QAEPAVActiveSocket@@PBD@Z 004823c0 f i platform:mediaservice.obj
 0002:0002e470       ?count@?$MapStringToClass@VActiveSocket@@@@QAEHXZ 00482470 f i platform:mediaservice.obj
 0002:0002e4d0       ?destroy@?$MapStringToClass@VActiveSocket@@@@QAEXXZ 004824d0 f i platform:mediaservice.obj
 0002:0002e5e0       ?getClassByIndex@?$MapStringToClass@VActiveSocket@@@@QAEPAVActiveSocket@@H@Z 004825e0 f i platform:mediaservice.obj
 0002:0002e6a0       ??0MediaService@@IAE@XZ    004826a0 f i platform:mediaservice.obj
 0002:0002e780       ?getServiceName@MediaService@@UAEPBDXZ 00482780 f i platform:mediaservice.obj
 0002:0002e7c0       ??0?$MapStringToClass@VSocketListener@@@@QAE@XZ 004827c0 f i platform:mediaservice.obj
 0002:0002e820       ??1?$MapStringToClass@VSocketListener@@@@QAE@XZ 00482820 f i platform:mediaservice.obj
 0002:0002e880       ??0?$MapStringToClass@VActiveSocket@@@@QAE@XZ 00482880 f i platform:mediaservice.obj
 0002:0002e8e0       ??1?$MapStringToClass@VActiveSocket@@@@QAE@XZ 004828e0 f i platform:mediaservice.obj
 0002:0002e940       ??0MessagingService@@IAE@XZ 00482940 f   platform:messagingservice.obj
 0002:0002ea30       ?newService@MessagingService@@SAPAVService@@XZ 00482a30 f   platform:messagingservice.obj
 0002:0002eb10       ?configureService@MessagingService@@UAEXVXml@@@Z 00482b10 f   platform:messagingservice.obj
 0002:0002eb60       ?createService@MessagingService@@UAEXXZ 00482b60 f   platform:messagingservice.obj
 0002:0002ed80       ?initService@MessagingService@@UAEXXZ 00482d80 f   platform:messagingservice.obj
 0002:0002edd0       ?runService@MessagingService@@UAEXXZ 00482dd0 f   platform:messagingservice.obj
 0002:0002ee20       ?stopService@MessagingService@@UAEXXZ 00482e20 f   platform:messagingservice.obj
 0002:0002ee70       ?exitService@MessagingService@@UAEXXZ 00482e70 f   platform:messagingservice.obj
 0002:0002eec0       ?destroyService@MessagingService@@UAEXXZ 00482ec0 f   platform:messagingservice.obj
 0002:0002ef50       ?createSession@MessagingService@@QAEPAVMessageSession@@XZ 00482f50 f   platform:messagingservice.obj
 0002:0002f0a0       ?closeSession@MessagingService@@QAEXPAVMessageSession@@@Z 004830a0 f   platform:messagingservice.obj
 0002:0002f170       ??_GMessageSession@@QAEPAXI@Z 00483170 f i platform:messagingservice.obj
 0002:0002f1e0       ?createPublisher@MessagingService@@QAEPAVMessagePublisher@@PAVMessageSession@@VString@@11@Z 004831e0 f   platform:messagingservice.obj
 0002:0002f5c0       ?subscribe@MessagingService@@QAEPAVMessageSubscription@@PAVMessageSession@@VString@@1PAVMessageSubscriber@@@Z 004835c0 f   platform:messagingservice.obj
 0002:0002f970       ?subscribeSelector@MessagingService@@QAEPAVMessageSubscription@@PAVMessageSession@@VString@@11PAVMessageSubscriber@@@Z 00483970 f   platform:messagingservice.obj
 0002:0002fd70       ?destroyPublisher@MessagingService@@QAE_NPAVMessagePublisher@@@Z 00483d70 f   platform:messagingservice.obj
 0002:000300f0       ??_GMessagePublisher@@QAEPAXI@Z 004840f0 f i platform:messagingservice.obj
 0002:00030160       ?unsubscribe@MessagingService@@QAE_NPAVMessageSubscription@@@Z 00484160 f   platform:messagingservice.obj
 0002:00030480       ??_GMessageSubscription@@QAEPAXI@Z 00484480 f i platform:messagingservice.obj
 0002:000304f0       ?createChannel@MessagingService@@AAEPAVMessageChannel@@VXml@@@Z 004844f0 f   platform:messagingservice.obj
 0002:000309e0       ?getChannel@MessagingService@@AAEPAVMessageChannel@@VString@@@Z 004849e0 f   platform:messagingservice.obj
 0002:00030ce0       ?lock@MessagingService@@AAEXXZ 00484ce0 f   platform:messagingservice.obj
 0002:00030d40       ?unlock@MessagingService@@AAEXXZ 00484d40 f   platform:messagingservice.obj
 0002:00030da0       ?openAllChannels@MessagingService@@AAEXXZ 00484da0 f   platform:messagingservice.obj
 0002:00030e50       ?startAllChannels@MessagingService@@AAEXXZ 00484e50 f   platform:messagingservice.obj
 0002:00030f00       ?stopAllChannels@MessagingService@@AAEXXZ 00484f00 f   platform:messagingservice.obj
 0002:00030fb0       ?closeAllChannels@MessagingService@@AAEXXZ 00484fb0 f   platform:messagingservice.obj
 0002:00031060       ??0?$MapStringToClass@VMessageChannel@@@@QAE@XZ 00485060 f i platform:messagingservice.obj
 0002:000310c0       ??1?$MapStringToClass@VMessageChannel@@@@QAE@XZ 004850c0 f i platform:messagingservice.obj
 0002:00031120       ?add@?$MapStringToClass@VMessageChannel@@@@QAEHPBDPAVMessageChannel@@@Z 00485120 f i platform:messagingservice.obj
 0002:00031330       ?get@?$MapStringToClass@VMessageChannel@@@@QAEPAVMessageChannel@@PBD@Z 00485330 f i platform:messagingservice.obj
 0002:000313e0       ?count@?$MapStringToClass@VMessageChannel@@@@QAEHXZ 004853e0 f i platform:messagingservice.obj
 0002:00031440       ?destroy@?$MapStringToClass@VMessageChannel@@@@QAEXXZ 00485440 f i platform:messagingservice.obj
 0002:00031530       ?getClassByIndex@?$MapStringToClass@VMessageChannel@@@@QAEPAVMessageChannel@@H@Z 00485530 f i platform:messagingservice.obj
 0002:000315f0       ??0?$MapIntToClass@VMessageSession@@@@QAE@XZ 004855f0 f i platform:messagingservice.obj
 0002:00031650       ??1?$MapIntToClass@VMessageSession@@@@QAE@XZ 00485650 f i platform:messagingservice.obj
 0002:000316b0       ?add@?$MapIntToClass@VMessageSession@@@@QAEHHPAVMessageSession@@@Z 004856b0 f i platform:messagingservice.obj
 0002:00031890       ?removeByKey@?$MapIntToClass@VMessageSession@@@@QAEPAVMessageSession@@H@Z 00485890 f i platform:messagingservice.obj
 0002:000318f0       ?destroy@?$MapIntToClass@VMessageSession@@@@QAEXXZ 004858f0 f i platform:messagingservice.obj
 0002:000319e0       ??_GMessageChannel@@QAEPAXI@Z 004859e0 f i platform:messagingservice.obj
 0002:00031a50       ?getServiceName@MessagingService@@UAEPBDXZ 00485a50 f i platform:messagingservice.obj
 0002:00031a90       ?newService@ObjectService@@SAPAVService@@XZ 00485a90 f   platform:objectservice.obj
 0002:00031b70       ??0ObjectService@@IAE@XZ   00485b70 f   platform:objectservice.obj
 0002:00031c20       ?createService@ObjectService@@UAEXXZ 00485c20 f   platform:objectservice.obj
 0002:00031c80       ?destroyService@ObjectService@@UAEXXZ 00485c80 f   platform:objectservice.obj
 0002:00031cf0       ?registerSerializeObject@ObjectService@@QAEXPAVSerializeObject@@@Z 00485cf0 f   platform:objectservice.obj
 0002:00031d60       ?getSerializeObject@ObjectService@@QAEPAVSerializeObject@@PBD@Z 00485d60 f   platform:objectservice.obj
 0002:00031f30       ?addSerializeObjectInstance@ObjectService@@QAEXPAVSerializeObject@@PBD@Z 00485f30 f   platform:objectservice.obj
 0002:000320d0       ?replaceSerializeObjectInstance@ObjectService@@QAEXPAVSerializeObject@@PBD@Z 004860d0 f   platform:objectservice.obj
 0002:00032180       ?replaceSerializeObjectInstanceSrc@ObjectService@@QAEXPAVSerializeObject@@@Z 00486180 f   platform:objectservice.obj
 0002:000322a0       ?getSerializeObjectInstance@ObjectService@@QAEPAVSerializeObject@@PBD@Z 004862a0 f   platform:objectservice.obj
 0002:00032350       ?destroySerializeObjectInstances@ObjectService@@AAEXXZ 00486350 f   platform:objectservice.obj
 0002:00032400       ?getServiceName@ObjectService@@UAEPBDXZ 00486400 f i platform:objectservice.obj
 0002:00032440       ?configureService@ObjectService@@UAEXVXml@@@Z 00486440 f i platform:objectservice.obj
 0002:00032480       ?initService@ObjectService@@UAEXXZ 00486480 f i platform:objectservice.obj
 0002:000324c0       ?runService@ObjectService@@UAEXXZ 004864c0 f i platform:objectservice.obj
 0002:00032500       ?stopService@ObjectService@@UAEXXZ 00486500 f i platform:objectservice.obj
 0002:00032540       ?exitService@ObjectService@@UAEXXZ 00486540 f i platform:objectservice.obj
 0002:00032580       ?newService@ThreadService@@SAPAVService@@XZ 00486580 f   platform:threadservice.obj
 0002:00032660       ?createService@ThreadService@@MAEXXZ 00486660 f   platform:threadservice.obj
 0002:00032730       ?stopService@ThreadService@@MAEXXZ 00486730 f   platform:threadservice.obj
 0002:000327d0       ?exitService@ThreadService@@MAEXXZ 004867d0 f   platform:threadservice.obj
 0002:00032990       ?destroyService@ThreadService@@MAEXXZ 00486990 f   platform:threadservice.obj
 0002:00032a10       ?addMainThread@ThreadService@@QAEXXZ 00486a10 f   platform:threadservice.obj
 0002:00032b80       ?getThreadId@ThreadService@@QAEHXZ 00486b80 f   platform:threadservice.obj
 0002:00032bf0       ?getThreadHandle@ThreadService@@QAEPAXXZ 00486bf0 f   platform:threadservice.obj
 0002:00032c60       ?threadFunction@ThreadService@@QAEIPAVThreadData@@@Z 00486c60 f   platform:threadservice.obj
 0002:00032f30       ?runThread@ThreadService@@QAEPAXVString@@PAVObject@@P83@AEXPAX@Z2@Z 00486f30 f   platform:threadservice.obj
 0002:00033470       ?workerCreated@ThreadService@@AAEXXZ 00487470 f   platform:threadservice.obj
 0002:000334f0       ?workerStarted@ThreadService@@AAEXPAVThreadData@@@Z 004874f0 f   platform:threadservice.obj
 0002:00033a20       ?workerExited@ThreadService@@AAEXPAVThreadData@@H@Z 00487a20 f   platform:threadservice.obj
 0002:00033ea0       ??_GThreadData@@QAEPAXI@Z  00487ea0 f i platform:threadservice.obj
 0002:00033f10       ?workerExited@ThreadService@@AAEXH@Z 00487f10 f   platform:threadservice.obj
 0002:00033fa0       ?waitThreadExited@ThreadService@@QAE_NPAX@Z 00487fa0 f   platform:threadservice.obj
 0002:00034060       ?getActiveThreads@ThreadService@@AAE?AVString@@XZ 00488060 f   platform:threadservice.obj
 0002:00034230       ?addThreadObject@ThreadService@@QAEXPBDPAVThreadObject@@@Z 00488230 f   platform:threadservice.obj
 0002:000347d0       ?getThreadData@ThreadService@@AAEPAVThreadData@@XZ 004887d0 f   platform:threadservice.obj
 0002:00034830       ?getThreadObject@ThreadService@@QAEPAVThreadObject@@PBD@Z 00488830 f   platform:threadservice.obj
 0002:000348b0       ?manageThreadCallStack@ThreadService@@QAEXXZ 004888b0 f   platform:threadservice.obj
 0002:000349b0       ?threadDumpAll@ThreadService@@QAEX_N@Z 004889b0 f   platform:threadservice.obj
 0002:00034ed0       ?threadDumpByName@ThreadService@@QAEXVString@@_N@Z 00488ed0 f   platform:threadservice.obj
 0002:000353c0       ?printThreadStackTrace@ThreadService@@AAEXPAVThreadData@@@Z 004893c0 f   platform:threadservice.obj
 0002:000354c0       ?setSignalHandlers@ThreadService@@QAEXXZ 004894c0 f   platform:threadservice.obj
 0002:00035620       ?stopServicesBySignal@ThreadService@@QAEXH@Z 00489620 f   platform:threadservice.obj
 0002:00035790       ?waitExitSignal@ThreadService@@QAEXXZ 00489790 f   platform:threadservice.obj
 0002:00035820       ?waitAllThreads@ThreadService@@QAEXXZ 00489820 f   platform:threadservice.obj
 0002:00035aa0       ?createThreadPool@ThreadService@@QAEXVString@@VXml@@AAV?$ClassList@VThreadPoolTask@@@@@Z 00489aa0 f   platform:threadservice.obj
 0002:00035bb0       ?createThreadPool@ThreadService@@QAEXVString@@VXml@@AAV?$ResourcePool@VThreadPoolTask@@@@@Z 00489bb0 f   platform:threadservice.obj
 0002:00035cc0       ?createThreadPool@ThreadService@@AAEPAVThreadPool@@VString@@VXml@@@Z 00489cc0 f   platform:threadservice.obj
 0002:00036070       ?startThreadPool@ThreadService@@QAEXVString@@@Z 0048a070 f   platform:threadservice.obj
 0002:00036340       ?stopThreadPool@ThreadService@@QAEXVString@@@Z 0048a340 f   platform:threadservice.obj
 0002:00036610       ?suspendThreadPool@ThreadService@@QAEXVString@@@Z 0048a610 f   platform:threadservice.obj
 0002:000368e0       ?resumeThreadPool@ThreadService@@QAEXVString@@@Z 0048a8e0 f   platform:threadservice.obj
 0002:00036bb0       ?destroyThreadPool@ThreadService@@AAEXVString@@@Z 0048abb0 f   platform:threadservice.obj
 0002:00036da0       ??_GThreadPool@@QAEPAXI@Z  0048ada0 f i platform:threadservice.obj
 0002:00036e10       ?threadSleepMs@ThreadService@@QAEXH@Z 0048ae10 f   platform:threadservice.obj
 0002:00036fb0       ?threadSleepInterrupt@ThreadService@@QAEXPAVThreadData@@@Z 0048afb0 f   platform:threadservice.obj
 0002:00037010       ?threadSleepInterruptAll@ThreadService@@QAEXXZ 0048b010 f   platform:threadservice.obj
 0002:000370d0       ?add@?$MapStringToClass@VThreadData@@@@QAEHPBDPAVThreadData@@@Z 0048b0d0 f i platform:threadservice.obj
 0002:000372e0       ?get@?$MapStringToClass@VThreadData@@@@QAEPAVThreadData@@PBD@Z 0048b2e0 f i platform:threadservice.obj
 0002:00037390       ?remove@?$MapStringToClass@VThreadData@@@@QAEPAVThreadData@@PBD@Z 0048b390 f i platform:threadservice.obj
 0002:000373f0       ?count@?$MapStringToClass@VThreadData@@@@QAEHXZ 0048b3f0 f i platform:threadservice.obj
 0002:00037450       ?getClassByIndex@?$MapStringToClass@VThreadData@@@@QAEPAVThreadData@@H@Z 0048b450 f i platform:threadservice.obj
 0002:00037510       ?add@?$MapStringToClass@VThreadPool@@@@QAEHPBDPAVThreadPool@@@Z 0048b510 f i platform:threadservice.obj
 0002:00037720       ?get@?$MapStringToClass@VThreadPool@@@@QAEPAVThreadPool@@PBD@Z 0048b720 f i platform:threadservice.obj
 0002:000377d0       ?remove@?$MapStringToClass@VThreadPool@@@@QAEPAVThreadPool@@PBD@Z 0048b7d0 f i platform:threadservice.obj
 0002:00037830       ?count@?$MapStringToClass@VThreadPool@@@@QAEHXZ 0048b830 f i platform:threadservice.obj
 0002:00037890       ?destroy@?$MapStringToClass@VThreadPool@@@@QAEXXZ 0048b890 f i platform:threadservice.obj
 0002:00037980       ?getClassByIndex@?$MapStringToClass@VThreadPool@@@@QAEPAVThreadPool@@H@Z 0048b980 f i platform:threadservice.obj
 0002:00037a40       ?getKeyByIndex@?$MapStringToClass@VThreadPool@@@@QAEPBDH@Z 0048ba40 f i platform:threadservice.obj
 0002:00037af0       ?add@?$MapStringToClass@VThreadObject@@@@QAEHPBDPAVThreadObject@@@Z 0048baf0 f i platform:threadservice.obj
 0002:00037d00       ?get@?$MapStringToClass@VThreadObject@@@@QAEPAVThreadObject@@PBD@Z 0048bd00 f i platform:threadservice.obj
 0002:00037db0       ?destroy@?$MapStringToClass@VThreadObject@@@@QAEXXZ 0048bdb0 f i platform:threadservice.obj
 0002:00037ec0       ?getLogger@Object@@QAEAAVLogger@@XZ 0048bec0 f i platform:threadservice.obj
 0002:00037f00       ??0ThreadService@@IAE@XZ   0048bf00 f i platform:threadservice.obj
 0002:00037fd0       ?getServiceName@ThreadService@@MAEPBDXZ 0048bfd0 f i platform:threadservice.obj
 0002:00038010       ?configureService@ThreadService@@MAEXVXml@@@Z 0048c010 f i platform:threadservice.obj
 0002:00038050       ?initService@ThreadService@@MAEXXZ 0048c050 f i platform:threadservice.obj
 0002:00038090       ?runService@ThreadService@@MAEXXZ 0048c090 f i platform:threadservice.obj
 0002:000380d0       ??0?$MapStringToClass@VThreadData@@@@QAE@XZ 0048c0d0 f i platform:threadservice.obj
 0002:00038130       ??1?$MapStringToClass@VThreadData@@@@QAE@XZ 0048c130 f i platform:threadservice.obj
 0002:00038190       ??0?$MapStringToClass@VThreadPool@@@@QAE@XZ 0048c190 f i platform:threadservice.obj
 0002:000381f0       ??1?$MapStringToClass@VThreadPool@@@@QAE@XZ 0048c1f0 f i platform:threadservice.obj
 0002:00038250       ??0AdminApiSocket@@QAE@XZ  0048c250 f   platform:adminapisocket.obj
 0002:00038340       ??1SocketProtocol@@QAE@XZ  0048c340 f i platform:adminapisocket.obj
 0002:00038460       ??1AdminApiSocket@@QAE@XZ  0048c460 f   platform:adminapisocket.obj
 0002:00038520       ?initThread@AdminApiSocket@@QAEXXZ 0048c520 f   platform:adminapisocket.obj
 0002:00038570       ?exitThread@AdminApiSocket@@QAEXXZ 0048c570 f   platform:adminapisocket.obj
 0002:000385c0       ?setXmlRequestId@AdminApiSocket@@AAE?AVString@@VXml@@@Z 0048c5c0 f   platform:adminapisocket.obj
 0002:000387c0       ?execute@AdminApiSocket@@QAE?AVXml@@V2@@Z 0048c7c0 f   platform:adminapisocket.obj
 0002:00039100       ?send@AdminApiSocket@@QAEXVXml@@@Z 0048d100 f   platform:adminapisocket.obj
 0002:00039680       ?connect@AdminApiSocket@@QAEXVString@@@Z 0048d680 f   platform:adminapisocket.obj
 0002:000399d0       ?disconnect@AdminApiSocket@@QAEXXZ 0048d9d0 f   platform:adminapisocket.obj
 0002:00039a30       ?isConnected@AdminApiSocket@@QAE_NXZ 0048da30 f   platform:adminapisocket.obj
 0002:00039a70       ??1MapStringToString@@QAE@XZ 0048da70 f i platform:adminapisocket.obj
 0002:00039ad0       ?destroy@MapStringToString@@QAEXXZ 0048dad0 f i platform:adminapisocket.obj
 0002:00039b80       ?TiXmlFOpen@@YAPAU_iobuf@@PBD0@Z 0048db80 f   platform:tinyxml.obj
 0002:00039c40       ?EncodeString@TiXmlBase@@SAXABV?$basic_string@DU?$char_traits@D@std@@V?$allocator@D@2@@std@@PAV23@@Z 0048dc40 f   platform:tinyxml.obj
 0002:00039f50       ??0TiXmlNode@@IAE@W4NodeType@0@@Z 0048df50 f   platform:tinyxml.obj
 0002:0003a060       ??0TiXmlBase@@QAE@XZ       0048e060 f i platform:tinyxml.obj
 0002:0003a0d0       ??0TiXmlCursor@@QAE@XZ     0048e0d0 f i platform:tinyxml.obj
 0002:0003a130       ?Clear@TiXmlCursor@@QAEXXZ 0048e130 f i platform:tinyxml.obj
 0002:0003a180       ??1TiXmlBase@@UAE@XZ       0048e180 f i platform:tinyxml.obj
 0002:0003a1c0       ??_ETiXmlBase@@UAEPAXI@Z   0048e1c0 f i platform:tinyxml.obj
 0002:0003a1c0       ??_GTiXmlBase@@UAEPAXI@Z   0048e1c0 f i platform:tinyxml.obj
 0002:0003a230       ?ToText@TiXmlNode@@UBEPBVTiXmlText@@XZ 0048e230 f i platform:tinyxml.obj
 0002:0003a270       ?ToText@TiXmlNode@@UAEPAVTiXmlText@@XZ 0048e270 f i platform:tinyxml.obj
 0002:0003a2b0       ??_ETiXmlNode@@UAEPAXI@Z   0048e2b0 f i platform:tinyxml.obj
 0002:0003a2b0       ??_GTiXmlNode@@UAEPAXI@Z   0048e2b0 f i platform:tinyxml.obj
 0002:0003a320       ??1TiXmlNode@@UAE@XZ       0048e320 f   platform:tinyxml.obj
 0002:0003a470       ?CopyTo@TiXmlNode@@IBEXPAV1@@Z 0048e470 f   platform:tinyxml.obj
 0002:0003a4e0       ?Clear@TiXmlNode@@QAEXXZ   0048e4e0 f   platform:tinyxml.obj
 0002:0003a5d0       ?LinkEndChild@TiXmlNode@@QAEPAV1@PAV1@@Z 0048e5d0 f   platform:tinyxml.obj
 0002:0003a7c0       ?Type@TiXmlNode@@QBEHXZ    0048e7c0 f i platform:tinyxml.obj
 0002:0003a800       ?GetDocument@TiXmlNode@@QAEPAVTiXmlDocument@@XZ 0048e800 f i platform:tinyxml.obj
 0002:0003a850       ?InsertEndChild@TiXmlNode@@QAEPAV1@ABV1@@Z 0048e850 f   platform:tinyxml.obj
 0002:0003a920       ?InsertBeforeChild@TiXmlNode@@QAEPAV1@PAV1@ABV1@@Z 0048e920 f   platform:tinyxml.obj
 0002:0003aa90       ?InsertAfterChild@TiXmlNode@@QAEPAV1@PAV1@ABV1@@Z 0048ea90 f   platform:tinyxml.obj
 0002:0003ac00       ?ReplaceChild@TiXmlNode@@QAEPAV1@PAV1@ABV1@@Z 0048ec00 f   platform:tinyxml.obj
 0002:0003ad70       ?RemoveChild@TiXmlNode@@QAE_NPAV1@@Z 0048ed70 f   platform:tinyxml.obj
 0002:0003aed0       ?FirstChild@TiXmlNode@@QBEPBV1@PBD@Z 0048eed0 f   platform:tinyxml.obj
 0002:0003af70       ?LastChild@TiXmlNode@@QBEPBV1@PBD@Z 0048ef70 f   platform:tinyxml.obj
 0002:0003b010       ?IterateChildren@TiXmlNode@@QBEPBV1@PBV1@@Z 0048f010 f   platform:tinyxml.obj
 0002:0003b0c0       ?FirstChild@TiXmlNode@@QBEPBV1@XZ 0048f0c0 f i platform:tinyxml.obj
 0002:0003b100       ?NextSibling@TiXmlNode@@QBEPBV1@XZ 0048f100 f i platform:tinyxml.obj
 0002:0003b140       ?IterateChildren@TiXmlNode@@QBEPBV1@PBDPBV1@@Z 0048f140 f   platform:tinyxml.obj
 0002:0003b1f0       ?NextSibling@TiXmlNode@@QBEPBV1@PBD@Z 0048f1f0 f   platform:tinyxml.obj
 0002:0003b290       ?PreviousSibling@TiXmlNode@@QBEPBV1@PBD@Z 0048f290 f   platform:tinyxml.obj
 0002:0003b330       ?RemoveAttribute@TiXmlElement@@QAEXPBD@Z 0048f330 f   platform:tinyxml.obj
 0002:0003b4b0       ?Find@TiXmlAttributeSet@@QAEPAVTiXmlAttribute@@ABV?$basic_string@DU?$char_traits@D@std@@V?$allocator@D@2@@std@@@Z 0048f4b0 f i platform:tinyxml.obj
 0002:0003b510       ?FirstChildElement@TiXmlNode@@QBEPBVTiXmlElement@@XZ 0048f510 f   platform:tinyxml.obj
 0002:0003b5c0       ?FirstChildElement@TiXmlNode@@QBEPBVTiXmlElement@@PBD@Z 0048f5c0 f   platform:tinyxml.obj
 0002:0003b680       ?NextSiblingElement@TiXmlNode@@QBEPBVTiXmlElement@@XZ 0048f680 f   platform:tinyxml.obj
 0002:0003b730       ?NextSiblingElement@TiXmlNode@@QBEPBVTiXmlElement@@PBD@Z 0048f730 f   platform:tinyxml.obj
 0002:0003b7f0       ?GetDocument@TiXmlNode@@QBEPBVTiXmlDocument@@XZ 0048f7f0 f   platform:tinyxml.obj
 0002:0003b8a0       ??0TiXmlElement@@QAE@PBD@Z 0048f8a0 f   platform:tinyxml.obj
 0002:0003b990       ?ToElement@TiXmlElement@@UBEPBV1@XZ 0048f990 f i platform:tinyxml.obj
 0002:0003b9d0       ?ToElement@TiXmlElement@@UAEPAV1@XZ 0048f9d0 f i platform:tinyxml.obj
 0002:0003ba10       ??_ETiXmlElement@@UAEPAXI@Z 0048fa10 f i platform:tinyxml.obj
 0002:0003ba10       ??_GTiXmlElement@@UAEPAXI@Z 0048fa10 f i platform:tinyxml.obj
 0002:0003ba80       ??0TiXmlElement@@QAE@ABV?$basic_string@DU?$char_traits@D@std@@V?$allocator@D@2@@std@@@Z 0048fa80 f   platform:tinyxml.obj
 0002:0003bb70       ??0TiXmlElement@@QAE@ABV0@@Z 0048fb70 f   platform:tinyxml.obj
 0002:0003bc60       ??4TiXmlElement@@QAEXABV0@@Z 0048fc60 f   platform:tinyxml.obj
 0002:0003bcc0       ??1TiXmlElement@@UAE@XZ    0048fcc0 f   platform:tinyxml.obj
 0002:0003bd80       ?ClearThis@TiXmlElement@@IAEXXZ 0048fd80 f   platform:tinyxml.obj
 0002:0003be70       ?First@TiXmlAttributeSet@@QAEPAVTiXmlAttribute@@XZ 0048fe70 f i platform:tinyxml.obj
 0002:0003bee0       ?Attribute@TiXmlElement@@QBEPBDPBD@Z 0048fee0 f   platform:tinyxml.obj
 0002:0003bf60       ?Value@TiXmlAttribute@@QBEPBDXZ 0048ff60 f i platform:tinyxml.obj
 0002:0003bfc0       ?Attribute@TiXmlElement@@QBEPBV?$basic_string@DU?$char_traits@D@std@@V?$allocator@D@2@@std@@ABV23@@Z 0048ffc0 f   platform:tinyxml.obj
 0002:0003c040       ?ValueStr@TiXmlAttribute@@QBEABV?$basic_string@DU?$char_traits@D@std@@V?$allocator@D@2@@std@@XZ 00490040 f i platform:tinyxml.obj
 0002:0003c080       ?Attribute@TiXmlElement@@QBEPBDPBDPAH@Z 00490080 f   platform:tinyxml.obj
 0002:0003c120       ?Attribute@TiXmlElement@@QBEPBV?$basic_string@DU?$char_traits@D@std@@V?$allocator@D@2@@std@@ABV23@PAH@Z 00490120 f   platform:tinyxml.obj
 0002:0003c1d0       ?Attribute@TiXmlElement@@QBEPBDPBDPAN@Z 004901d0 f   platform:tinyxml.obj
 0002:0003c270       ?Attribute@TiXmlElement@@QBEPBV?$basic_string@DU?$char_traits@D@std@@V?$allocator@D@2@@std@@ABV23@PAN@Z 00490270 f   platform:tinyxml.obj
 0002:0003c310       ?QueryIntAttribute@TiXmlElement@@QBEHPBDPAH@Z 00490310 f   platform:tinyxml.obj
 0002:0003c390       ?QueryIntAttribute@TiXmlElement@@QBEHABV?$basic_string@DU?$char_traits@D@std@@V?$allocator@D@2@@std@@PAH@Z 00490390 f   platform:tinyxml.obj
 0002:0003c410       ?QueryDoubleAttribute@TiXmlElement@@QBEHPBDPAN@Z 00490410 f   platform:tinyxml.obj
 0002:0003c490       ?QueryDoubleAttribute@TiXmlElement@@QBEHABV?$basic_string@DU?$char_traits@D@std@@V?$allocator@D@2@@std@@PAN@Z 00490490 f   platform:tinyxml.obj
 0002:0003c510       ?SetAttribute@TiXmlElement@@QAEXPBDH@Z 00490510 f   platform:tinyxml.obj
 0002:0003c5e0       ?SetAttribute@TiXmlElement@@QAEXABV?$basic_string@DU?$char_traits@D@std@@V?$allocator@D@2@@std@@H@Z 004905e0 f   platform:tinyxml.obj
 0002:0003c750       ??_D?$basic_ostringstream@DU?$char_traits@D@std@@V?$allocator@D@2@@std@@QAEXXZ 00490750 f i platform:tinyxml.obj
 0002:0003c7c0       ?SetDoubleAttribute@TiXmlElement@@QAEXPBDN@Z 004907c0 f   platform:tinyxml.obj
 0002:0003c8a0       ?SetAttribute@TiXmlElement@@QAEXPBD0@Z 004908a0 f   platform:tinyxml.obj
 0002:0003cae0       ??0TiXmlAttribute@@QAE@PBD0@Z 00490ae0 f i platform:tinyxml.obj
 0002:0003cc00       ?SetValue@TiXmlAttribute@@QAEXABV?$basic_string@DU?$char_traits@D@std@@V?$allocator@D@2@@std@@@Z 00490c00 f i platform:tinyxml.obj
 0002:0003cc60       ?Print@TiXmlAttribute@@UBEXPAU_iobuf@@H@Z 00490c60 f i platform:tinyxml.obj
 0002:0003ccc0       ?Print@TiXmlAttribute@@UBEXPAV?$basic_string@DU?$char_traits@D@std@@V?$allocator@D@2@@std@@H@Z 00490cc0 f i platform:tinyxml.obj
 0002:0003cd20       ??_GTiXmlAttribute@@UAEPAXI@Z 00490d20 f i platform:tinyxml.obj
 0002:0003cd20       ??_ETiXmlAttribute@@UAEPAXI@Z 00490d20 f i platform:tinyxml.obj
 0002:0003cd90       ??1TiXmlAttribute@@UAE@XZ  00490d90 f i platform:tinyxml.obj
 0002:0003ce50       ?SetAttribute@TiXmlElement@@QAEXABV?$basic_string@DU?$char_traits@D@std@@V?$allocator@D@2@@std@@0@Z 00490e50 f   platform:tinyxml.obj
 0002:0003cfc0       ??0TiXmlAttribute@@QAE@ABV?$basic_string@DU?$char_traits@D@std@@V?$allocator@D@2@@std@@0@Z 00490fc0 f i platform:tinyxml.obj
 0002:0003d0e0       ?PrintWithoutChilds@TiXmlElement@@UBEXPAU_iobuf@@H@Z 004910e0 f   platform:tinyxml.obj
 0002:0003d270       ?First@TiXmlAttributeSet@@QBEPBVTiXmlAttribute@@XZ 00491270 f i platform:tinyxml.obj
 0002:0003d2e0       ?Print@TiXmlElement@@UBEXPAU_iobuf@@H@Z 004912e0 f   platform:tinyxml.obj
 0002:0003d690       ?NextSibling@TiXmlNode@@QAEPAV1@XZ 00491690 f i platform:tinyxml.obj
 0002:0003d6d0       ?Print@TiXmlElement@@UBEXPAV?$basic_string@DU?$char_traits@D@std@@V?$allocator@D@2@@std@@H@Z 004916d0 f   platform:tinyxml.obj
 0002:0003da00       ?PrintWithoutChilds@TiXmlElement@@UBEXPAV?$basic_string@DU?$char_traits@D@std@@V?$allocator@D@2@@std@@H@Z 00491a00 f   platform:tinyxml.obj
 0002:0003db50       ?CopyTo@TiXmlElement@@IBEXPAV1@@Z 00491b50 f   platform:tinyxml.obj
 0002:0003dc50       ?Name@TiXmlAttribute@@QBEPBDXZ 00491c50 f i platform:tinyxml.obj
 0002:0003dcb0       ?Accept@TiXmlElement@@UBE_NPAVTiXmlVisitor@@@Z 00491cb0 f   platform:tinyxml.obj
 0002:0003ddb0       ?Clone@TiXmlElement@@UBEPAVTiXmlNode@@XZ 00491db0 f   platform:tinyxml.obj
 0002:0003ded0       ?GetText@TiXmlElement@@QBEPBDXZ 00491ed0 f   platform:tinyxml.obj
 0002:0003df60       ??0TiXmlDocument@@QAE@XZ   00491f60 f   platform:tinyxml.obj
 0002:0003e050       ?ClearError@TiXmlDocument@@QAEXXZ 00492050 f i platform:tinyxml.obj
 0002:0003e0e0       ?ToDocument@TiXmlDocument@@UBEPBV1@XZ 004920e0 f i platform:tinyxml.obj
 0002:0003e120       ?ToDocument@TiXmlDocument@@UAEPAV1@XZ 00492120 f i platform:tinyxml.obj
[...]
 0005:00000590       __imp__GetProcAddress@8    0051e590     kernel32:KERNEL32.dll
 0005:00000594       __imp__LoadLibraryW@4      0051e594     kernel32:KERNEL32.dll
 0005:00000598       __imp__TerminateProcess@8  0051e598     kernel32:KERNEL32.dll
 0005:0000059c       __imp__GetCurrentProcess@0 0051e59c     kernel32:KERNEL32.dll
 0005:000005a0       __imp__UnhandledExceptionFilter@4 0051e5a0     kernel32:KERNEL32.dll
 0005:000005a4       __imp__SetUnhandledExceptionFilter@4 0051e5a4     kernel32:KERNEL32.dll
 0005:000005a8       __imp__DecodePointer@4     0051e5a8     kernel32:KERNEL32.dll
 0005:000005ac       __imp__QueryPerformanceCounter@4 0051e5ac     kernel32:KERNEL32.dll
 0005:000005b0       __imp__GetTickCount@0      0051e5b0     kernel32:KERNEL32.dll
 0005:000005b4       __imp__GetCurrentProcessId@0 0051e5b4     kernel32:KERNEL32.dll
 0005:000005b8       __imp__GetSystemTimeAsFileTime@4 0051e5b8     kernel32:KERNEL32.dll
 0005:000005bc       __imp__HeapFree@12         0051e5bc     kernel32:KERNEL32.dll
 0005:000005c0       __imp__HeapAlloc@12        0051e5c0     kernel32:KERNEL32.dll
 0005:000005c4       __imp__GetProcessHeap@0    0051e5c4     kernel32:KERNEL32.dll
 0005:000005c8       __imp__GetModuleFileNameW@12 0051e5c8     kernel32:KERNEL32.dll
 0005:000005cc       __imp__VirtualQuery@12     0051e5cc     kernel32:KERNEL32.dll
 0005:000005d0       __imp__GetModuleHandleW@4  0051e5d0     kernel32:KERNEL32.dll
 0005:000005d4       __imp__FreeLibrary@4       0051e5d4     kernel32:KERNEL32.dll
 0005:000005d8       __imp__IsProcessorFeaturePresent@4 0051e5d8     kernel32:KERNEL32.dll
 0005:000005dc       __imp__WaitForSingleObject@8 0051e5dc     kernel32:KERNEL32.dll
 0005:000005e0       __imp__ReleaseSemaphore@12 0051e5e0     kernel32:KERNEL32.dll
 0005:000005e4       __imp__CreateSemaphoreA@16 0051e5e4     kernel32:KERNEL32.dll
 0005:000005e8       __imp__CloseHandle@4       0051e5e8     kernel32:KERNEL32.dll
 0005:000005ec       __imp__CancelIoEx@8        0051e5ec     kernel32:KERNEL32.dll
 0005:000005f0       __imp__CreateEventA@16     0051e5f0     kernel32:KERNEL32.dll
 0005:000005f4       __imp__SetEvent@4          0051e5f4     kernel32:KERNEL32.dll
 0005:000005f8       __imp__ResetEvent@4        0051e5f8     kernel32:KERNEL32.dll
 0005:000005fc       __imp__CreateMutexA@12     0051e5fc     kernel32:KERNEL32.dll
 0005:00000600       __imp__ReleaseMutex@4      0051e600     kernel32:KERNEL32.dll
 0005:00000604       __imp__InterlockedIncrement@4 0051e604     kernel32:KERNEL32.dll
 0005:00000608       __imp__LoadLibraryA@4      0051e608     kernel32:KERNEL32.dll
 0005:0000060c       __imp__GetComputerNameA@8  0051e60c     kernel32:KERNEL32.dll
 0005:00000610       __imp__GetSystemTimes@12   0051e610     kernel32:KERNEL32.dll
 0005:00000614       __imp__GetModuleHandleA@4  0051e614     kernel32:KERNEL32.dll
 0005:00000618       __imp__GetModuleFileNameA@12 0051e618     kernel32:KERNEL32.dll
 0005:0000061c       __imp__WaitForMultipleObjectsEx@20 0051e61c     kernel32:KERNEL32.dll
 0005:00000620       __imp__TlsAlloc@0          0051e620     kernel32:KERNEL32.dll
 0005:00000624       \177KERNEL32_NULL_THUNK_DATA 0051e624     kernel32:KERNEL32.dll
 0005:00000678       __imp_?peek@?$basic_istream@DU?$char_traits@D@std@@@std@@QAEHXZ 0051e678     msvcprtd:MSVCP100D.dll
 0005:0000067c       __imp_?get@?$basic_istream@DU?$char_traits@D@std@@@std@@QAEHXZ 0051e67c     msvcprtd:MSVCP100D.dll
 0005:00000680       __imp_?uncaught_exception@std@@YA_NXZ 0051e680     msvcprtd:MSVCP100D.dll
 0005:00000684       __imp_?_Osfx@?$basic_ostream@DU?$char_traits@D@std@@@std@@QAEXXZ 0051e684     msvcprtd:MSVCP100D.dll
 0005:00000688       __imp_?good@ios_base@std@@QBE_NXZ 0051e688     msvcprtd:MSVCP100D.dll
 0005:0000068c       __imp_?tie@?$basic_ios@DU?$char_traits@D@std@@@std@@QBEPAV?$basic_ostream@DU?$char_traits@D@std@@@2@XZ 0051e68c     msvcprtd:MSVCP100D.dll
 0005:00000690       __imp_?flush@?$basic_ostream@DU?$char_traits@D@std@@@std@@QAEAAV12@XZ 0051e690     msvcprtd:MSVCP100D.dll
 0005:00000694       __imp_?width@ios_base@std@@QBE_JXZ 0051e694     msvcprtd:MSVCP100D.dll
 0005:00000698       __imp_?flags@ios_base@std@@QBEHXZ 0051e698     msvcprtd:MSVCP100D.dll
 0005:0000069c       __imp_?fill@?$basic_ios@DU?$char_traits@D@std@@@std@@QBEDXZ 0051e69c     msvcprtd:MSVCP100D.dll
 0005:000006a0       __imp_?rdbuf@?$basic_ios@DU?$char_traits@D@std@@@std@@QBEPAV?$basic_streambuf@DU?$char_traits@D@std@@@2@XZ 0051e6a0     msvcprtd:MSVCP100D.dll
 0005:000006a4       __imp_?sputc@?$basic_streambuf@DU?$char_traits@D@std@@@std@@QAEHD@Z 0051e6a4     msvcprtd:MSVCP100D.dll
 0005:000006a8       __imp_?sputn@?$basic_streambuf@DU?$char_traits@D@std@@@std@@QAE_JPBD_J@Z 0051e6a8     msvcprtd:MSVCP100D.dll
 0005:000006ac       __imp_?width@ios_base@std@@QAE_J_J@Z 0051e6ac     msvcprtd:MSVCP100D.dll
 0005:000006b0       __imp_?setstate@?$basic_ios@DU?$char_traits@D@std@@@std@@QAEXH_N@Z 0051e6b0     msvcprtd:MSVCP100D.dll
 0005:000006b4       __imp_??0?$basic_streambuf@DU?$char_traits@D@std@@@std@@IAE@XZ 0051e6b4     msvcprtd:MSVCP100D.dll
 0005:000006b8       __imp_?_BADOFF@std@@3_JB   0051e6b8     msvcprtd:MSVCP100D.dll
 0005:000006bc       __imp_?pbump@?$basic_streambuf@DU?$char_traits@D@std@@@std@@IAEXH@Z 0051e6bc     msvcprtd:MSVCP100D.dll
 0005:000006c0       __imp_?egptr@?$basic_streambuf@DU?$char_traits@D@std@@@std@@IBEPADXZ 0051e6c0     msvcprtd:MSVCP100D.dll
 0005:000006c4       __imp_?gbump@?$basic_streambuf@DU?$char_traits@D@std@@@std@@IAEXH@Z 0051e6c4     msvcprtd:MSVCP100D.dll
 0005:000006c8       __imp_?pptr@?$basic_streambuf@DU?$char_traits@D@std@@@std@@IBEPADXZ 0051e6c8     msvcprtd:MSVCP100D.dll
 0005:000006cc       __imp_?epptr@?$basic_streambuf@DU?$char_traits@D@std@@@std@@IBEPADXZ 0051e6cc     msvcprtd:MSVCP100D.dll
 0005:000006d0       __imp_?pbase@?$basic_streambuf@DU?$char_traits@D@std@@@std@@IBEPADXZ 0051e6d0     msvcprtd:MSVCP100D.dll
 0005:000006d4       __imp_?setp@?$basic_streambuf@DU?$char_traits@D@std@@@std@@IAEXPAD00@Z 0051e6d4     msvcprtd:MSVCP100D.dll
 0005:000006d8       __imp_?_Pninc@?$basic_streambuf@DU?$char_traits@D@std@@@std@@IAEPADXZ 0051e6d8     msvcprtd:MSVCP100D.dll
 0005:000006dc       __imp_?eback@?$basic_streambuf@DU?$char_traits@D@std@@@std@@IBEPADXZ 0051e6dc     msvcprtd:MSVCP100D.dll
 0005:000006e0       __imp_?setp@?$basic_streambuf@DU?$char_traits@D@std@@@std@@IAEXPAD0@Z 0051e6e0     msvcprtd:MSVCP100D.dll
 0005:000006e4       __imp_?setg@?$basic_streambuf@DU?$char_traits@D@std@@@std@@IAEXPAD00@Z 0051e6e4     msvcprtd:MSVCP100D.dll
 0005:000006e8       __imp_?gptr@?$basic_streambuf@DU?$char_traits@D@std@@@std@@IBEPADXZ 0051e6e8     msvcprtd:MSVCP100D.dll
 0005:000006ec       __imp_?imbue@?$basic_streambuf@DU?$char_traits@D@std@@@std@@MAEXABVlocale@2@@Z 0051e6ec     msvcprtd:MSVCP100D.dll
 0005:000006f0       __imp_?sync@?$basic_streambuf@DU?$char_traits@D@std@@@std@@MAEHXZ 0051e6f0     msvcprtd:MSVCP100D.dll
 0005:000006f4       __imp_?setbuf@?$basic_streambuf@DU?$char_traits@D@std@@@std@@MAEPAV12@PAD_J@Z 0051e6f4     msvcprtd:MSVCP100D.dll
 0005:000006f8       __imp_?xsputn@?$basic_streambuf@DU?$char_traits@D@std@@@std@@MAE_JPBD_J@Z 0051e6f8     msvcprtd:MSVCP100D.dll
 0005:000006fc       __imp_?xsgetn@?$basic_streambuf@DU?$char_traits@D@std@@@std@@MAE_JPAD_J@Z 0051e6fc     msvcprtd:MSVCP100D.dll
 0005:00000700       __imp_?uflow@?$basic_streambuf@DU?$char_traits@D@std@@@std@@MAEHXZ 0051e700     msvcprtd:MSVCP100D.dll
 0005:00000704       __imp_?showmanyc@?$basic_streambuf@DU?$char_traits@D@std@@@std@@MAE_JXZ 0051e704     msvcprtd:MSVCP100D.dll
 0005:00000708       __imp_?_Unlock@?$basic_streambuf@DU?$char_traits@D@std@@@std@@UAEXXZ 0051e708     msvcprtd:MSVCP100D.dll
 0005:0000070c       __imp_?_Lock@?$basic_streambuf@DU?$char_traits@D@std@@@std@@UAEXXZ 0051e70c     msvcprtd:MSVCP100D.dll
 0005:00000710       __imp_??1?$basic_streambuf@DU?$char_traits@D@std@@@std@@UAE@XZ 0051e710     msvcprtd:MSVCP100D.dll
 0005:00000714       __imp_??0?$basic_ios@DU?$char_traits@D@std@@@std@@IAE@XZ 0051e714     msvcprtd:MSVCP100D.dll
 0005:00000718       __imp_??0?$basic_ostream@DU?$char_traits@D@std@@@std@@QAE@PAV?$basic_streambuf@DU?$char_traits@D@std@@@1@_N@Z 0051e718     msvcprtd:MSVCP100D.dll
 0005:0000071c       __imp_??1?$basic_ostream@DU?$char_traits@D@std@@@std@@UAE@XZ 0051e71c     msvcprtd:MSVCP100D.dll
 0005:00000720       __imp_??1?$basic_ios@DU?$char_traits@D@std@@@std@@UAE@XZ 0051e720     msvcprtd:MSVCP100D.dll
 0005:00000724       __imp_??6?$basic_ostream@DU?$char_traits@D@std@@@std@@QAEAAV01@H@Z 0051e724     msvcprtd:MSVCP100D.dll
 0005:00000728       __imp_?_Debug_message@std@@YAXPB_W0I@Z 0051e728     msvcprtd:MSVCP100D.dll
 0005:0000072c       __imp_?_Xlength_error@std@@YAXPBD@Z 0051e72c     msvcprtd:MSVCP100D.dll
 0005:00000730       __imp_?_Xout_of_range@std@@YAXPBD@Z 0051e730     msvcprtd:MSVCP100D.dll
 0005:00000734       __imp_?_Orphan_all@_Container_base12@std@@QAEXXZ 0051e734     msvcprtd:MSVCP100D.dll
 0005:00000738       __imp_??0_Container_base12@std@@QAE@XZ 0051e738     msvcprtd:MSVCP100D.dll
 0005:0000073c       __imp_??1_Container_base12@std@@QAE@XZ 0051e73c     msvcprtd:MSVCP100D.dll
 0005:00000740       \177MSVCP100D_NULL_THUNK_DATA 0051e740     msvcprtd:MSVCP100D.dll
 0005:00000794       __imp__memchr              0051e794     MSVCRTD:MSVCR100D.dll
 0005:00000798       __imp___vsnprintf_s        0051e798     MSVCRTD:MSVCR100D.dll
 0005:0000079c       __imp__isalpha             0051e79c     MSVCRTD:MSVCR100D.dll
 0005:000007a0       __imp__isalnum             0051e7a0     MSVCRTD:MSVCR100D.dll
 0005:000007a4       __imp__isspace             0051e7a4     MSVCRTD:MSVCR100D.dll
 0005:000007a8       __imp__tolower             0051e7a8     MSVCRTD:MSVCR100D.dll
 0005:000007ac       __imp__strncpy             0051e7ac     MSVCRTD:MSVCR100D.dll
 0005:000007b0       __imp__strpbrk             0051e7b0     MSVCRTD:MSVCR100D.dll
 0005:000007b4       __imp__strcspn             0051e7b4     MSVCRTD:MSVCR100D.dll
 0005:000007b8       __imp__memcmp              0051e7b8     MSVCRTD:MSVCR100D.dll
 0005:000007bc       __imp___CRT_RTC_INITW      0051e7bc     MSVCRTD:MSVCR100D.dll
 0005:000007c0       __imp___configthreadlocale 0051e7c0     MSVCRTD:MSVCR100D.dll
 0005:000007c4       __imp____setusermatherr    0051e7c4     MSVCRTD:MSVCR100D.dll
 0005:000007c8       __imp___commode            0051e7c8     MSVCRTD:MSVCR100D.dll
 0005:000007cc       __imp___fmode              0051e7cc     MSVCRTD:MSVCR100D.dll
 0005:000007d0       __imp____set_app_type      0051e7d0     MSVCRTD:MSVCR100D.dll
 0005:000007d4       __imp___amsg_exit          0051e7d4     MSVCRTD:MSVCR100D.dll
 0005:000007d8       __imp____getmainargs       0051e7d8     MSVCRTD:MSVCR100D.dll
 0005:000007dc       __imp___exit               0051e7dc     MSVCRTD:MSVCR100D.dll
 0005:000007e0       __imp___XcptFilter         0051e7e0     MSVCRTD:MSVCR100D.dll
 0005:000007e4       __imp___cexit              0051e7e4     MSVCRTD:MSVCR100D.dll
 0005:000007e8       __imp__exit                0051e7e8     MSVCRTD:MSVCR100D.dll
 0005:000007ec       __imp____initenv           0051e7ec     MSVCRTD:MSVCR100D.dll
 0005:000007f0       __imp___CrtSetCheckCount   0051e7f0     MSVCRTD:MSVCR100D.dll
 0005:000007f4       __imp___CrtDbgReportW      0051e7f4     MSVCRTD:MSVCR100D.dll
 0005:000007f8       __imp___initterm           0051e7f8     MSVCRTD:MSVCR100D.dll
 0005:000007fc       __imp___initterm_e         0051e7fc     MSVCRTD:MSVCR100D.dll
 0005:00000800       __imp___crt_debugger_hook  0051e800     MSVCRTD:MSVCR100D.dll
 0005:00000804       __imp_?terminate@@YAXXZ    0051e804     MSVCRTD:MSVCR100D.dll
 0005:00000808       __imp_?_type_info_dtor_internal_method@type_info@@QAEXXZ 0051e808     MSVCRTD:MSVCR100D.dll
 0005:0000080c       __imp___controlfp_s        0051e80c     MSVCRTD:MSVCR100D.dll
 0005:00000810       __imp___invoke_watson      0051e810     MSVCRTD:MSVCR100D.dll
 0005:00000814       __imp___unlock             0051e814     MSVCRTD:MSVCR100D.dll
 0005:00000818       __imp____dllonexit         0051e818     MSVCRTD:MSVCR100D.dll
 0005:0000081c       __imp___lock               0051e81c     MSVCRTD:MSVCR100D.dll
 0005:00000820       __imp___onexit             0051e820     MSVCRTD:MSVCR100D.dll
 0005:00000824       __imp___except_handler4_common 0051e824     MSVCRTD:MSVCR100D.dll
 0005:00000828       __imp___wmakepath_s        0051e828     MSVCRTD:MSVCR100D.dll
 0005:0000082c       __imp__wcscpy_s            0051e82c     MSVCRTD:MSVCR100D.dll
 0005:00000830       __imp___wsplitpath_s       0051e830     MSVCRTD:MSVCR100D.dll
 0005:00000834       __imp__sscanf_s            0051e834     MSVCRTD:MSVCR100D.dll
 0005:00000838       __imp__fputc               0051e838     MSVCRTD:MSVCR100D.dll
 0005:0000083c       __imp__ferror              0051e83c     MSVCRTD:MSVCR100D.dll
 0005:00000840       __imp__fseek               0051e840     MSVCRTD:MSVCR100D.dll
 0005:00000844       __imp__ftell               0051e844     MSVCRTD:MSVCR100D.dll
 0005:00000848       __imp__fread               0051e848     MSVCRTD:MSVCR100D.dll
 0005:0000084c       __imp_??_V@YAXPAX@Z        0051e84c     MSVCRTD:MSVCR100D.dll
 0005:00000850       __imp__atof                0051e850     MSVCRTD:MSVCR100D.dll
 0005:00000854       __imp___wassert            0051e854     MSVCRTD:MSVCR100D.dll
 0005:00000858       __imp__fopen_s             0051e858     MSVCRTD:MSVCR100D.dll
 0005:0000085c       __imp__atoi                0051e85c     MSVCRTD:MSVCR100D.dll
 0005:00000860       __imp__signal              0051e860     MSVCRTD:MSVCR100D.dll
 0005:00000864       __imp___ftime64_s          0051e864     MSVCRTD:MSVCR100D.dll
 0005:00000868       __imp___localtime64_s      0051e868     MSVCRTD:MSVCR100D.dll
 0005:0000086c       __imp__fflush              0051e86c     MSVCRTD:MSVCR100D.dll
 0005:00000870       __imp__calloc              0051e870     MSVCRTD:MSVCR100D.dll
 0005:00000874       __imp_?what@exception@std@@UBEPBDXZ 0051e874     MSVCRTD:MSVCR100D.dll
 0005:00000878       __imp_??0exception@std@@QAE@ABQBD@Z 0051e878     MSVCRTD:MSVCR100D.dll
 0005:0000087c       __imp_??1exception@std@@UAE@XZ 0051e87c     MSVCRTD:MSVCR100D.dll
 0005:00000880       __imp_??0exception@std@@QAE@ABV01@@Z 0051e880     MSVCRTD:MSVCR100D.dll
 0005:00000884       __imp___strdup             0051e884     MSVCRTD:MSVCR100D.dll
 0005:00000888       __imp_?_set_se_translator@@YAP6AXIPAU_EXCEPTION_POINTERS@@@ZP6AXI0@Z@Z 0051e888     MSVCRTD:MSVCR100D.dll
 0005:0000088c       __imp__strtok              0051e88c     MSVCRTD:MSVCR100D.dll
 0005:00000890       __imp__strspn              0051e890     MSVCRTD:MSVCR100D.dll
 0005:00000894       __imp__strchr              0051e894     MSVCRTD:MSVCR100D.dll
 0005:00000898       __imp__strncmp             0051e898     MSVCRTD:MSVCR100D.dll
 0005:0000089c       __imp__isxdigit            0051e89c     MSVCRTD:MSVCR100D.dll
 0005:000008a0       __imp__sscanf              0051e8a0     MSVCRTD:MSVCR100D.dll
 0005:000008a4       __imp__isdigit             0051e8a4     MSVCRTD:MSVCR100D.dll
 0005:000008a8       __imp___strlwr             0051e8a8     MSVCRTD:MSVCR100D.dll
 0005:000008ac       __imp___strupr             0051e8ac     MSVCRTD:MSVCR100D.dll
 0005:000008b0       __imp__strrchr             0051e8b0     MSVCRTD:MSVCR100D.dll
 0005:000008b4       __imp__strstr              0051e8b4     MSVCRTD:MSVCR100D.dll
 0005:000008b8       __imp__memset              0051e8b8     MSVCRTD:MSVCR100D.dll
 0005:000008bc       __imp__sprintf             0051e8bc     MSVCRTD:MSVCR100D.dll
 0005:000008c0       __imp__memmove             0051e8c0     MSVCRTD:MSVCR100D.dll
 0005:000008c4       __imp__malloc              0051e8c4     MSVCRTD:MSVCR100D.dll
 0005:000008c8       __imp__printf              0051e8c8     MSVCRTD:MSVCR100D.dll
 0005:000008cc       __imp____CxxFrameHandler3  0051e8cc     MSVCRTD:MSVCR100D.dll
 0005:000008d0       __imp_??3@YAXPAX@Z         0051e8d0     MSVCRTD:MSVCR100D.dll
 0005:000008d4       __imp__fclose              0051e8d4     MSVCRTD:MSVCR100D.dll
 0005:000008d8       __imp_??2@YAPAXI@Z         0051e8d8     MSVCRTD:MSVCR100D.dll
 0005:000008dc       __imp__fopen               0051e8dc     MSVCRTD:MSVCR100D.dll
 0005:000008e0       __imp__strlen              0051e8e0     MSVCRTD:MSVCR100D.dll
 0005:000008e4       __imp__fgets               0051e8e4     MSVCRTD:MSVCR100D.dll
 0005:000008e8       __imp__feof                0051e8e8     MSVCRTD:MSVCR100D.dll
 0005:000008ec       __imp____iob_func          0051e8ec     MSVCRTD:MSVCR100D.dll
 0005:000008f0       __imp__fprintf             0051e8f0     MSVCRTD:MSVCR100D.dll
 0005:000008f4       __imp___purecall           0051e8f4     MSVCRTD:MSVCR100D.dll
 0005:000008f8       __imp__strcmp              0051e8f8     MSVCRTD:MSVCR100D.dll
 0005:000008fc       __imp___CxxThrowException@8 0051e8fc     MSVCRTD:MSVCR100D.dll
 0005:00000900       __imp__free                0051e900     MSVCRTD:MSVCR100D.dll
 0005:00000904       __imp__memcpy              0051e904     MSVCRTD:MSVCR100D.dll
 0005:00000908       __imp__realloc             0051e908     MSVCRTD:MSVCR100D.dll
 0005:0000090c       __imp__getc                0051e90c     MSVCRTD:MSVCR100D.dll
 0005:00000910       __imp___time64             0051e910     MSVCRTD:MSVCR100D.dll
 0005:00000914       __imp__strcat              0051e914     MSVCRTD:MSVCR100D.dll
 0005:00000918       __imp__strcpy              0051e918     MSVCRTD:MSVCR100D.dll
 0005:0000091c       __imp___beginthreadex      0051e91c     MSVCRTD:MSVCR100D.dll
 0005:00000920       __imp___endthreadex        0051e920     MSVCRTD:MSVCR100D.dll
 0005:00000924       __imp__vsprintf            0051e924     MSVCRTD:MSVCR100D.dll
 0005:00000928       __imp__modf                0051e928     MSVCRTD:MSVCR100D.dll
 0005:0000092c       __imp__qsort               0051e92c     MSVCRTD:MSVCR100D.dll
 0005:00000930       __imp__clock               0051e930     MSVCRTD:MSVCR100D.dll
 0005:00000934       \177MSVCR100D_NULL_THUNK_DATA 0051e934     MSVCRTD:MSVCR100D.dll
 0005:000009b0       __imp__accept@12           0051e9b0     Ws2_32:WS2_32.dll
 0005:000009b4       __imp__ntohs@4             0051e9b4     Ws2_32:WS2_32.dll
 0005:000009b8       __imp__bind@12             0051e9b8     Ws2_32:WS2_32.dll
 0005:000009bc       __imp__setsockopt@20       0051e9bc     Ws2_32:WS2_32.dll
 0005:000009c0       __imp__listen@8            0051e9c0     Ws2_32:WS2_32.dll
 0005:000009c4       __imp__send@16             0051e9c4     Ws2_32:WS2_32.dll
 0005:000009c8       __imp__recv@16             0051e9c8     Ws2_32:WS2_32.dll
 0005:000009cc       __imp__select@20           0051e9cc     Ws2_32:WS2_32.dll
 0005:000009d0       __imp__shutdown@8          0051e9d0     Ws2_32:WS2_32.dll
 0005:000009d4       __imp__closesocket@4       0051e9d4     Ws2_32:WS2_32.dll
 0005:000009d8       __imp__htons@4             0051e9d8     Ws2_32:WS2_32.dll
 0005:000009dc       __imp__inet_addr@4         0051e9dc     Ws2_32:WS2_32.dll
 0005:000009e0       __imp__gethostbyname@4     0051e9e0     Ws2_32:WS2_32.dll
 0005:000009e4       __imp__socket@12           0051e9e4     Ws2_32:WS2_32.dll
 0005:000009e8       __imp__connect@12          0051e9e8     Ws2_32:WS2_32.dll
 0005:000009ec       __imp__WSAGetLastError@0   0051e9ec     Ws2_32:WS2_32.dll
 0005:000009f0       __imp__ioctlsocket@12      0051e9f0     Ws2_32:WS2_32.dll
 0005:000009f4       __imp__WSACleanup@0        0051e9f4     Ws2_32:WS2_32.dll
 0005:000009f8       __imp__WSAStartup@8        0051e9f8     Ws2_32:WS2_32.dll
 0005:000009fc       \177WS2_32_NULL_THUNK_DATA 0051e9fc     Ws2_32:WS2_32.dll

 entry point at        0002:00001379

